[0.531s] Invoking command in '/workspace/unitree_go2_hoehlenforscher/build/go2_my_nodes_py': PYTHONPATH=/workspace/unitree_go2_hoehlenforscher/build/go2_my_nodes_py/prefix_override:/usr/lib/python3/dist-packages/colcon_core/task/python/colcon_distutils_commands:/workspace/unitree_go2_hoehlenforscher/install/go2_my_nodes_py/lib/python3.10/site-packages: /usr/bin/python3 -W ignore:setup.py install is deprecated -W ignore:easy_install command is deprecated setup.py develop --uninstall --editable --build-directory /workspace/unitree_go2_hoehlenforscher/build/go2_my_nodes_py/build
[0.739s] running develop
[0.797s] Removing /workspace/unitree_go2_hoehlenforscher/install/go2_my_nodes_py/lib/python3.10/site-packages/go2-my-nodes-py.egg-link (link to .)
[0.820s] Invoked command in '/workspace/unitree_go2_hoehlenforscher/build/go2_my_nodes_py' returned '0': PYTHONPATH=/workspace/unitree_go2_hoehlenforscher/build/go2_my_nodes_py/prefix_override:/usr/lib/python3/dist-packages/colcon_core/task/python/colcon_distutils_commands:/workspace/unitree_go2_hoehlenforscher/install/go2_my_nodes_py/lib/python3.10/site-packages: /usr/bin/python3 -W ignore:setup.py install is deprecated -W ignore:easy_install command is deprecated setup.py develop --uninstall --editable --build-directory /workspace/unitree_go2_hoehlenforscher/build/go2_my_nodes_py/build
[0.822s] Invoking command in '/workspace/unitree_go2_hoehlenforscher/src/go2_my_nodes_py': PYTHONPATH=/workspace/unitree_go2_hoehlenforscher/build/go2_my_nodes_py/prefix_override:/usr/lib/python3/dist-packages/colcon_core/task/python/colcon_distutils_commands:/workspace/unitree_go2_hoehlenforscher/install/go2_my_nodes_py/lib/python3.10/site-packages: /usr/bin/python3 -W ignore:setup.py install is deprecated -W ignore:easy_install command is deprecated setup.py egg_info --egg-base ../../build/go2_my_nodes_py build --build-base /workspace/unitree_go2_hoehlenforscher/build/go2_my_nodes_py/build install --record /workspace/unitree_go2_hoehlenforscher/build/go2_my_nodes_py/install.log --single-version-externally-managed install_data --force
[1.060s] running egg_info
[1.060s] writing ../../build/go2_my_nodes_py/go2_my_nodes_py.egg-info/PKG-INFO
[1.060s] writing dependency_links to ../../build/go2_my_nodes_py/go2_my_nodes_py.egg-info/dependency_links.txt
[1.060s] writing entry points to ../../build/go2_my_nodes_py/go2_my_nodes_py.egg-info/entry_points.txt
[1.060s] writing requirements to ../../build/go2_my_nodes_py/go2_my_nodes_py.egg-info/requires.txt
[1.061s] writing top-level names to ../../build/go2_my_nodes_py/go2_my_nodes_py.egg-info/top_level.txt
[1.061s] reading manifest file '../../build/go2_my_nodes_py/go2_my_nodes_py.egg-info/SOURCES.txt'
[1.063s] writing manifest file '../../build/go2_my_nodes_py/go2_my_nodes_py.egg-info/SOURCES.txt'
[1.064s] running build
[1.064s] running build_py
[1.065s] copying go2_my_nodes_py/cloud_to_entrance_node.py -> /workspace/unitree_go2_hoehlenforscher/build/go2_my_nodes_py/build/lib/go2_my_nodes_py
[1.065s] copying go2_my_nodes_py/hole_detection_voxel_grid.py -> /workspace/unitree_go2_hoehlenforscher/build/go2_my_nodes_py/build/lib/go2_my_nodes_py
[1.065s] copying go2_my_nodes_py/hole_detection_normal_vector.py -> /workspace/unitree_go2_hoehlenforscher/build/go2_my_nodes_py/build/lib/go2_my_nodes_py
[1.065s] copying go2_my_nodes_py/hole_detection_convex_hull.py -> /workspace/unitree_go2_hoehlenforscher/build/go2_my_nodes_py/build/lib/go2_my_nodes_py
[1.065s] running install
[1.065s] running install_lib
[1.065s] creating /workspace/unitree_go2_hoehlenforscher/install/go2_my_nodes_py/lib/python3.10/site-packages/go2_my_nodes_py
[1.066s] copying /workspace/unitree_go2_hoehlenforscher/build/go2_my_nodes_py/build/lib/go2_my_nodes_py/cloud_to_entrance_node.py -> /workspace/unitree_go2_hoehlenforscher/install/go2_my_nodes_py/lib/python3.10/site-packages/go2_my_nodes_py
[1.066s] copying /workspace/unitree_go2_hoehlenforscher/build/go2_my_nodes_py/build/lib/go2_my_nodes_py/entrance_decision_node.py -> /workspace/unitree_go2_hoehlenforscher/install/go2_my_nodes_py/lib/python3.10/site-packages/go2_my_nodes_py
[1.069s] copying /workspace/unitree_go2_hoehlenforscher/build/go2_my_nodes_py/build/lib/go2_my_nodes_py/hole_detection_voxel_grid.py -> /workspace/unitree_go2_hoehlenforscher/install/go2_my_nodes_py/lib/python3.10/site-packages/go2_my_nodes_py
[1.069s] copying /workspace/unitree_go2_hoehlenforscher/build/go2_my_nodes_py/build/lib/go2_my_nodes_py/base_node.py -> /workspace/unitree_go2_hoehlenforscher/install/go2_my_nodes_py/lib/python3.10/site-packages/go2_my_nodes_py
[1.069s] copying /workspace/unitree_go2_hoehlenforscher/build/go2_my_nodes_py/build/lib/go2_my_nodes_py/__init__.py -> /workspace/unitree_go2_hoehlenforscher/install/go2_my_nodes_py/lib/python3.10/site-packages/go2_my_nodes_py
[1.069s] copying /workspace/unitree_go2_hoehlenforscher/build/go2_my_nodes_py/build/lib/go2_my_nodes_py/hole_detection_normal_vector.py -> /workspace/unitree_go2_hoehlenforscher/install/go2_my_nodes_py/lib/python3.10/site-packages/go2_my_nodes_py
[1.070s] copying /workspace/unitree_go2_hoehlenforscher/build/go2_my_nodes_py/build/lib/go2_my_nodes_py/hole_detection_convex_hull.py -> /workspace/unitree_go2_hoehlenforscher/install/go2_my_nodes_py/lib/python3.10/site-packages/go2_my_nodes_py
[1.070s] copying /workspace/unitree_go2_hoehlenforscher/build/go2_my_nodes_py/build/lib/go2_my_nodes_py/navigation_action_server_node.py -> /workspace/unitree_go2_hoehlenforscher/install/go2_my_nodes_py/lib/python3.10/site-packages/go2_my_nodes_py
[1.070s] byte-compiling /workspace/unitree_go2_hoehlenforscher/install/go2_my_nodes_py/lib/python3.10/site-packages/go2_my_nodes_py/cloud_to_entrance_node.py to cloud_to_entrance_node.cpython-310.pyc
[1.079s] byte-compiling /workspace/unitree_go2_hoehlenforscher/install/go2_my_nodes_py/lib/python3.10/site-packages/go2_my_nodes_py/entrance_decision_node.py to entrance_decision_node.cpython-310.pyc
[1.081s] byte-compiling /workspace/unitree_go2_hoehlenforscher/install/go2_my_nodes_py/lib/python3.10/site-packages/go2_my_nodes_py/hole_detection_voxel_grid.py to hole_detection_voxel_grid.cpython-310.pyc
[1.087s] byte-compiling /workspace/unitree_go2_hoehlenforscher/install/go2_my_nodes_py/lib/python3.10/site-packages/go2_my_nodes_py/base_node.py to base_node.cpython-310.pyc
[1.087s] byte-compiling /workspace/unitree_go2_hoehlenforscher/install/go2_my_nodes_py/lib/python3.10/site-packages/go2_my_nodes_py/__init__.py to __init__.cpython-310.pyc
[1.088s] byte-compiling /workspace/unitree_go2_hoehlenforscher/install/go2_my_nodes_py/lib/python3.10/site-packages/go2_my_nodes_py/hole_detection_normal_vector.py to hole_detection_normal_vector.cpython-310.pyc
[1.091s] byte-compiling /workspace/unitree_go2_hoehlenforscher/install/go2_my_nodes_py/lib/python3.10/site-packages/go2_my_nodes_py/hole_detection_convex_hull.py to hole_detection_convex_hull.cpython-310.pyc
[1.094s] byte-compiling /workspace/unitree_go2_hoehlenforscher/install/go2_my_nodes_py/lib/python3.10/site-packages/go2_my_nodes_py/navigation_action_server_node.py to navigation_action_server_node.cpython-310.pyc
[1.096s] running install_data
[1.096s] copying resource/go2_my_nodes_py -> /workspace/unitree_go2_hoehlenforscher/install/go2_my_nodes_py/share/ament_index/resource_index/packages
[1.096s] copying package.xml -> /workspace/unitree_go2_hoehlenforscher/install/go2_my_nodes_py/share/go2_my_nodes_py
[1.096s] running install_egg_info
[1.098s] Copying ../../build/go2_my_nodes_py/go2_my_nodes_py.egg-info to /workspace/unitree_go2_hoehlenforscher/install/go2_my_nodes_py/lib/python3.10/site-packages/go2_my_nodes_py-0.0.0-py3.10.egg-info
[1.100s] running install_scripts
[1.126s] Installing cloud_to_entrance_node script to /workspace/unitree_go2_hoehlenforscher/install/go2_my_nodes_py/lib/go2_my_nodes_py
[1.126s] Installing entrance_decision_node script to /workspace/unitree_go2_hoehlenforscher/install/go2_my_nodes_py/lib/go2_my_nodes_py
[1.126s] Installing hole_detection_convex_hull script to /workspace/unitree_go2_hoehlenforscher/install/go2_my_nodes_py/lib/go2_my_nodes_py
[1.127s] Installing hole_detection_normal_vector script to /workspace/unitree_go2_hoehlenforscher/install/go2_my_nodes_py/lib/go2_my_nodes_py
[1.127s] Installing hole_detection_voxel_grid script to /workspace/unitree_go2_hoehlenforscher/install/go2_my_nodes_py/lib/go2_my_nodes_py
[1.127s] Installing navigation_action_server_node script to /workspace/unitree_go2_hoehlenforscher/install/go2_my_nodes_py/lib/go2_my_nodes_py
[1.127s] writing list of installed files to '/workspace/unitree_go2_hoehlenforscher/build/go2_my_nodes_py/install.log'
[1.154s] Invoked command in '/workspace/unitree_go2_hoehlenforscher/src/go2_my_nodes_py' returned '0': PYTHONPATH=/workspace/unitree_go2_hoehlenforscher/build/go2_my_nodes_py/prefix_override:/usr/lib/python3/dist-packages/colcon_core/task/python/colcon_distutils_commands:/workspace/unitree_go2_hoehlenforscher/install/go2_my_nodes_py/lib/python3.10/site-packages: /usr/bin/python3 -W ignore:setup.py install is deprecated -W ignore:easy_install command is deprecated setup.py egg_info --egg-base ../../build/go2_my_nodes_py build --build-base /workspace/unitree_go2_hoehlenforscher/build/go2_my_nodes_py/build install --record /workspace/unitree_go2_hoehlenforscher/build/go2_my_nodes_py/install.log --single-version-externally-managed install_data --force
