[0.145s] DEBUG:colcon:Command line arguments: ['/usr/bin/colcon', 'build', '--symlink-install']
[0.145s] DEBUG:colcon:Parsed command line arguments: Namespace(log_base=None, log_level=None, verb_name='build', build_base='build', install_base='install', merge_install=False, symlink_install=True, test_result_base=None, continue_on_error=False, executor='parallel', parallel_workers=16, event_handlers=None, ignore_user_meta=False, metas=['./colcon.meta'], base_paths=['.'], packages_ignore=None, packages_ignore_regex=None, paths=None, packages_up_to=None, packages_up_to_regex=None, packages_above=None, packages_above_and_dependencies=None, packages_above_depth=None, packages_select_by_dep=None, packages_skip_by_dep=None, packages_skip_up_to=None, packages_select_build_failed=False, packages_skip_build_finished=False, packages_select_test_failures=False, packages_skip_test_passed=False, packages_select=None, packages_skip=None, packages_select_regex=None, packages_skip_regex=None, packages_start=None, packages_end=None, cmake_args=None, cmake_target=None, cmake_target_skip_unavailable=False, cmake_clean_cache=False, cmake_clean_first=False, cmake_force_configure=False, ament_cmake_args=None, catkin_cmake_args=None, catkin_skip_building_tests=False, mixin_files=None, mixin=None, verb_parser=<colcon_mixin.mixin.mixin_argument.MixinArgumentDecorator object at 0x7f844afe9360>, verb_extension=<colcon_core.verb.build.BuildVerb object at 0x7f844b0da260>, main=<bound method BuildVerb.main of <colcon_core.verb.build.BuildVerb object at 0x7f844b0da260>>, mixin_verb=('build',))
[0.323s] Level 1:colcon.colcon_core.package_discovery:discover_packages(colcon_meta) check parameters
[0.323s] Level 1:colcon.colcon_core.package_discovery:discover_packages(recursive) check parameters
[0.323s] Level 1:colcon.colcon_core.package_discovery:discover_packages(ignore) check parameters
[0.323s] Level 1:colcon.colcon_core.package_discovery:discover_packages(path) check parameters
[0.323s] Level 1:colcon.colcon_core.package_discovery:discover_packages(colcon_meta) discover
[0.323s] Level 1:colcon.colcon_core.package_discovery:discover_packages(recursive) discover
[0.323s] INFO:colcon.colcon_core.package_discovery:Crawling recursively for packages in '/workspace/unitree_go2_hoehlenforscher'
[0.323s] Level 1:colcon.colcon_core.package_identification:_identify(.) by extensions ['ignore', 'ignore_ament_install']
[0.323s] Level 1:colcon.colcon_core.package_identification:_identify(.) by extension 'ignore'
[0.323s] Level 1:colcon.colcon_core.package_identification:_identify(.) by extension 'ignore_ament_install'
[0.323s] Level 1:colcon.colcon_core.package_identification:_identify(.) by extensions ['colcon_pkg']
[0.323s] Level 1:colcon.colcon_core.package_identification:_identify(.) by extension 'colcon_pkg'
[0.323s] Level 1:colcon.colcon_core.package_identification:_identify(.) by extensions ['colcon_meta']
[0.323s] Level 1:colcon.colcon_core.package_identification:_identify(.) by extension 'colcon_meta'
[0.323s] Level 1:colcon.colcon_core.package_identification:_identify(.) by extensions ['ros']
[0.323s] Level 1:colcon.colcon_core.package_identification:_identify(.) by extension 'ros'
[0.333s] Level 1:colcon.colcon_core.package_identification:_identify(.) by extensions ['cmake', 'python']
[0.333s] Level 1:colcon.colcon_core.package_identification:_identify(.) by extension 'cmake'
[0.333s] Level 1:colcon.colcon_core.package_identification:_identify(.) by extension 'python'
[0.333s] Level 1:colcon.colcon_core.package_identification:_identify(.) by extensions ['python_setup_py']
[0.333s] Level 1:colcon.colcon_core.package_identification:_identify(.) by extension 'python_setup_py'
[0.333s] Level 1:colcon.colcon_core.package_identification:_identify(build) by extensions ['ignore', 'ignore_ament_install']
[0.333s] Level 1:colcon.colcon_core.package_identification:_identify(build) by extension 'ignore'
[0.333s] Level 1:colcon.colcon_core.package_identification:_identify(build) ignored
[0.333s] Level 1:colcon.colcon_core.package_identification:_identify(install) by extensions ['ignore', 'ignore_ament_install']
[0.333s] Level 1:colcon.colcon_core.package_identification:_identify(install) by extension 'ignore'
[0.333s] Level 1:colcon.colcon_core.package_identification:_identify(install) ignored
[0.333s] Level 1:colcon.colcon_core.package_identification:_identify(log) by extensions ['ignore', 'ignore_ament_install']
[0.333s] Level 1:colcon.colcon_core.package_identification:_identify(log) by extension 'ignore'
[0.333s] Level 1:colcon.colcon_core.package_identification:_identify(log) ignored
[0.334s] Level 1:colcon.colcon_core.package_identification:_identify(ros2_nodes) by extensions ['ignore', 'ignore_ament_install']
[0.334s] Level 1:colcon.colcon_core.package_identification:_identify(ros2_nodes) by extension 'ignore'
[0.334s] Level 1:colcon.colcon_core.package_identification:_identify(ros2_nodes) by extension 'ignore_ament_install'
[0.334s] Level 1:colcon.colcon_core.package_identification:_identify(ros2_nodes) by extensions ['colcon_pkg']
[0.334s] Level 1:colcon.colcon_core.package_identification:_identify(ros2_nodes) by extension 'colcon_pkg'
[0.334s] Level 1:colcon.colcon_core.package_identification:_identify(ros2_nodes) by extensions ['colcon_meta']
[0.334s] Level 1:colcon.colcon_core.package_identification:_identify(ros2_nodes) by extension 'colcon_meta'
[0.334s] Level 1:colcon.colcon_core.package_identification:_identify(ros2_nodes) by extensions ['ros']
[0.334s] Level 1:colcon.colcon_core.package_identification:_identify(ros2_nodes) by extension 'ros'
[0.334s] Level 1:colcon.colcon_core.package_identification:_identify(ros2_nodes) by extensions ['cmake', 'python']
[0.334s] Level 1:colcon.colcon_core.package_identification:_identify(ros2_nodes) by extension 'cmake'
[0.334s] Level 1:colcon.colcon_core.package_identification:_identify(ros2_nodes) by extension 'python'
[0.334s] Level 1:colcon.colcon_core.package_identification:_identify(ros2_nodes) by extensions ['python_setup_py']
[0.334s] Level 1:colcon.colcon_core.package_identification:_identify(ros2_nodes) by extension 'python_setup_py'
[0.334s] Level 1:colcon.colcon_core.package_identification:_identify(ros2_nodes/config) by extensions ['ignore', 'ignore_ament_install']
[0.334s] Level 1:colcon.colcon_core.package_identification:_identify(ros2_nodes/config) by extension 'ignore'
[0.334s] Level 1:colcon.colcon_core.package_identification:_identify(ros2_nodes/config) by extension 'ignore_ament_install'
[0.334s] Level 1:colcon.colcon_core.package_identification:_identify(ros2_nodes/config) by extensions ['colcon_pkg']
[0.334s] Level 1:colcon.colcon_core.package_identification:_identify(ros2_nodes/config) by extension 'colcon_pkg'
[0.334s] Level 1:colcon.colcon_core.package_identification:_identify(ros2_nodes/config) by extensions ['colcon_meta']
[0.334s] Level 1:colcon.colcon_core.package_identification:_identify(ros2_nodes/config) by extension 'colcon_meta'
[0.334s] Level 1:colcon.colcon_core.package_identification:_identify(ros2_nodes/config) by extensions ['ros']
[0.334s] Level 1:colcon.colcon_core.package_identification:_identify(ros2_nodes/config) by extension 'ros'
[0.334s] Level 1:colcon.colcon_core.package_identification:_identify(ros2_nodes/config) by extensions ['cmake', 'python']
[0.334s] Level 1:colcon.colcon_core.package_identification:_identify(ros2_nodes/config) by extension 'cmake'
[0.334s] Level 1:colcon.colcon_core.package_identification:_identify(ros2_nodes/config) by extension 'python'
[0.335s] Level 1:colcon.colcon_core.package_identification:_identify(ros2_nodes/config) by extensions ['python_setup_py']
[0.335s] Level 1:colcon.colcon_core.package_identification:_identify(ros2_nodes/config) by extension 'python_setup_py'
[0.335s] Level 1:colcon.colcon_core.package_identification:_identify(ros2_nodes/entrance_detection_msgs) by extensions ['ignore', 'ignore_ament_install']
[0.335s] Level 1:colcon.colcon_core.package_identification:_identify(ros2_nodes/entrance_detection_msgs) by extension 'ignore'
[0.335s] Level 1:colcon.colcon_core.package_identification:_identify(ros2_nodes/entrance_detection_msgs) by extension 'ignore_ament_install'
[0.335s] Level 1:colcon.colcon_core.package_identification:_identify(ros2_nodes/entrance_detection_msgs) by extensions ['colcon_pkg']
[0.335s] Level 1:colcon.colcon_core.package_identification:_identify(ros2_nodes/entrance_detection_msgs) by extension 'colcon_pkg'
[0.335s] Level 1:colcon.colcon_core.package_identification:_identify(ros2_nodes/entrance_detection_msgs) by extensions ['colcon_meta']
[0.335s] Level 1:colcon.colcon_core.package_identification:_identify(ros2_nodes/entrance_detection_msgs) by extension 'colcon_meta'
[0.335s] Level 1:colcon.colcon_core.package_identification:_identify(ros2_nodes/entrance_detection_msgs) by extensions ['ros']
[0.335s] Level 1:colcon.colcon_core.package_identification:_identify(ros2_nodes/entrance_detection_msgs) by extension 'ros'
[0.337s] DEBUG:colcon.colcon_core.package_identification:Package 'ros2_nodes/entrance_detection_msgs' with type 'ros.ament_cmake' and name 'entrance_detection_msgs'
[0.338s] Level 1:colcon.colcon_core.package_identification:_identify(ros2_nodes/launch) by extensions ['ignore', 'ignore_ament_install']
[0.338s] Level 1:colcon.colcon_core.package_identification:_identify(ros2_nodes/launch) by extension 'ignore'
[0.338s] Level 1:colcon.colcon_core.package_identification:_identify(ros2_nodes/launch) by extension 'ignore_ament_install'
[0.338s] Level 1:colcon.colcon_core.package_identification:_identify(ros2_nodes/launch) by extensions ['colcon_pkg']
[0.338s] Level 1:colcon.colcon_core.package_identification:_identify(ros2_nodes/launch) by extension 'colcon_pkg'
[0.338s] Level 1:colcon.colcon_core.package_identification:_identify(ros2_nodes/launch) by extensions ['colcon_meta']
[0.338s] Level 1:colcon.colcon_core.package_identification:_identify(ros2_nodes/launch) by extension 'colcon_meta'
[0.338s] Level 1:colcon.colcon_core.package_identification:_identify(ros2_nodes/launch) by extensions ['ros']
[0.338s] Level 1:colcon.colcon_core.package_identification:_identify(ros2_nodes/launch) by extension 'ros'
[0.338s] Level 1:colcon.colcon_core.package_identification:_identify(ros2_nodes/launch) by extensions ['cmake', 'python']
[0.338s] Level 1:colcon.colcon_core.package_identification:_identify(ros2_nodes/launch) by extension 'cmake'
[0.338s] Level 1:colcon.colcon_core.package_identification:_identify(ros2_nodes/launch) by extension 'python'
[0.338s] Level 1:colcon.colcon_core.package_identification:_identify(ros2_nodes/launch) by extensions ['python_setup_py']
[0.338s] Level 1:colcon.colcon_core.package_identification:_identify(ros2_nodes/launch) by extension 'python_setup_py'
[0.338s] Level 1:colcon.colcon_core.package_identification:_identify(src) by extensions ['ignore', 'ignore_ament_install']
[0.338s] Level 1:colcon.colcon_core.package_identification:_identify(src) by extension 'ignore'
[0.338s] Level 1:colcon.colcon_core.package_identification:_identify(src) by extension 'ignore_ament_install'
[0.338s] Level 1:colcon.colcon_core.package_identification:_identify(src) by extensions ['colcon_pkg']
[0.338s] Level 1:colcon.colcon_core.package_identification:_identify(src) by extension 'colcon_pkg'
[0.338s] Level 1:colcon.colcon_core.package_identification:_identify(src) by extensions ['colcon_meta']
[0.338s] Level 1:colcon.colcon_core.package_identification:_identify(src) by extension 'colcon_meta'
[0.338s] Level 1:colcon.colcon_core.package_identification:_identify(src) by extensions ['ros']
[0.338s] Level 1:colcon.colcon_core.package_identification:_identify(src) by extension 'ros'
[0.339s] Level 1:colcon.colcon_core.package_identification:_identify(src) by extensions ['cmake', 'python']
[0.339s] Level 1:colcon.colcon_core.package_identification:_identify(src) by extension 'cmake'
[0.339s] Level 1:colcon.colcon_core.package_identification:_identify(src) by extension 'python'
[0.339s] Level 1:colcon.colcon_core.package_identification:_identify(src) by extensions ['python_setup_py']
[0.339s] Level 1:colcon.colcon_core.package_identification:_identify(src) by extension 'python_setup_py'
[0.339s] Level 1:colcon.colcon_core.package_identification:_identify(src/go2_my_nodes_py) by extensions ['ignore', 'ignore_ament_install']
[0.339s] Level 1:colcon.colcon_core.package_identification:_identify(src/go2_my_nodes_py) by extension 'ignore'
[0.339s] Level 1:colcon.colcon_core.package_identification:_identify(src/go2_my_nodes_py) by extension 'ignore_ament_install'
[0.339s] Level 1:colcon.colcon_core.package_identification:_identify(src/go2_my_nodes_py) by extensions ['colcon_pkg']
[0.339s] Level 1:colcon.colcon_core.package_identification:_identify(src/go2_my_nodes_py) by extension 'colcon_pkg'
[0.339s] Level 1:colcon.colcon_core.package_identification:_identify(src/go2_my_nodes_py) by extensions ['colcon_meta']
[0.339s] Level 1:colcon.colcon_core.package_identification:_identify(src/go2_my_nodes_py) by extension 'colcon_meta'
[0.339s] Level 1:colcon.colcon_core.package_identification:_identify(src/go2_my_nodes_py) by extensions ['ros']
[0.339s] Level 1:colcon.colcon_core.package_identification:_identify(src/go2_my_nodes_py) by extension 'ros'
[0.340s] DEBUG:colcon.colcon_core.package_identification:Package 'src/go2_my_nodes_py' with type 'ros.ament_python' and name 'go2_my_nodes_py'
[0.340s] Level 1:colcon.colcon_core.package_discovery:discover_packages(recursive) using defaults
[0.340s] Level 1:colcon.colcon_core.package_discovery:discover_packages(ignore) discover
[0.340s] Level 1:colcon.colcon_core.package_discovery:discover_packages(ignore) using defaults
[0.340s] Level 1:colcon.colcon_core.package_discovery:discover_packages(path) discover
[0.340s] Level 1:colcon.colcon_core.package_discovery:discover_packages(path) using defaults
[0.359s] Level 5:colcon.colcon_core.verb:set package 'entrance_detection_msgs' build argument 'cmake_args' from command line to 'None'
[0.359s] Level 5:colcon.colcon_core.verb:set package 'entrance_detection_msgs' build argument 'cmake_target' from command line to 'None'
[0.359s] Level 5:colcon.colcon_core.verb:set package 'entrance_detection_msgs' build argument 'cmake_target_skip_unavailable' from command line to 'False'
[0.359s] Level 5:colcon.colcon_core.verb:set package 'entrance_detection_msgs' build argument 'cmake_clean_cache' from command line to 'False'
[0.359s] Level 5:colcon.colcon_core.verb:set package 'entrance_detection_msgs' build argument 'cmake_clean_first' from command line to 'False'
[0.359s] Level 5:colcon.colcon_core.verb:set package 'entrance_detection_msgs' build argument 'cmake_force_configure' from command line to 'False'
[0.359s] Level 5:colcon.colcon_core.verb:set package 'entrance_detection_msgs' build argument 'ament_cmake_args' from command line to 'None'
[0.359s] Level 5:colcon.colcon_core.verb:set package 'entrance_detection_msgs' build argument 'catkin_cmake_args' from command line to 'None'
[0.360s] Level 5:colcon.colcon_core.verb:set package 'entrance_detection_msgs' build argument 'catkin_skip_building_tests' from command line to 'False'
[0.360s] DEBUG:colcon.colcon_core.verb:Building package 'entrance_detection_msgs' with the following arguments: {'ament_cmake_args': None, 'build_base': '/workspace/unitree_go2_hoehlenforscher/build/entrance_detection_msgs', 'catkin_cmake_args': None, 'catkin_skip_building_tests': False, 'cmake_args': None, 'cmake_clean_cache': False, 'cmake_clean_first': False, 'cmake_force_configure': False, 'cmake_target': None, 'cmake_target_skip_unavailable': False, 'install_base': '/workspace/unitree_go2_hoehlenforscher/install/entrance_detection_msgs', 'merge_install': False, 'path': '/workspace/unitree_go2_hoehlenforscher/ros2_nodes/entrance_detection_msgs', 'symlink_install': True, 'test_result_base': None}
[0.360s] Level 5:colcon.colcon_core.verb:set package 'go2_my_nodes_py' build argument 'cmake_args' from command line to 'None'
[0.360s] Level 5:colcon.colcon_core.verb:set package 'go2_my_nodes_py' build argument 'cmake_target' from command line to 'None'
[0.360s] Level 5:colcon.colcon_core.verb:set package 'go2_my_nodes_py' build argument 'cmake_target_skip_unavailable' from command line to 'False'
[0.360s] Level 5:colcon.colcon_core.verb:set package 'go2_my_nodes_py' build argument 'cmake_clean_cache' from command line to 'False'
[0.360s] Level 5:colcon.colcon_core.verb:set package 'go2_my_nodes_py' build argument 'cmake_clean_first' from command line to 'False'
[0.360s] Level 5:colcon.colcon_core.verb:set package 'go2_my_nodes_py' build argument 'cmake_force_configure' from command line to 'False'
[0.360s] Level 5:colcon.colcon_core.verb:set package 'go2_my_nodes_py' build argument 'ament_cmake_args' from command line to 'None'
[0.360s] Level 5:colcon.colcon_core.verb:set package 'go2_my_nodes_py' build argument 'catkin_cmake_args' from command line to 'None'
[0.360s] Level 5:colcon.colcon_core.verb:set package 'go2_my_nodes_py' build argument 'catkin_skip_building_tests' from command line to 'False'
[0.360s] DEBUG:colcon.colcon_core.verb:Building package 'go2_my_nodes_py' with the following arguments: {'ament_cmake_args': None, 'build_base': '/workspace/unitree_go2_hoehlenforscher/build/go2_my_nodes_py', 'catkin_cmake_args': None, 'catkin_skip_building_tests': False, 'cmake_args': None, 'cmake_clean_cache': False, 'cmake_clean_first': False, 'cmake_force_configure': False, 'cmake_target': None, 'cmake_target_skip_unavailable': False, 'install_base': '/workspace/unitree_go2_hoehlenforscher/install/go2_my_nodes_py', 'merge_install': False, 'path': '/workspace/unitree_go2_hoehlenforscher/src/go2_my_nodes_py', 'symlink_install': True, 'test_result_base': None}
[0.360s] INFO:colcon.colcon_core.executor:Executing jobs using 'parallel' executor
[0.361s] DEBUG:colcon.colcon_parallel_executor.executor.parallel:run_until_complete
[0.361s] INFO:colcon.colcon_ros.task.ament_cmake.build:Building ROS package in '/workspace/unitree_go2_hoehlenforscher/ros2_nodes/entrance_detection_msgs' with build type 'ament_cmake'
[0.361s] INFO:colcon.colcon_cmake.task.cmake.build:Building CMake package in '/workspace/unitree_go2_hoehlenforscher/ros2_nodes/entrance_detection_msgs'
[0.365s] INFO:colcon.colcon_core.plugin_system:Skipping extension 'colcon_core.shell.bat': Not used on non-Windows systems
[0.365s] INFO:colcon.colcon_core.shell:Skip shell extension 'powershell' for command environment: Not usable outside of PowerShell
[0.365s] DEBUG:colcon.colcon_core.shell:Skip shell extension 'dsv' for command environment
[0.370s] INFO:colcon.colcon_ros.task.ament_python.build:Building ROS package in '/workspace/unitree_go2_hoehlenforscher/src/go2_my_nodes_py' with build type 'ament_python'
[0.370s] Level 1:colcon.colcon_core.shell:create_environment_hook('go2_my_nodes_py', 'ament_prefix_path')
[0.370s] INFO:colcon.colcon_core.shell:Creating environment hook '/workspace/unitree_go2_hoehlenforscher/install/go2_my_nodes_py/share/go2_my_nodes_py/hook/ament_prefix_path.ps1'
[0.371s] INFO:colcon.colcon_core.shell:Creating environment descriptor '/workspace/unitree_go2_hoehlenforscher/install/go2_my_nodes_py/share/go2_my_nodes_py/hook/ament_prefix_path.dsv'
[0.372s] INFO:colcon.colcon_core.shell:Creating environment hook '/workspace/unitree_go2_hoehlenforscher/install/go2_my_nodes_py/share/go2_my_nodes_py/hook/ament_prefix_path.sh'
[0.372s] INFO:colcon.colcon_core.shell:Skip shell extension 'powershell' for command environment: Not usable outside of PowerShell
[0.372s] DEBUG:colcon.colcon_core.shell:Skip shell extension 'dsv' for command environment
[0.382s] DEBUG:colcon.colcon_core.event_handler.log_command:Invoking command in '/workspace/unitree_go2_hoehlenforscher/build/entrance_detection_msgs': CMAKE_PREFIX_PATH=${CMAKE_PREFIX_PATH}:/opt/ros/humble /usr/bin/cmake /workspace/unitree_go2_hoehlenforscher/ros2_nodes/entrance_detection_msgs -DAMENT_CMAKE_SYMLINK_INSTALL=1 -DCMAKE_INSTALL_PREFIX=/workspace/unitree_go2_hoehlenforscher/install/entrance_detection_msgs
[0.657s] INFO:colcon.colcon_core.task.python.build:Building Python package in '/workspace/unitree_go2_hoehlenforscher/src/go2_my_nodes_py'
[0.658s] INFO:colcon.colcon_core.shell:Skip shell extension 'powershell' for command environment: Not usable outside of PowerShell
[0.658s] DEBUG:colcon.colcon_core.shell:Skip shell extension 'dsv' for command environment
[1.143s] DEBUG:colcon.colcon_core.event_handler.log_command:Invoking command in '/workspace/unitree_go2_hoehlenforscher/build/go2_my_nodes_py': PYTHONPATH=/workspace/unitree_go2_hoehlenforscher/build/go2_my_nodes_py/prefix_override:/usr/lib/python3/dist-packages/colcon_core/task/python/colcon_distutils_commands:/workspace/unitree_go2_hoehlenforscher/install/go2_my_nodes_py/lib/python3.10/site-packages:${PYTHONPATH} /usr/bin/python3 -W ignore:setup.py install is deprecated -W ignore:easy_install command is deprecated setup.py develop --editable --build-directory /workspace/unitree_go2_hoehlenforscher/build/go2_my_nodes_py/build --no-deps symlink_data
[1.676s] Level 1:colcon.colcon_core.shell:create_environment_hook('go2_my_nodes_py', 'pythonpath_develop')
[1.677s] INFO:colcon.colcon_core.shell:Creating environment hook '/workspace/unitree_go2_hoehlenforscher/build/go2_my_nodes_py/share/go2_my_nodes_py/hook/pythonpath_develop.ps1'
[1.679s] INFO:colcon.colcon_core.shell:Creating environment descriptor '/workspace/unitree_go2_hoehlenforscher/build/go2_my_nodes_py/share/go2_my_nodes_py/hook/pythonpath_develop.dsv'
[1.680s] INFO:colcon.colcon_core.shell:Creating environment hook '/workspace/unitree_go2_hoehlenforscher/build/go2_my_nodes_py/share/go2_my_nodes_py/hook/pythonpath_develop.sh'
[1.681s] DEBUG:colcon.colcon_core.event_handler.log_command:Invoked command in '/workspace/unitree_go2_hoehlenforscher/build/go2_my_nodes_py' returned '0': PYTHONPATH=/workspace/unitree_go2_hoehlenforscher/build/go2_my_nodes_py/prefix_override:/usr/lib/python3/dist-packages/colcon_core/task/python/colcon_distutils_commands:/workspace/unitree_go2_hoehlenforscher/install/go2_my_nodes_py/lib/python3.10/site-packages:${PYTHONPATH} /usr/bin/python3 -W ignore:setup.py install is deprecated -W ignore:easy_install command is deprecated setup.py develop --editable --build-directory /workspace/unitree_go2_hoehlenforscher/build/go2_my_nodes_py/build --no-deps symlink_data
[1.688s] Level 1:colcon.colcon_core.environment:checking '/workspace/unitree_go2_hoehlenforscher/install/go2_my_nodes_py' for CMake module files
[1.688s] Level 1:colcon.colcon_core.environment:checking '/workspace/unitree_go2_hoehlenforscher/install/go2_my_nodes_py' for CMake config files
[1.702s] Level 1:colcon.colcon_core.environment:checking '/workspace/unitree_go2_hoehlenforscher/install/go2_my_nodes_py/lib'
[1.703s] Level 1:colcon.colcon_core.environment:checking '/workspace/unitree_go2_hoehlenforscher/install/go2_my_nodes_py/bin'
[1.703s] Level 1:colcon.colcon_core.environment:checking '/workspace/unitree_go2_hoehlenforscher/install/go2_my_nodes_py/lib/pkgconfig/go2_my_nodes_py.pc'
[1.703s] Level 1:colcon.colcon_core.environment:checking '/workspace/unitree_go2_hoehlenforscher/install/go2_my_nodes_py/lib/python3.10/site-packages'
[1.704s] Level 1:colcon.colcon_core.shell:create_environment_hook('go2_my_nodes_py', 'pythonpath')
[1.704s] INFO:colcon.colcon_core.shell:Creating environment hook '/workspace/unitree_go2_hoehlenforscher/install/go2_my_nodes_py/share/go2_my_nodes_py/hook/pythonpath.ps1'
[1.704s] INFO:colcon.colcon_core.shell:Creating environment descriptor '/workspace/unitree_go2_hoehlenforscher/install/go2_my_nodes_py/share/go2_my_nodes_py/hook/pythonpath.dsv'
[1.705s] INFO:colcon.colcon_core.shell:Creating environment hook '/workspace/unitree_go2_hoehlenforscher/install/go2_my_nodes_py/share/go2_my_nodes_py/hook/pythonpath.sh'
[1.705s] Level 1:colcon.colcon_core.environment:checking '/workspace/unitree_go2_hoehlenforscher/install/go2_my_nodes_py/bin'
[1.705s] Level 1:colcon.colcon_core.environment:create_environment_scripts_only(go2_my_nodes_py)
[1.706s] INFO:colcon.colcon_core.shell:Creating package script '/workspace/unitree_go2_hoehlenforscher/install/go2_my_nodes_py/share/go2_my_nodes_py/package.ps1'
[1.707s] INFO:colcon.colcon_core.shell:Creating package descriptor '/workspace/unitree_go2_hoehlenforscher/install/go2_my_nodes_py/share/go2_my_nodes_py/package.dsv'
[1.708s] INFO:colcon.colcon_core.shell:Creating package script '/workspace/unitree_go2_hoehlenforscher/install/go2_my_nodes_py/share/go2_my_nodes_py/package.sh'
[1.709s] INFO:colcon.colcon_core.shell:Creating package script '/workspace/unitree_go2_hoehlenforscher/install/go2_my_nodes_py/share/go2_my_nodes_py/package.bash'
[1.710s] INFO:colcon.colcon_core.shell:Creating package script '/workspace/unitree_go2_hoehlenforscher/install/go2_my_nodes_py/share/go2_my_nodes_py/package.zsh'
[1.711s] Level 1:colcon.colcon_core.environment:create_file_with_runtime_dependencies(/workspace/unitree_go2_hoehlenforscher/install/go2_my_nodes_py/share/colcon-core/packages/go2_my_nodes_py)
[3.997s] DEBUG:colcon.colcon_core.event_handler.log_command:Invoked command in '/workspace/unitree_go2_hoehlenforscher/build/entrance_detection_msgs' returned '0': CMAKE_PREFIX_PATH=${CMAKE_PREFIX_PATH}:/opt/ros/humble /usr/bin/cmake /workspace/unitree_go2_hoehlenforscher/ros2_nodes/entrance_detection_msgs -DAMENT_CMAKE_SYMLINK_INSTALL=1 -DCMAKE_INSTALL_PREFIX=/workspace/unitree_go2_hoehlenforscher/install/entrance_detection_msgs
[4.002s] DEBUG:colcon.colcon_core.event_handler.log_command:Invoking command in '/workspace/unitree_go2_hoehlenforscher/build/entrance_detection_msgs': CMAKE_PREFIX_PATH=${CMAKE_PREFIX_PATH}:/opt/ros/humble /usr/bin/cmake --build /workspace/unitree_go2_hoehlenforscher/build/entrance_detection_msgs -- -j16 -l16
[9.273s] DEBUG:colcon.colcon_core.event_handler.log_command:Invoked command in '/workspace/unitree_go2_hoehlenforscher/build/entrance_detection_msgs' returned '0': CMAKE_PREFIX_PATH=${CMAKE_PREFIX_PATH}:/opt/ros/humble /usr/bin/cmake --build /workspace/unitree_go2_hoehlenforscher/build/entrance_detection_msgs -- -j16 -l16
[9.292s] DEBUG:colcon.colcon_core.event_handler.log_command:Invoking command in '/workspace/unitree_go2_hoehlenforscher/build/entrance_detection_msgs': CMAKE_PREFIX_PATH=${CMAKE_PREFIX_PATH}:/opt/ros/humble /usr/bin/cmake --install /workspace/unitree_go2_hoehlenforscher/build/entrance_detection_msgs
[11.493s] Level 1:colcon.colcon_core.environment:create_environment_scripts_only(entrance_detection_msgs)
[11.494s] Level 1:colcon.colcon_core.environment:checking '/workspace/unitree_go2_hoehlenforscher/install/entrance_detection_msgs' for CMake module files
[11.494s] DEBUG:colcon.colcon_core.event_handler.log_command:Invoked command in '/workspace/unitree_go2_hoehlenforscher/build/entrance_detection_msgs' returned '0': CMAKE_PREFIX_PATH=${CMAKE_PREFIX_PATH}:/opt/ros/humble /usr/bin/cmake --install /workspace/unitree_go2_hoehlenforscher/build/entrance_detection_msgs
[11.496s] Level 1:colcon.colcon_core.environment:checking '/workspace/unitree_go2_hoehlenforscher/install/entrance_detection_msgs' for CMake config files
[11.498s] Level 1:colcon.colcon_core.shell:create_environment_hook('entrance_detection_msgs', 'cmake_prefix_path')
[11.498s] INFO:colcon.colcon_core.shell:Creating environment hook '/workspace/unitree_go2_hoehlenforscher/install/entrance_detection_msgs/share/entrance_detection_msgs/hook/cmake_prefix_path.ps1'
[11.499s] INFO:colcon.colcon_core.shell:Creating environment descriptor '/workspace/unitree_go2_hoehlenforscher/install/entrance_detection_msgs/share/entrance_detection_msgs/hook/cmake_prefix_path.dsv'
[11.500s] INFO:colcon.colcon_core.shell:Creating environment hook '/workspace/unitree_go2_hoehlenforscher/install/entrance_detection_msgs/share/entrance_detection_msgs/hook/cmake_prefix_path.sh'
[11.501s] Level 1:colcon.colcon_core.environment:checking '/workspace/unitree_go2_hoehlenforscher/install/entrance_detection_msgs/lib'
[11.502s] Level 1:colcon.colcon_core.shell:create_environment_hook('entrance_detection_msgs', 'ld_library_path_lib')
[11.502s] INFO:colcon.colcon_core.shell:Creating environment hook '/workspace/unitree_go2_hoehlenforscher/install/entrance_detection_msgs/share/entrance_detection_msgs/hook/ld_library_path_lib.ps1'
[11.503s] INFO:colcon.colcon_core.shell:Creating environment descriptor '/workspace/unitree_go2_hoehlenforscher/install/entrance_detection_msgs/share/entrance_detection_msgs/hook/ld_library_path_lib.dsv'
[11.504s] INFO:colcon.colcon_core.shell:Creating environment hook '/workspace/unitree_go2_hoehlenforscher/install/entrance_detection_msgs/share/entrance_detection_msgs/hook/ld_library_path_lib.sh'
[11.505s] Level 1:colcon.colcon_core.environment:checking '/workspace/unitree_go2_hoehlenforscher/install/entrance_detection_msgs/bin'
[11.505s] Level 1:colcon.colcon_core.environment:checking '/workspace/unitree_go2_hoehlenforscher/install/entrance_detection_msgs/lib/pkgconfig/entrance_detection_msgs.pc'
[11.506s] Level 1:colcon.colcon_core.environment:checking '/workspace/unitree_go2_hoehlenforscher/install/entrance_detection_msgs/lib/python3.10/site-packages'
[11.506s] Level 1:colcon.colcon_core.environment:checking '/workspace/unitree_go2_hoehlenforscher/install/entrance_detection_msgs/bin'
[11.507s] INFO:colcon.colcon_core.shell:Creating package script '/workspace/unitree_go2_hoehlenforscher/install/entrance_detection_msgs/share/entrance_detection_msgs/package.ps1'
[11.508s] INFO:colcon.colcon_core.shell:Creating package descriptor '/workspace/unitree_go2_hoehlenforscher/install/entrance_detection_msgs/share/entrance_detection_msgs/package.dsv'
[11.510s] INFO:colcon.colcon_core.shell:Creating package script '/workspace/unitree_go2_hoehlenforscher/install/entrance_detection_msgs/share/entrance_detection_msgs/package.sh'
[11.511s] INFO:colcon.colcon_core.shell:Creating package script '/workspace/unitree_go2_hoehlenforscher/install/entrance_detection_msgs/share/entrance_detection_msgs/package.bash'
[11.512s] INFO:colcon.colcon_core.shell:Creating package script '/workspace/unitree_go2_hoehlenforscher/install/entrance_detection_msgs/share/entrance_detection_msgs/package.zsh'
[11.513s] Level 1:colcon.colcon_core.environment:create_file_with_runtime_dependencies(/workspace/unitree_go2_hoehlenforscher/install/entrance_detection_msgs/share/colcon-core/packages/entrance_detection_msgs)
[11.514s] Level 1:colcon.colcon_core.environment:create_environment_scripts_only(entrance_detection_msgs)
[11.515s] Level 1:colcon.colcon_core.environment:checking '/workspace/unitree_go2_hoehlenforscher/install/entrance_detection_msgs' for CMake module files
[11.517s] Level 1:colcon.colcon_core.environment:checking '/workspace/unitree_go2_hoehlenforscher/install/entrance_detection_msgs' for CMake config files
[11.519s] Level 1:colcon.colcon_core.shell:create_environment_hook('entrance_detection_msgs', 'cmake_prefix_path')
[11.519s] INFO:colcon.colcon_core.shell:Creating environment hook '/workspace/unitree_go2_hoehlenforscher/install/entrance_detection_msgs/share/entrance_detection_msgs/hook/cmake_prefix_path.ps1'
[11.520s] INFO:colcon.colcon_core.shell:Creating environment descriptor '/workspace/unitree_go2_hoehlenforscher/install/entrance_detection_msgs/share/entrance_detection_msgs/hook/cmake_prefix_path.dsv'
[11.521s] INFO:colcon.colcon_core.shell:Creating environment hook '/workspace/unitree_go2_hoehlenforscher/install/entrance_detection_msgs/share/entrance_detection_msgs/hook/cmake_prefix_path.sh'
[11.523s] Level 1:colcon.colcon_core.environment:checking '/workspace/unitree_go2_hoehlenforscher/install/entrance_detection_msgs/lib'
[11.523s] Level 1:colcon.colcon_core.shell:create_environment_hook('entrance_detection_msgs', 'ld_library_path_lib')
[11.523s] INFO:colcon.colcon_core.shell:Creating environment hook '/workspace/unitree_go2_hoehlenforscher/install/entrance_detection_msgs/share/entrance_detection_msgs/hook/ld_library_path_lib.ps1'
[11.524s] INFO:colcon.colcon_core.shell:Creating environment descriptor '/workspace/unitree_go2_hoehlenforscher/install/entrance_detection_msgs/share/entrance_detection_msgs/hook/ld_library_path_lib.dsv'
[11.525s] INFO:colcon.colcon_core.shell:Creating environment hook '/workspace/unitree_go2_hoehlenforscher/install/entrance_detection_msgs/share/entrance_detection_msgs/hook/ld_library_path_lib.sh'
[11.526s] Level 1:colcon.colcon_core.environment:checking '/workspace/unitree_go2_hoehlenforscher/install/entrance_detection_msgs/bin'
[11.526s] Level 1:colcon.colcon_core.environment:checking '/workspace/unitree_go2_hoehlenforscher/install/entrance_detection_msgs/lib/pkgconfig/entrance_detection_msgs.pc'
[11.527s] Level 1:colcon.colcon_core.environment:checking '/workspace/unitree_go2_hoehlenforscher/install/entrance_detection_msgs/lib/python3.10/site-packages'
[11.527s] Level 1:colcon.colcon_core.environment:checking '/workspace/unitree_go2_hoehlenforscher/install/entrance_detection_msgs/bin'
[11.528s] INFO:colcon.colcon_core.shell:Creating package script '/workspace/unitree_go2_hoehlenforscher/install/entrance_detection_msgs/share/entrance_detection_msgs/package.ps1'
[11.529s] INFO:colcon.colcon_core.shell:Creating package descriptor '/workspace/unitree_go2_hoehlenforscher/install/entrance_detection_msgs/share/entrance_detection_msgs/package.dsv'
[11.530s] INFO:colcon.colcon_core.shell:Creating package script '/workspace/unitree_go2_hoehlenforscher/install/entrance_detection_msgs/share/entrance_detection_msgs/package.sh'
[11.531s] INFO:colcon.colcon_core.shell:Creating package script '/workspace/unitree_go2_hoehlenforscher/install/entrance_detection_msgs/share/entrance_detection_msgs/package.bash'
[11.532s] INFO:colcon.colcon_core.shell:Creating package script '/workspace/unitree_go2_hoehlenforscher/install/entrance_detection_msgs/share/entrance_detection_msgs/package.zsh'
[11.533s] Level 1:colcon.colcon_core.environment:create_file_with_runtime_dependencies(/workspace/unitree_go2_hoehlenforscher/install/entrance_detection_msgs/share/colcon-core/packages/entrance_detection_msgs)
[11.534s] DEBUG:colcon.colcon_parallel_executor.executor.parallel:closing loop
[11.534s] DEBUG:colcon.colcon_parallel_executor.executor.parallel:loop closed
[11.534s] DEBUG:colcon.colcon_parallel_executor.executor.parallel:run_until_complete finished with '0'
[11.534s] DEBUG:colcon.colcon_core.event_reactor:joining thread
[11.547s] INFO:colcon.colcon_core.plugin_system:Skipping extension 'colcon_notification.desktop_notification.notify_send': Could not find 'notify-send'
[11.547s] INFO:colcon.colcon_core.plugin_system:Skipping extension 'colcon_notification.desktop_notification.terminal_notifier': Not used on non-Darwin systems
[11.548s] INFO:colcon.colcon_core.plugin_system:Skipping extension 'colcon_notification.desktop_notification.win32': Not used on non-Windows systems
[11.548s] INFO:colcon.colcon_notification.desktop_notification:Sending desktop notification using 'notify2'
[11.552s] DEBUG:colcon.colcon_notification.desktop_notification.notify2:Failed to initialize notify2: org.freedesktop.DBus.Error.Spawn.ExecFailed: /usr/bin/dbus-launch terminated abnormally without any error message
[11.552s] DEBUG:colcon.colcon_core.event_reactor:joined thread
[11.553s] INFO:colcon.colcon_core.shell:Creating prefix script '/workspace/unitree_go2_hoehlenforscher/install/local_setup.ps1'
[11.555s] INFO:colcon.colcon_core.shell:Creating prefix util module '/workspace/unitree_go2_hoehlenforscher/install/_local_setup_util_ps1.py'
[11.558s] INFO:colcon.colcon_core.shell:Creating prefix chain script '/workspace/unitree_go2_hoehlenforscher/install/setup.ps1'
[11.559s] INFO:colcon.colcon_core.shell:Creating prefix script '/workspace/unitree_go2_hoehlenforscher/install/local_setup.sh'
[11.560s] INFO:colcon.colcon_core.shell:Creating prefix util module '/workspace/unitree_go2_hoehlenforscher/install/_local_setup_util_sh.py'
[11.560s] INFO:colcon.colcon_core.shell:Creating prefix chain script '/workspace/unitree_go2_hoehlenforscher/install/setup.sh'
[11.561s] INFO:colcon.colcon_core.shell:Creating prefix script '/workspace/unitree_go2_hoehlenforscher/install/local_setup.bash'
[11.562s] INFO:colcon.colcon_core.shell:Creating prefix chain script '/workspace/unitree_go2_hoehlenforscher/install/setup.bash'
[11.563s] INFO:colcon.colcon_core.shell:Creating prefix script '/workspace/unitree_go2_hoehlenforscher/install/local_setup.zsh'
[11.564s] INFO:colcon.colcon_core.shell:Creating prefix chain script '/workspace/unitree_go2_hoehlenforscher/install/setup.zsh'
