[0.026s] Invoking command in '/workspace/unitree_go2_hoehlenforscher/build/go2_msgs': CMAKE_PREFIX_PATH=${CMAKE_PREFIX_PATH}:/workspace/unitree_go2_hoehlenforscher/install/go2_my_nodes_py:/opt/ros/humble /usr/bin/cmake --build /workspace/unitree_go2_hoehlenforscher/build/go2_msgs -- -j16 -l16
[0.078s] -- Found ament_cmake: 1.3.12 (/opt/ros/humble/share/ament_cmake/cmake)
[0.295s] -- Override CMake install command with custom implementation using symlinks instead of copying resources
[0.314s] -- Found rosidl_default_generators: 1.2.0 (/opt/ros/humble/share/rosidl_default_generators/cmake)
[0.320s] -- Using all available rosidl_typesupport_c: rosidl_typesupport_fastrtps_c;rosidl_typesupport_introspection_c
[0.331s] -- Found rosidl_adapter: 3.1.7 (/opt/ros/humble/share/rosidl_adapter/cmake)
[0.384s] -- Using all available rosidl_typesupport_cpp: rosidl_typesupport_fastrtps_cpp;rosidl_typesupport_introspection_cpp
[0.413s] -- Found std_msgs: 4.9.0 (/opt/ros/humble/share/std_msgs/cmake)
[0.445s] -- Found geometry_msgs: 4.9.0 (/opt/ros/humble/share/geometry_msgs/cmake)
[0.469s] -- Found action_msgs: 1.2.2 (/opt/ros/humble/share/action_msgs/cmake)
[1.007s] -- Found ament_cmake_ros: 0.10.0 (/opt/ros/humble/share/ament_cmake_ros/cmake)
[1.439s] -- Using all available rosidl_typesupport_c: rosidl_typesupport_fastrtps_c;rosidl_typesupport_introspection_c
[1.965s] -- Using all available rosidl_typesupport_cpp: rosidl_typesupport_fastrtps_cpp;rosidl_typesupport_introspection_cpp
[2.003s] -- Found python_cmake_module: 0.10.0 (/opt/ros/humble/share/python_cmake_module/cmake)
[2.057s] -- Using PYTHON_EXECUTABLE: /usr/bin/python3
[2.057s] -- Using PYTHON_INCLUDE_DIRS: /usr/include/python3.10
[2.057s] -- Using PYTHON_LIBRARIES: /usr/lib/x86_64-linux-gnu/libpython3.10.so
[2.167s] -- Configuring done
[2.201s] -- Generating done
[2.213s] -- Build files have been written to: /workspace/unitree_go2_hoehlenforscher/build/go2_msgs
[2.253s] [35m[1mConsolidate compiler generated dependencies of target go2_msgs__rosidl_generator_c[0m
[2.263s] [  3%] Built target go2_msgs__cpp
[2.265s] [ 12%] Built target go2_msgs__rosidl_generator_c
[2.278s] [35m[1mConsolidate compiler generated dependencies of target go2_msgs__rosidl_typesupport_c[0m
[2.279s] [35m[1mConsolidate compiler generated dependencies of target go2_msgs__rosidl_typesupport_introspection_cpp[0m
[2.279s] [35m[1mConsolidate compiler generated dependencies of target go2_msgs__rosidl_typesupport_fastrtps_cpp[0m
[2.280s] [ 12%] Built target ament_cmake_python_symlink_go2_msgs
[2.281s] [35m[1mConsolidate compiler generated dependencies of target go2_msgs__rosidl_typesupport_cpp[0m
[2.283s] [35m[1mConsolidate compiler generated dependencies of target go2_msgs__rosidl_typesupport_introspection_c[0m
[2.284s] [35m[1mConsolidate compiler generated dependencies of target go2_msgs__rosidl_typesupport_fastrtps_c[0m
[2.291s] [ 22%] Built target go2_msgs__rosidl_typesupport_c
[2.294s] [ 41%] Built target go2_msgs__rosidl_typesupport_introspection_c
[2.294s] [ 41%] Built target go2_msgs__rosidl_typesupport_fastrtps_cpp
[2.300s] [ 51%] Built target go2_msgs__rosidl_typesupport_introspection_cpp
[2.301s] [ 61%] Built target go2_msgs__rosidl_typesupport_cpp
[2.304s] [ 70%] Built target go2_msgs__rosidl_typesupport_fastrtps_c
[2.329s] [ 70%] Built target go2_msgs
[2.365s] [ 74%] Built target go2_msgs__py
[2.382s] [35m[1mConsolidate compiler generated dependencies of target go2_msgs__rosidl_generator_py[0m
[2.406s] [ 80%] Built target go2_msgs__rosidl_generator_py
[2.424s] [35m[1mConsolidate compiler generated dependencies of target go2_msgs__rosidl_typesupport_introspection_c__pyext[0m
[2.425s] [35m[1mConsolidate compiler generated dependencies of target go2_msgs__rosidl_typesupport_c__pyext[0m
[2.427s] [35m[1mConsolidate compiler generated dependencies of target go2_msgs__rosidl_typesupport_fastrtps_c__pyext[0m
[2.454s] [ 87%] Built target go2_msgs__rosidl_typesupport_introspection_c__pyext
[2.456s] [ 93%] Built target go2_msgs__rosidl_typesupport_fastrtps_c__pyext
[2.457s] [100%] Built target go2_msgs__rosidl_typesupport_c__pyext
[2.511s] running egg_info
[2.511s] writing go2_msgs.egg-info/PKG-INFO
[2.512s] writing dependency_links to go2_msgs.egg-info/dependency_links.txt
[2.512s] writing top-level names to go2_msgs.egg-info/top_level.txt
[2.513s] reading manifest file 'go2_msgs.egg-info/SOURCES.txt'
[2.514s] writing manifest file 'go2_msgs.egg-info/SOURCES.txt'
[2.551s] [100%] Built target ament_cmake_python_build_go2_msgs_egg
[2.569s] Invoked command in '/workspace/unitree_go2_hoehlenforscher/build/go2_msgs' returned '0': CMAKE_PREFIX_PATH=${CMAKE_PREFIX_PATH}:/workspace/unitree_go2_hoehlenforscher/install/go2_my_nodes_py:/opt/ros/humble /usr/bin/cmake --build /workspace/unitree_go2_hoehlenforscher/build/go2_msgs -- -j16 -l16
[2.582s] Invoking command in '/workspace/unitree_go2_hoehlenforscher/build/go2_msgs': CMAKE_PREFIX_PATH=${CMAKE_PREFIX_PATH}:/workspace/unitree_go2_hoehlenforscher/install/go2_my_nodes_py:/opt/ros/humble /usr/bin/cmake --install /workspace/unitree_go2_hoehlenforscher/build/go2_msgs
[2.596s] -- Install configuration: ""
[2.598s] -- Execute custom install script
[2.598s] -- Up-to-date symlink: /workspace/unitree_go2_hoehlenforscher/install/go2_msgs/share/ament_index/resource_index/rosidl_interfaces/go2_msgs
[2.599s] -- Up-to-date symlink: /workspace/unitree_go2_hoehlenforscher/install/go2_msgs/include/go2_msgs/go2_msgs/msg/detail/entrance__functions.h
[2.599s] -- Up-to-date symlink: /workspace/unitree_go2_hoehlenforscher/install/go2_msgs/include/go2_msgs/go2_msgs/msg/detail/entrance__struct.h
[2.600s] -- Up-to-date symlink: /workspace/unitree_go2_hoehlenforscher/install/go2_msgs/include/go2_msgs/go2_msgs/msg/detail/entrance__type_support.h
[2.600s] -- Up-to-date symlink: /workspace/unitree_go2_hoehlenforscher/install/go2_msgs/include/go2_msgs/go2_msgs/msg/entrance.h
[2.600s] -- Up-to-date symlink: /workspace/unitree_go2_hoehlenforscher/install/go2_msgs/include/go2_msgs/go2_msgs/msg/rosidl_generator_c__visibility_control.h
[2.600s] -- Up-to-date symlink: /workspace/unitree_go2_hoehlenforscher/install/go2_msgs/share/go2_msgs/environment/library_path.sh
[2.601s] -- Up-to-date symlink: /workspace/unitree_go2_hoehlenforscher/install/go2_msgs/share/go2_msgs/environment/library_path.dsv
[2.602s] -- Up-to-date symlink: /workspace/unitree_go2_hoehlenforscher/install/go2_msgs/include/go2_msgs/go2_msgs/msg/detail/entrance__rosidl_typesupport_fastrtps_c.h
[2.602s] -- Up-to-date symlink: /workspace/unitree_go2_hoehlenforscher/install/go2_msgs/include/go2_msgs/go2_msgs/msg/rosidl_typesupport_fastrtps_c__visibility_control.h
[2.603s] -- Up-to-date symlink: /workspace/unitree_go2_hoehlenforscher/install/go2_msgs/include/go2_msgs/go2_msgs/msg/detail/entrance__rosidl_typesupport_introspection_c.h
[2.603s] -- Up-to-date symlink: /workspace/unitree_go2_hoehlenforscher/install/go2_msgs/include/go2_msgs/go2_msgs/msg/rosidl_typesupport_introspection_c__visibility_control.h
[2.604s] -- Up-to-date symlink: /workspace/unitree_go2_hoehlenforscher/install/go2_msgs/include/go2_msgs/go2_msgs/msg/detail/entrance__builder.hpp
[2.605s] -- Up-to-date symlink: /workspace/unitree_go2_hoehlenforscher/install/go2_msgs/include/go2_msgs/go2_msgs/msg/detail/entrance__struct.hpp
[2.605s] -- Up-to-date symlink: /workspace/unitree_go2_hoehlenforscher/install/go2_msgs/include/go2_msgs/go2_msgs/msg/detail/entrance__traits.hpp
[2.605s] -- Up-to-date symlink: /workspace/unitree_go2_hoehlenforscher/install/go2_msgs/include/go2_msgs/go2_msgs/msg/detail/entrance__type_support.hpp
[2.605s] -- Up-to-date symlink: /workspace/unitree_go2_hoehlenforscher/install/go2_msgs/include/go2_msgs/go2_msgs/msg/entrance.hpp
[2.605s] -- Up-to-date symlink: /workspace/unitree_go2_hoehlenforscher/install/go2_msgs/include/go2_msgs/go2_msgs/msg/rosidl_generator_cpp__visibility_control.hpp
[2.606s] -- Up-to-date symlink: /workspace/unitree_go2_hoehlenforscher/install/go2_msgs/include/go2_msgs/go2_msgs/msg/detail/entrance__rosidl_typesupport_fastrtps_cpp.hpp
[2.607s] -- Up-to-date symlink: /workspace/unitree_go2_hoehlenforscher/install/go2_msgs/include/go2_msgs/go2_msgs/msg/rosidl_typesupport_fastrtps_cpp__visibility_control.h
[2.607s] -- Up-to-date symlink: /workspace/unitree_go2_hoehlenforscher/install/go2_msgs/include/go2_msgs/go2_msgs/msg/detail/entrance__rosidl_typesupport_introspection_cpp.hpp
[2.607s] -- Up-to-date symlink: /workspace/unitree_go2_hoehlenforscher/install/go2_msgs/share/go2_msgs/environment/pythonpath.sh
[2.608s] -- Up-to-date symlink: /workspace/unitree_go2_hoehlenforscher/install/go2_msgs/share/go2_msgs/environment/pythonpath.dsv
[2.608s] -- Up-to-date symlink: /workspace/unitree_go2_hoehlenforscher/install/go2_msgs/local/lib/python3.10/dist-packages/go2_msgs-0.0.1-py3.10.egg-info/PKG-INFO
[2.609s] -- Up-to-date symlink: /workspace/unitree_go2_hoehlenforscher/install/go2_msgs/local/lib/python3.10/dist-packages/go2_msgs-0.0.1-py3.10.egg-info/SOURCES.txt
[2.609s] -- Up-to-date symlink: /workspace/unitree_go2_hoehlenforscher/install/go2_msgs/local/lib/python3.10/dist-packages/go2_msgs-0.0.1-py3.10.egg-info/dependency_links.txt
[2.609s] -- Up-to-date symlink: /workspace/unitree_go2_hoehlenforscher/install/go2_msgs/local/lib/python3.10/dist-packages/go2_msgs-0.0.1-py3.10.egg-info/top_level.txt
[2.610s] -- Up-to-date symlink: /workspace/unitree_go2_hoehlenforscher/install/go2_msgs/local/lib/python3.10/dist-packages/go2_msgs/__init__.py
[2.611s] -- Up-to-date symlink: /workspace/unitree_go2_hoehlenforscher/install/go2_msgs/local/lib/python3.10/dist-packages/go2_msgs/_go2_msgs_s.ep.rosidl_typesupport_c.c
[2.611s] -- Up-to-date symlink: /workspace/unitree_go2_hoehlenforscher/install/go2_msgs/local/lib/python3.10/dist-packages/go2_msgs/_go2_msgs_s.ep.rosidl_typesupport_fastrtps_c.c
[2.611s] -- Up-to-date symlink: /workspace/unitree_go2_hoehlenforscher/install/go2_msgs/local/lib/python3.10/dist-packages/go2_msgs/_go2_msgs_s.ep.rosidl_typesupport_introspection_c.c
[2.611s] -- Up-to-date symlink: /workspace/unitree_go2_hoehlenforscher/install/go2_msgs/local/lib/python3.10/dist-packages/go2_msgs/go2_msgs_s__rosidl_typesupport_c.cpython-310-x86_64-linux-gnu.so
[2.612s] -- Up-to-date symlink: /workspace/unitree_go2_hoehlenforscher/install/go2_msgs/local/lib/python3.10/dist-packages/go2_msgs/go2_msgs_s__rosidl_typesupport_fastrtps_c.cpython-310-x86_64-linux-gnu.so
[2.612s] -- Up-to-date symlink: /workspace/unitree_go2_hoehlenforscher/install/go2_msgs/local/lib/python3.10/dist-packages/go2_msgs/go2_msgs_s__rosidl_typesupport_introspection_c.cpython-310-x86_64-linux-gnu.so
[2.612s] -- Up-to-date symlink: /workspace/unitree_go2_hoehlenforscher/install/go2_msgs/local/lib/python3.10/dist-packages/go2_msgs/libgo2_msgs__rosidl_generator_py.so
[2.612s] -- Up-to-date symlink: /workspace/unitree_go2_hoehlenforscher/install/go2_msgs/local/lib/python3.10/dist-packages/go2_msgs/msg/__init__.py
[2.612s] -- Up-to-date symlink: /workspace/unitree_go2_hoehlenforscher/install/go2_msgs/local/lib/python3.10/dist-packages/go2_msgs/msg/_entrance.py
[2.613s] -- Up-to-date symlink: /workspace/unitree_go2_hoehlenforscher/install/go2_msgs/local/lib/python3.10/dist-packages/go2_msgs/msg/_entrance_s.c
[2.613s] -- Up-to-date symlink: /workspace/unitree_go2_hoehlenforscher/install/go2_msgs/local/lib/python3.10/dist-packages/go2_msgs/go2_msgs_s__rosidl_typesupport_fastrtps_c.cpython-310-x86_64-linux-gnu.so
[2.614s] -- Up-to-date symlink: /workspace/unitree_go2_hoehlenforscher/install/go2_msgs/local/lib/python3.10/dist-packages/go2_msgs/go2_msgs_s__rosidl_typesupport_introspection_c.cpython-310-x86_64-linux-gnu.so
[2.614s] -- Up-to-date symlink: /workspace/unitree_go2_hoehlenforscher/install/go2_msgs/local/lib/python3.10/dist-packages/go2_msgs/go2_msgs_s__rosidl_typesupport_c.cpython-310-x86_64-linux-gnu.so
[2.615s] -- Up-to-date symlink: /workspace/unitree_go2_hoehlenforscher/install/go2_msgs/share/go2_msgs/msg/Entrance.idl
[2.615s] -- Up-to-date symlink: /workspace/unitree_go2_hoehlenforscher/install/go2_msgs/share/go2_msgs/msg/Entrance.msg
[2.616s] -- Up-to-date symlink: /workspace/unitree_go2_hoehlenforscher/install/go2_msgs/share/ament_index/resource_index/package_run_dependencies/go2_msgs
[2.616s] -- Up-to-date symlink: /workspace/unitree_go2_hoehlenforscher/install/go2_msgs/share/ament_index/resource_index/parent_prefix_path/go2_msgs
[2.616s] -- Up-to-date symlink: /workspace/unitree_go2_hoehlenforscher/install/go2_msgs/share/go2_msgs/environment/ament_prefix_path.sh
[2.616s] -- Up-to-date symlink: /workspace/unitree_go2_hoehlenforscher/install/go2_msgs/share/go2_msgs/environment/ament_prefix_path.dsv
[2.617s] -- Up-to-date symlink: /workspace/unitree_go2_hoehlenforscher/install/go2_msgs/share/go2_msgs/environment/path.sh
[2.617s] -- Up-to-date symlink: /workspace/unitree_go2_hoehlenforscher/install/go2_msgs/share/go2_msgs/environment/path.dsv
[2.617s] -- Up-to-date symlink: /workspace/unitree_go2_hoehlenforscher/install/go2_msgs/share/go2_msgs/local_setup.bash
[2.618s] -- Up-to-date symlink: /workspace/unitree_go2_hoehlenforscher/install/go2_msgs/share/go2_msgs/local_setup.sh
[2.618s] -- Up-to-date symlink: /workspace/unitree_go2_hoehlenforscher/install/go2_msgs/share/go2_msgs/local_setup.zsh
[2.618s] -- Up-to-date symlink: /workspace/unitree_go2_hoehlenforscher/install/go2_msgs/share/go2_msgs/local_setup.dsv
[2.618s] -- Symlinking: /workspace/unitree_go2_hoehlenforscher/install/go2_msgs/share/go2_msgs/package.dsv
[2.638s] -- Up-to-date symlink: /workspace/unitree_go2_hoehlenforscher/install/go2_msgs/share/ament_index/resource_index/packages/go2_msgs
[2.639s] -- Up-to-date symlink: /workspace/unitree_go2_hoehlenforscher/install/go2_msgs/share/go2_msgs/cmake/rosidl_cmake-extras.cmake
[2.639s] -- Up-to-date symlink: /workspace/unitree_go2_hoehlenforscher/install/go2_msgs/share/go2_msgs/cmake/ament_cmake_export_dependencies-extras.cmake
[2.640s] -- Up-to-date symlink: /workspace/unitree_go2_hoehlenforscher/install/go2_msgs/share/go2_msgs/cmake/ament_cmake_export_include_directories-extras.cmake
[2.640s] -- Up-to-date symlink: /workspace/unitree_go2_hoehlenforscher/install/go2_msgs/share/go2_msgs/cmake/ament_cmake_export_libraries-extras.cmake
[2.641s] -- Up-to-date symlink: /workspace/unitree_go2_hoehlenforscher/install/go2_msgs/share/go2_msgs/cmake/ament_cmake_export_targets-extras.cmake
[2.641s] -- Up-to-date symlink: /workspace/unitree_go2_hoehlenforscher/install/go2_msgs/share/go2_msgs/cmake/rosidl_cmake_export_typesupport_targets-extras.cmake
[2.641s] -- Up-to-date symlink: /workspace/unitree_go2_hoehlenforscher/install/go2_msgs/share/go2_msgs/cmake/rosidl_cmake_export_typesupport_libraries-extras.cmake
[2.642s] -- Up-to-date symlink: /workspace/unitree_go2_hoehlenforscher/install/go2_msgs/share/go2_msgs/cmake/go2_msgsConfig.cmake
[2.642s] -- Up-to-date symlink: /workspace/unitree_go2_hoehlenforscher/install/go2_msgs/share/go2_msgs/cmake/go2_msgsConfig-version.cmake
[2.643s] -- Up-to-date symlink: /workspace/unitree_go2_hoehlenforscher/install/go2_msgs/share/go2_msgs/package.xml
[2.644s] -- Up-to-date: /workspace/unitree_go2_hoehlenforscher/install/go2_msgs/lib/libgo2_msgs__rosidl_generator_c.so
[2.645s] -- Up-to-date: /workspace/unitree_go2_hoehlenforscher/install/go2_msgs/lib/libgo2_msgs__rosidl_typesupport_fastrtps_c.so
[2.645s] -- Up-to-date: /workspace/unitree_go2_hoehlenforscher/install/go2_msgs/lib/libgo2_msgs__rosidl_typesupport_introspection_c.so
[2.646s] -- Up-to-date: /workspace/unitree_go2_hoehlenforscher/install/go2_msgs/lib/libgo2_msgs__rosidl_typesupport_c.so
[2.647s] -- Up-to-date: /workspace/unitree_go2_hoehlenforscher/install/go2_msgs/lib/libgo2_msgs__rosidl_typesupport_fastrtps_cpp.so
[2.648s] -- Up-to-date: /workspace/unitree_go2_hoehlenforscher/install/go2_msgs/lib/libgo2_msgs__rosidl_typesupport_introspection_cpp.so
[2.649s] -- Up-to-date: /workspace/unitree_go2_hoehlenforscher/install/go2_msgs/lib/libgo2_msgs__rosidl_typesupport_cpp.so
[2.707s] Listing '/workspace/unitree_go2_hoehlenforscher/install/go2_msgs/local/lib/python3.10/dist-packages/go2_msgs'...
[2.707s] Compiling '/workspace/unitree_go2_hoehlenforscher/install/go2_msgs/local/lib/python3.10/dist-packages/go2_msgs/__init__.py'...
[2.707s] Listing '/workspace/unitree_go2_hoehlenforscher/install/go2_msgs/local/lib/python3.10/dist-packages/go2_msgs/msg'...
[2.713s] -- Up-to-date: /workspace/unitree_go2_hoehlenforscher/install/go2_msgs/lib/libgo2_msgs__rosidl_generator_py.so
[2.713s] -- Up-to-date: /workspace/unitree_go2_hoehlenforscher/install/go2_msgs/share/go2_msgs/cmake/export_go2_msgs__rosidl_generator_cExport.cmake
[2.714s] -- Up-to-date: /workspace/unitree_go2_hoehlenforscher/install/go2_msgs/share/go2_msgs/cmake/export_go2_msgs__rosidl_generator_cExport-noconfig.cmake
[2.714s] -- Up-to-date: /workspace/unitree_go2_hoehlenforscher/install/go2_msgs/share/go2_msgs/cmake/export_go2_msgs__rosidl_typesupport_fastrtps_cExport.cmake
[2.714s] -- Up-to-date: /workspace/unitree_go2_hoehlenforscher/install/go2_msgs/share/go2_msgs/cmake/export_go2_msgs__rosidl_typesupport_fastrtps_cExport-noconfig.cmake
[2.714s] -- Up-to-date: /workspace/unitree_go2_hoehlenforscher/install/go2_msgs/share/go2_msgs/cmake/go2_msgs__rosidl_typesupport_introspection_cExport.cmake
[2.715s] -- Up-to-date: /workspace/unitree_go2_hoehlenforscher/install/go2_msgs/share/go2_msgs/cmake/go2_msgs__rosidl_typesupport_introspection_cExport-noconfig.cmake
[2.715s] -- Up-to-date: /workspace/unitree_go2_hoehlenforscher/install/go2_msgs/share/go2_msgs/cmake/go2_msgs__rosidl_typesupport_cExport.cmake
[2.715s] -- Up-to-date: /workspace/unitree_go2_hoehlenforscher/install/go2_msgs/share/go2_msgs/cmake/go2_msgs__rosidl_typesupport_cExport-noconfig.cmake
[2.715s] -- Up-to-date: /workspace/unitree_go2_hoehlenforscher/install/go2_msgs/share/go2_msgs/cmake/export_go2_msgs__rosidl_generator_cppExport.cmake
[2.715s] -- Up-to-date: /workspace/unitree_go2_hoehlenforscher/install/go2_msgs/share/go2_msgs/cmake/export_go2_msgs__rosidl_typesupport_fastrtps_cppExport.cmake
[2.715s] -- Up-to-date: /workspace/unitree_go2_hoehlenforscher/install/go2_msgs/share/go2_msgs/cmake/export_go2_msgs__rosidl_typesupport_fastrtps_cppExport-noconfig.cmake
[2.715s] -- Up-to-date: /workspace/unitree_go2_hoehlenforscher/install/go2_msgs/share/go2_msgs/cmake/go2_msgs__rosidl_typesupport_introspection_cppExport.cmake
[2.715s] -- Up-to-date: /workspace/unitree_go2_hoehlenforscher/install/go2_msgs/share/go2_msgs/cmake/go2_msgs__rosidl_typesupport_introspection_cppExport-noconfig.cmake
[2.715s] -- Up-to-date: /workspace/unitree_go2_hoehlenforscher/install/go2_msgs/share/go2_msgs/cmake/go2_msgs__rosidl_typesupport_cppExport.cmake
[2.715s] -- Up-to-date: /workspace/unitree_go2_hoehlenforscher/install/go2_msgs/share/go2_msgs/cmake/go2_msgs__rosidl_typesupport_cppExport-noconfig.cmake
[2.715s] -- Up-to-date: /workspace/unitree_go2_hoehlenforscher/install/go2_msgs/share/go2_msgs/cmake/export_go2_msgs__rosidl_generator_pyExport.cmake
[2.715s] -- Up-to-date: /workspace/unitree_go2_hoehlenforscher/install/go2_msgs/share/go2_msgs/cmake/export_go2_msgs__rosidl_generator_pyExport-noconfig.cmake
[2.718s] Invoked command in '/workspace/unitree_go2_hoehlenforscher/build/go2_msgs' returned '0': CMAKE_PREFIX_PATH=${CMAKE_PREFIX_PATH}:/workspace/unitree_go2_hoehlenforscher/install/go2_my_nodes_py:/opt/ros/humble /usr/bin/cmake --install /workspace/unitree_go2_hoehlenforscher/build/go2_msgs
