[0.017s] Invoking command in '/workspace/unitree_go2_hoehlenforscher/build/go2_msgs': CMAKE_PREFIX_PATH=${CMAKE_PREFIX_PATH}:/workspace/unitree_go2_hoehlenforscher/install/go2_my_nodes_py:/opt/ros/humble /usr/bin/cmake /workspace/unitree_go2_hoehlenforscher/src/go2_msgs -DAMENT_CMAKE_SYMLINK_INSTALL=1 -DCMAKE_INSTALL_PREFIX=/workspace/unitree_go2_hoehlenforscher/install/go2_msgs
[0.031s] -- Found ament_cmake: 1.3.12 (/opt/ros/humble/share/ament_cmake/cmake)
[0.249s] -- Override CMake install command with custom implementation using symlinks instead of copying resources
[0.261s] -- Found rosidl_default_generators: 1.2.0 (/opt/ros/humble/share/rosidl_default_generators/cmake)
[0.264s] -- Using all available rosidl_typesupport_c: rosidl_typesupport_fastrtps_c;rosidl_typesupport_introspection_c
[0.266s] -- Found rosidl_adapter: 3.1.7 (/opt/ros/humble/share/rosidl_adapter/cmake)
[0.295s] -- Using all available rosidl_typesupport_cpp: rosidl_typesupport_fastrtps_cpp;rosidl_typesupport_introspection_cpp
[0.335s] -- Found std_msgs: 4.9.0 (/opt/ros/humble/share/std_msgs/cmake)
[0.361s] -- Found geometry_msgs: 4.9.0 (/opt/ros/humble/share/geometry_msgs/cmake)
[0.373s] -- Found action_msgs: 1.2.2 (/opt/ros/humble/share/action_msgs/cmake)
[0.593s] [31mCMake Error at /opt/ros/humble/share/rosidl_adapter/cmake/rosidl_adapt_interfaces.cmake:59 (message):
[0.594s]   execute_process(/usr/bin/python3 -m rosidl_adapter --package-name go2_msgs
[0.594s]   --arguments-file
[0.594s]   /workspace/unitree_go2_hoehlenforscher/build/go2_msgs/rosidl_adapter__arguments__go2_msgs.json
[0.595s]   --output-dir
[0.595s]   /workspace/unitree_go2_hoehlenforscher/build/go2_msgs/rosidl_adapter/go2_msgs
[0.595s]   --output-file
[0.595s]   /workspace/unitree_go2_hoehlenforscher/build/go2_msgs/rosidl_adapter/go2_msgs.idls)
[0.596s]   returned error code 1:
[0.596s] 
[0.596s]   Traceback (most recent call last):
[0.596s] 
[0.596s]     File "/usr/lib/python3.10/runpy.py", line 196, in _run_module_as_main
[0.596s]       return _run_code(code, main_globals, None,
[0.597s]     File "/usr/lib/python3.10/runpy.py", line 86, in _run_code
[0.597s]       exec(code, run_globals)
[0.597s]     File "/opt/ros/humble/local/lib/python3.10/dist-packages/rosidl_adapter/__main__.py", line 19, in <module>
[0.597s]       sys.exit(main())
[0.597s]     File "/opt/ros/humble/local/lib/python3.10/dist-packages/rosidl_adapter/main.py", line 53, in main
[0.597s]       abs_idl_file = convert_to_idl(
[0.598s]     File "/opt/ros/humble/local/lib/python3.10/dist-packages/rosidl_adapter/__init__.py", line 29, in convert_to_idl
[0.598s]       return convert_action_to_idl(
[0.598s]     File "/opt/ros/humble/local/lib/python3.10/dist-packages/rosidl_adapter/action/__init__.py", line 28, in convert_action_to_idl
[0.598s]       action = parse_action_string(package_name, input_file.stem, content)
[0.598s]     File "/opt/ros/humble/local/lib/python3.10/dist-packages/rosidl_adapter/parser.py", line 902, in parse_action_string
[0.598s]       goal_message = parse_message_string(
[0.599s]     File "/opt/ros/humble/local/lib/python3.10/dist-packages/rosidl_adapter/parser.py", line 544, in parse_message_string
[0.599s]       msg = MessageSpecification(pkg_name, msg_name, fields, constants)
[0.599s]     File "/opt/ros/humble/local/lib/python3.10/dist-packages/rosidl_adapter/parser.py", line 388, in __init__
[0.599s]       self.base_type = BaseType(
[0.599s]     File "/opt/ros/humble/local/lib/python3.10/dist-packages/rosidl_adapter/parser.py", line 205, in __init__
[0.599s]       raise InvalidResourceName(
[0.599s] 
[0.599s]   rosidl_adapter.parser.InvalidResourceName: 'Height_Adjustment_Goal' is an
[0.600s]   invalid message name.  It should have the pattern '^[A-Z][A-Za-z0-9]*$'
[0.600s] 
[0.600s] Call Stack (most recent call first):
[0.600s]   /opt/ros/humble/share/rosidl_cmake/cmake/rosidl_generate_interfaces.cmake:130 (rosidl_adapt_interfaces)
[0.600s]   CMakeLists.txt:16 (rosidl_generate_interfaces)
[0.601s] 
[0.601s] [0m
[0.601s] -- Configuring incomplete, errors occurred!
[0.601s] See also "/workspace/unitree_go2_hoehlenforscher/build/go2_msgs/CMakeFiles/CMakeOutput.log".
[0.606s] Invoked command in '/workspace/unitree_go2_hoehlenforscher/build/go2_msgs' returned '1': CMAKE_PREFIX_PATH=${CMAKE_PREFIX_PATH}:/workspace/unitree_go2_hoehlenforscher/install/go2_my_nodes_py:/opt/ros/humble /usr/bin/cmake /workspace/unitree_go2_hoehlenforscher/src/go2_msgs -DAMENT_CMAKE_SYMLINK_INSTALL=1 -DCMAKE_INSTALL_PREFIX=/workspace/unitree_go2_hoehlenforscher/install/go2_msgs
