/workspace/unitree_go2_hoehlenforscher/install/go2_my_nodes_py/lib/python3.10/site-packages/go2_my_nodes_py/cloud_to_entrance_node.py
/workspace/unitree_go2_hoehlenforscher/install/go2_my_nodes_py/lib/python3.10/site-packages/go2_my_nodes_py/entrance_decision_node.py
/workspace/unitree_go2_hoehlenforscher/install/go2_my_nodes_py/lib/python3.10/site-packages/go2_my_nodes_py/hole_detection_voxel_grid.py
/workspace/unitree_go2_hoehlenforscher/install/go2_my_nodes_py/lib/python3.10/site-packages/go2_my_nodes_py/base_node.py
/workspace/unitree_go2_hoehlenforscher/install/go2_my_nodes_py/lib/python3.10/site-packages/go2_my_nodes_py/hole_detection_clean.py
/workspace/unitree_go2_hoehlenforscher/install/go2_my_nodes_py/lib/python3.10/site-packages/go2_my_nodes_py/__init__.py
/workspace/unitree_go2_hoehlenforscher/install/go2_my_nodes_py/lib/python3.10/site-packages/go2_my_nodes_py/navigation_action_server_node.py
/workspace/unitree_go2_hoehlenforscher/install/go2_my_nodes_py/lib/python3.10/site-packages/go2_my_nodes_py/hole_detection_ransac.py
/workspace/unitree_go2_hoehlenforscher/install/go2_my_nodes_py/lib/python3.10/site-packages/go2_my_nodes_py/__pycache__/cloud_to_entrance_node.cpython-310.pyc
/workspace/unitree_go2_hoehlenforscher/install/go2_my_nodes_py/lib/python3.10/site-packages/go2_my_nodes_py/__pycache__/entrance_decision_node.cpython-310.pyc
/workspace/unitree_go2_hoehlenforscher/install/go2_my_nodes_py/lib/python3.10/site-packages/go2_my_nodes_py/__pycache__/hole_detection_voxel_grid.cpython-310.pyc
/workspace/unitree_go2_hoehlenforscher/install/go2_my_nodes_py/lib/python3.10/site-packages/go2_my_nodes_py/__pycache__/base_node.cpython-310.pyc
/workspace/unitree_go2_hoehlenforscher/install/go2_my_nodes_py/lib/python3.10/site-packages/go2_my_nodes_py/__pycache__/hole_detection_clean.cpython-310.pyc
/workspace/unitree_go2_hoehlenforscher/install/go2_my_nodes_py/lib/python3.10/site-packages/go2_my_nodes_py/__pycache__/__init__.cpython-310.pyc
/workspace/unitree_go2_hoehlenforscher/install/go2_my_nodes_py/lib/python3.10/site-packages/go2_my_nodes_py/__pycache__/navigation_action_server_node.cpython-310.pyc
/workspace/unitree_go2_hoehlenforscher/install/go2_my_nodes_py/lib/python3.10/site-packages/go2_my_nodes_py/__pycache__/hole_detection_ransac.cpython-310.pyc
/workspace/unitree_go2_hoehlenforscher/install/go2_my_nodes_py/share/ament_index/resource_index/packages/go2_my_nodes_py
/workspace/unitree_go2_hoehlenforscher/install/go2_my_nodes_py/share/go2_my_nodes_py/package.xml
/workspace/unitree_go2_hoehlenforscher/install/go2_my_nodes_py/share/go2_my_nodes_py/launch/hole_detection_voxel_grid.launch.py
/workspace/unitree_go2_hoehlenforscher/install/go2_my_nodes_py/share/go2_my_nodes_py/rviz/hole_detection.rviz
/workspace/unitree_go2_hoehlenforscher/install/go2_my_nodes_py/share/go2_my_nodes_py/config/cardboard_detection_params.yaml
/workspace/unitree_go2_hoehlenforscher/install/go2_my_nodes_py/lib/python3.10/site-packages/go2_my_nodes_py-0.0.0-py3.10.egg-info/entry_points.txt
/workspace/unitree_go2_hoehlenforscher/install/go2_my_nodes_py/lib/python3.10/site-packages/go2_my_nodes_py-0.0.0-py3.10.egg-info/requires.txt
/workspace/unitree_go2_hoehlenforscher/install/go2_my_nodes_py/lib/python3.10/site-packages/go2_my_nodes_py-0.0.0-py3.10.egg-info/zip-safe
/workspace/unitree_go2_hoehlenforscher/install/go2_my_nodes_py/lib/python3.10/site-packages/go2_my_nodes_py-0.0.0-py3.10.egg-info/top_level.txt
/workspace/unitree_go2_hoehlenforscher/install/go2_my_nodes_py/lib/python3.10/site-packages/go2_my_nodes_py-0.0.0-py3.10.egg-info/dependency_links.txt
/workspace/unitree_go2_hoehlenforscher/install/go2_my_nodes_py/lib/python3.10/site-packages/go2_my_nodes_py-0.0.0-py3.10.egg-info/PKG-INFO
/workspace/unitree_go2_hoehlenforscher/install/go2_my_nodes_py/lib/python3.10/site-packages/go2_my_nodes_py-0.0.0-py3.10.egg-info/SOURCES.txt
/workspace/unitree_go2_hoehlenforscher/install/go2_my_nodes_py/lib/go2_my_nodes_py/cloud_to_entrance_node
/workspace/unitree_go2_hoehlenforscher/install/go2_my_nodes_py/lib/go2_my_nodes_py/entrance_decision_node
/workspace/unitree_go2_hoehlenforscher/install/go2_my_nodes_py/lib/go2_my_nodes_py/hole_detection_clean
/workspace/unitree_go2_hoehlenforscher/install/go2_my_nodes_py/lib/go2_my_nodes_py/hole_detection_ransac
/workspace/unitree_go2_hoehlenforscher/install/go2_my_nodes_py/lib/go2_my_nodes_py/hole_detection_voxel_grid
/workspace/unitree_go2_hoehlenforscher/install/go2_my_nodes_py/lib/go2_my_nodes_py/navigation_action_server_node
