[0.017s] Invoking command in '/workspace/unitree_go2_hoehlenforscher/build/go2_msgs': CMAKE_PREFIX_PATH=${CMAKE_PREFIX_PATH}:/workspace/unitree_go2_hoehlenforscher/install/go2_my_nodes_py:/opt/ros/humble /usr/bin/cmake /workspace/unitree_go2_hoehlenforscher/src/go2_msgs -DAMENT_CMAKE_SYMLINK_INSTALL=1 -DCMAKE_INSTALL_PREFIX=/workspace/unitree_go2_hoehlenforscher/install/go2_msgs
[0.048s] -- Found ament_cmake: 1.3.12 (/opt/ros/humble/share/ament_cmake/cmake)
[0.310s] -- Override CMake install command with custom implementation using symlinks instead of copying resources
[0.333s] -- Found rosidl_default_generators: 1.2.0 (/opt/ros/humble/share/rosidl_default_generators/cmake)
[0.339s] -- Using all available rosidl_typesupport_c: rosidl_typesupport_fastrtps_c;rosidl_typesupport_introspection_c
[0.345s] -- Found rosidl_adapter: 3.1.7 (/opt/ros/humble/share/rosidl_adapter/cmake)
[0.404s] -- Using all available rosidl_typesupport_cpp: rosidl_typesupport_fastrtps_cpp;rosidl_typesupport_introspection_cpp
[0.446s] -- Found std_msgs: 4.9.0 (/opt/ros/humble/share/std_msgs/cmake)
[0.471s] -- Found geometry_msgs: 4.9.0 (/opt/ros/humble/share/geometry_msgs/cmake)
[0.482s] -- Found action_msgs: 1.2.2 (/opt/ros/humble/share/action_msgs/cmake)
[0.964s] -- Found ament_cmake_ros: 0.10.0 (/opt/ros/humble/share/ament_cmake_ros/cmake)
[1.314s] -- Using all available rosidl_typesupport_c: rosidl_typesupport_fastrtps_c;rosidl_typesupport_introspection_c
[2.017s] -- Using all available rosidl_typesupport_cpp: rosidl_typesupport_fastrtps_cpp;rosidl_typesupport_introspection_cpp
[2.079s] -- Found python_cmake_module: 0.10.0 (/opt/ros/humble/share/python_cmake_module/cmake)
[2.115s] -- Using PYTHON_EXECUTABLE: /usr/bin/python3
[2.115s] -- Using PYTHON_INCLUDE_DIRS: /usr/include/python3.10
[2.115s] -- Using PYTHON_LIBRARIES: /usr/lib/x86_64-linux-gnu/libpython3.10.so
[2.182s] -- Configuring done
[2.217s] -- Generating done
[2.228s] -- Build files have been written to: /workspace/unitree_go2_hoehlenforscher/build/go2_msgs
[2.238s] Invoked command in '/workspace/unitree_go2_hoehlenforscher/build/go2_msgs' returned '0': CMAKE_PREFIX_PATH=${CMAKE_PREFIX_PATH}:/workspace/unitree_go2_hoehlenforscher/install/go2_my_nodes_py:/opt/ros/humble /usr/bin/cmake /workspace/unitree_go2_hoehlenforscher/src/go2_msgs -DAMENT_CMAKE_SYMLINK_INSTALL=1 -DCMAKE_INSTALL_PREFIX=/workspace/unitree_go2_hoehlenforscher/install/go2_msgs
[2.238s] Invoking command in '/workspace/unitree_go2_hoehlenforscher/build/go2_msgs': CMAKE_PREFIX_PATH=${CMAKE_PREFIX_PATH}:/workspace/unitree_go2_hoehlenforscher/install/go2_my_nodes_py:/opt/ros/humble /usr/bin/cmake --build /workspace/unitree_go2_hoehlenforscher/build/go2_msgs -- -j16 -l16
[2.308s] [  2%] [34m[1mGenerating C code for ROS interfaces[0m
[2.327s] [  5%] [34m[1mGenerating C++ code for ROS interfaces[0m
[2.348s] [  5%] Built target ament_cmake_python_symlink_go2_msgs
[2.639s] running egg_info
[2.640s] writing go2_msgs.egg-info/PKG-INFO
[2.640s] writing dependency_links to go2_msgs.egg-info/dependency_links.txt
[2.641s] writing top-level names to go2_msgs.egg-info/top_level.txt
[2.643s] reading manifest file 'go2_msgs.egg-info/SOURCES.txt'
[2.645s] writing manifest file 'go2_msgs.egg-info/SOURCES.txt'
[2.681s] [  5%] Built target ament_cmake_python_build_go2_msgs_egg
[2.931s] [35m[1mConsolidate compiler generated dependencies of target go2_msgs__rosidl_generator_c[0m
[2.959s] [  7%] [32mBuilding C object CMakeFiles/go2_msgs__rosidl_generator_c.dir/rosidl_generator_c/go2_msgs/msg/detail/entrance__functions.c.o[0m
[2.960s] [ 10%] [32mBuilding C object CMakeFiles/go2_msgs__rosidl_generator_c.dir/rosidl_generator_c/go2_msgs/action/detail/height_adjustment__functions.c.o[0m
[2.962s] [ 10%] Built target go2_msgs__cpp
[2.978s] [ 12%] [34m[1mGenerating C++ type support dispatch for ROS interfaces[0m
[2.979s] [ 15%] [34m[1mGenerating C++ type support for eProsima Fast-RTPS[0m
[2.982s] [ 17%] [34m[1mGenerating C++ introspection for ROS interfaces[0m
[3.137s] [ 20%] [32m[1mLinking C shared library libgo2_msgs__rosidl_generator_c.so[0m
[3.208s] [ 20%] Built target go2_msgs__rosidl_generator_c
[3.224s] [ 23%] [34m[1mGenerating C type support for eProsima Fast-RTPS[0m
[3.227s] [ 25%] [34m[1mGenerating C introspection for ROS interfaces[0m
[3.229s] [ 28%] [34m[1mGenerating C type support dispatch for ROS interfaces[0m
[3.367s] [35m[1mConsolidate compiler generated dependencies of target go2_msgs__rosidl_typesupport_cpp[0m
[3.385s] [ 30%] [32mBuilding CXX object CMakeFiles/go2_msgs__rosidl_typesupport_cpp.dir/rosidl_typesupport_cpp/go2_msgs/msg/entrance__type_support.cpp.o[0m
[3.396s] [ 33%] [32mBuilding CXX object CMakeFiles/go2_msgs__rosidl_typesupport_cpp.dir/rosidl_typesupport_cpp/go2_msgs/action/height_adjustment__type_support.cpp.o[0m
[3.457s] [35m[1mConsolidate compiler generated dependencies of target go2_msgs__rosidl_typesupport_introspection_cpp[0m
[3.474s] [ 35%] [32mBuilding CXX object CMakeFiles/go2_msgs__rosidl_typesupport_introspection_cpp.dir/rosidl_typesupport_introspection_cpp/go2_msgs/msg/detail/entrance__type_support.cpp.o[0m
[3.477s] [ 38%] [32mBuilding CXX object CMakeFiles/go2_msgs__rosidl_typesupport_introspection_cpp.dir/rosidl_typesupport_introspection_cpp/go2_msgs/action/detail/height_adjustment__type_support.cpp.o[0m
[3.499s] [35m[1mConsolidate compiler generated dependencies of target go2_msgs__rosidl_typesupport_fastrtps_cpp[0m
[3.520s] [ 41%] [32mBuilding CXX object CMakeFiles/go2_msgs__rosidl_typesupport_fastrtps_cpp.dir/rosidl_typesupport_fastrtps_cpp/go2_msgs/action/detail/dds_fastrtps/height_adjustment__type_support.cpp.o[0m
[3.525s] [ 43%] [32mBuilding CXX object CMakeFiles/go2_msgs__rosidl_typesupport_fastrtps_cpp.dir/rosidl_typesupport_fastrtps_cpp/go2_msgs/msg/detail/dds_fastrtps/entrance__type_support.cpp.o[0m
[3.648s] [35m[1mConsolidate compiler generated dependencies of target go2_msgs__rosidl_typesupport_c[0m
[3.660s] [ 46%] [32mBuilding CXX object CMakeFiles/go2_msgs__rosidl_typesupport_c.dir/rosidl_typesupport_c/go2_msgs/msg/entrance__type_support.cpp.o[0m
[3.662s] [ 48%] [32mBuilding CXX object CMakeFiles/go2_msgs__rosidl_typesupport_c.dir/rosidl_typesupport_c/go2_msgs/action/height_adjustment__type_support.cpp.o[0m
[3.712s] [35m[1mConsolidate compiler generated dependencies of target go2_msgs__rosidl_typesupport_introspection_c[0m
[3.725s] [ 51%] [32mBuilding C object CMakeFiles/go2_msgs__rosidl_typesupport_introspection_c.dir/rosidl_typesupport_introspection_c/go2_msgs/action/detail/height_adjustment__type_support.c.o[0m
[3.726s] [ 53%] [32mBuilding C object CMakeFiles/go2_msgs__rosidl_typesupport_introspection_c.dir/rosidl_typesupport_introspection_c/go2_msgs/msg/detail/entrance__type_support.c.o[0m
[3.730s] [ 56%] [32m[1mLinking CXX shared library libgo2_msgs__rosidl_typesupport_c.so[0m
[3.798s] [ 58%] [32m[1mLinking C shared library libgo2_msgs__rosidl_typesupport_introspection_c.so[0m
[3.807s] [35m[1mConsolidate compiler generated dependencies of target go2_msgs__rosidl_typesupport_fastrtps_c[0m
[3.818s] [ 64%] [32mBuilding CXX object CMakeFiles/go2_msgs__rosidl_typesupport_fastrtps_c.dir/rosidl_typesupport_fastrtps_c/go2_msgs/msg/detail/entrance__type_support_c.cpp.o[0m
[3.818s] [ 64%] [32mBuilding CXX object CMakeFiles/go2_msgs__rosidl_typesupport_fastrtps_c.dir/rosidl_typesupport_fastrtps_c/go2_msgs/action/detail/height_adjustment__type_support_c.cpp.o[0m
[3.834s] [ 64%] Built target go2_msgs__rosidl_typesupport_c
[3.859s] [ 64%] Built target go2_msgs__rosidl_typesupport_introspection_c
[3.930s] [ 66%] [32m[1mLinking CXX shared library libgo2_msgs__rosidl_typesupport_cpp.so[0m
[4.078s] [ 66%] Built target go2_msgs__rosidl_typesupport_cpp
[4.101s] [ 69%] [32m[1mLinking CXX shared library libgo2_msgs__rosidl_typesupport_introspection_cpp.so[0m
[4.129s] [ 71%] [32m[1mLinking CXX shared library libgo2_msgs__rosidl_typesupport_fastrtps_cpp.so[0m
[4.216s] [ 71%] Built target go2_msgs__rosidl_typesupport_introspection_cpp
[4.217s] [ 74%] [32m[1mLinking CXX shared library libgo2_msgs__rosidl_typesupport_fastrtps_c.so[0m
[4.283s] [ 74%] Built target go2_msgs__rosidl_typesupport_fastrtps_cpp
[4.374s] [ 74%] Built target go2_msgs__rosidl_typesupport_fastrtps_c
[4.412s] [ 74%] Built target go2_msgs
[4.457s] [ 76%] [34m[1mGenerating Python code for ROS interfaces[0m
[5.596s] [ 76%] Built target go2_msgs__py
[5.615s] [35m[1mConsolidate compiler generated dependencies of target go2_msgs__rosidl_generator_py[0m
[5.643s] [ 79%] [32mBuilding C object CMakeFiles/go2_msgs__rosidl_generator_py.dir/rosidl_generator_py/go2_msgs/msg/_entrance_s.c.o[0m
[5.647s] [ 82%] [32mBuilding C object CMakeFiles/go2_msgs__rosidl_generator_py.dir/rosidl_generator_py/go2_msgs/action/_height_adjustment_s.c.o[0m
[5.899s] [ 84%] [32m[1mLinking C shared library rosidl_generator_py/go2_msgs/libgo2_msgs__rosidl_generator_py.so[0m
[6.025s] [ 84%] Built target go2_msgs__rosidl_generator_py
[6.048s] [35m[1mConsolidate compiler generated dependencies of target go2_msgs__rosidl_typesupport_fastrtps_c__pyext[0m
[6.049s] [35m[1mConsolidate compiler generated dependencies of target go2_msgs__rosidl_typesupport_c__pyext[0m
[6.051s] [35m[1mConsolidate compiler generated dependencies of target go2_msgs__rosidl_typesupport_introspection_c__pyext[0m
[6.083s] [ 89%] [32mBuilding C object CMakeFiles/go2_msgs__rosidl_typesupport_fastrtps_c__pyext.dir/rosidl_generator_py/go2_msgs/_go2_msgs_s.ep.rosidl_typesupport_fastrtps_c.c.o[0m
[6.083s] [ 92%] [32mBuilding C object CMakeFiles/go2_msgs__rosidl_typesupport_introspection_c__pyext.dir/rosidl_generator_py/go2_msgs/_go2_msgs_s.ep.rosidl_typesupport_introspection_c.c.o[0m
[6.083s] [ 92%] [32mBuilding C object CMakeFiles/go2_msgs__rosidl_typesupport_c__pyext.dir/rosidl_generator_py/go2_msgs/_go2_msgs_s.ep.rosidl_typesupport_c.c.o[0m
[6.218s] [ 97%] [32m[1mLinking C shared library rosidl_generator_py/go2_msgs/go2_msgs_s__rosidl_typesupport_introspection_c.cpython-310-x86_64-linux-gnu.so[0m
[6.218s] [ 97%] [32m[1mLinking C shared library rosidl_generator_py/go2_msgs/go2_msgs_s__rosidl_typesupport_c.cpython-310-x86_64-linux-gnu.so[0m
[6.264s] [100%] [32m[1mLinking C shared library rosidl_generator_py/go2_msgs/go2_msgs_s__rosidl_typesupport_fastrtps_c.cpython-310-x86_64-linux-gnu.so[0m
[6.322s] [100%] Built target go2_msgs__rosidl_typesupport_introspection_c__pyext
[6.322s] [100%] Built target go2_msgs__rosidl_typesupport_c__pyext
[6.387s] [100%] Built target go2_msgs__rosidl_typesupport_fastrtps_c__pyext
[6.410s] Invoked command in '/workspace/unitree_go2_hoehlenforscher/build/go2_msgs' returned '0': CMAKE_PREFIX_PATH=${CMAKE_PREFIX_PATH}:/workspace/unitree_go2_hoehlenforscher/install/go2_my_nodes_py:/opt/ros/humble /usr/bin/cmake --build /workspace/unitree_go2_hoehlenforscher/build/go2_msgs -- -j16 -l16
[6.431s] Invoking command in '/workspace/unitree_go2_hoehlenforscher/build/go2_msgs': CMAKE_PREFIX_PATH=${CMAKE_PREFIX_PATH}:/workspace/unitree_go2_hoehlenforscher/install/go2_my_nodes_py:/opt/ros/humble /usr/bin/cmake --install /workspace/unitree_go2_hoehlenforscher/build/go2_msgs
[6.447s] -- Install configuration: ""
[6.448s] -- Execute custom install script
[6.448s] -- Up-to-date symlink: /workspace/unitree_go2_hoehlenforscher/install/go2_msgs/share/ament_index/resource_index/rosidl_interfaces/go2_msgs
[6.450s] -- Symlinking: /workspace/unitree_go2_hoehlenforscher/install/go2_msgs/include/go2_msgs/go2_msgs/action/detail/height_adjustment__functions.h
[6.469s] -- Symlinking: /workspace/unitree_go2_hoehlenforscher/install/go2_msgs/include/go2_msgs/go2_msgs/action/detail/height_adjustment__struct.h
[6.485s] -- Symlinking: /workspace/unitree_go2_hoehlenforscher/install/go2_msgs/include/go2_msgs/go2_msgs/action/detail/height_adjustment__type_support.h
[6.504s] -- Symlinking: /workspace/unitree_go2_hoehlenforscher/install/go2_msgs/include/go2_msgs/go2_msgs/action/height_adjustment.h
[6.521s] -- Up-to-date symlink: /workspace/unitree_go2_hoehlenforscher/install/go2_msgs/include/go2_msgs/go2_msgs/msg/detail/entrance__functions.h
[6.522s] -- Up-to-date symlink: /workspace/unitree_go2_hoehlenforscher/install/go2_msgs/include/go2_msgs/go2_msgs/msg/detail/entrance__struct.h
[6.522s] -- Up-to-date symlink: /workspace/unitree_go2_hoehlenforscher/install/go2_msgs/include/go2_msgs/go2_msgs/msg/detail/entrance__type_support.h
[6.522s] -- Up-to-date symlink: /workspace/unitree_go2_hoehlenforscher/install/go2_msgs/include/go2_msgs/go2_msgs/msg/entrance.h
[6.523s] -- Up-to-date symlink: /workspace/unitree_go2_hoehlenforscher/install/go2_msgs/include/go2_msgs/go2_msgs/msg/rosidl_generator_c__visibility_control.h
[6.523s] -- Up-to-date symlink: /workspace/unitree_go2_hoehlenforscher/install/go2_msgs/share/go2_msgs/environment/library_path.sh
[6.523s] -- Up-to-date symlink: /workspace/unitree_go2_hoehlenforscher/install/go2_msgs/share/go2_msgs/environment/library_path.dsv
[6.524s] -- Symlinking: /workspace/unitree_go2_hoehlenforscher/install/go2_msgs/include/go2_msgs/go2_msgs/action/detail/height_adjustment__rosidl_typesupport_fastrtps_c.h
[6.541s] -- Up-to-date symlink: /workspace/unitree_go2_hoehlenforscher/install/go2_msgs/include/go2_msgs/go2_msgs/msg/detail/entrance__rosidl_typesupport_fastrtps_c.h
[6.542s] -- Up-to-date symlink: /workspace/unitree_go2_hoehlenforscher/install/go2_msgs/include/go2_msgs/go2_msgs/msg/rosidl_typesupport_fastrtps_c__visibility_control.h
[6.542s] -- Symlinking: /workspace/unitree_go2_hoehlenforscher/install/go2_msgs/include/go2_msgs/go2_msgs/action/detail/height_adjustment__rosidl_typesupport_introspection_c.h
[6.564s] -- Up-to-date symlink: /workspace/unitree_go2_hoehlenforscher/install/go2_msgs/include/go2_msgs/go2_msgs/msg/detail/entrance__rosidl_typesupport_introspection_c.h
[6.564s] -- Up-to-date symlink: /workspace/unitree_go2_hoehlenforscher/install/go2_msgs/include/go2_msgs/go2_msgs/msg/rosidl_typesupport_introspection_c__visibility_control.h
[6.566s] -- Symlinking: /workspace/unitree_go2_hoehlenforscher/install/go2_msgs/include/go2_msgs/go2_msgs/action/detail/height_adjustment__builder.hpp
[6.583s] -- Symlinking: /workspace/unitree_go2_hoehlenforscher/install/go2_msgs/include/go2_msgs/go2_msgs/action/detail/height_adjustment__struct.hpp
[6.597s] -- Symlinking: /workspace/unitree_go2_hoehlenforscher/install/go2_msgs/include/go2_msgs/go2_msgs/action/detail/height_adjustment__traits.hpp
[6.608s] -- Symlinking: /workspace/unitree_go2_hoehlenforscher/install/go2_msgs/include/go2_msgs/go2_msgs/action/detail/height_adjustment__type_support.hpp
[6.621s] -- Symlinking: /workspace/unitree_go2_hoehlenforscher/install/go2_msgs/include/go2_msgs/go2_msgs/action/height_adjustment.hpp
[6.636s] -- Up-to-date symlink: /workspace/unitree_go2_hoehlenforscher/install/go2_msgs/include/go2_msgs/go2_msgs/msg/detail/entrance__builder.hpp
[6.637s] -- Up-to-date symlink: /workspace/unitree_go2_hoehlenforscher/install/go2_msgs/include/go2_msgs/go2_msgs/msg/detail/entrance__struct.hpp
[6.637s] -- Up-to-date symlink: /workspace/unitree_go2_hoehlenforscher/install/go2_msgs/include/go2_msgs/go2_msgs/msg/detail/entrance__traits.hpp
[6.638s] -- Up-to-date symlink: /workspace/unitree_go2_hoehlenforscher/install/go2_msgs/include/go2_msgs/go2_msgs/msg/detail/entrance__type_support.hpp
[6.638s] -- Up-to-date symlink: /workspace/unitree_go2_hoehlenforscher/install/go2_msgs/include/go2_msgs/go2_msgs/msg/entrance.hpp
[6.638s] -- Up-to-date symlink: /workspace/unitree_go2_hoehlenforscher/install/go2_msgs/include/go2_msgs/go2_msgs/msg/rosidl_generator_cpp__visibility_control.hpp
[6.639s] -- Symlinking: /workspace/unitree_go2_hoehlenforscher/install/go2_msgs/include/go2_msgs/go2_msgs/action/detail/height_adjustment__rosidl_typesupport_fastrtps_cpp.hpp
[6.659s] -- Up-to-date symlink: /workspace/unitree_go2_hoehlenforscher/install/go2_msgs/include/go2_msgs/go2_msgs/msg/detail/entrance__rosidl_typesupport_fastrtps_cpp.hpp
[6.660s] -- Up-to-date symlink: /workspace/unitree_go2_hoehlenforscher/install/go2_msgs/include/go2_msgs/go2_msgs/msg/rosidl_typesupport_fastrtps_cpp__visibility_control.h
[6.661s] -- Symlinking: /workspace/unitree_go2_hoehlenforscher/install/go2_msgs/include/go2_msgs/go2_msgs/action/detail/height_adjustment__rosidl_typesupport_introspection_cpp.hpp
[6.679s] -- Up-to-date symlink: /workspace/unitree_go2_hoehlenforscher/install/go2_msgs/include/go2_msgs/go2_msgs/msg/detail/entrance__rosidl_typesupport_introspection_cpp.hpp
[6.680s] -- Up-to-date symlink: /workspace/unitree_go2_hoehlenforscher/install/go2_msgs/share/go2_msgs/environment/pythonpath.sh
[6.680s] -- Up-to-date symlink: /workspace/unitree_go2_hoehlenforscher/install/go2_msgs/share/go2_msgs/environment/pythonpath.dsv
[6.681s] -- Up-to-date symlink: /workspace/unitree_go2_hoehlenforscher/install/go2_msgs/local/lib/python3.10/dist-packages/go2_msgs-0.0.1-py3.10.egg-info/PKG-INFO
[6.681s] -- Up-to-date symlink: /workspace/unitree_go2_hoehlenforscher/install/go2_msgs/local/lib/python3.10/dist-packages/go2_msgs-0.0.1-py3.10.egg-info/SOURCES.txt
[6.681s] -- Up-to-date symlink: /workspace/unitree_go2_hoehlenforscher/install/go2_msgs/local/lib/python3.10/dist-packages/go2_msgs-0.0.1-py3.10.egg-info/dependency_links.txt
[6.681s] -- Up-to-date symlink: /workspace/unitree_go2_hoehlenforscher/install/go2_msgs/local/lib/python3.10/dist-packages/go2_msgs-0.0.1-py3.10.egg-info/top_level.txt
[6.682s] -- Up-to-date symlink: /workspace/unitree_go2_hoehlenforscher/install/go2_msgs/local/lib/python3.10/dist-packages/go2_msgs/__init__.py
[6.683s] -- Up-to-date symlink: /workspace/unitree_go2_hoehlenforscher/install/go2_msgs/local/lib/python3.10/dist-packages/go2_msgs/_go2_msgs_s.ep.rosidl_typesupport_c.c
[6.683s] -- Up-to-date symlink: /workspace/unitree_go2_hoehlenforscher/install/go2_msgs/local/lib/python3.10/dist-packages/go2_msgs/_go2_msgs_s.ep.rosidl_typesupport_fastrtps_c.c
[6.683s] -- Up-to-date symlink: /workspace/unitree_go2_hoehlenforscher/install/go2_msgs/local/lib/python3.10/dist-packages/go2_msgs/_go2_msgs_s.ep.rosidl_typesupport_introspection_c.c
[6.683s] -- Symlinking: /workspace/unitree_go2_hoehlenforscher/install/go2_msgs/local/lib/python3.10/dist-packages/go2_msgs/action/__init__.py
[6.701s] -- Symlinking: /workspace/unitree_go2_hoehlenforscher/install/go2_msgs/local/lib/python3.10/dist-packages/go2_msgs/action/_height_adjustment.py
[6.719s] -- Symlinking: /workspace/unitree_go2_hoehlenforscher/install/go2_msgs/local/lib/python3.10/dist-packages/go2_msgs/action/_height_adjustment_s.c
[6.736s] -- Up-to-date symlink: /workspace/unitree_go2_hoehlenforscher/install/go2_msgs/local/lib/python3.10/dist-packages/go2_msgs/go2_msgs_s__rosidl_typesupport_c.cpython-310-x86_64-linux-gnu.so
[6.736s] -- Up-to-date symlink: /workspace/unitree_go2_hoehlenforscher/install/go2_msgs/local/lib/python3.10/dist-packages/go2_msgs/go2_msgs_s__rosidl_typesupport_fastrtps_c.cpython-310-x86_64-linux-gnu.so
[6.737s] -- Up-to-date symlink: /workspace/unitree_go2_hoehlenforscher/install/go2_msgs/local/lib/python3.10/dist-packages/go2_msgs/go2_msgs_s__rosidl_typesupport_introspection_c.cpython-310-x86_64-linux-gnu.so
[6.737s] -- Up-to-date symlink: /workspace/unitree_go2_hoehlenforscher/install/go2_msgs/local/lib/python3.10/dist-packages/go2_msgs/libgo2_msgs__rosidl_generator_py.so
[6.737s] -- Up-to-date symlink: /workspace/unitree_go2_hoehlenforscher/install/go2_msgs/local/lib/python3.10/dist-packages/go2_msgs/msg/__init__.py
[6.737s] -- Up-to-date symlink: /workspace/unitree_go2_hoehlenforscher/install/go2_msgs/local/lib/python3.10/dist-packages/go2_msgs/msg/_entrance.py
[6.738s] -- Up-to-date symlink: /workspace/unitree_go2_hoehlenforscher/install/go2_msgs/local/lib/python3.10/dist-packages/go2_msgs/msg/_entrance_s.c
[6.738s] -- Up-to-date symlink: /workspace/unitree_go2_hoehlenforscher/install/go2_msgs/local/lib/python3.10/dist-packages/go2_msgs/go2_msgs_s__rosidl_typesupport_fastrtps_c.cpython-310-x86_64-linux-gnu.so
[6.739s] -- Up-to-date symlink: /workspace/unitree_go2_hoehlenforscher/install/go2_msgs/local/lib/python3.10/dist-packages/go2_msgs/go2_msgs_s__rosidl_typesupport_introspection_c.cpython-310-x86_64-linux-gnu.so
[6.740s] -- Up-to-date symlink: /workspace/unitree_go2_hoehlenforscher/install/go2_msgs/local/lib/python3.10/dist-packages/go2_msgs/go2_msgs_s__rosidl_typesupport_c.cpython-310-x86_64-linux-gnu.so
[6.740s] -- Up-to-date symlink: /workspace/unitree_go2_hoehlenforscher/install/go2_msgs/share/go2_msgs/msg/Entrance.idl
[6.741s] -- Symlinking: /workspace/unitree_go2_hoehlenforscher/install/go2_msgs/share/go2_msgs/action/HeightAdjustment.idl
[6.762s] -- Up-to-date symlink: /workspace/unitree_go2_hoehlenforscher/install/go2_msgs/share/go2_msgs/msg/Entrance.msg
[6.763s] -- Symlinking: /workspace/unitree_go2_hoehlenforscher/install/go2_msgs/share/go2_msgs/action/HeightAdjustment.action
[6.783s] -- Up-to-date symlink: /workspace/unitree_go2_hoehlenforscher/install/go2_msgs/share/ament_index/resource_index/package_run_dependencies/go2_msgs
[6.783s] -- Up-to-date symlink: /workspace/unitree_go2_hoehlenforscher/install/go2_msgs/share/ament_index/resource_index/parent_prefix_path/go2_msgs
[6.784s] -- Up-to-date symlink: /workspace/unitree_go2_hoehlenforscher/install/go2_msgs/share/go2_msgs/environment/ament_prefix_path.sh
[6.784s] -- Up-to-date symlink: /workspace/unitree_go2_hoehlenforscher/install/go2_msgs/share/go2_msgs/environment/ament_prefix_path.dsv
[6.784s] -- Up-to-date symlink: /workspace/unitree_go2_hoehlenforscher/install/go2_msgs/share/go2_msgs/environment/path.sh
[6.785s] -- Up-to-date symlink: /workspace/unitree_go2_hoehlenforscher/install/go2_msgs/share/go2_msgs/environment/path.dsv
[6.785s] -- Up-to-date symlink: /workspace/unitree_go2_hoehlenforscher/install/go2_msgs/share/go2_msgs/local_setup.bash
[6.785s] -- Up-to-date symlink: /workspace/unitree_go2_hoehlenforscher/install/go2_msgs/share/go2_msgs/local_setup.sh
[6.785s] -- Up-to-date symlink: /workspace/unitree_go2_hoehlenforscher/install/go2_msgs/share/go2_msgs/local_setup.zsh
[6.785s] -- Up-to-date symlink: /workspace/unitree_go2_hoehlenforscher/install/go2_msgs/share/go2_msgs/local_setup.dsv
[6.786s] -- Symlinking: /workspace/unitree_go2_hoehlenforscher/install/go2_msgs/share/go2_msgs/package.dsv
[6.806s] -- Up-to-date symlink: /workspace/unitree_go2_hoehlenforscher/install/go2_msgs/share/ament_index/resource_index/packages/go2_msgs
[6.807s] -- Up-to-date symlink: /workspace/unitree_go2_hoehlenforscher/install/go2_msgs/share/go2_msgs/cmake/rosidl_cmake-extras.cmake
[6.807s] -- Up-to-date symlink: /workspace/unitree_go2_hoehlenforscher/install/go2_msgs/share/go2_msgs/cmake/ament_cmake_export_dependencies-extras.cmake
[6.807s] -- Up-to-date symlink: /workspace/unitree_go2_hoehlenforscher/install/go2_msgs/share/go2_msgs/cmake/ament_cmake_export_include_directories-extras.cmake
[6.808s] -- Up-to-date symlink: /workspace/unitree_go2_hoehlenforscher/install/go2_msgs/share/go2_msgs/cmake/ament_cmake_export_libraries-extras.cmake
[6.808s] -- Up-to-date symlink: /workspace/unitree_go2_hoehlenforscher/install/go2_msgs/share/go2_msgs/cmake/ament_cmake_export_targets-extras.cmake
[6.808s] -- Up-to-date symlink: /workspace/unitree_go2_hoehlenforscher/install/go2_msgs/share/go2_msgs/cmake/rosidl_cmake_export_typesupport_targets-extras.cmake
[6.809s] -- Up-to-date symlink: /workspace/unitree_go2_hoehlenforscher/install/go2_msgs/share/go2_msgs/cmake/rosidl_cmake_export_typesupport_libraries-extras.cmake
[6.809s] -- Up-to-date symlink: /workspace/unitree_go2_hoehlenforscher/install/go2_msgs/share/go2_msgs/cmake/go2_msgsConfig.cmake
[6.809s] -- Up-to-date symlink: /workspace/unitree_go2_hoehlenforscher/install/go2_msgs/share/go2_msgs/cmake/go2_msgsConfig-version.cmake
[6.810s] -- Up-to-date symlink: /workspace/unitree_go2_hoehlenforscher/install/go2_msgs/share/go2_msgs/package.xml
[6.810s] -- Installing: /workspace/unitree_go2_hoehlenforscher/install/go2_msgs/lib/libgo2_msgs__rosidl_generator_c.so
[6.811s] -- Set runtime path of "/workspace/unitree_go2_hoehlenforscher/install/go2_msgs/lib/libgo2_msgs__rosidl_generator_c.so" to ""
[6.812s] -- Installing: /workspace/unitree_go2_hoehlenforscher/install/go2_msgs/lib/libgo2_msgs__rosidl_typesupport_fastrtps_c.so
[6.813s] -- Set runtime path of "/workspace/unitree_go2_hoehlenforscher/install/go2_msgs/lib/libgo2_msgs__rosidl_typesupport_fastrtps_c.so" to ""
[6.813s] -- Installing: /workspace/unitree_go2_hoehlenforscher/install/go2_msgs/lib/libgo2_msgs__rosidl_typesupport_introspection_c.so
[6.814s] -- Set runtime path of "/workspace/unitree_go2_hoehlenforscher/install/go2_msgs/lib/libgo2_msgs__rosidl_typesupport_introspection_c.so" to ""
[6.815s] -- Installing: /workspace/unitree_go2_hoehlenforscher/install/go2_msgs/lib/libgo2_msgs__rosidl_typesupport_c.so
[6.816s] -- Set runtime path of "/workspace/unitree_go2_hoehlenforscher/install/go2_msgs/lib/libgo2_msgs__rosidl_typesupport_c.so" to ""
[6.816s] -- Installing: /workspace/unitree_go2_hoehlenforscher/install/go2_msgs/lib/libgo2_msgs__rosidl_typesupport_fastrtps_cpp.so
[6.818s] -- Set runtime path of "/workspace/unitree_go2_hoehlenforscher/install/go2_msgs/lib/libgo2_msgs__rosidl_typesupport_fastrtps_cpp.so" to ""
[6.818s] -- Installing: /workspace/unitree_go2_hoehlenforscher/install/go2_msgs/lib/libgo2_msgs__rosidl_typesupport_introspection_cpp.so
[6.819s] -- Set runtime path of "/workspace/unitree_go2_hoehlenforscher/install/go2_msgs/lib/libgo2_msgs__rosidl_typesupport_introspection_cpp.so" to ""
[6.820s] -- Installing: /workspace/unitree_go2_hoehlenforscher/install/go2_msgs/lib/libgo2_msgs__rosidl_typesupport_cpp.so
[6.821s] -- Set runtime path of "/workspace/unitree_go2_hoehlenforscher/install/go2_msgs/lib/libgo2_msgs__rosidl_typesupport_cpp.so" to ""
[6.920s] Listing '/workspace/unitree_go2_hoehlenforscher/install/go2_msgs/local/lib/python3.10/dist-packages/go2_msgs'...
[6.920s] Compiling '/workspace/unitree_go2_hoehlenforscher/install/go2_msgs/local/lib/python3.10/dist-packages/go2_msgs/__init__.py'...
[6.920s] Listing '/workspace/unitree_go2_hoehlenforscher/install/go2_msgs/local/lib/python3.10/dist-packages/go2_msgs/action'...
[6.921s] Compiling '/workspace/unitree_go2_hoehlenforscher/install/go2_msgs/local/lib/python3.10/dist-packages/go2_msgs/action/__init__.py'...
[6.921s] Compiling '/workspace/unitree_go2_hoehlenforscher/install/go2_msgs/local/lib/python3.10/dist-packages/go2_msgs/action/_height_adjustment.py'...
[6.921s] Listing '/workspace/unitree_go2_hoehlenforscher/install/go2_msgs/local/lib/python3.10/dist-packages/go2_msgs/msg'...
[6.921s] Compiling '/workspace/unitree_go2_hoehlenforscher/install/go2_msgs/local/lib/python3.10/dist-packages/go2_msgs/msg/__init__.py'...
[6.921s] Compiling '/workspace/unitree_go2_hoehlenforscher/install/go2_msgs/local/lib/python3.10/dist-packages/go2_msgs/msg/_entrance.py'...
[6.931s] -- Installing: /workspace/unitree_go2_hoehlenforscher/install/go2_msgs/lib/libgo2_msgs__rosidl_generator_py.so
[6.932s] -- Set runtime path of "/workspace/unitree_go2_hoehlenforscher/install/go2_msgs/lib/libgo2_msgs__rosidl_generator_py.so" to ""
[6.932s] -- Up-to-date: /workspace/unitree_go2_hoehlenforscher/install/go2_msgs/share/go2_msgs/cmake/export_go2_msgs__rosidl_generator_cExport.cmake
[6.932s] -- Up-to-date: /workspace/unitree_go2_hoehlenforscher/install/go2_msgs/share/go2_msgs/cmake/export_go2_msgs__rosidl_generator_cExport-noconfig.cmake
[6.933s] -- Up-to-date: /workspace/unitree_go2_hoehlenforscher/install/go2_msgs/share/go2_msgs/cmake/export_go2_msgs__rosidl_typesupport_fastrtps_cExport.cmake
[6.933s] -- Up-to-date: /workspace/unitree_go2_hoehlenforscher/install/go2_msgs/share/go2_msgs/cmake/export_go2_msgs__rosidl_typesupport_fastrtps_cExport-noconfig.cmake
[6.933s] -- Up-to-date: /workspace/unitree_go2_hoehlenforscher/install/go2_msgs/share/go2_msgs/cmake/go2_msgs__rosidl_typesupport_introspection_cExport.cmake
[6.933s] -- Up-to-date: /workspace/unitree_go2_hoehlenforscher/install/go2_msgs/share/go2_msgs/cmake/go2_msgs__rosidl_typesupport_introspection_cExport-noconfig.cmake
[6.934s] -- Up-to-date: /workspace/unitree_go2_hoehlenforscher/install/go2_msgs/share/go2_msgs/cmake/go2_msgs__rosidl_typesupport_cExport.cmake
[6.934s] -- Up-to-date: /workspace/unitree_go2_hoehlenforscher/install/go2_msgs/share/go2_msgs/cmake/go2_msgs__rosidl_typesupport_cExport-noconfig.cmake
[6.934s] -- Up-to-date: /workspace/unitree_go2_hoehlenforscher/install/go2_msgs/share/go2_msgs/cmake/export_go2_msgs__rosidl_generator_cppExport.cmake
[6.934s] -- Up-to-date: /workspace/unitree_go2_hoehlenforscher/install/go2_msgs/share/go2_msgs/cmake/export_go2_msgs__rosidl_typesupport_fastrtps_cppExport.cmake
[6.934s] -- Up-to-date: /workspace/unitree_go2_hoehlenforscher/install/go2_msgs/share/go2_msgs/cmake/export_go2_msgs__rosidl_typesupport_fastrtps_cppExport-noconfig.cmake
[6.934s] -- Up-to-date: /workspace/unitree_go2_hoehlenforscher/install/go2_msgs/share/go2_msgs/cmake/go2_msgs__rosidl_typesupport_introspection_cppExport.cmake
[6.934s] -- Up-to-date: /workspace/unitree_go2_hoehlenforscher/install/go2_msgs/share/go2_msgs/cmake/go2_msgs__rosidl_typesupport_introspection_cppExport-noconfig.cmake
[6.935s] -- Up-to-date: /workspace/unitree_go2_hoehlenforscher/install/go2_msgs/share/go2_msgs/cmake/go2_msgs__rosidl_typesupport_cppExport.cmake
[6.935s] -- Up-to-date: /workspace/unitree_go2_hoehlenforscher/install/go2_msgs/share/go2_msgs/cmake/go2_msgs__rosidl_typesupport_cppExport-noconfig.cmake
[6.935s] -- Up-to-date: /workspace/unitree_go2_hoehlenforscher/install/go2_msgs/share/go2_msgs/cmake/export_go2_msgs__rosidl_generator_pyExport.cmake
[6.935s] -- Up-to-date: /workspace/unitree_go2_hoehlenforscher/install/go2_msgs/share/go2_msgs/cmake/export_go2_msgs__rosidl_generator_pyExport-noconfig.cmake
[6.938s] Invoked command in '/workspace/unitree_go2_hoehlenforscher/build/go2_msgs' returned '0': CMAKE_PREFIX_PATH=${CMAKE_PREFIX_PATH}:/workspace/unitree_go2_hoehlenforscher/install/go2_my_nodes_py:/opt/ros/humble /usr/bin/cmake --install /workspace/unitree_go2_hoehlenforscher/build/go2_msgs
