running develop
running egg_info
writing go2_my_nodes_py.egg-info/PKG-INFO
writing dependency_links to go2_my_nodes_py.egg-info/dependency_links.txt
writing entry points to go2_my_nodes_py.egg-info/entry_points.txt
writing requirements to go2_my_nodes_py.egg-info/requires.txt
writing top-level names to go2_my_nodes_py.egg-info/top_level.txt
reading manifest file 'go2_my_nodes_py.egg-info/SOURCES.txt'
writing manifest file 'go2_my_nodes_py.egg-info/SOURCES.txt'
running build_ext
Creating /workspace/unitree_go2_hoehlenforscher/install/go2_my_nodes_py/lib/python3.10/site-packages/go2-my-nodes-py.egg-link (link to .)
Installing cloud_to_entrance_node script to /workspace/unitree_go2_hoehlenforscher/install/go2_my_nodes_py/lib/go2_my_nodes_py
Installing entrance_decision_node script to /workspace/unitree_go2_hoehlenforscher/install/go2_my_nodes_py/lib/go2_my_nodes_py
Installing hole_detection_convex_hull script to /workspace/unitree_go2_hoehlenforscher/install/go2_my_nodes_py/lib/go2_my_nodes_py
Installing hole_detection_normal_vector script to /workspace/unitree_go2_hoehlenforscher/install/go2_my_nodes_py/lib/go2_my_nodes_py
Installing hole_detection_voxel_grid script to /workspace/unitree_go2_hoehlenforscher/install/go2_my_nodes_py/lib/go2_my_nodes_py
Installing navigation_action_server_node script to /workspace/unitree_go2_hoehlenforscher/install/go2_my_nodes_py/lib/go2_my_nodes_py

Installed /workspace/unitree_go2_hoehlenforscher/build/go2_my_nodes_py
running symlink_data
error: can't copy '/workspace/unitree_go2_hoehlenforscher/build/go2_my_nodes_py/launch/hole_detection_all.launch.py': doesn't exist or not a regular file
