running develop
running egg_info
creating go2_my_nodes_py.egg-info
writing go2_my_nodes_py.egg-info/PKG-INFO
writing dependency_links to go2_my_nodes_py.egg-info/dependency_links.txt
writing entry points to go2_my_nodes_py.egg-info/entry_points.txt
writing requirements to go2_my_nodes_py.egg-info/requires.txt
writing top-level names to go2_my_nodes_py.egg-info/top_level.txt
writing manifest file 'go2_my_nodes_py.egg-info/SOURCES.txt'
reading manifest file 'go2_my_nodes_py.egg-info/SOURCES.txt'
writing manifest file 'go2_my_nodes_py.egg-info/SOURCES.txt'
running build_ext
Creating /workspace/unitree_go2_hoehlenforscher/install/go2_my_nodes_py/lib/python3.10/site-packages/go2-my-nodes-py.egg-link (link to .)

Installed /workspace/unitree_go2_hoehlenforscher/build/go2_my_nodes_py
running symlink_data
creating /workspace/unitree_go2_hoehlenforscher/install/go2_my_nodes_py/share/ament_index
creating /workspace/unitree_go2_hoehlenforscher/install/go2_my_nodes_py/share/ament_index/resource_index
creating /workspace/unitree_go2_hoehlenforscher/install/go2_my_nodes_py/share/ament_index/resource_index/packages
symbolically linking /workspace/unitree_go2_hoehlenforscher/build/go2_my_nodes_py/resource/go2_my_nodes_py -> /workspace/unitree_go2_hoehlenforscher/install/go2_my_nodes_py/share/ament_index/resource_index/packages
symbolically linking /workspace/unitree_go2_hoehlenforscher/build/go2_my_nodes_py/package.xml -> /workspace/unitree_go2_hoehlenforscher/install/go2_my_nodes_py/share/go2_my_nodes_py
