[0.021s] Invoking command in '/workspace/unitree_go2_hoehlenforscher/build/go2_msgs': CMAKE_PREFIX_PATH=${CMAKE_PREFIX_PATH}:/workspace/unitree_go2_hoehlenforscher/install/go2_my_nodes_py:/opt/ros/humble /usr/bin/cmake --build /workspace/unitree_go2_hoehlenforscher/build/go2_msgs -- -j16 -l16
[0.115s] [35m[1mConsolidate compiler generated dependencies of target go2_msgs__rosidl_generator_c[0m
[0.133s] [  2%] Built target go2_msgs__cpp
[0.140s] [ 12%] Built target go2_msgs__rosidl_generator_c
[0.161s] [35m[1mConsolidate compiler generated dependencies of target go2_msgs__rosidl_typesupport_cpp[0m
[0.166s] [ 12%] Built target ament_cmake_python_symlink_go2_msgs
[0.169s] [35m[1mConsolidate compiler generated dependencies of target go2_msgs__rosidl_typesupport_fastrtps_cpp[0m
[0.174s] [35m[1mConsolidate compiler generated dependencies of target go2_msgs__rosidl_typesupport_introspection_cpp[0m
[0.183s] [35m[1mConsolidate compiler generated dependencies of target go2_msgs__rosidl_typesupport_introspection_c[0m
[0.183s] [35m[1mConsolidate compiler generated dependencies of target go2_msgs__rosidl_typesupport_fastrtps_c[0m
[0.184s] [35m[1mConsolidate compiler generated dependencies of target go2_msgs__rosidl_typesupport_c[0m
[0.188s] [ 23%] Built target go2_msgs__rosidl_typesupport_cpp
[0.193s] [ 33%] Built target go2_msgs__rosidl_typesupport_fastrtps_cpp
[0.197s] [ 43%] Built target go2_msgs__rosidl_typesupport_introspection_cpp
[0.198s] [ 53%] Built target go2_msgs__rosidl_typesupport_introspection_c
[0.202s] [ 64%] Built target go2_msgs__rosidl_typesupport_c
[0.206s] [ 74%] Built target go2_msgs__rosidl_typesupport_fastrtps_c
[0.240s] [ 74%] Built target go2_msgs
[0.273s] [ 76%] Built target go2_msgs__py
[0.296s] [35m[1mConsolidate compiler generated dependencies of target go2_msgs__rosidl_generator_py[0m
[0.326s] [ 84%] Built target go2_msgs__rosidl_generator_py
[0.349s] [35m[1mConsolidate compiler generated dependencies of target go2_msgs__rosidl_typesupport_c__pyext[0m
[0.350s] [35m[1mConsolidate compiler generated dependencies of target go2_msgs__rosidl_typesupport_fastrtps_c__pyext[0m
[0.352s] [35m[1mConsolidate compiler generated dependencies of target go2_msgs__rosidl_typesupport_introspection_c__pyext[0m
[0.370s] [ 89%] Built target go2_msgs__rosidl_typesupport_fastrtps_c__pyext
[0.373s] [ 94%] Built target go2_msgs__rosidl_typesupport_c__pyext
[0.375s] [100%] Built target go2_msgs__rosidl_typesupport_introspection_c__pyext
[0.471s] running egg_info
[0.472s] writing go2_msgs.egg-info/PKG-INFO
[0.472s] writing dependency_links to go2_msgs.egg-info/dependency_links.txt
[0.472s] writing top-level names to go2_msgs.egg-info/top_level.txt
[0.474s] reading manifest file 'go2_msgs.egg-info/SOURCES.txt'
[0.475s] writing manifest file 'go2_msgs.egg-info/SOURCES.txt'
[0.511s] [100%] Built target ament_cmake_python_build_go2_msgs_egg
[0.533s] Invoked command in '/workspace/unitree_go2_hoehlenforscher/build/go2_msgs' returned '0': CMAKE_PREFIX_PATH=${CMAKE_PREFIX_PATH}:/workspace/unitree_go2_hoehlenforscher/install/go2_my_nodes_py:/opt/ros/humble /usr/bin/cmake --build /workspace/unitree_go2_hoehlenforscher/build/go2_msgs -- -j16 -l16
[0.554s] Invoking command in '/workspace/unitree_go2_hoehlenforscher/build/go2_msgs': CMAKE_PREFIX_PATH=${CMAKE_PREFIX_PATH}:/workspace/unitree_go2_hoehlenforscher/install/go2_my_nodes_py:/opt/ros/humble /usr/bin/cmake --install /workspace/unitree_go2_hoehlenforscher/build/go2_msgs
[0.571s] -- Install configuration: ""
[0.572s] -- Execute custom install script
[0.573s] -- Up-to-date symlink: /workspace/unitree_go2_hoehlenforscher/install/go2_msgs/share/ament_index/resource_index/rosidl_interfaces/go2_msgs
[0.574s] -- Up-to-date symlink: /workspace/unitree_go2_hoehlenforscher/install/go2_msgs/include/go2_msgs/go2_msgs/action/detail/height_adjustment__functions.h
[0.574s] -- Up-to-date symlink: /workspace/unitree_go2_hoehlenforscher/install/go2_msgs/include/go2_msgs/go2_msgs/action/detail/height_adjustment__struct.h
[0.575s] -- Up-to-date symlink: /workspace/unitree_go2_hoehlenforscher/install/go2_msgs/include/go2_msgs/go2_msgs/action/detail/height_adjustment__type_support.h
[0.575s] -- Up-to-date symlink: /workspace/unitree_go2_hoehlenforscher/install/go2_msgs/include/go2_msgs/go2_msgs/action/height_adjustment.h
[0.575s] -- Up-to-date symlink: /workspace/unitree_go2_hoehlenforscher/install/go2_msgs/include/go2_msgs/go2_msgs/msg/detail/entrance__functions.h
[0.576s] -- Up-to-date symlink: /workspace/unitree_go2_hoehlenforscher/install/go2_msgs/include/go2_msgs/go2_msgs/msg/detail/entrance__struct.h
[0.576s] -- Up-to-date symlink: /workspace/unitree_go2_hoehlenforscher/install/go2_msgs/include/go2_msgs/go2_msgs/msg/detail/entrance__type_support.h
[0.576s] -- Up-to-date symlink: /workspace/unitree_go2_hoehlenforscher/install/go2_msgs/include/go2_msgs/go2_msgs/msg/entrance.h
[0.577s] -- Up-to-date symlink: /workspace/unitree_go2_hoehlenforscher/install/go2_msgs/include/go2_msgs/go2_msgs/msg/rosidl_generator_c__visibility_control.h
[0.577s] -- Up-to-date symlink: /workspace/unitree_go2_hoehlenforscher/install/go2_msgs/share/go2_msgs/environment/library_path.sh
[0.577s] -- Up-to-date symlink: /workspace/unitree_go2_hoehlenforscher/install/go2_msgs/share/go2_msgs/environment/library_path.dsv
[0.579s] -- Up-to-date symlink: /workspace/unitree_go2_hoehlenforscher/install/go2_msgs/include/go2_msgs/go2_msgs/action/detail/height_adjustment__rosidl_typesupport_fastrtps_c.h
[0.579s] -- Up-to-date symlink: /workspace/unitree_go2_hoehlenforscher/install/go2_msgs/include/go2_msgs/go2_msgs/msg/detail/entrance__rosidl_typesupport_fastrtps_c.h
[0.580s] -- Up-to-date symlink: /workspace/unitree_go2_hoehlenforscher/install/go2_msgs/include/go2_msgs/go2_msgs/msg/rosidl_typesupport_fastrtps_c__visibility_control.h
[0.580s] -- Up-to-date symlink: /workspace/unitree_go2_hoehlenforscher/install/go2_msgs/include/go2_msgs/go2_msgs/action/detail/height_adjustment__rosidl_typesupport_introspection_c.h
[0.581s] -- Up-to-date symlink: /workspace/unitree_go2_hoehlenforscher/install/go2_msgs/include/go2_msgs/go2_msgs/msg/detail/entrance__rosidl_typesupport_introspection_c.h
[0.581s] -- Up-to-date symlink: /workspace/unitree_go2_hoehlenforscher/install/go2_msgs/include/go2_msgs/go2_msgs/msg/rosidl_typesupport_introspection_c__visibility_control.h
[0.582s] -- Up-to-date symlink: /workspace/unitree_go2_hoehlenforscher/install/go2_msgs/include/go2_msgs/go2_msgs/action/detail/height_adjustment__builder.hpp
[0.582s] -- Up-to-date symlink: /workspace/unitree_go2_hoehlenforscher/install/go2_msgs/include/go2_msgs/go2_msgs/action/detail/height_adjustment__struct.hpp
[0.582s] -- Up-to-date symlink: /workspace/unitree_go2_hoehlenforscher/install/go2_msgs/include/go2_msgs/go2_msgs/action/detail/height_adjustment__traits.hpp
[0.582s] -- Up-to-date symlink: /workspace/unitree_go2_hoehlenforscher/install/go2_msgs/include/go2_msgs/go2_msgs/action/detail/height_adjustment__type_support.hpp
[0.582s] -- Up-to-date symlink: /workspace/unitree_go2_hoehlenforscher/install/go2_msgs/include/go2_msgs/go2_msgs/action/height_adjustment.hpp
[0.583s] -- Up-to-date symlink: /workspace/unitree_go2_hoehlenforscher/install/go2_msgs/include/go2_msgs/go2_msgs/msg/detail/entrance__builder.hpp
[0.583s] -- Up-to-date symlink: /workspace/unitree_go2_hoehlenforscher/install/go2_msgs/include/go2_msgs/go2_msgs/msg/detail/entrance__struct.hpp
[0.583s] -- Up-to-date symlink: /workspace/unitree_go2_hoehlenforscher/install/go2_msgs/include/go2_msgs/go2_msgs/msg/detail/entrance__traits.hpp
[0.584s] -- Up-to-date symlink: /workspace/unitree_go2_hoehlenforscher/install/go2_msgs/include/go2_msgs/go2_msgs/msg/detail/entrance__type_support.hpp
[0.584s] -- Up-to-date symlink: /workspace/unitree_go2_hoehlenforscher/install/go2_msgs/include/go2_msgs/go2_msgs/msg/entrance.hpp
[0.584s] -- Up-to-date symlink: /workspace/unitree_go2_hoehlenforscher/install/go2_msgs/include/go2_msgs/go2_msgs/msg/rosidl_generator_cpp__visibility_control.hpp
[0.586s] -- Up-to-date symlink: /workspace/unitree_go2_hoehlenforscher/install/go2_msgs/include/go2_msgs/go2_msgs/action/detail/height_adjustment__rosidl_typesupport_fastrtps_cpp.hpp
[0.586s] -- Up-to-date symlink: /workspace/unitree_go2_hoehlenforscher/install/go2_msgs/include/go2_msgs/go2_msgs/msg/detail/entrance__rosidl_typesupport_fastrtps_cpp.hpp
[0.586s] -- Up-to-date symlink: /workspace/unitree_go2_hoehlenforscher/install/go2_msgs/include/go2_msgs/go2_msgs/msg/rosidl_typesupport_fastrtps_cpp__visibility_control.h
[0.587s] -- Up-to-date symlink: /workspace/unitree_go2_hoehlenforscher/install/go2_msgs/include/go2_msgs/go2_msgs/action/detail/height_adjustment__rosidl_typesupport_introspection_cpp.hpp
[0.587s] -- Up-to-date symlink: /workspace/unitree_go2_hoehlenforscher/install/go2_msgs/include/go2_msgs/go2_msgs/msg/detail/entrance__rosidl_typesupport_introspection_cpp.hpp
[0.587s] -- Up-to-date symlink: /workspace/unitree_go2_hoehlenforscher/install/go2_msgs/share/go2_msgs/environment/pythonpath.sh
[0.587s] -- Up-to-date symlink: /workspace/unitree_go2_hoehlenforscher/install/go2_msgs/share/go2_msgs/environment/pythonpath.dsv
[0.588s] -- Up-to-date symlink: /workspace/unitree_go2_hoehlenforscher/install/go2_msgs/local/lib/python3.10/dist-packages/go2_msgs-0.0.1-py3.10.egg-info/PKG-INFO
[0.588s] -- Up-to-date symlink: /workspace/unitree_go2_hoehlenforscher/install/go2_msgs/local/lib/python3.10/dist-packages/go2_msgs-0.0.1-py3.10.egg-info/SOURCES.txt
[0.588s] -- Up-to-date symlink: /workspace/unitree_go2_hoehlenforscher/install/go2_msgs/local/lib/python3.10/dist-packages/go2_msgs-0.0.1-py3.10.egg-info/dependency_links.txt
[0.588s] -- Up-to-date symlink: /workspace/unitree_go2_hoehlenforscher/install/go2_msgs/local/lib/python3.10/dist-packages/go2_msgs-0.0.1-py3.10.egg-info/top_level.txt
[0.590s] -- Up-to-date symlink: /workspace/unitree_go2_hoehlenforscher/install/go2_msgs/local/lib/python3.10/dist-packages/go2_msgs/__init__.py
[0.590s] -- Up-to-date symlink: /workspace/unitree_go2_hoehlenforscher/install/go2_msgs/local/lib/python3.10/dist-packages/go2_msgs/_go2_msgs_s.ep.rosidl_typesupport_c.c
[0.590s] -- Up-to-date symlink: /workspace/unitree_go2_hoehlenforscher/install/go2_msgs/local/lib/python3.10/dist-packages/go2_msgs/_go2_msgs_s.ep.rosidl_typesupport_fastrtps_c.c
[0.591s] -- Up-to-date symlink: /workspace/unitree_go2_hoehlenforscher/install/go2_msgs/local/lib/python3.10/dist-packages/go2_msgs/_go2_msgs_s.ep.rosidl_typesupport_introspection_c.c
[0.591s] -- Up-to-date symlink: /workspace/unitree_go2_hoehlenforscher/install/go2_msgs/local/lib/python3.10/dist-packages/go2_msgs/action/__init__.py
[0.591s] -- Up-to-date symlink: /workspace/unitree_go2_hoehlenforscher/install/go2_msgs/local/lib/python3.10/dist-packages/go2_msgs/action/_height_adjustment.py
[0.591s] -- Up-to-date symlink: /workspace/unitree_go2_hoehlenforscher/install/go2_msgs/local/lib/python3.10/dist-packages/go2_msgs/action/_height_adjustment_s.c
[0.592s] -- Up-to-date symlink: /workspace/unitree_go2_hoehlenforscher/install/go2_msgs/local/lib/python3.10/dist-packages/go2_msgs/go2_msgs_s__rosidl_typesupport_c.cpython-310-x86_64-linux-gnu.so
[0.592s] -- Up-to-date symlink: /workspace/unitree_go2_hoehlenforscher/install/go2_msgs/local/lib/python3.10/dist-packages/go2_msgs/go2_msgs_s__rosidl_typesupport_fastrtps_c.cpython-310-x86_64-linux-gnu.so
[0.592s] -- Up-to-date symlink: /workspace/unitree_go2_hoehlenforscher/install/go2_msgs/local/lib/python3.10/dist-packages/go2_msgs/go2_msgs_s__rosidl_typesupport_introspection_c.cpython-310-x86_64-linux-gnu.so
[0.592s] -- Up-to-date symlink: /workspace/unitree_go2_hoehlenforscher/install/go2_msgs/local/lib/python3.10/dist-packages/go2_msgs/libgo2_msgs__rosidl_generator_py.so
[0.593s] -- Up-to-date symlink: /workspace/unitree_go2_hoehlenforscher/install/go2_msgs/local/lib/python3.10/dist-packages/go2_msgs/msg/__init__.py
[0.593s] -- Up-to-date symlink: /workspace/unitree_go2_hoehlenforscher/install/go2_msgs/local/lib/python3.10/dist-packages/go2_msgs/msg/_entrance.py
[0.593s] -- Up-to-date symlink: /workspace/unitree_go2_hoehlenforscher/install/go2_msgs/local/lib/python3.10/dist-packages/go2_msgs/msg/_entrance_s.c
[0.594s] -- Up-to-date symlink: /workspace/unitree_go2_hoehlenforscher/install/go2_msgs/local/lib/python3.10/dist-packages/go2_msgs/go2_msgs_s__rosidl_typesupport_fastrtps_c.cpython-310-x86_64-linux-gnu.so
[0.594s] -- Up-to-date symlink: /workspace/unitree_go2_hoehlenforscher/install/go2_msgs/local/lib/python3.10/dist-packages/go2_msgs/go2_msgs_s__rosidl_typesupport_introspection_c.cpython-310-x86_64-linux-gnu.so
[0.594s] -- Up-to-date symlink: /workspace/unitree_go2_hoehlenforscher/install/go2_msgs/local/lib/python3.10/dist-packages/go2_msgs/go2_msgs_s__rosidl_typesupport_c.cpython-310-x86_64-linux-gnu.so
[0.594s] -- Up-to-date symlink: /workspace/unitree_go2_hoehlenforscher/install/go2_msgs/share/go2_msgs/msg/Entrance.idl
[0.595s] -- Up-to-date symlink: /workspace/unitree_go2_hoehlenforscher/install/go2_msgs/share/go2_msgs/action/HeightAdjustment.idl
[0.595s] -- Up-to-date symlink: /workspace/unitree_go2_hoehlenforscher/install/go2_msgs/share/go2_msgs/msg/Entrance.msg
[0.595s] -- Up-to-date symlink: /workspace/unitree_go2_hoehlenforscher/install/go2_msgs/share/go2_msgs/action/HeightAdjustment.action
[0.595s] -- Up-to-date symlink: /workspace/unitree_go2_hoehlenforscher/install/go2_msgs/share/ament_index/resource_index/package_run_dependencies/go2_msgs
[0.596s] -- Up-to-date symlink: /workspace/unitree_go2_hoehlenforscher/install/go2_msgs/share/ament_index/resource_index/parent_prefix_path/go2_msgs
[0.596s] -- Up-to-date symlink: /workspace/unitree_go2_hoehlenforscher/install/go2_msgs/share/go2_msgs/environment/ament_prefix_path.sh
[0.596s] -- Up-to-date symlink: /workspace/unitree_go2_hoehlenforscher/install/go2_msgs/share/go2_msgs/environment/ament_prefix_path.dsv
[0.596s] -- Up-to-date symlink: /workspace/unitree_go2_hoehlenforscher/install/go2_msgs/share/go2_msgs/environment/path.sh
[0.597s] -- Up-to-date symlink: /workspace/unitree_go2_hoehlenforscher/install/go2_msgs/share/go2_msgs/environment/path.dsv
[0.597s] -- Up-to-date symlink: /workspace/unitree_go2_hoehlenforscher/install/go2_msgs/share/go2_msgs/local_setup.bash
[0.597s] -- Up-to-date symlink: /workspace/unitree_go2_hoehlenforscher/install/go2_msgs/share/go2_msgs/local_setup.sh
[0.597s] -- Up-to-date symlink: /workspace/unitree_go2_hoehlenforscher/install/go2_msgs/share/go2_msgs/local_setup.zsh
[0.597s] -- Up-to-date symlink: /workspace/unitree_go2_hoehlenforscher/install/go2_msgs/share/go2_msgs/local_setup.dsv
[0.597s] -- Symlinking: /workspace/unitree_go2_hoehlenforscher/install/go2_msgs/share/go2_msgs/package.dsv
[0.610s] -- Up-to-date symlink: /workspace/unitree_go2_hoehlenforscher/install/go2_msgs/share/ament_index/resource_index/packages/go2_msgs
[0.610s] -- Up-to-date symlink: /workspace/unitree_go2_hoehlenforscher/install/go2_msgs/share/go2_msgs/cmake/rosidl_cmake-extras.cmake
[0.610s] -- Up-to-date symlink: /workspace/unitree_go2_hoehlenforscher/install/go2_msgs/share/go2_msgs/cmake/ament_cmake_export_dependencies-extras.cmake
[0.610s] -- Up-to-date symlink: /workspace/unitree_go2_hoehlenforscher/install/go2_msgs/share/go2_msgs/cmake/ament_cmake_export_include_directories-extras.cmake
[0.611s] -- Up-to-date symlink: /workspace/unitree_go2_hoehlenforscher/install/go2_msgs/share/go2_msgs/cmake/ament_cmake_export_libraries-extras.cmake
[0.611s] -- Up-to-date symlink: /workspace/unitree_go2_hoehlenforscher/install/go2_msgs/share/go2_msgs/cmake/ament_cmake_export_targets-extras.cmake
[0.611s] -- Up-to-date symlink: /workspace/unitree_go2_hoehlenforscher/install/go2_msgs/share/go2_msgs/cmake/rosidl_cmake_export_typesupport_targets-extras.cmake
[0.612s] -- Up-to-date symlink: /workspace/unitree_go2_hoehlenforscher/install/go2_msgs/share/go2_msgs/cmake/rosidl_cmake_export_typesupport_libraries-extras.cmake
[0.612s] -- Up-to-date symlink: /workspace/unitree_go2_hoehlenforscher/install/go2_msgs/share/go2_msgs/cmake/go2_msgsConfig.cmake
[0.612s] -- Up-to-date symlink: /workspace/unitree_go2_hoehlenforscher/install/go2_msgs/share/go2_msgs/cmake/go2_msgsConfig-version.cmake
[0.613s] -- Up-to-date symlink: /workspace/unitree_go2_hoehlenforscher/install/go2_msgs/share/go2_msgs/package.xml
[0.613s] -- Up-to-date: /workspace/unitree_go2_hoehlenforscher/install/go2_msgs/lib/libgo2_msgs__rosidl_generator_c.so
[0.614s] -- Up-to-date: /workspace/unitree_go2_hoehlenforscher/install/go2_msgs/lib/libgo2_msgs__rosidl_typesupport_fastrtps_c.so
[0.615s] -- Up-to-date: /workspace/unitree_go2_hoehlenforscher/install/go2_msgs/lib/libgo2_msgs__rosidl_typesupport_introspection_c.so
[0.618s] -- Up-to-date: /workspace/unitree_go2_hoehlenforscher/install/go2_msgs/lib/libgo2_msgs__rosidl_typesupport_c.so
[0.618s] -- Up-to-date: /workspace/unitree_go2_hoehlenforscher/install/go2_msgs/lib/libgo2_msgs__rosidl_typesupport_fastrtps_cpp.so
[0.621s] -- Up-to-date: /workspace/unitree_go2_hoehlenforscher/install/go2_msgs/lib/libgo2_msgs__rosidl_typesupport_introspection_cpp.so
[0.621s] -- Up-to-date: /workspace/unitree_go2_hoehlenforscher/install/go2_msgs/lib/libgo2_msgs__rosidl_typesupport_cpp.so
[0.683s] Listing '/workspace/unitree_go2_hoehlenforscher/install/go2_msgs/local/lib/python3.10/dist-packages/go2_msgs'...
[0.683s] Listing '/workspace/unitree_go2_hoehlenforscher/install/go2_msgs/local/lib/python3.10/dist-packages/go2_msgs/action'...
[0.684s] Listing '/workspace/unitree_go2_hoehlenforscher/install/go2_msgs/local/lib/python3.10/dist-packages/go2_msgs/msg'...
[0.689s] -- Up-to-date: /workspace/unitree_go2_hoehlenforscher/install/go2_msgs/lib/libgo2_msgs__rosidl_generator_py.so
[0.689s] -- Up-to-date: /workspace/unitree_go2_hoehlenforscher/install/go2_msgs/share/go2_msgs/cmake/export_go2_msgs__rosidl_generator_cExport.cmake
[0.689s] -- Up-to-date: /workspace/unitree_go2_hoehlenforscher/install/go2_msgs/share/go2_msgs/cmake/export_go2_msgs__rosidl_generator_cExport-noconfig.cmake
[0.690s] -- Up-to-date: /workspace/unitree_go2_hoehlenforscher/install/go2_msgs/share/go2_msgs/cmake/export_go2_msgs__rosidl_typesupport_fastrtps_cExport.cmake
[0.690s] -- Up-to-date: /workspace/unitree_go2_hoehlenforscher/install/go2_msgs/share/go2_msgs/cmake/export_go2_msgs__rosidl_typesupport_fastrtps_cExport-noconfig.cmake
[0.690s] -- Up-to-date: /workspace/unitree_go2_hoehlenforscher/install/go2_msgs/share/go2_msgs/cmake/go2_msgs__rosidl_typesupport_introspection_cExport.cmake
[0.690s] -- Up-to-date: /workspace/unitree_go2_hoehlenforscher/install/go2_msgs/share/go2_msgs/cmake/go2_msgs__rosidl_typesupport_introspection_cExport-noconfig.cmake
[0.690s] -- Up-to-date: /workspace/unitree_go2_hoehlenforscher/install/go2_msgs/share/go2_msgs/cmake/go2_msgs__rosidl_typesupport_cExport.cmake
[0.690s] -- Up-to-date: /workspace/unitree_go2_hoehlenforscher/install/go2_msgs/share/go2_msgs/cmake/go2_msgs__rosidl_typesupport_cExport-noconfig.cmake
[0.691s] -- Up-to-date: /workspace/unitree_go2_hoehlenforscher/install/go2_msgs/share/go2_msgs/cmake/export_go2_msgs__rosidl_generator_cppExport.cmake
[0.691s] -- Up-to-date: /workspace/unitree_go2_hoehlenforscher/install/go2_msgs/share/go2_msgs/cmake/export_go2_msgs__rosidl_typesupport_fastrtps_cppExport.cmake
[0.691s] -- Up-to-date: /workspace/unitree_go2_hoehlenforscher/install/go2_msgs/share/go2_msgs/cmake/export_go2_msgs__rosidl_typesupport_fastrtps_cppExport-noconfig.cmake
[0.691s] -- Up-to-date: /workspace/unitree_go2_hoehlenforscher/install/go2_msgs/share/go2_msgs/cmake/go2_msgs__rosidl_typesupport_introspection_cppExport.cmake
[0.691s] -- Up-to-date: /workspace/unitree_go2_hoehlenforscher/install/go2_msgs/share/go2_msgs/cmake/go2_msgs__rosidl_typesupport_introspection_cppExport-noconfig.cmake
[0.691s] -- Up-to-date: /workspace/unitree_go2_hoehlenforscher/install/go2_msgs/share/go2_msgs/cmake/go2_msgs__rosidl_typesupport_cppExport.cmake
[0.692s] -- Up-to-date: /workspace/unitree_go2_hoehlenforscher/install/go2_msgs/share/go2_msgs/cmake/go2_msgs__rosidl_typesupport_cppExport-noconfig.cmake
[0.692s] -- Up-to-date: /workspace/unitree_go2_hoehlenforscher/install/go2_msgs/share/go2_msgs/cmake/export_go2_msgs__rosidl_generator_pyExport.cmake
[0.692s] -- Up-to-date: /workspace/unitree_go2_hoehlenforscher/install/go2_msgs/share/go2_msgs/cmake/export_go2_msgs__rosidl_generator_pyExport-noconfig.cmake
[0.697s] Invoked command in '/workspace/unitree_go2_hoehlenforscher/build/go2_msgs' returned '0': CMAKE_PREFIX_PATH=${CMAKE_PREFIX_PATH}:/workspace/unitree_go2_hoehlenforscher/install/go2_my_nodes_py:/opt/ros/humble /usr/bin/cmake --install /workspace/unitree_go2_hoehlenforscher/build/go2_msgs
