-- The C compiler identification is Clang 18.1.8
-- The CXX compiler identification is Clang 18.1.8
-- Detecting C compiler ABI info
-- Detecting C compiler ABI info - done
-- Check for working C compiler: /usr/bin/clang-18 - skipped
-- Detecting C compile features
-- Detecting C compile features - done
-- Detecting CXX compiler ABI info
-- Detecting CXX compiler ABI info - done
-- Check for working CXX compiler: /usr/bin/clang++-18 - skipped
-- Detecting CXX compile features
-- Detecting CXX compile features - done
-- Found ament_cmake: 1.3.12 (/opt/ros/humble/share/ament_cmake/cmake)
-- Found Python3: /usr/bin/python3 (found version "3.10.12") found components: Interpreter 
-- Override CMake install command with custom implementation using symlinks instead of copying resources
-- Found rosidl_default_generators: 1.2.0 (/opt/ros/humble/share/rosidl_default_generators/cmake)
-- Using all available rosidl_typesupport_c: rosidl_typesupport_fastrtps_c;rosidl_typesupport_introspection_c
-- Found rosidl_adapter: 3.1.7 (/opt/ros/humble/share/rosidl_adapter/cmake)
-- Using all available rosidl_typesupport_cpp: rosidl_typesupport_fastrtps_cpp;rosidl_typesupport_introspection_cpp
-- Found std_msgs: 4.9.0 (/opt/ros/humble/share/std_msgs/cmake)
-- Found sensor_msgs: 4.9.0 (/opt/ros/humble/share/sensor_msgs/cmake)
-- Found ament_cmake_ros: 0.10.0 (/opt/ros/humble/share/ament_cmake_ros/cmake)
-- Using all available rosidl_typesupport_c: rosidl_typesupport_fastrtps_c;rosidl_typesupport_introspection_c
-- Using all available rosidl_typesupport_cpp: rosidl_typesupport_fastrtps_cpp;rosidl_typesupport_introspection_cpp
-- Found PythonInterp: /usr/bin/python3 (found suitable version "3.10.12", minimum required is "3.6") 
-- Found python_cmake_module: 0.10.0 (/opt/ros/humble/share/python_cmake_module/cmake)
-- Found PythonLibs: /usr/lib/x86_64-linux-gnu/libpython3.10.so (found suitable version "3.10.12", minimum required is "3.5") 
-- Using PYTHON_EXECUTABLE: /usr/bin/python3
-- Using PYTHON_INCLUDE_DIRS: /usr/include/python3.10
-- Using PYTHON_LIBRARIES: /usr/lib/x86_64-linux-gnu/libpython3.10.so
-- Found PythonExtra: .so  
-- Configuring done
-- Generating done
-- Build files have been written to: /workspace/unitree_go2_hoehlenforscher/build/entrance_detection_msgs
[  1%] [34m[1mGenerating C code for ROS interfaces[0m
[  3%] [34m[1mGenerating C++ code for ROS interfaces[0m
[  3%] Built target ament_cmake_python_symlink_entrance_detection_msgs
running egg_info
creating entrance_detection_msgs.egg-info
writing entrance_detection_msgs.egg-info/PKG-INFO
writing dependency_links to entrance_detection_msgs.egg-info/dependency_links.txt
writing top-level names to entrance_detection_msgs.egg-info/top_level.txt
writing manifest file 'entrance_detection_msgs.egg-info/SOURCES.txt'
reading manifest file 'entrance_detection_msgs.egg-info/SOURCES.txt'
writing manifest file 'entrance_detection_msgs.egg-info/SOURCES.txt'
[  3%] Built target ament_cmake_python_build_entrance_detection_msgs_egg
[  3%] Built target entrance_detection_msgs__cpp
[  4%] [34m[1mGenerating C++ type support dispatch for ROS interfaces[0m
[  6%] [34m[1mGenerating C++ introspection for ROS interfaces[0m
[  7%] [34m[1mGenerating C++ type support for eProsima Fast-RTPS[0m
[  9%] [32mBuilding C object CMakeFiles/entrance_detection_msgs__rosidl_generator_c.dir/rosidl_generator_c/entrance_detection_msgs/msg/detail/lidar_gap__functions.c.o[0m
[ 11%] [32mBuilding C object CMakeFiles/entrance_detection_msgs__rosidl_generator_c.dir/rosidl_generator_c/entrance_detection_msgs/msg/detail/depth_data__functions.c.o[0m
[ 12%] [32mBuilding C object CMakeFiles/entrance_detection_msgs__rosidl_generator_c.dir/rosidl_generator_c/entrance_detection_msgs/msg/detail/motor_status__functions.c.o[0m
[ 14%] [32mBuilding C object CMakeFiles/entrance_detection_msgs__rosidl_generator_c.dir/rosidl_generator_c/entrance_detection_msgs/msg/detail/entrance_event__functions.c.o[0m
[ 15%] [32mBuilding C object CMakeFiles/entrance_detection_msgs__rosidl_generator_c.dir/rosidl_generator_c/entrance_detection_msgs/msg/detail/entrance_state__functions.c.o[0m
[ 17%] [32m[1mLinking C shared library libentrance_detection_msgs__rosidl_generator_c.so[0m
[ 17%] Built target entrance_detection_msgs__rosidl_generator_c
[ 19%] [34m[1mGenerating C type support for eProsima Fast-RTPS[0m
[ 20%] [34m[1mGenerating C introspection for ROS interfaces[0m
[ 22%] [34m[1mGenerating C type support dispatch for ROS interfaces[0m
[ 23%] [32mBuilding CXX object CMakeFiles/entrance_detection_msgs__rosidl_typesupport_cpp.dir/rosidl_typesupport_cpp/entrance_detection_msgs/msg/entrance_event__type_support.cpp.o[0m
[ 25%] [32mBuilding CXX object CMakeFiles/entrance_detection_msgs__rosidl_typesupport_cpp.dir/rosidl_typesupport_cpp/entrance_detection_msgs/msg/entrance_state__type_support.cpp.o[0m
[ 26%] [32mBuilding CXX object CMakeFiles/entrance_detection_msgs__rosidl_typesupport_cpp.dir/rosidl_typesupport_cpp/entrance_detection_msgs/msg/depth_data__type_support.cpp.o[0m
[ 28%] [32mBuilding CXX object CMakeFiles/entrance_detection_msgs__rosidl_typesupport_cpp.dir/rosidl_typesupport_cpp/entrance_detection_msgs/msg/motor_status__type_support.cpp.o[0m
[ 30%] [32mBuilding CXX object CMakeFiles/entrance_detection_msgs__rosidl_typesupport_cpp.dir/rosidl_typesupport_cpp/entrance_detection_msgs/msg/lidar_gap__type_support.cpp.o[0m
[ 31%] [32mBuilding CXX object CMakeFiles/entrance_detection_msgs__rosidl_typesupport_introspection_cpp.dir/rosidl_typesupport_introspection_cpp/entrance_detection_msgs/msg/detail/depth_data__type_support.cpp.o[0m
[ 34%] [32mBuilding CXX object CMakeFiles/entrance_detection_msgs__rosidl_typesupport_introspection_cpp.dir/rosidl_typesupport_introspection_cpp/entrance_detection_msgs/msg/detail/entrance_state__type_support.cpp.o[0m
[ 36%] [32mBuilding CXX object CMakeFiles/entrance_detection_msgs__rosidl_typesupport_introspection_cpp.dir/rosidl_typesupport_introspection_cpp/entrance_detection_msgs/msg/detail/lidar_gap__type_support.cpp.o[0m
[ 36%] [32mBuilding CXX object CMakeFiles/entrance_detection_msgs__rosidl_typesupport_introspection_cpp.dir/rosidl_typesupport_introspection_cpp/entrance_detection_msgs/msg/detail/motor_status__type_support.cpp.o[0m
[ 38%] [32mBuilding CXX object CMakeFiles/entrance_detection_msgs__rosidl_typesupport_introspection_cpp.dir/rosidl_typesupport_introspection_cpp/entrance_detection_msgs/msg/detail/entrance_event__type_support.cpp.o[0m
[ 41%] [32mBuilding CXX object CMakeFiles/entrance_detection_msgs__rosidl_typesupport_fastrtps_cpp.dir/rosidl_typesupport_fastrtps_cpp/entrance_detection_msgs/msg/detail/dds_fastrtps/depth_data__type_support.cpp.o[0m
[ 42%] [32mBuilding CXX object CMakeFiles/entrance_detection_msgs__rosidl_typesupport_fastrtps_cpp.dir/rosidl_typesupport_fastrtps_cpp/entrance_detection_msgs/msg/detail/dds_fastrtps/entrance_state__type_support.cpp.o[0m
[ 42%] [32mBuilding CXX object CMakeFiles/entrance_detection_msgs__rosidl_typesupport_fastrtps_cpp.dir/rosidl_typesupport_fastrtps_cpp/entrance_detection_msgs/msg/detail/dds_fastrtps/entrance_event__type_support.cpp.o[0m
[ 44%] [32mBuilding CXX object CMakeFiles/entrance_detection_msgs__rosidl_typesupport_fastrtps_cpp.dir/rosidl_typesupport_fastrtps_cpp/entrance_detection_msgs/msg/detail/dds_fastrtps/motor_status__type_support.cpp.o[0m
[ 46%] [32mBuilding CXX object CMakeFiles/entrance_detection_msgs__rosidl_typesupport_fastrtps_cpp.dir/rosidl_typesupport_fastrtps_cpp/entrance_detection_msgs/msg/detail/dds_fastrtps/lidar_gap__type_support.cpp.o[0m
[ 47%] [32mBuilding CXX object CMakeFiles/entrance_detection_msgs__rosidl_typesupport_c.dir/rosidl_typesupport_c/entrance_detection_msgs/msg/depth_data__type_support.cpp.o[0m
[ 49%] [32m[1mLinking CXX shared library libentrance_detection_msgs__rosidl_typesupport_cpp.so[0m
[ 50%] [32mBuilding CXX object CMakeFiles/entrance_detection_msgs__rosidl_typesupport_c.dir/rosidl_typesupport_c/entrance_detection_msgs/msg/entrance_event__type_support.cpp.o[0m
[ 52%] [32mBuilding CXX object CMakeFiles/entrance_detection_msgs__rosidl_typesupport_c.dir/rosidl_typesupport_c/entrance_detection_msgs/msg/entrance_state__type_support.cpp.o[0m
[ 53%] [32mBuilding CXX object CMakeFiles/entrance_detection_msgs__rosidl_typesupport_c.dir/rosidl_typesupport_c/entrance_detection_msgs/msg/motor_status__type_support.cpp.o[0m
[ 55%] [32mBuilding C object CMakeFiles/entrance_detection_msgs__rosidl_typesupport_introspection_c.dir/rosidl_typesupport_introspection_c/entrance_detection_msgs/msg/detail/depth_data__type_support.c.o[0m
[ 57%] [32mBuilding CXX object CMakeFiles/entrance_detection_msgs__rosidl_typesupport_fastrtps_c.dir/rosidl_typesupport_fastrtps_c/entrance_detection_msgs/msg/detail/depth_data__type_support_c.cpp.o[0m
[ 58%] [32mBuilding CXX object CMakeFiles/entrance_detection_msgs__rosidl_typesupport_fastrtps_c.dir/rosidl_typesupport_fastrtps_c/entrance_detection_msgs/msg/detail/entrance_event__type_support_c.cpp.o[0m
[ 60%] [32mBuilding CXX object CMakeFiles/entrance_detection_msgs__rosidl_typesupport_c.dir/rosidl_typesupport_c/entrance_detection_msgs/msg/lidar_gap__type_support.cpp.o[0m
[ 61%] [32mBuilding CXX object CMakeFiles/entrance_detection_msgs__rosidl_typesupport_fastrtps_c.dir/rosidl_typesupport_fastrtps_c/entrance_detection_msgs/msg/detail/entrance_state__type_support_c.cpp.o[0m
[ 63%] [32mBuilding C object CMakeFiles/entrance_detection_msgs__rosidl_typesupport_introspection_c.dir/rosidl_typesupport_introspection_c/entrance_detection_msgs/msg/detail/entrance_event__type_support.c.o[0m
[ 63%] Built target entrance_detection_msgs__rosidl_typesupport_cpp
[ 65%] [32mBuilding CXX object CMakeFiles/entrance_detection_msgs__rosidl_typesupport_fastrtps_c.dir/rosidl_typesupport_fastrtps_c/entrance_detection_msgs/msg/detail/motor_status__type_support_c.cpp.o[0m
[ 66%] [32mBuilding CXX object CMakeFiles/entrance_detection_msgs__rosidl_typesupport_fastrtps_c.dir/rosidl_typesupport_fastrtps_c/entrance_detection_msgs/msg/detail/lidar_gap__type_support_c.cpp.o[0m
[ 69%] [32m[1mLinking CXX shared library libentrance_detection_msgs__rosidl_typesupport_c.so[0m
[ 69%] [32mBuilding C object CMakeFiles/entrance_detection_msgs__rosidl_typesupport_introspection_c.dir/rosidl_typesupport_introspection_c/entrance_detection_msgs/msg/detail/entrance_state__type_support.c.o[0m
[ 71%] [32mBuilding C object CMakeFiles/entrance_detection_msgs__rosidl_typesupport_introspection_c.dir/rosidl_typesupport_introspection_c/entrance_detection_msgs/msg/detail/motor_status__type_support.c.o[0m
[ 73%] [32mBuilding C object CMakeFiles/entrance_detection_msgs__rosidl_typesupport_introspection_c.dir/rosidl_typesupport_introspection_c/entrance_detection_msgs/msg/detail/lidar_gap__type_support.c.o[0m
[ 74%] [32m[1mLinking CXX shared library libentrance_detection_msgs__rosidl_typesupport_introspection_cpp.so[0m
[ 76%] [32m[1mLinking C shared library libentrance_detection_msgs__rosidl_typesupport_introspection_c.so[0m
[ 76%] Built target entrance_detection_msgs__rosidl_typesupport_c
[ 76%] Built target entrance_detection_msgs__rosidl_typesupport_introspection_cpp
[ 76%] Built target entrance_detection_msgs__rosidl_typesupport_introspection_c
[ 77%] [32m[1mLinking CXX shared library libentrance_detection_msgs__rosidl_typesupport_fastrtps_cpp.so[0m
[ 79%] [32m[1mLinking CXX shared library libentrance_detection_msgs__rosidl_typesupport_fastrtps_c.so[0m
[ 79%] Built target entrance_detection_msgs__rosidl_typesupport_fastrtps_cpp
[ 79%] Built target entrance_detection_msgs__rosidl_typesupport_fastrtps_c
[ 79%] Built target entrance_detection_msgs
[ 80%] [34m[1mGenerating Python code for ROS interfaces[0m
[ 80%] Built target entrance_detection_msgs__py
[ 82%] [32mBuilding C object CMakeFiles/entrance_detection_msgs__rosidl_generator_py.dir/rosidl_generator_py/entrance_detection_msgs/msg/_depth_data_s.c.o[0m
[ 84%] [32mBuilding C object CMakeFiles/entrance_detection_msgs__rosidl_generator_py.dir/rosidl_generator_py/entrance_detection_msgs/msg/_entrance_state_s.c.o[0m
[ 85%] [32mBuilding C object CMakeFiles/entrance_detection_msgs__rosidl_generator_py.dir/rosidl_generator_py/entrance_detection_msgs/msg/_lidar_gap_s.c.o[0m
[ 88%] [32mBuilding C object CMakeFiles/entrance_detection_msgs__rosidl_generator_py.dir/rosidl_generator_py/entrance_detection_msgs/msg/_entrance_event_s.c.o[0m
[ 88%] [32mBuilding C object CMakeFiles/entrance_detection_msgs__rosidl_generator_py.dir/rosidl_generator_py/entrance_detection_msgs/msg/_motor_status_s.c.o[0m
[ 90%] [32m[1mLinking C shared library rosidl_generator_py/entrance_detection_msgs/libentrance_detection_msgs__rosidl_generator_py.so[0m
[ 90%] Built target entrance_detection_msgs__rosidl_generator_py
[ 92%] [32mBuilding C object CMakeFiles/entrance_detection_msgs__rosidl_typesupport_fastrtps_c__pyext.dir/rosidl_generator_py/entrance_detection_msgs/_entrance_detection_msgs_s.ep.rosidl_typesupport_fastrtps_c.c.o[0m
[ 93%] [32mBuilding C object CMakeFiles/entrance_detection_msgs__rosidl_typesupport_introspection_c__pyext.dir/rosidl_generator_py/entrance_detection_msgs/_entrance_detection_msgs_s.ep.rosidl_typesupport_introspection_c.c.o[0m
[ 95%] [32mBuilding C object CMakeFiles/entrance_detection_msgs__rosidl_typesupport_c__pyext.dir/rosidl_generator_py/entrance_detection_msgs/_entrance_detection_msgs_s.ep.rosidl_typesupport_c.c.o[0m
[ 96%] [32m[1mLinking C shared library rosidl_generator_py/entrance_detection_msgs/entrance_detection_msgs_s__rosidl_typesupport_introspection_c.cpython-310-x86_64-linux-gnu.so[0m
[ 98%] [32m[1mLinking C shared library rosidl_generator_py/entrance_detection_msgs/entrance_detection_msgs_s__rosidl_typesupport_c.cpython-310-x86_64-linux-gnu.so[0m
[100%] [32m[1mLinking C shared library rosidl_generator_py/entrance_detection_msgs/entrance_detection_msgs_s__rosidl_typesupport_fastrtps_c.cpython-310-x86_64-linux-gnu.so[0m
[100%] Built target entrance_detection_msgs__rosidl_typesupport_introspection_c__pyext
[100%] Built target entrance_detection_msgs__rosidl_typesupport_c__pyext
[100%] Built target entrance_detection_msgs__rosidl_typesupport_fastrtps_c__pyext
-- Install configuration: ""
-- Execute custom install script
-- Symlinking: /workspace/unitree_go2_hoehlenforscher/install/entrance_detection_msgs/share/ament_index/resource_index/rosidl_interfaces/entrance_detection_msgs
-- Symlinking: /workspace/unitree_go2_hoehlenforscher/install/entrance_detection_msgs/include/entrance_detection_msgs/entrance_detection_msgs/msg/depth_data.h
-- Symlinking: /workspace/unitree_go2_hoehlenforscher/install/entrance_detection_msgs/include/entrance_detection_msgs/entrance_detection_msgs/msg/detail/depth_data__functions.h
-- Symlinking: /workspace/unitree_go2_hoehlenforscher/install/entrance_detection_msgs/include/entrance_detection_msgs/entrance_detection_msgs/msg/detail/depth_data__struct.h
-- Symlinking: /workspace/unitree_go2_hoehlenforscher/install/entrance_detection_msgs/include/entrance_detection_msgs/entrance_detection_msgs/msg/detail/depth_data__type_support.h
-- Symlinking: /workspace/unitree_go2_hoehlenforscher/install/entrance_detection_msgs/include/entrance_detection_msgs/entrance_detection_msgs/msg/detail/entrance_event__functions.h
-- Symlinking: /workspace/unitree_go2_hoehlenforscher/install/entrance_detection_msgs/include/entrance_detection_msgs/entrance_detection_msgs/msg/detail/entrance_event__struct.h
-- Symlinking: /workspace/unitree_go2_hoehlenforscher/install/entrance_detection_msgs/include/entrance_detection_msgs/entrance_detection_msgs/msg/detail/entrance_event__type_support.h
-- Symlinking: /workspace/unitree_go2_hoehlenforscher/install/entrance_detection_msgs/include/entrance_detection_msgs/entrance_detection_msgs/msg/detail/entrance_state__functions.h
-- Symlinking: /workspace/unitree_go2_hoehlenforscher/install/entrance_detection_msgs/include/entrance_detection_msgs/entrance_detection_msgs/msg/detail/entrance_state__struct.h
-- Symlinking: /workspace/unitree_go2_hoehlenforscher/install/entrance_detection_msgs/include/entrance_detection_msgs/entrance_detection_msgs/msg/detail/entrance_state__type_support.h
-- Symlinking: /workspace/unitree_go2_hoehlenforscher/install/entrance_detection_msgs/include/entrance_detection_msgs/entrance_detection_msgs/msg/detail/lidar_gap__functions.h
-- Symlinking: /workspace/unitree_go2_hoehlenforscher/install/entrance_detection_msgs/include/entrance_detection_msgs/entrance_detection_msgs/msg/detail/lidar_gap__struct.h
-- Symlinking: /workspace/unitree_go2_hoehlenforscher/install/entrance_detection_msgs/include/entrance_detection_msgs/entrance_detection_msgs/msg/detail/lidar_gap__type_support.h
-- Symlinking: /workspace/unitree_go2_hoehlenforscher/install/entrance_detection_msgs/include/entrance_detection_msgs/entrance_detection_msgs/msg/detail/motor_status__functions.h
-- Symlinking: /workspace/unitree_go2_hoehlenforscher/install/entrance_detection_msgs/include/entrance_detection_msgs/entrance_detection_msgs/msg/detail/motor_status__struct.h
-- Symlinking: /workspace/unitree_go2_hoehlenforscher/install/entrance_detection_msgs/include/entrance_detection_msgs/entrance_detection_msgs/msg/detail/motor_status__type_support.h
-- Symlinking: /workspace/unitree_go2_hoehlenforscher/install/entrance_detection_msgs/include/entrance_detection_msgs/entrance_detection_msgs/msg/entrance_event.h
-- Symlinking: /workspace/unitree_go2_hoehlenforscher/install/entrance_detection_msgs/include/entrance_detection_msgs/entrance_detection_msgs/msg/entrance_state.h
-- Symlinking: /workspace/unitree_go2_hoehlenforscher/install/entrance_detection_msgs/include/entrance_detection_msgs/entrance_detection_msgs/msg/lidar_gap.h
-- Symlinking: /workspace/unitree_go2_hoehlenforscher/install/entrance_detection_msgs/include/entrance_detection_msgs/entrance_detection_msgs/msg/motor_status.h
-- Symlinking: /workspace/unitree_go2_hoehlenforscher/install/entrance_detection_msgs/include/entrance_detection_msgs/entrance_detection_msgs/msg/rosidl_generator_c__visibility_control.h
-- Symlinking: /workspace/unitree_go2_hoehlenforscher/install/entrance_detection_msgs/share/entrance_detection_msgs/environment/library_path.sh
-- Symlinking: /workspace/unitree_go2_hoehlenforscher/install/entrance_detection_msgs/share/entrance_detection_msgs/environment/library_path.dsv
-- Symlinking: /workspace/unitree_go2_hoehlenforscher/install/entrance_detection_msgs/include/entrance_detection_msgs/entrance_detection_msgs/msg/detail/depth_data__rosidl_typesupport_fastrtps_c.h
-- Symlinking: /workspace/unitree_go2_hoehlenforscher/install/entrance_detection_msgs/include/entrance_detection_msgs/entrance_detection_msgs/msg/detail/entrance_event__rosidl_typesupport_fastrtps_c.h
-- Symlinking: /workspace/unitree_go2_hoehlenforscher/install/entrance_detection_msgs/include/entrance_detection_msgs/entrance_detection_msgs/msg/detail/entrance_state__rosidl_typesupport_fastrtps_c.h
-- Symlinking: /workspace/unitree_go2_hoehlenforscher/install/entrance_detection_msgs/include/entrance_detection_msgs/entrance_detection_msgs/msg/detail/lidar_gap__rosidl_typesupport_fastrtps_c.h
-- Symlinking: /workspace/unitree_go2_hoehlenforscher/install/entrance_detection_msgs/include/entrance_detection_msgs/entrance_detection_msgs/msg/detail/motor_status__rosidl_typesupport_fastrtps_c.h
-- Symlinking: /workspace/unitree_go2_hoehlenforscher/install/entrance_detection_msgs/include/entrance_detection_msgs/entrance_detection_msgs/msg/rosidl_typesupport_fastrtps_c__visibility_control.h
-- Symlinking: /workspace/unitree_go2_hoehlenforscher/install/entrance_detection_msgs/include/entrance_detection_msgs/entrance_detection_msgs/msg/detail/depth_data__rosidl_typesupport_introspection_c.h
-- Symlinking: /workspace/unitree_go2_hoehlenforscher/install/entrance_detection_msgs/include/entrance_detection_msgs/entrance_detection_msgs/msg/detail/entrance_event__rosidl_typesupport_introspection_c.h
-- Symlinking: /workspace/unitree_go2_hoehlenforscher/install/entrance_detection_msgs/include/entrance_detection_msgs/entrance_detection_msgs/msg/detail/entrance_state__rosidl_typesupport_introspection_c.h
-- Symlinking: /workspace/unitree_go2_hoehlenforscher/install/entrance_detection_msgs/include/entrance_detection_msgs/entrance_detection_msgs/msg/detail/lidar_gap__rosidl_typesupport_introspection_c.h
-- Symlinking: /workspace/unitree_go2_hoehlenforscher/install/entrance_detection_msgs/include/entrance_detection_msgs/entrance_detection_msgs/msg/detail/motor_status__rosidl_typesupport_introspection_c.h
-- Symlinking: /workspace/unitree_go2_hoehlenforscher/install/entrance_detection_msgs/include/entrance_detection_msgs/entrance_detection_msgs/msg/rosidl_typesupport_introspection_c__visibility_control.h
-- Symlinking: /workspace/unitree_go2_hoehlenforscher/install/entrance_detection_msgs/include/entrance_detection_msgs/entrance_detection_msgs/msg/depth_data.hpp
-- Symlinking: /workspace/unitree_go2_hoehlenforscher/install/entrance_detection_msgs/include/entrance_detection_msgs/entrance_detection_msgs/msg/detail/depth_data__builder.hpp
-- Symlinking: /workspace/unitree_go2_hoehlenforscher/install/entrance_detection_msgs/include/entrance_detection_msgs/entrance_detection_msgs/msg/detail/depth_data__struct.hpp
-- Symlinking: /workspace/unitree_go2_hoehlenforscher/install/entrance_detection_msgs/include/entrance_detection_msgs/entrance_detection_msgs/msg/detail/depth_data__traits.hpp
-- Symlinking: /workspace/unitree_go2_hoehlenforscher/install/entrance_detection_msgs/include/entrance_detection_msgs/entrance_detection_msgs/msg/detail/depth_data__type_support.hpp
-- Symlinking: /workspace/unitree_go2_hoehlenforscher/install/entrance_detection_msgs/include/entrance_detection_msgs/entrance_detection_msgs/msg/detail/entrance_event__builder.hpp
-- Symlinking: /workspace/unitree_go2_hoehlenforscher/install/entrance_detection_msgs/include/entrance_detection_msgs/entrance_detection_msgs/msg/detail/entrance_event__struct.hpp
-- Symlinking: /workspace/unitree_go2_hoehlenforscher/install/entrance_detection_msgs/include/entrance_detection_msgs/entrance_detection_msgs/msg/detail/entrance_event__traits.hpp
-- Symlinking: /workspace/unitree_go2_hoehlenforscher/install/entrance_detection_msgs/include/entrance_detection_msgs/entrance_detection_msgs/msg/detail/entrance_event__type_support.hpp
-- Symlinking: /workspace/unitree_go2_hoehlenforscher/install/entrance_detection_msgs/include/entrance_detection_msgs/entrance_detection_msgs/msg/detail/entrance_state__builder.hpp
-- Symlinking: /workspace/unitree_go2_hoehlenforscher/install/entrance_detection_msgs/include/entrance_detection_msgs/entrance_detection_msgs/msg/detail/entrance_state__struct.hpp
-- Symlinking: /workspace/unitree_go2_hoehlenforscher/install/entrance_detection_msgs/include/entrance_detection_msgs/entrance_detection_msgs/msg/detail/entrance_state__traits.hpp
-- Symlinking: /workspace/unitree_go2_hoehlenforscher/install/entrance_detection_msgs/include/entrance_detection_msgs/entrance_detection_msgs/msg/detail/entrance_state__type_support.hpp
-- Symlinking: /workspace/unitree_go2_hoehlenforscher/install/entrance_detection_msgs/include/entrance_detection_msgs/entrance_detection_msgs/msg/detail/lidar_gap__builder.hpp
-- Symlinking: /workspace/unitree_go2_hoehlenforscher/install/entrance_detection_msgs/include/entrance_detection_msgs/entrance_detection_msgs/msg/detail/lidar_gap__struct.hpp
-- Symlinking: /workspace/unitree_go2_hoehlenforscher/install/entrance_detection_msgs/include/entrance_detection_msgs/entrance_detection_msgs/msg/detail/lidar_gap__traits.hpp
-- Symlinking: /workspace/unitree_go2_hoehlenforscher/install/entrance_detection_msgs/include/entrance_detection_msgs/entrance_detection_msgs/msg/detail/lidar_gap__type_support.hpp
-- Symlinking: /workspace/unitree_go2_hoehlenforscher/install/entrance_detection_msgs/include/entrance_detection_msgs/entrance_detection_msgs/msg/detail/motor_status__builder.hpp
-- Symlinking: /workspace/unitree_go2_hoehlenforscher/install/entrance_detection_msgs/include/entrance_detection_msgs/entrance_detection_msgs/msg/detail/motor_status__struct.hpp
-- Symlinking: /workspace/unitree_go2_hoehlenforscher/install/entrance_detection_msgs/include/entrance_detection_msgs/entrance_detection_msgs/msg/detail/motor_status__traits.hpp
-- Symlinking: /workspace/unitree_go2_hoehlenforscher/install/entrance_detection_msgs/include/entrance_detection_msgs/entrance_detection_msgs/msg/detail/motor_status__type_support.hpp
-- Symlinking: /workspace/unitree_go2_hoehlenforscher/install/entrance_detection_msgs/include/entrance_detection_msgs/entrance_detection_msgs/msg/entrance_event.hpp
-- Symlinking: /workspace/unitree_go2_hoehlenforscher/install/entrance_detection_msgs/include/entrance_detection_msgs/entrance_detection_msgs/msg/entrance_state.hpp
-- Symlinking: /workspace/unitree_go2_hoehlenforscher/install/entrance_detection_msgs/include/entrance_detection_msgs/entrance_detection_msgs/msg/lidar_gap.hpp
-- Symlinking: /workspace/unitree_go2_hoehlenforscher/install/entrance_detection_msgs/include/entrance_detection_msgs/entrance_detection_msgs/msg/motor_status.hpp
-- Symlinking: /workspace/unitree_go2_hoehlenforscher/install/entrance_detection_msgs/include/entrance_detection_msgs/entrance_detection_msgs/msg/rosidl_generator_cpp__visibility_control.hpp
-- Symlinking: /workspace/unitree_go2_hoehlenforscher/install/entrance_detection_msgs/include/entrance_detection_msgs/entrance_detection_msgs/msg/detail/depth_data__rosidl_typesupport_fastrtps_cpp.hpp
-- Symlinking: /workspace/unitree_go2_hoehlenforscher/install/entrance_detection_msgs/include/entrance_detection_msgs/entrance_detection_msgs/msg/detail/entrance_event__rosidl_typesupport_fastrtps_cpp.hpp
-- Symlinking: /workspace/unitree_go2_hoehlenforscher/install/entrance_detection_msgs/include/entrance_detection_msgs/entrance_detection_msgs/msg/detail/entrance_state__rosidl_typesupport_fastrtps_cpp.hpp
-- Symlinking: /workspace/unitree_go2_hoehlenforscher/install/entrance_detection_msgs/include/entrance_detection_msgs/entrance_detection_msgs/msg/detail/lidar_gap__rosidl_typesupport_fastrtps_cpp.hpp
-- Symlinking: /workspace/unitree_go2_hoehlenforscher/install/entrance_detection_msgs/include/entrance_detection_msgs/entrance_detection_msgs/msg/detail/motor_status__rosidl_typesupport_fastrtps_cpp.hpp
-- Symlinking: /workspace/unitree_go2_hoehlenforscher/install/entrance_detection_msgs/include/entrance_detection_msgs/entrance_detection_msgs/msg/rosidl_typesupport_fastrtps_cpp__visibility_control.h
-- Symlinking: /workspace/unitree_go2_hoehlenforscher/install/entrance_detection_msgs/include/entrance_detection_msgs/entrance_detection_msgs/msg/detail/depth_data__rosidl_typesupport_introspection_cpp.hpp
-- Symlinking: /workspace/unitree_go2_hoehlenforscher/install/entrance_detection_msgs/include/entrance_detection_msgs/entrance_detection_msgs/msg/detail/entrance_event__rosidl_typesupport_introspection_cpp.hpp
-- Symlinking: /workspace/unitree_go2_hoehlenforscher/install/entrance_detection_msgs/include/entrance_detection_msgs/entrance_detection_msgs/msg/detail/entrance_state__rosidl_typesupport_introspection_cpp.hpp
-- Symlinking: /workspace/unitree_go2_hoehlenforscher/install/entrance_detection_msgs/include/entrance_detection_msgs/entrance_detection_msgs/msg/detail/lidar_gap__rosidl_typesupport_introspection_cpp.hpp
-- Symlinking: /workspace/unitree_go2_hoehlenforscher/install/entrance_detection_msgs/include/entrance_detection_msgs/entrance_detection_msgs/msg/detail/motor_status__rosidl_typesupport_introspection_cpp.hpp
-- Symlinking: /workspace/unitree_go2_hoehlenforscher/install/entrance_detection_msgs/share/entrance_detection_msgs/environment/pythonpath.sh
-- Symlinking: /workspace/unitree_go2_hoehlenforscher/install/entrance_detection_msgs/share/entrance_detection_msgs/environment/pythonpath.dsv
-- Symlinking: /workspace/unitree_go2_hoehlenforscher/install/entrance_detection_msgs/local/lib/python3.10/dist-packages/entrance_detection_msgs-0.1.0-py3.10.egg-info/PKG-INFO
-- Symlinking: /workspace/unitree_go2_hoehlenforscher/install/entrance_detection_msgs/local/lib/python3.10/dist-packages/entrance_detection_msgs-0.1.0-py3.10.egg-info/SOURCES.txt
-- Symlinking: /workspace/unitree_go2_hoehlenforscher/install/entrance_detection_msgs/local/lib/python3.10/dist-packages/entrance_detection_msgs-0.1.0-py3.10.egg-info/dependency_links.txt
-- Symlinking: /workspace/unitree_go2_hoehlenforscher/install/entrance_detection_msgs/local/lib/python3.10/dist-packages/entrance_detection_msgs-0.1.0-py3.10.egg-info/top_level.txt
-- Symlinking: /workspace/unitree_go2_hoehlenforscher/install/entrance_detection_msgs/local/lib/python3.10/dist-packages/entrance_detection_msgs/__init__.py
-- Symlinking: /workspace/unitree_go2_hoehlenforscher/install/entrance_detection_msgs/local/lib/python3.10/dist-packages/entrance_detection_msgs/_entrance_detection_msgs_s.ep.rosidl_typesupport_c.c
-- Symlinking: /workspace/unitree_go2_hoehlenforscher/install/entrance_detection_msgs/local/lib/python3.10/dist-packages/entrance_detection_msgs/_entrance_detection_msgs_s.ep.rosidl_typesupport_fastrtps_c.c
-- Symlinking: /workspace/unitree_go2_hoehlenforscher/install/entrance_detection_msgs/local/lib/python3.10/dist-packages/entrance_detection_msgs/_entrance_detection_msgs_s.ep.rosidl_typesupport_introspection_c.c
-- Symlinking: /workspace/unitree_go2_hoehlenforscher/install/entrance_detection_msgs/local/lib/python3.10/dist-packages/entrance_detection_msgs/entrance_detection_msgs_s__rosidl_typesupport_c.cpython-310-x86_64-linux-gnu.so
-- Symlinking: /workspace/unitree_go2_hoehlenforscher/install/entrance_detection_msgs/local/lib/python3.10/dist-packages/entrance_detection_msgs/entrance_detection_msgs_s__rosidl_typesupport_fastrtps_c.cpython-310-x86_64-linux-gnu.so
-- Symlinking: /workspace/unitree_go2_hoehlenforscher/install/entrance_detection_msgs/local/lib/python3.10/dist-packages/entrance_detection_msgs/entrance_detection_msgs_s__rosidl_typesupport_introspection_c.cpython-310-x86_64-linux-gnu.so
-- Symlinking: /workspace/unitree_go2_hoehlenforscher/install/entrance_detection_msgs/local/lib/python3.10/dist-packages/entrance_detection_msgs/libentrance_detection_msgs__rosidl_generator_py.so
-- Symlinking: /workspace/unitree_go2_hoehlenforscher/install/entrance_detection_msgs/local/lib/python3.10/dist-packages/entrance_detection_msgs/msg/__init__.py
-- Symlinking: /workspace/unitree_go2_hoehlenforscher/install/entrance_detection_msgs/local/lib/python3.10/dist-packages/entrance_detection_msgs/msg/_depth_data.py
-- Symlinking: /workspace/unitree_go2_hoehlenforscher/install/entrance_detection_msgs/local/lib/python3.10/dist-packages/entrance_detection_msgs/msg/_depth_data_s.c
-- Symlinking: /workspace/unitree_go2_hoehlenforscher/install/entrance_detection_msgs/local/lib/python3.10/dist-packages/entrance_detection_msgs/msg/_entrance_event.py
-- Symlinking: /workspace/unitree_go2_hoehlenforscher/install/entrance_detection_msgs/local/lib/python3.10/dist-packages/entrance_detection_msgs/msg/_entrance_event_s.c
-- Symlinking: /workspace/unitree_go2_hoehlenforscher/install/entrance_detection_msgs/local/lib/python3.10/dist-packages/entrance_detection_msgs/msg/_entrance_state.py
-- Symlinking: /workspace/unitree_go2_hoehlenforscher/install/entrance_detection_msgs/local/lib/python3.10/dist-packages/entrance_detection_msgs/msg/_entrance_state_s.c
-- Symlinking: /workspace/unitree_go2_hoehlenforscher/install/entrance_detection_msgs/local/lib/python3.10/dist-packages/entrance_detection_msgs/msg/_lidar_gap.py
-- Symlinking: /workspace/unitree_go2_hoehlenforscher/install/entrance_detection_msgs/local/lib/python3.10/dist-packages/entrance_detection_msgs/msg/_lidar_gap_s.c
-- Symlinking: /workspace/unitree_go2_hoehlenforscher/install/entrance_detection_msgs/local/lib/python3.10/dist-packages/entrance_detection_msgs/msg/_motor_status.py
-- Symlinking: /workspace/unitree_go2_hoehlenforscher/install/entrance_detection_msgs/local/lib/python3.10/dist-packages/entrance_detection_msgs/msg/_motor_status_s.c
-- Up-to-date symlink: /workspace/unitree_go2_hoehlenforscher/install/entrance_detection_msgs/local/lib/python3.10/dist-packages/entrance_detection_msgs/entrance_detection_msgs_s__rosidl_typesupport_fastrtps_c.cpython-310-x86_64-linux-gnu.so
-- Up-to-date symlink: /workspace/unitree_go2_hoehlenforscher/install/entrance_detection_msgs/local/lib/python3.10/dist-packages/entrance_detection_msgs/entrance_detection_msgs_s__rosidl_typesupport_introspection_c.cpython-310-x86_64-linux-gnu.so
-- Up-to-date symlink: /workspace/unitree_go2_hoehlenforscher/install/entrance_detection_msgs/local/lib/python3.10/dist-packages/entrance_detection_msgs/entrance_detection_msgs_s__rosidl_typesupport_c.cpython-310-x86_64-linux-gnu.so
-- Symlinking: /workspace/unitree_go2_hoehlenforscher/install/entrance_detection_msgs/share/entrance_detection_msgs/msg/DepthData.idl
-- Symlinking: /workspace/unitree_go2_hoehlenforscher/install/entrance_detection_msgs/share/entrance_detection_msgs/msg/EntranceEvent.idl
-- Symlinking: /workspace/unitree_go2_hoehlenforscher/install/entrance_detection_msgs/share/entrance_detection_msgs/msg/EntranceState.idl
-- Symlinking: /workspace/unitree_go2_hoehlenforscher/install/entrance_detection_msgs/share/entrance_detection_msgs/msg/MotorStatus.idl
-- Symlinking: /workspace/unitree_go2_hoehlenforscher/install/entrance_detection_msgs/share/entrance_detection_msgs/msg/LidarGap.idl
-- Symlinking: /workspace/unitree_go2_hoehlenforscher/install/entrance_detection_msgs/share/entrance_detection_msgs/msg/DepthData.msg
-- Symlinking: /workspace/unitree_go2_hoehlenforscher/install/entrance_detection_msgs/share/entrance_detection_msgs/msg/EntranceEvent.msg
-- Symlinking: /workspace/unitree_go2_hoehlenforscher/install/entrance_detection_msgs/share/entrance_detection_msgs/msg/EntranceState.msg
-- Symlinking: /workspace/unitree_go2_hoehlenforscher/install/entrance_detection_msgs/share/entrance_detection_msgs/msg/MotorStatus.msg
-- Symlinking: /workspace/unitree_go2_hoehlenforscher/install/entrance_detection_msgs/share/entrance_detection_msgs/msg/LidarGap.msg
-- Symlinking: /workspace/unitree_go2_hoehlenforscher/install/entrance_detection_msgs/share/ament_index/resource_index/package_run_dependencies/entrance_detection_msgs
-- Symlinking: /workspace/unitree_go2_hoehlenforscher/install/entrance_detection_msgs/share/ament_index/resource_index/parent_prefix_path/entrance_detection_msgs
-- Symlinking: /workspace/unitree_go2_hoehlenforscher/install/entrance_detection_msgs/share/entrance_detection_msgs/environment/ament_prefix_path.sh
-- Symlinking: /workspace/unitree_go2_hoehlenforscher/install/entrance_detection_msgs/share/entrance_detection_msgs/environment/ament_prefix_path.dsv
-- Symlinking: /workspace/unitree_go2_hoehlenforscher/install/entrance_detection_msgs/share/entrance_detection_msgs/environment/path.sh
-- Symlinking: /workspace/unitree_go2_hoehlenforscher/install/entrance_detection_msgs/share/entrance_detection_msgs/environment/path.dsv
-- Symlinking: /workspace/unitree_go2_hoehlenforscher/install/entrance_detection_msgs/share/entrance_detection_msgs/local_setup.bash
-- Symlinking: /workspace/unitree_go2_hoehlenforscher/install/entrance_detection_msgs/share/entrance_detection_msgs/local_setup.sh
-- Symlinking: /workspace/unitree_go2_hoehlenforscher/install/entrance_detection_msgs/share/entrance_detection_msgs/local_setup.zsh
-- Symlinking: /workspace/unitree_go2_hoehlenforscher/install/entrance_detection_msgs/share/entrance_detection_msgs/local_setup.dsv
-- Symlinking: /workspace/unitree_go2_hoehlenforscher/install/entrance_detection_msgs/share/entrance_detection_msgs/package.dsv
-- Symlinking: /workspace/unitree_go2_hoehlenforscher/install/entrance_detection_msgs/share/ament_index/resource_index/packages/entrance_detection_msgs
-- Symlinking: /workspace/unitree_go2_hoehlenforscher/install/entrance_detection_msgs/share/entrance_detection_msgs/cmake/rosidl_cmake-extras.cmake
-- Symlinking: /workspace/unitree_go2_hoehlenforscher/install/entrance_detection_msgs/share/entrance_detection_msgs/cmake/ament_cmake_export_dependencies-extras.cmake
-- Symlinking: /workspace/unitree_go2_hoehlenforscher/install/entrance_detection_msgs/share/entrance_detection_msgs/cmake/ament_cmake_export_include_directories-extras.cmake
-- Symlinking: /workspace/unitree_go2_hoehlenforscher/install/entrance_detection_msgs/share/entrance_detection_msgs/cmake/ament_cmake_export_libraries-extras.cmake
-- Symlinking: /workspace/unitree_go2_hoehlenforscher/install/entrance_detection_msgs/share/entrance_detection_msgs/cmake/ament_cmake_export_targets-extras.cmake
-- Symlinking: /workspace/unitree_go2_hoehlenforscher/install/entrance_detection_msgs/share/entrance_detection_msgs/cmake/rosidl_cmake_export_typesupport_targets-extras.cmake
-- Symlinking: /workspace/unitree_go2_hoehlenforscher/install/entrance_detection_msgs/share/entrance_detection_msgs/cmake/rosidl_cmake_export_typesupport_libraries-extras.cmake
-- Symlinking: /workspace/unitree_go2_hoehlenforscher/install/entrance_detection_msgs/share/entrance_detection_msgs/cmake/entrance_detection_msgsConfig.cmake
-- Symlinking: /workspace/unitree_go2_hoehlenforscher/install/entrance_detection_msgs/share/entrance_detection_msgs/cmake/entrance_detection_msgsConfig-version.cmake
-- Symlinking: /workspace/unitree_go2_hoehlenforscher/install/entrance_detection_msgs/share/entrance_detection_msgs/package.xml
-- Installing: /workspace/unitree_go2_hoehlenforscher/install/entrance_detection_msgs/lib/libentrance_detection_msgs__rosidl_generator_c.so
-- Set runtime path of "/workspace/unitree_go2_hoehlenforscher/install/entrance_detection_msgs/lib/libentrance_detection_msgs__rosidl_generator_c.so" to ""
-- Installing: /workspace/unitree_go2_hoehlenforscher/install/entrance_detection_msgs/lib/libentrance_detection_msgs__rosidl_typesupport_fastrtps_c.so
-- Set runtime path of "/workspace/unitree_go2_hoehlenforscher/install/entrance_detection_msgs/lib/libentrance_detection_msgs__rosidl_typesupport_fastrtps_c.so" to ""
-- Installing: /workspace/unitree_go2_hoehlenforscher/install/entrance_detection_msgs/lib/libentrance_detection_msgs__rosidl_typesupport_introspection_c.so
-- Set runtime path of "/workspace/unitree_go2_hoehlenforscher/install/entrance_detection_msgs/lib/libentrance_detection_msgs__rosidl_typesupport_introspection_c.so" to ""
-- Installing: /workspace/unitree_go2_hoehlenforscher/install/entrance_detection_msgs/lib/libentrance_detection_msgs__rosidl_typesupport_c.so
-- Set runtime path of "/workspace/unitree_go2_hoehlenforscher/install/entrance_detection_msgs/lib/libentrance_detection_msgs__rosidl_typesupport_c.so" to ""
-- Installing: /workspace/unitree_go2_hoehlenforscher/install/entrance_detection_msgs/lib/libentrance_detection_msgs__rosidl_typesupport_fastrtps_cpp.so
-- Set runtime path of "/workspace/unitree_go2_hoehlenforscher/install/entrance_detection_msgs/lib/libentrance_detection_msgs__rosidl_typesupport_fastrtps_cpp.so" to ""
-- Installing: /workspace/unitree_go2_hoehlenforscher/install/entrance_detection_msgs/lib/libentrance_detection_msgs__rosidl_typesupport_introspection_cpp.so
-- Set runtime path of "/workspace/unitree_go2_hoehlenforscher/install/entrance_detection_msgs/lib/libentrance_detection_msgs__rosidl_typesupport_introspection_cpp.so" to ""
-- Installing: /workspace/unitree_go2_hoehlenforscher/install/entrance_detection_msgs/lib/libentrance_detection_msgs__rosidl_typesupport_cpp.so
-- Set runtime path of "/workspace/unitree_go2_hoehlenforscher/install/entrance_detection_msgs/lib/libentrance_detection_msgs__rosidl_typesupport_cpp.so" to ""
Listing '/workspace/unitree_go2_hoehlenforscher/install/entrance_detection_msgs/local/lib/python3.10/dist-packages/entrance_detection_msgs'...
Compiling '/workspace/unitree_go2_hoehlenforscher/install/entrance_detection_msgs/local/lib/python3.10/dist-packages/entrance_detection_msgs/__init__.py'...
Listing '/workspace/unitree_go2_hoehlenforscher/install/entrance_detection_msgs/local/lib/python3.10/dist-packages/entrance_detection_msgs/msg'...
Compiling '/workspace/unitree_go2_hoehlenforscher/install/entrance_detection_msgs/local/lib/python3.10/dist-packages/entrance_detection_msgs/msg/__init__.py'...
Compiling '/workspace/unitree_go2_hoehlenforscher/install/entrance_detection_msgs/local/lib/python3.10/dist-packages/entrance_detection_msgs/msg/_depth_data.py'...
Compiling '/workspace/unitree_go2_hoehlenforscher/install/entrance_detection_msgs/local/lib/python3.10/dist-packages/entrance_detection_msgs/msg/_entrance_event.py'...
Compiling '/workspace/unitree_go2_hoehlenforscher/install/entrance_detection_msgs/local/lib/python3.10/dist-packages/entrance_detection_msgs/msg/_entrance_state.py'...
Compiling '/workspace/unitree_go2_hoehlenforscher/install/entrance_detection_msgs/local/lib/python3.10/dist-packages/entrance_detection_msgs/msg/_lidar_gap.py'...
Compiling '/workspace/unitree_go2_hoehlenforscher/install/entrance_detection_msgs/local/lib/python3.10/dist-packages/entrance_detection_msgs/msg/_motor_status.py'...
-- Installing: /workspace/unitree_go2_hoehlenforscher/install/entrance_detection_msgs/lib/libentrance_detection_msgs__rosidl_generator_py.so
-- Set runtime path of "/workspace/unitree_go2_hoehlenforscher/install/entrance_detection_msgs/lib/libentrance_detection_msgs__rosidl_generator_py.so" to ""
-- Installing: /workspace/unitree_go2_hoehlenforscher/install/entrance_detection_msgs/share/entrance_detection_msgs/cmake/export_entrance_detection_msgs__rosidl_generator_cExport.cmake
-- Installing: /workspace/unitree_go2_hoehlenforscher/install/entrance_detection_msgs/share/entrance_detection_msgs/cmake/export_entrance_detection_msgs__rosidl_generator_cExport-noconfig.cmake
-- Installing: /workspace/unitree_go2_hoehlenforscher/install/entrance_detection_msgs/share/entrance_detection_msgs/cmake/export_entrance_detection_msgs__rosidl_typesupport_fastrtps_cExport.cmake
-- Installing: /workspace/unitree_go2_hoehlenforscher/install/entrance_detection_msgs/share/entrance_detection_msgs/cmake/export_entrance_detection_msgs__rosidl_typesupport_fastrtps_cExport-noconfig.cmake
-- Installing: /workspace/unitree_go2_hoehlenforscher/install/entrance_detection_msgs/share/entrance_detection_msgs/cmake/entrance_detection_msgs__rosidl_typesupport_introspection_cExport.cmake
-- Installing: /workspace/unitree_go2_hoehlenforscher/install/entrance_detection_msgs/share/entrance_detection_msgs/cmake/entrance_detection_msgs__rosidl_typesupport_introspection_cExport-noconfig.cmake
-- Installing: /workspace/unitree_go2_hoehlenforscher/install/entrance_detection_msgs/share/entrance_detection_msgs/cmake/entrance_detection_msgs__rosidl_typesupport_cExport.cmake
-- Installing: /workspace/unitree_go2_hoehlenforscher/install/entrance_detection_msgs/share/entrance_detection_msgs/cmake/entrance_detection_msgs__rosidl_typesupport_cExport-noconfig.cmake
-- Installing: /workspace/unitree_go2_hoehlenforscher/install/entrance_detection_msgs/share/entrance_detection_msgs/cmake/export_entrance_detection_msgs__rosidl_generator_cppExport.cmake
-- Installing: /workspace/unitree_go2_hoehlenforscher/install/entrance_detection_msgs/share/entrance_detection_msgs/cmake/export_entrance_detection_msgs__rosidl_typesupport_fastrtps_cppExport.cmake
-- Installing: /workspace/unitree_go2_hoehlenforscher/install/entrance_detection_msgs/share/entrance_detection_msgs/cmake/export_entrance_detection_msgs__rosidl_typesupport_fastrtps_cppExport-noconfig.cmake
-- Installing: /workspace/unitree_go2_hoehlenforscher/install/entrance_detection_msgs/share/entrance_detection_msgs/cmake/entrance_detection_msgs__rosidl_typesupport_introspection_cppExport.cmake
-- Installing: /workspace/unitree_go2_hoehlenforscher/install/entrance_detection_msgs/share/entrance_detection_msgs/cmake/entrance_detection_msgs__rosidl_typesupport_introspection_cppExport-noconfig.cmake
-- Installing: /workspace/unitree_go2_hoehlenforscher/install/entrance_detection_msgs/share/entrance_detection_msgs/cmake/entrance_detection_msgs__rosidl_typesupport_cppExport.cmake
-- Installing: /workspace/unitree_go2_hoehlenforscher/install/entrance_detection_msgs/share/entrance_detection_msgs/cmake/entrance_detection_msgs__rosidl_typesupport_cppExport-noconfig.cmake
-- Installing: /workspace/unitree_go2_hoehlenforscher/install/entrance_detection_msgs/share/entrance_detection_msgs/cmake/export_entrance_detection_msgs__rosidl_generator_pyExport.cmake
-- Installing: /workspace/unitree_go2_hoehlenforscher/install/entrance_detection_msgs/share/entrance_detection_msgs/cmake/export_entrance_detection_msgs__rosidl_generator_pyExport-noconfig.cmake
