[0.020s] Invoking command in '/workspace/unitree_go2_hoehlenforscher/build/entrance_detection_msgs': CMAKE_PREFIX_PATH=${CMAKE_PREFIX_PATH}:/opt/ros/humble /usr/bin/cmake /workspace/unitree_go2_hoehlenforscher/ros2_nodes/entrance_detection_msgs -DAMENT_CMAKE_SYMLINK_INSTALL=1 -DCMAKE_INSTALL_PREFIX=/workspace/unitree_go2_hoehlenforscher/install/entrance_detection_msgs
[0.250s] -- The C compiler identification is Clang 18.1.8
[0.369s] -- The CXX compiler identification is Clang 18.1.8
[0.376s] -- Detecting C compiler ABI info
[0.542s] -- Detecting C compiler ABI info - done
[0.558s] -- Check for working C compiler: /usr/bin/clang-18 - skipped
[0.559s] -- Detecting C compile features
[0.560s] -- Detecting C compile features - done
[0.566s] -- Detecting CXX compiler ABI info
[0.754s] -- Detecting CXX compiler ABI info - done
[0.760s] -- Check for working CXX compiler: /usr/bin/clang++-18 - skipped
[0.760s] -- Detecting CXX compile features
[0.760s] -- Detecting CXX compile features - done
[0.766s] -- Found ament_cmake: 1.3.12 (/opt/ros/humble/share/ament_cmake/cmake)
[1.062s] -- Found Python3: /usr/bin/python3 (found version "3.10.12") found components: Interpreter 
[1.193s] -- Override CMake install command with custom implementation using symlinks instead of copying resources
[1.239s] -- Found rosidl_default_generators: 1.2.0 (/opt/ros/humble/share/rosidl_default_generators/cmake)
[1.244s] -- Using all available rosidl_typesupport_c: rosidl_typesupport_fastrtps_c;rosidl_typesupport_introspection_c
[1.254s] -- Found rosidl_adapter: 3.1.7 (/opt/ros/humble/share/rosidl_adapter/cmake)
[1.297s] -- Using all available rosidl_typesupport_cpp: rosidl_typesupport_fastrtps_cpp;rosidl_typesupport_introspection_cpp
[1.341s] -- Found std_msgs: 4.9.0 (/opt/ros/humble/share/std_msgs/cmake)
[1.382s] -- Found sensor_msgs: 4.9.0 (/opt/ros/humble/share/sensor_msgs/cmake)
[2.004s] -- Found ament_cmake_ros: 0.10.0 (/opt/ros/humble/share/ament_cmake_ros/cmake)
[2.481s] -- Using all available rosidl_typesupport_c: rosidl_typesupport_fastrtps_c;rosidl_typesupport_introspection_c
[3.211s] -- Using all available rosidl_typesupport_cpp: rosidl_typesupport_fastrtps_cpp;rosidl_typesupport_introspection_cpp
[3.278s] -- Found PythonInterp: /usr/bin/python3 (found suitable version "3.10.12", minimum required is "3.6") 
[3.282s] -- Found python_cmake_module: 0.10.0 (/opt/ros/humble/share/python_cmake_module/cmake)
[3.331s] -- Found PythonLibs: /usr/lib/x86_64-linux-gnu/libpython3.10.so (found suitable version "3.10.12", minimum required is "3.5") 
[3.331s] -- Using PYTHON_EXECUTABLE: /usr/bin/python3
[3.331s] -- Using PYTHON_INCLUDE_DIRS: /usr/include/python3.10
[3.331s] -- Using PYTHON_LIBRARIES: /usr/lib/x86_64-linux-gnu/libpython3.10.so
[3.378s] -- Found PythonExtra: .so  
[3.559s] -- Configuring done
[3.605s] -- Generating done
[3.617s] -- Build files have been written to: /workspace/unitree_go2_hoehlenforscher/build/entrance_detection_msgs
[3.635s] Invoked command in '/workspace/unitree_go2_hoehlenforscher/build/entrance_detection_msgs' returned '0': CMAKE_PREFIX_PATH=${CMAKE_PREFIX_PATH}:/opt/ros/humble /usr/bin/cmake /workspace/unitree_go2_hoehlenforscher/ros2_nodes/entrance_detection_msgs -DAMENT_CMAKE_SYMLINK_INSTALL=1 -DCMAKE_INSTALL_PREFIX=/workspace/unitree_go2_hoehlenforscher/install/entrance_detection_msgs
[3.640s] Invoking command in '/workspace/unitree_go2_hoehlenforscher/build/entrance_detection_msgs': CMAKE_PREFIX_PATH=${CMAKE_PREFIX_PATH}:/opt/ros/humble /usr/bin/cmake --build /workspace/unitree_go2_hoehlenforscher/build/entrance_detection_msgs -- -j16 -l16
[3.713s] [  1%] [34m[1mGenerating C code for ROS interfaces[0m
[3.739s] [  3%] [34m[1mGenerating C++ code for ROS interfaces[0m
[3.757s] [  3%] Built target ament_cmake_python_symlink_entrance_detection_msgs
[4.071s] running egg_info
[4.072s] creating entrance_detection_msgs.egg-info
[4.072s] writing entrance_detection_msgs.egg-info/PKG-INFO
[4.072s] writing dependency_links to entrance_detection_msgs.egg-info/dependency_links.txt
[4.072s] writing top-level names to entrance_detection_msgs.egg-info/top_level.txt
[4.073s] writing manifest file 'entrance_detection_msgs.egg-info/SOURCES.txt'
[4.075s] reading manifest file 'entrance_detection_msgs.egg-info/SOURCES.txt'
[4.075s] writing manifest file 'entrance_detection_msgs.egg-info/SOURCES.txt'
[4.109s] [  3%] Built target ament_cmake_python_build_entrance_detection_msgs_egg
[4.654s] [  3%] Built target entrance_detection_msgs__cpp
[4.676s] [  4%] [34m[1mGenerating C++ type support dispatch for ROS interfaces[0m
[4.678s] [  6%] [34m[1mGenerating C++ introspection for ROS interfaces[0m
[4.679s] [  7%] [34m[1mGenerating C++ type support for eProsima Fast-RTPS[0m
[4.710s] [  9%] [32mBuilding C object CMakeFiles/entrance_detection_msgs__rosidl_generator_c.dir/rosidl_generator_c/entrance_detection_msgs/msg/detail/lidar_gap__functions.c.o[0m
[4.711s] [ 11%] [32mBuilding C object CMakeFiles/entrance_detection_msgs__rosidl_generator_c.dir/rosidl_generator_c/entrance_detection_msgs/msg/detail/depth_data__functions.c.o[0m
[4.712s] [ 12%] [32mBuilding C object CMakeFiles/entrance_detection_msgs__rosidl_generator_c.dir/rosidl_generator_c/entrance_detection_msgs/msg/detail/motor_status__functions.c.o[0m
[4.712s] [ 14%] [32mBuilding C object CMakeFiles/entrance_detection_msgs__rosidl_generator_c.dir/rosidl_generator_c/entrance_detection_msgs/msg/detail/entrance_event__functions.c.o[0m
[4.717s] [ 15%] [32mBuilding C object CMakeFiles/entrance_detection_msgs__rosidl_generator_c.dir/rosidl_generator_c/entrance_detection_msgs/msg/detail/entrance_state__functions.c.o[0m
[4.798s] [ 17%] [32m[1mLinking C shared library libentrance_detection_msgs__rosidl_generator_c.so[0m
[4.891s] [ 17%] Built target entrance_detection_msgs__rosidl_generator_c
[4.908s] [ 19%] [34m[1mGenerating C type support for eProsima Fast-RTPS[0m
[4.909s] [ 20%] [34m[1mGenerating C introspection for ROS interfaces[0m
[4.910s] [ 22%] [34m[1mGenerating C type support dispatch for ROS interfaces[0m
[5.408s] [ 23%] [32mBuilding CXX object CMakeFiles/entrance_detection_msgs__rosidl_typesupport_cpp.dir/rosidl_typesupport_cpp/entrance_detection_msgs/msg/entrance_event__type_support.cpp.o[0m
[5.408s] [ 25%] [32mBuilding CXX object CMakeFiles/entrance_detection_msgs__rosidl_typesupport_cpp.dir/rosidl_typesupport_cpp/entrance_detection_msgs/msg/entrance_state__type_support.cpp.o[0m
[5.409s] [ 26%] [32mBuilding CXX object CMakeFiles/entrance_detection_msgs__rosidl_typesupport_cpp.dir/rosidl_typesupport_cpp/entrance_detection_msgs/msg/depth_data__type_support.cpp.o[0m
[5.418s] [ 28%] [32mBuilding CXX object CMakeFiles/entrance_detection_msgs__rosidl_typesupport_cpp.dir/rosidl_typesupport_cpp/entrance_detection_msgs/msg/motor_status__type_support.cpp.o[0m
[5.423s] [ 30%] [32mBuilding CXX object CMakeFiles/entrance_detection_msgs__rosidl_typesupport_cpp.dir/rosidl_typesupport_cpp/entrance_detection_msgs/msg/lidar_gap__type_support.cpp.o[0m
[5.459s] [ 31%] [32mBuilding CXX object CMakeFiles/entrance_detection_msgs__rosidl_typesupport_introspection_cpp.dir/rosidl_typesupport_introspection_cpp/entrance_detection_msgs/msg/detail/depth_data__type_support.cpp.o[0m
[5.466s] [ 34%] [32mBuilding CXX object CMakeFiles/entrance_detection_msgs__rosidl_typesupport_introspection_cpp.dir/rosidl_typesupport_introspection_cpp/entrance_detection_msgs/msg/detail/entrance_state__type_support.cpp.o[0m
[5.467s] [ 36%] [32mBuilding CXX object CMakeFiles/entrance_detection_msgs__rosidl_typesupport_introspection_cpp.dir/rosidl_typesupport_introspection_cpp/entrance_detection_msgs/msg/detail/lidar_gap__type_support.cpp.o[0m
[5.471s] [ 36%] [32mBuilding CXX object CMakeFiles/entrance_detection_msgs__rosidl_typesupport_introspection_cpp.dir/rosidl_typesupport_introspection_cpp/entrance_detection_msgs/msg/detail/motor_status__type_support.cpp.o[0m
[5.481s] [ 38%] [32mBuilding CXX object CMakeFiles/entrance_detection_msgs__rosidl_typesupport_introspection_cpp.dir/rosidl_typesupport_introspection_cpp/entrance_detection_msgs/msg/detail/entrance_event__type_support.cpp.o[0m
[5.519s] [ 41%] [32mBuilding CXX object CMakeFiles/entrance_detection_msgs__rosidl_typesupport_fastrtps_cpp.dir/rosidl_typesupport_fastrtps_cpp/entrance_detection_msgs/msg/detail/dds_fastrtps/depth_data__type_support.cpp.o[0m
[5.519s] [ 42%] [32mBuilding CXX object CMakeFiles/entrance_detection_msgs__rosidl_typesupport_fastrtps_cpp.dir/rosidl_typesupport_fastrtps_cpp/entrance_detection_msgs/msg/detail/dds_fastrtps/entrance_state__type_support.cpp.o[0m
[5.519s] [ 42%] [32mBuilding CXX object CMakeFiles/entrance_detection_msgs__rosidl_typesupport_fastrtps_cpp.dir/rosidl_typesupport_fastrtps_cpp/entrance_detection_msgs/msg/detail/dds_fastrtps/entrance_event__type_support.cpp.o[0m
[5.834s] [ 44%] [32mBuilding CXX object CMakeFiles/entrance_detection_msgs__rosidl_typesupport_fastrtps_cpp.dir/rosidl_typesupport_fastrtps_cpp/entrance_detection_msgs/msg/detail/dds_fastrtps/motor_status__type_support.cpp.o[0m
[5.861s] [ 46%] [32mBuilding CXX object CMakeFiles/entrance_detection_msgs__rosidl_typesupport_fastrtps_cpp.dir/rosidl_typesupport_fastrtps_cpp/entrance_detection_msgs/msg/detail/dds_fastrtps/lidar_gap__type_support.cpp.o[0m
[5.874s] [ 47%] [32mBuilding CXX object CMakeFiles/entrance_detection_msgs__rosidl_typesupport_c.dir/rosidl_typesupport_c/entrance_detection_msgs/msg/depth_data__type_support.cpp.o[0m
[5.882s] [ 49%] [32m[1mLinking CXX shared library libentrance_detection_msgs__rosidl_typesupport_cpp.so[0m
[5.922s] [ 50%] [32mBuilding CXX object CMakeFiles/entrance_detection_msgs__rosidl_typesupport_c.dir/rosidl_typesupport_c/entrance_detection_msgs/msg/entrance_event__type_support.cpp.o[0m
[5.934s] [ 52%] [32mBuilding CXX object CMakeFiles/entrance_detection_msgs__rosidl_typesupport_c.dir/rosidl_typesupport_c/entrance_detection_msgs/msg/entrance_state__type_support.cpp.o[0m
[5.941s] [ 53%] [32mBuilding CXX object CMakeFiles/entrance_detection_msgs__rosidl_typesupport_c.dir/rosidl_typesupport_c/entrance_detection_msgs/msg/motor_status__type_support.cpp.o[0m
[5.959s] [ 55%] [32mBuilding C object CMakeFiles/entrance_detection_msgs__rosidl_typesupport_introspection_c.dir/rosidl_typesupport_introspection_c/entrance_detection_msgs/msg/detail/depth_data__type_support.c.o[0m
[5.959s] [ 57%] [32mBuilding CXX object CMakeFiles/entrance_detection_msgs__rosidl_typesupport_fastrtps_c.dir/rosidl_typesupport_fastrtps_c/entrance_detection_msgs/msg/detail/depth_data__type_support_c.cpp.o[0m
[5.988s] [ 58%] [32mBuilding CXX object CMakeFiles/entrance_detection_msgs__rosidl_typesupport_fastrtps_c.dir/rosidl_typesupport_fastrtps_c/entrance_detection_msgs/msg/detail/entrance_event__type_support_c.cpp.o[0m
[6.014s] [ 60%] [32mBuilding CXX object CMakeFiles/entrance_detection_msgs__rosidl_typesupport_c.dir/rosidl_typesupport_c/entrance_detection_msgs/msg/lidar_gap__type_support.cpp.o[0m
[6.030s] [ 61%] [32mBuilding CXX object CMakeFiles/entrance_detection_msgs__rosidl_typesupport_fastrtps_c.dir/rosidl_typesupport_fastrtps_c/entrance_detection_msgs/msg/detail/entrance_state__type_support_c.cpp.o[0m
[6.033s] [ 63%] [32mBuilding C object CMakeFiles/entrance_detection_msgs__rosidl_typesupport_introspection_c.dir/rosidl_typesupport_introspection_c/entrance_detection_msgs/msg/detail/entrance_event__type_support.c.o[0m
[6.033s] [ 63%] Built target entrance_detection_msgs__rosidl_typesupport_cpp
[6.045s] [ 65%] [32mBuilding CXX object CMakeFiles/entrance_detection_msgs__rosidl_typesupport_fastrtps_c.dir/rosidl_typesupport_fastrtps_c/entrance_detection_msgs/msg/detail/motor_status__type_support_c.cpp.o[0m
[6.049s] [ 66%] [32mBuilding CXX object CMakeFiles/entrance_detection_msgs__rosidl_typesupport_fastrtps_c.dir/rosidl_typesupport_fastrtps_c/entrance_detection_msgs/msg/detail/lidar_gap__type_support_c.cpp.o[0m
[6.057s] [ 69%] [32m[1mLinking CXX shared library libentrance_detection_msgs__rosidl_typesupport_c.so[0m
[6.057s] [ 69%] [32mBuilding C object CMakeFiles/entrance_detection_msgs__rosidl_typesupport_introspection_c.dir/rosidl_typesupport_introspection_c/entrance_detection_msgs/msg/detail/entrance_state__type_support.c.o[0m
[6.068s] [ 71%] [32mBuilding C object CMakeFiles/entrance_detection_msgs__rosidl_typesupport_introspection_c.dir/rosidl_typesupport_introspection_c/entrance_detection_msgs/msg/detail/motor_status__type_support.c.o[0m
[6.087s] [ 73%] [32mBuilding C object CMakeFiles/entrance_detection_msgs__rosidl_typesupport_introspection_c.dir/rosidl_typesupport_introspection_c/entrance_detection_msgs/msg/detail/lidar_gap__type_support.c.o[0m
[6.117s] [ 74%] [32m[1mLinking CXX shared library libentrance_detection_msgs__rosidl_typesupport_introspection_cpp.so[0m
[6.158s] [ 76%] [32m[1mLinking C shared library libentrance_detection_msgs__rosidl_typesupport_introspection_c.so[0m
[6.221s] [ 76%] Built target entrance_detection_msgs__rosidl_typesupport_c
[6.231s] [ 76%] Built target entrance_detection_msgs__rosidl_typesupport_introspection_cpp
[6.239s] [ 76%] Built target entrance_detection_msgs__rosidl_typesupport_introspection_c
[6.394s] [ 77%] [32m[1mLinking CXX shared library libentrance_detection_msgs__rosidl_typesupport_fastrtps_cpp.so[0m
[6.450s] [ 79%] [32m[1mLinking CXX shared library libentrance_detection_msgs__rosidl_typesupport_fastrtps_c.so[0m
[6.506s] [ 79%] Built target entrance_detection_msgs__rosidl_typesupport_fastrtps_cpp
[6.544s] [ 79%] Built target entrance_detection_msgs__rosidl_typesupport_fastrtps_c
[6.583s] [ 79%] Built target entrance_detection_msgs
[6.619s] [ 80%] [34m[1mGenerating Python code for ROS interfaces[0m
[8.257s] [ 80%] Built target entrance_detection_msgs__py
[8.295s] [ 82%] [32mBuilding C object CMakeFiles/entrance_detection_msgs__rosidl_generator_py.dir/rosidl_generator_py/entrance_detection_msgs/msg/_depth_data_s.c.o[0m
[8.298s] [ 84%] [32mBuilding C object CMakeFiles/entrance_detection_msgs__rosidl_generator_py.dir/rosidl_generator_py/entrance_detection_msgs/msg/_entrance_state_s.c.o[0m
[8.299s] [ 85%] [32mBuilding C object CMakeFiles/entrance_detection_msgs__rosidl_generator_py.dir/rosidl_generator_py/entrance_detection_msgs/msg/_lidar_gap_s.c.o[0m
[8.300s] [ 88%] [32mBuilding C object CMakeFiles/entrance_detection_msgs__rosidl_generator_py.dir/rosidl_generator_py/entrance_detection_msgs/msg/_entrance_event_s.c.o[0m
[8.300s] [ 88%] [32mBuilding C object CMakeFiles/entrance_detection_msgs__rosidl_generator_py.dir/rosidl_generator_py/entrance_detection_msgs/msg/_motor_status_s.c.o[0m
[8.460s] [ 90%] [32m[1mLinking C shared library rosidl_generator_py/entrance_detection_msgs/libentrance_detection_msgs__rosidl_generator_py.so[0m
[8.538s] [ 90%] Built target entrance_detection_msgs__rosidl_generator_py
[8.585s] [ 92%] [32mBuilding C object CMakeFiles/entrance_detection_msgs__rosidl_typesupport_fastrtps_c__pyext.dir/rosidl_generator_py/entrance_detection_msgs/_entrance_detection_msgs_s.ep.rosidl_typesupport_fastrtps_c.c.o[0m
[8.586s] [ 93%] [32mBuilding C object CMakeFiles/entrance_detection_msgs__rosidl_typesupport_introspection_c__pyext.dir/rosidl_generator_py/entrance_detection_msgs/_entrance_detection_msgs_s.ep.rosidl_typesupport_introspection_c.c.o[0m
[8.588s] [ 95%] [32mBuilding C object CMakeFiles/entrance_detection_msgs__rosidl_typesupport_c__pyext.dir/rosidl_generator_py/entrance_detection_msgs/_entrance_detection_msgs_s.ep.rosidl_typesupport_c.c.o[0m
[8.759s] [ 96%] [32m[1mLinking C shared library rosidl_generator_py/entrance_detection_msgs/entrance_detection_msgs_s__rosidl_typesupport_introspection_c.cpython-310-x86_64-linux-gnu.so[0m
[8.759s] [ 98%] [32m[1mLinking C shared library rosidl_generator_py/entrance_detection_msgs/entrance_detection_msgs_s__rosidl_typesupport_c.cpython-310-x86_64-linux-gnu.so[0m
[8.770s] [100%] [32m[1mLinking C shared library rosidl_generator_py/entrance_detection_msgs/entrance_detection_msgs_s__rosidl_typesupport_fastrtps_c.cpython-310-x86_64-linux-gnu.so[0m
[8.868s] [100%] Built target entrance_detection_msgs__rosidl_typesupport_introspection_c__pyext
[8.869s] [100%] Built target entrance_detection_msgs__rosidl_typesupport_c__pyext
[8.889s] [100%] Built target entrance_detection_msgs__rosidl_typesupport_fastrtps_c__pyext
[8.911s] Invoked command in '/workspace/unitree_go2_hoehlenforscher/build/entrance_detection_msgs' returned '0': CMAKE_PREFIX_PATH=${CMAKE_PREFIX_PATH}:/opt/ros/humble /usr/bin/cmake --build /workspace/unitree_go2_hoehlenforscher/build/entrance_detection_msgs -- -j16 -l16
[8.930s] Invoking command in '/workspace/unitree_go2_hoehlenforscher/build/entrance_detection_msgs': CMAKE_PREFIX_PATH=${CMAKE_PREFIX_PATH}:/opt/ros/humble /usr/bin/cmake --install /workspace/unitree_go2_hoehlenforscher/build/entrance_detection_msgs
[8.947s] -- Install configuration: ""
[8.949s] -- Execute custom install script
[8.949s] -- Symlinking: /workspace/unitree_go2_hoehlenforscher/install/entrance_detection_msgs/share/ament_index/resource_index/rosidl_interfaces/entrance_detection_msgs
[8.970s] -- Symlinking: /workspace/unitree_go2_hoehlenforscher/install/entrance_detection_msgs/include/entrance_detection_msgs/entrance_detection_msgs/msg/depth_data.h
[8.985s] -- Symlinking: /workspace/unitree_go2_hoehlenforscher/install/entrance_detection_msgs/include/entrance_detection_msgs/entrance_detection_msgs/msg/detail/depth_data__functions.h
[9.000s] -- Symlinking: /workspace/unitree_go2_hoehlenforscher/install/entrance_detection_msgs/include/entrance_detection_msgs/entrance_detection_msgs/msg/detail/depth_data__struct.h
[9.014s] -- Symlinking: /workspace/unitree_go2_hoehlenforscher/install/entrance_detection_msgs/include/entrance_detection_msgs/entrance_detection_msgs/msg/detail/depth_data__type_support.h
[9.027s] -- Symlinking: /workspace/unitree_go2_hoehlenforscher/install/entrance_detection_msgs/include/entrance_detection_msgs/entrance_detection_msgs/msg/detail/entrance_event__functions.h
[9.040s] -- Symlinking: /workspace/unitree_go2_hoehlenforscher/install/entrance_detection_msgs/include/entrance_detection_msgs/entrance_detection_msgs/msg/detail/entrance_event__struct.h
[9.057s] -- Symlinking: /workspace/unitree_go2_hoehlenforscher/install/entrance_detection_msgs/include/entrance_detection_msgs/entrance_detection_msgs/msg/detail/entrance_event__type_support.h
[9.074s] -- Symlinking: /workspace/unitree_go2_hoehlenforscher/install/entrance_detection_msgs/include/entrance_detection_msgs/entrance_detection_msgs/msg/detail/entrance_state__functions.h
[9.088s] -- Symlinking: /workspace/unitree_go2_hoehlenforscher/install/entrance_detection_msgs/include/entrance_detection_msgs/entrance_detection_msgs/msg/detail/entrance_state__struct.h
[9.100s] -- Symlinking: /workspace/unitree_go2_hoehlenforscher/install/entrance_detection_msgs/include/entrance_detection_msgs/entrance_detection_msgs/msg/detail/entrance_state__type_support.h
[9.115s] -- Symlinking: /workspace/unitree_go2_hoehlenforscher/install/entrance_detection_msgs/include/entrance_detection_msgs/entrance_detection_msgs/msg/detail/lidar_gap__functions.h
[9.130s] -- Symlinking: /workspace/unitree_go2_hoehlenforscher/install/entrance_detection_msgs/include/entrance_detection_msgs/entrance_detection_msgs/msg/detail/lidar_gap__struct.h
[9.147s] -- Symlinking: /workspace/unitree_go2_hoehlenforscher/install/entrance_detection_msgs/include/entrance_detection_msgs/entrance_detection_msgs/msg/detail/lidar_gap__type_support.h
[9.166s] -- Symlinking: /workspace/unitree_go2_hoehlenforscher/install/entrance_detection_msgs/include/entrance_detection_msgs/entrance_detection_msgs/msg/detail/motor_status__functions.h
[9.182s] -- Symlinking: /workspace/unitree_go2_hoehlenforscher/install/entrance_detection_msgs/include/entrance_detection_msgs/entrance_detection_msgs/msg/detail/motor_status__struct.h
[9.195s] -- Symlinking: /workspace/unitree_go2_hoehlenforscher/install/entrance_detection_msgs/include/entrance_detection_msgs/entrance_detection_msgs/msg/detail/motor_status__type_support.h
[9.206s] -- Symlinking: /workspace/unitree_go2_hoehlenforscher/install/entrance_detection_msgs/include/entrance_detection_msgs/entrance_detection_msgs/msg/entrance_event.h
[9.215s] -- Symlinking: /workspace/unitree_go2_hoehlenforscher/install/entrance_detection_msgs/include/entrance_detection_msgs/entrance_detection_msgs/msg/entrance_state.h
[9.229s] -- Symlinking: /workspace/unitree_go2_hoehlenforscher/install/entrance_detection_msgs/include/entrance_detection_msgs/entrance_detection_msgs/msg/lidar_gap.h
[9.248s] -- Symlinking: /workspace/unitree_go2_hoehlenforscher/install/entrance_detection_msgs/include/entrance_detection_msgs/entrance_detection_msgs/msg/motor_status.h
[9.268s] -- Symlinking: /workspace/unitree_go2_hoehlenforscher/install/entrance_detection_msgs/include/entrance_detection_msgs/entrance_detection_msgs/msg/rosidl_generator_c__visibility_control.h
[9.285s] -- Symlinking: /workspace/unitree_go2_hoehlenforscher/install/entrance_detection_msgs/share/entrance_detection_msgs/environment/library_path.sh
[9.298s] -- Symlinking: /workspace/unitree_go2_hoehlenforscher/install/entrance_detection_msgs/share/entrance_detection_msgs/environment/library_path.dsv
[9.312s] -- Symlinking: /workspace/unitree_go2_hoehlenforscher/install/entrance_detection_msgs/include/entrance_detection_msgs/entrance_detection_msgs/msg/detail/depth_data__rosidl_typesupport_fastrtps_c.h
[9.329s] -- Symlinking: /workspace/unitree_go2_hoehlenforscher/install/entrance_detection_msgs/include/entrance_detection_msgs/entrance_detection_msgs/msg/detail/entrance_event__rosidl_typesupport_fastrtps_c.h
[9.348s] -- Symlinking: /workspace/unitree_go2_hoehlenforscher/install/entrance_detection_msgs/include/entrance_detection_msgs/entrance_detection_msgs/msg/detail/entrance_state__rosidl_typesupport_fastrtps_c.h
[9.369s] -- Symlinking: /workspace/unitree_go2_hoehlenforscher/install/entrance_detection_msgs/include/entrance_detection_msgs/entrance_detection_msgs/msg/detail/lidar_gap__rosidl_typesupport_fastrtps_c.h
[9.386s] -- Symlinking: /workspace/unitree_go2_hoehlenforscher/install/entrance_detection_msgs/include/entrance_detection_msgs/entrance_detection_msgs/msg/detail/motor_status__rosidl_typesupport_fastrtps_c.h
[9.400s] -- Symlinking: /workspace/unitree_go2_hoehlenforscher/install/entrance_detection_msgs/include/entrance_detection_msgs/entrance_detection_msgs/msg/rosidl_typesupport_fastrtps_c__visibility_control.h
[9.413s] -- Symlinking: /workspace/unitree_go2_hoehlenforscher/install/entrance_detection_msgs/include/entrance_detection_msgs/entrance_detection_msgs/msg/detail/depth_data__rosidl_typesupport_introspection_c.h
[9.428s] -- Symlinking: /workspace/unitree_go2_hoehlenforscher/install/entrance_detection_msgs/include/entrance_detection_msgs/entrance_detection_msgs/msg/detail/entrance_event__rosidl_typesupport_introspection_c.h
[9.445s] -- Symlinking: /workspace/unitree_go2_hoehlenforscher/install/entrance_detection_msgs/include/entrance_detection_msgs/entrance_detection_msgs/msg/detail/entrance_state__rosidl_typesupport_introspection_c.h
[9.467s] -- Symlinking: /workspace/unitree_go2_hoehlenforscher/install/entrance_detection_msgs/include/entrance_detection_msgs/entrance_detection_msgs/msg/detail/lidar_gap__rosidl_typesupport_introspection_c.h
[9.488s] -- Symlinking: /workspace/unitree_go2_hoehlenforscher/install/entrance_detection_msgs/include/entrance_detection_msgs/entrance_detection_msgs/msg/detail/motor_status__rosidl_typesupport_introspection_c.h
[9.504s] -- Symlinking: /workspace/unitree_go2_hoehlenforscher/install/entrance_detection_msgs/include/entrance_detection_msgs/entrance_detection_msgs/msg/rosidl_typesupport_introspection_c__visibility_control.h
[9.517s] -- Symlinking: /workspace/unitree_go2_hoehlenforscher/install/entrance_detection_msgs/include/entrance_detection_msgs/entrance_detection_msgs/msg/depth_data.hpp
[9.529s] -- Symlinking: /workspace/unitree_go2_hoehlenforscher/install/entrance_detection_msgs/include/entrance_detection_msgs/entrance_detection_msgs/msg/detail/depth_data__builder.hpp
[9.542s] -- Symlinking: /workspace/unitree_go2_hoehlenforscher/install/entrance_detection_msgs/include/entrance_detection_msgs/entrance_detection_msgs/msg/detail/depth_data__struct.hpp
[9.560s] -- Symlinking: /workspace/unitree_go2_hoehlenforscher/install/entrance_detection_msgs/include/entrance_detection_msgs/entrance_detection_msgs/msg/detail/depth_data__traits.hpp
[9.581s] -- Symlinking: /workspace/unitree_go2_hoehlenforscher/install/entrance_detection_msgs/include/entrance_detection_msgs/entrance_detection_msgs/msg/detail/depth_data__type_support.hpp
[9.598s] -- Symlinking: /workspace/unitree_go2_hoehlenforscher/install/entrance_detection_msgs/include/entrance_detection_msgs/entrance_detection_msgs/msg/detail/entrance_event__builder.hpp
[9.611s] -- Symlinking: /workspace/unitree_go2_hoehlenforscher/install/entrance_detection_msgs/include/entrance_detection_msgs/entrance_detection_msgs/msg/detail/entrance_event__struct.hpp
[9.625s] -- Symlinking: /workspace/unitree_go2_hoehlenforscher/install/entrance_detection_msgs/include/entrance_detection_msgs/entrance_detection_msgs/msg/detail/entrance_event__traits.hpp
[9.641s] -- Symlinking: /workspace/unitree_go2_hoehlenforscher/install/entrance_detection_msgs/include/entrance_detection_msgs/entrance_detection_msgs/msg/detail/entrance_event__type_support.hpp
[9.663s] -- Symlinking: /workspace/unitree_go2_hoehlenforscher/install/entrance_detection_msgs/include/entrance_detection_msgs/entrance_detection_msgs/msg/detail/entrance_state__builder.hpp
[9.683s] -- Symlinking: /workspace/unitree_go2_hoehlenforscher/install/entrance_detection_msgs/include/entrance_detection_msgs/entrance_detection_msgs/msg/detail/entrance_state__struct.hpp
[9.699s] -- Symlinking: /workspace/unitree_go2_hoehlenforscher/install/entrance_detection_msgs/include/entrance_detection_msgs/entrance_detection_msgs/msg/detail/entrance_state__traits.hpp
[9.710s] -- Symlinking: /workspace/unitree_go2_hoehlenforscher/install/entrance_detection_msgs/include/entrance_detection_msgs/entrance_detection_msgs/msg/detail/entrance_state__type_support.hpp
[9.721s] -- Symlinking: /workspace/unitree_go2_hoehlenforscher/install/entrance_detection_msgs/include/entrance_detection_msgs/entrance_detection_msgs/msg/detail/lidar_gap__builder.hpp
[9.731s] -- Symlinking: /workspace/unitree_go2_hoehlenforscher/install/entrance_detection_msgs/include/entrance_detection_msgs/entrance_detection_msgs/msg/detail/lidar_gap__struct.hpp
[9.751s] -- Symlinking: /workspace/unitree_go2_hoehlenforscher/install/entrance_detection_msgs/include/entrance_detection_msgs/entrance_detection_msgs/msg/detail/lidar_gap__traits.hpp
[9.770s] -- Symlinking: /workspace/unitree_go2_hoehlenforscher/install/entrance_detection_msgs/include/entrance_detection_msgs/entrance_detection_msgs/msg/detail/lidar_gap__type_support.hpp
[9.786s] -- Symlinking: /workspace/unitree_go2_hoehlenforscher/install/entrance_detection_msgs/include/entrance_detection_msgs/entrance_detection_msgs/msg/detail/motor_status__builder.hpp
[9.799s] -- Symlinking: /workspace/unitree_go2_hoehlenforscher/install/entrance_detection_msgs/include/entrance_detection_msgs/entrance_detection_msgs/msg/detail/motor_status__struct.hpp
[9.811s] -- Symlinking: /workspace/unitree_go2_hoehlenforscher/install/entrance_detection_msgs/include/entrance_detection_msgs/entrance_detection_msgs/msg/detail/motor_status__traits.hpp
[9.828s] -- Symlinking: /workspace/unitree_go2_hoehlenforscher/install/entrance_detection_msgs/include/entrance_detection_msgs/entrance_detection_msgs/msg/detail/motor_status__type_support.hpp
[9.848s] -- Symlinking: /workspace/unitree_go2_hoehlenforscher/install/entrance_detection_msgs/include/entrance_detection_msgs/entrance_detection_msgs/msg/entrance_event.hpp
[9.868s] -- Symlinking: /workspace/unitree_go2_hoehlenforscher/install/entrance_detection_msgs/include/entrance_detection_msgs/entrance_detection_msgs/msg/entrance_state.hpp
[9.885s] -- Symlinking: /workspace/unitree_go2_hoehlenforscher/install/entrance_detection_msgs/include/entrance_detection_msgs/entrance_detection_msgs/msg/lidar_gap.hpp
[9.900s] -- Symlinking: /workspace/unitree_go2_hoehlenforscher/install/entrance_detection_msgs/include/entrance_detection_msgs/entrance_detection_msgs/msg/motor_status.hpp
[9.912s] -- Symlinking: /workspace/unitree_go2_hoehlenforscher/install/entrance_detection_msgs/include/entrance_detection_msgs/entrance_detection_msgs/msg/rosidl_generator_cpp__visibility_control.hpp
[9.930s] -- Symlinking: /workspace/unitree_go2_hoehlenforscher/install/entrance_detection_msgs/include/entrance_detection_msgs/entrance_detection_msgs/msg/detail/depth_data__rosidl_typesupport_fastrtps_cpp.hpp
[9.947s] -- Symlinking: /workspace/unitree_go2_hoehlenforscher/install/entrance_detection_msgs/include/entrance_detection_msgs/entrance_detection_msgs/msg/detail/entrance_event__rosidl_typesupport_fastrtps_cpp.hpp
[9.964s] -- Symlinking: /workspace/unitree_go2_hoehlenforscher/install/entrance_detection_msgs/include/entrance_detection_msgs/entrance_detection_msgs/msg/detail/entrance_state__rosidl_typesupport_fastrtps_cpp.hpp
[9.981s] -- Symlinking: /workspace/unitree_go2_hoehlenforscher/install/entrance_detection_msgs/include/entrance_detection_msgs/entrance_detection_msgs/msg/detail/lidar_gap__rosidl_typesupport_fastrtps_cpp.hpp
[10.002s] -- Symlinking: /workspace/unitree_go2_hoehlenforscher/install/entrance_detection_msgs/include/entrance_detection_msgs/entrance_detection_msgs/msg/detail/motor_status__rosidl_typesupport_fastrtps_cpp.hpp
[10.022s] -- Symlinking: /workspace/unitree_go2_hoehlenforscher/install/entrance_detection_msgs/include/entrance_detection_msgs/entrance_detection_msgs/msg/rosidl_typesupport_fastrtps_cpp__visibility_control.h
[10.039s] -- Symlinking: /workspace/unitree_go2_hoehlenforscher/install/entrance_detection_msgs/include/entrance_detection_msgs/entrance_detection_msgs/msg/detail/depth_data__rosidl_typesupport_introspection_cpp.hpp
[10.051s] -- Symlinking: /workspace/unitree_go2_hoehlenforscher/install/entrance_detection_msgs/include/entrance_detection_msgs/entrance_detection_msgs/msg/detail/entrance_event__rosidl_typesupport_introspection_cpp.hpp
[10.069s] -- Symlinking: /workspace/unitree_go2_hoehlenforscher/install/entrance_detection_msgs/include/entrance_detection_msgs/entrance_detection_msgs/msg/detail/entrance_state__rosidl_typesupport_introspection_cpp.hpp
[10.088s] -- Symlinking: /workspace/unitree_go2_hoehlenforscher/install/entrance_detection_msgs/include/entrance_detection_msgs/entrance_detection_msgs/msg/detail/lidar_gap__rosidl_typesupport_introspection_cpp.hpp
[10.104s] -- Symlinking: /workspace/unitree_go2_hoehlenforscher/install/entrance_detection_msgs/include/entrance_detection_msgs/entrance_detection_msgs/msg/detail/motor_status__rosidl_typesupport_introspection_cpp.hpp
[10.118s] -- Symlinking: /workspace/unitree_go2_hoehlenforscher/install/entrance_detection_msgs/share/entrance_detection_msgs/environment/pythonpath.sh
[10.129s] -- Symlinking: /workspace/unitree_go2_hoehlenforscher/install/entrance_detection_msgs/share/entrance_detection_msgs/environment/pythonpath.dsv
[10.144s] -- Symlinking: /workspace/unitree_go2_hoehlenforscher/install/entrance_detection_msgs/local/lib/python3.10/dist-packages/entrance_detection_msgs-0.1.0-py3.10.egg-info/PKG-INFO
[10.158s] -- Symlinking: /workspace/unitree_go2_hoehlenforscher/install/entrance_detection_msgs/local/lib/python3.10/dist-packages/entrance_detection_msgs-0.1.0-py3.10.egg-info/SOURCES.txt
[10.178s] -- Symlinking: /workspace/unitree_go2_hoehlenforscher/install/entrance_detection_msgs/local/lib/python3.10/dist-packages/entrance_detection_msgs-0.1.0-py3.10.egg-info/dependency_links.txt
[10.200s] -- Symlinking: /workspace/unitree_go2_hoehlenforscher/install/entrance_detection_msgs/local/lib/python3.10/dist-packages/entrance_detection_msgs-0.1.0-py3.10.egg-info/top_level.txt
[10.217s] -- Symlinking: /workspace/unitree_go2_hoehlenforscher/install/entrance_detection_msgs/local/lib/python3.10/dist-packages/entrance_detection_msgs/__init__.py
[10.232s] -- Symlinking: /workspace/unitree_go2_hoehlenforscher/install/entrance_detection_msgs/local/lib/python3.10/dist-packages/entrance_detection_msgs/_entrance_detection_msgs_s.ep.rosidl_typesupport_c.c
[10.246s] -- Symlinking: /workspace/unitree_go2_hoehlenforscher/install/entrance_detection_msgs/local/lib/python3.10/dist-packages/entrance_detection_msgs/_entrance_detection_msgs_s.ep.rosidl_typesupport_fastrtps_c.c
[10.268s] -- Symlinking: /workspace/unitree_go2_hoehlenforscher/install/entrance_detection_msgs/local/lib/python3.10/dist-packages/entrance_detection_msgs/_entrance_detection_msgs_s.ep.rosidl_typesupport_introspection_c.c
[10.287s] -- Symlinking: /workspace/unitree_go2_hoehlenforscher/install/entrance_detection_msgs/local/lib/python3.10/dist-packages/entrance_detection_msgs/entrance_detection_msgs_s__rosidl_typesupport_c.cpython-310-x86_64-linux-gnu.so
[10.302s] -- Symlinking: /workspace/unitree_go2_hoehlenforscher/install/entrance_detection_msgs/local/lib/python3.10/dist-packages/entrance_detection_msgs/entrance_detection_msgs_s__rosidl_typesupport_fastrtps_c.cpython-310-x86_64-linux-gnu.so
[10.314s] -- Symlinking: /workspace/unitree_go2_hoehlenforscher/install/entrance_detection_msgs/local/lib/python3.10/dist-packages/entrance_detection_msgs/entrance_detection_msgs_s__rosidl_typesupport_introspection_c.cpython-310-x86_64-linux-gnu.so
[10.324s] -- Symlinking: /workspace/unitree_go2_hoehlenforscher/install/entrance_detection_msgs/local/lib/python3.10/dist-packages/entrance_detection_msgs/libentrance_detection_msgs__rosidl_generator_py.so
[10.335s] -- Symlinking: /workspace/unitree_go2_hoehlenforscher/install/entrance_detection_msgs/local/lib/python3.10/dist-packages/entrance_detection_msgs/msg/__init__.py
[10.348s] -- Symlinking: /workspace/unitree_go2_hoehlenforscher/install/entrance_detection_msgs/local/lib/python3.10/dist-packages/entrance_detection_msgs/msg/_depth_data.py
[10.366s] -- Symlinking: /workspace/unitree_go2_hoehlenforscher/install/entrance_detection_msgs/local/lib/python3.10/dist-packages/entrance_detection_msgs/msg/_depth_data_s.c
[10.380s] -- Symlinking: /workspace/unitree_go2_hoehlenforscher/install/entrance_detection_msgs/local/lib/python3.10/dist-packages/entrance_detection_msgs/msg/_entrance_event.py
[10.394s] -- Symlinking: /workspace/unitree_go2_hoehlenforscher/install/entrance_detection_msgs/local/lib/python3.10/dist-packages/entrance_detection_msgs/msg/_entrance_event_s.c
[10.404s] -- Symlinking: /workspace/unitree_go2_hoehlenforscher/install/entrance_detection_msgs/local/lib/python3.10/dist-packages/entrance_detection_msgs/msg/_entrance_state.py
[10.414s] -- Symlinking: /workspace/unitree_go2_hoehlenforscher/install/entrance_detection_msgs/local/lib/python3.10/dist-packages/entrance_detection_msgs/msg/_entrance_state_s.c
[10.425s] -- Symlinking: /workspace/unitree_go2_hoehlenforscher/install/entrance_detection_msgs/local/lib/python3.10/dist-packages/entrance_detection_msgs/msg/_lidar_gap.py
[10.436s] -- Symlinking: /workspace/unitree_go2_hoehlenforscher/install/entrance_detection_msgs/local/lib/python3.10/dist-packages/entrance_detection_msgs/msg/_lidar_gap_s.c
[10.446s] -- Symlinking: /workspace/unitree_go2_hoehlenforscher/install/entrance_detection_msgs/local/lib/python3.10/dist-packages/entrance_detection_msgs/msg/_motor_status.py
[10.459s] -- Symlinking: /workspace/unitree_go2_hoehlenforscher/install/entrance_detection_msgs/local/lib/python3.10/dist-packages/entrance_detection_msgs/msg/_motor_status_s.c
[10.479s] -- Up-to-date symlink: /workspace/unitree_go2_hoehlenforscher/install/entrance_detection_msgs/local/lib/python3.10/dist-packages/entrance_detection_msgs/entrance_detection_msgs_s__rosidl_typesupport_fastrtps_c.cpython-310-x86_64-linux-gnu.so
[10.479s] -- Up-to-date symlink: /workspace/unitree_go2_hoehlenforscher/install/entrance_detection_msgs/local/lib/python3.10/dist-packages/entrance_detection_msgs/entrance_detection_msgs_s__rosidl_typesupport_introspection_c.cpython-310-x86_64-linux-gnu.so
[10.480s] -- Up-to-date symlink: /workspace/unitree_go2_hoehlenforscher/install/entrance_detection_msgs/local/lib/python3.10/dist-packages/entrance_detection_msgs/entrance_detection_msgs_s__rosidl_typesupport_c.cpython-310-x86_64-linux-gnu.so
[10.481s] -- Symlinking: /workspace/unitree_go2_hoehlenforscher/install/entrance_detection_msgs/share/entrance_detection_msgs/msg/DepthData.idl
[10.497s] -- Symlinking: /workspace/unitree_go2_hoehlenforscher/install/entrance_detection_msgs/share/entrance_detection_msgs/msg/EntranceEvent.idl
[10.510s] -- Symlinking: /workspace/unitree_go2_hoehlenforscher/install/entrance_detection_msgs/share/entrance_detection_msgs/msg/EntranceState.idl
[10.526s] -- Symlinking: /workspace/unitree_go2_hoehlenforscher/install/entrance_detection_msgs/share/entrance_detection_msgs/msg/MotorStatus.idl
[10.543s] -- Symlinking: /workspace/unitree_go2_hoehlenforscher/install/entrance_detection_msgs/share/entrance_detection_msgs/msg/LidarGap.idl
[10.565s] -- Symlinking: /workspace/unitree_go2_hoehlenforscher/install/entrance_detection_msgs/share/entrance_detection_msgs/msg/DepthData.msg
[10.583s] -- Symlinking: /workspace/unitree_go2_hoehlenforscher/install/entrance_detection_msgs/share/entrance_detection_msgs/msg/EntranceEvent.msg
[10.601s] -- Symlinking: /workspace/unitree_go2_hoehlenforscher/install/entrance_detection_msgs/share/entrance_detection_msgs/msg/EntranceState.msg
[10.613s] -- Symlinking: /workspace/unitree_go2_hoehlenforscher/install/entrance_detection_msgs/share/entrance_detection_msgs/msg/MotorStatus.msg
[10.629s] -- Symlinking: /workspace/unitree_go2_hoehlenforscher/install/entrance_detection_msgs/share/entrance_detection_msgs/msg/LidarGap.msg
[10.648s] -- Symlinking: /workspace/unitree_go2_hoehlenforscher/install/entrance_detection_msgs/share/ament_index/resource_index/package_run_dependencies/entrance_detection_msgs
[10.666s] -- Symlinking: /workspace/unitree_go2_hoehlenforscher/install/entrance_detection_msgs/share/ament_index/resource_index/parent_prefix_path/entrance_detection_msgs
[10.683s] -- Symlinking: /workspace/unitree_go2_hoehlenforscher/install/entrance_detection_msgs/share/entrance_detection_msgs/environment/ament_prefix_path.sh
[10.699s] -- Symlinking: /workspace/unitree_go2_hoehlenforscher/install/entrance_detection_msgs/share/entrance_detection_msgs/environment/ament_prefix_path.dsv
[10.711s] -- Symlinking: /workspace/unitree_go2_hoehlenforscher/install/entrance_detection_msgs/share/entrance_detection_msgs/environment/path.sh
[10.724s] -- Symlinking: /workspace/unitree_go2_hoehlenforscher/install/entrance_detection_msgs/share/entrance_detection_msgs/environment/path.dsv
[10.742s] -- Symlinking: /workspace/unitree_go2_hoehlenforscher/install/entrance_detection_msgs/share/entrance_detection_msgs/local_setup.bash
[10.762s] -- Symlinking: /workspace/unitree_go2_hoehlenforscher/install/entrance_detection_msgs/share/entrance_detection_msgs/local_setup.sh
[10.781s] -- Symlinking: /workspace/unitree_go2_hoehlenforscher/install/entrance_detection_msgs/share/entrance_detection_msgs/local_setup.zsh
[10.798s] -- Symlinking: /workspace/unitree_go2_hoehlenforscher/install/entrance_detection_msgs/share/entrance_detection_msgs/local_setup.dsv
[10.812s] -- Symlinking: /workspace/unitree_go2_hoehlenforscher/install/entrance_detection_msgs/share/entrance_detection_msgs/package.dsv
[10.826s] -- Symlinking: /workspace/unitree_go2_hoehlenforscher/install/entrance_detection_msgs/share/ament_index/resource_index/packages/entrance_detection_msgs
[10.843s] -- Symlinking: /workspace/unitree_go2_hoehlenforscher/install/entrance_detection_msgs/share/entrance_detection_msgs/cmake/rosidl_cmake-extras.cmake
[10.864s] -- Symlinking: /workspace/unitree_go2_hoehlenforscher/install/entrance_detection_msgs/share/entrance_detection_msgs/cmake/ament_cmake_export_dependencies-extras.cmake
[10.884s] -- Symlinking: /workspace/unitree_go2_hoehlenforscher/install/entrance_detection_msgs/share/entrance_detection_msgs/cmake/ament_cmake_export_include_directories-extras.cmake
[10.900s] -- Symlinking: /workspace/unitree_go2_hoehlenforscher/install/entrance_detection_msgs/share/entrance_detection_msgs/cmake/ament_cmake_export_libraries-extras.cmake
[10.912s] -- Symlinking: /workspace/unitree_go2_hoehlenforscher/install/entrance_detection_msgs/share/entrance_detection_msgs/cmake/ament_cmake_export_targets-extras.cmake
[10.927s] -- Symlinking: /workspace/unitree_go2_hoehlenforscher/install/entrance_detection_msgs/share/entrance_detection_msgs/cmake/rosidl_cmake_export_typesupport_targets-extras.cmake
[10.947s] -- Symlinking: /workspace/unitree_go2_hoehlenforscher/install/entrance_detection_msgs/share/entrance_detection_msgs/cmake/rosidl_cmake_export_typesupport_libraries-extras.cmake
[10.969s] -- Symlinking: /workspace/unitree_go2_hoehlenforscher/install/entrance_detection_msgs/share/entrance_detection_msgs/cmake/entrance_detection_msgsConfig.cmake
[10.987s] -- Symlinking: /workspace/unitree_go2_hoehlenforscher/install/entrance_detection_msgs/share/entrance_detection_msgs/cmake/entrance_detection_msgsConfig-version.cmake
[11.003s] -- Symlinking: /workspace/unitree_go2_hoehlenforscher/install/entrance_detection_msgs/share/entrance_detection_msgs/package.xml
[11.014s] -- Installing: /workspace/unitree_go2_hoehlenforscher/install/entrance_detection_msgs/lib/libentrance_detection_msgs__rosidl_generator_c.so
[11.015s] -- Set runtime path of "/workspace/unitree_go2_hoehlenforscher/install/entrance_detection_msgs/lib/libentrance_detection_msgs__rosidl_generator_c.so" to ""
[11.015s] -- Installing: /workspace/unitree_go2_hoehlenforscher/install/entrance_detection_msgs/lib/libentrance_detection_msgs__rosidl_typesupport_fastrtps_c.so
[11.016s] -- Set runtime path of "/workspace/unitree_go2_hoehlenforscher/install/entrance_detection_msgs/lib/libentrance_detection_msgs__rosidl_typesupport_fastrtps_c.so" to ""
[11.016s] -- Installing: /workspace/unitree_go2_hoehlenforscher/install/entrance_detection_msgs/lib/libentrance_detection_msgs__rosidl_typesupport_introspection_c.so
[11.017s] -- Set runtime path of "/workspace/unitree_go2_hoehlenforscher/install/entrance_detection_msgs/lib/libentrance_detection_msgs__rosidl_typesupport_introspection_c.so" to ""
[11.017s] -- Installing: /workspace/unitree_go2_hoehlenforscher/install/entrance_detection_msgs/lib/libentrance_detection_msgs__rosidl_typesupport_c.so
[11.018s] -- Set runtime path of "/workspace/unitree_go2_hoehlenforscher/install/entrance_detection_msgs/lib/libentrance_detection_msgs__rosidl_typesupport_c.so" to ""
[11.018s] -- Installing: /workspace/unitree_go2_hoehlenforscher/install/entrance_detection_msgs/lib/libentrance_detection_msgs__rosidl_typesupport_fastrtps_cpp.so
[11.019s] -- Set runtime path of "/workspace/unitree_go2_hoehlenforscher/install/entrance_detection_msgs/lib/libentrance_detection_msgs__rosidl_typesupport_fastrtps_cpp.so" to ""
[11.019s] -- Installing: /workspace/unitree_go2_hoehlenforscher/install/entrance_detection_msgs/lib/libentrance_detection_msgs__rosidl_typesupport_introspection_cpp.so
[11.020s] -- Set runtime path of "/workspace/unitree_go2_hoehlenforscher/install/entrance_detection_msgs/lib/libentrance_detection_msgs__rosidl_typesupport_introspection_cpp.so" to ""
[11.020s] -- Installing: /workspace/unitree_go2_hoehlenforscher/install/entrance_detection_msgs/lib/libentrance_detection_msgs__rosidl_typesupport_cpp.so
[11.020s] -- Set runtime path of "/workspace/unitree_go2_hoehlenforscher/install/entrance_detection_msgs/lib/libentrance_detection_msgs__rosidl_typesupport_cpp.so" to ""
[11.116s] Listing '/workspace/unitree_go2_hoehlenforscher/install/entrance_detection_msgs/local/lib/python3.10/dist-packages/entrance_detection_msgs'...
[11.117s] Compiling '/workspace/unitree_go2_hoehlenforscher/install/entrance_detection_msgs/local/lib/python3.10/dist-packages/entrance_detection_msgs/__init__.py'...
[11.117s] Listing '/workspace/unitree_go2_hoehlenforscher/install/entrance_detection_msgs/local/lib/python3.10/dist-packages/entrance_detection_msgs/msg'...
[11.117s] Compiling '/workspace/unitree_go2_hoehlenforscher/install/entrance_detection_msgs/local/lib/python3.10/dist-packages/entrance_detection_msgs/msg/__init__.py'...
[11.117s] Compiling '/workspace/unitree_go2_hoehlenforscher/install/entrance_detection_msgs/local/lib/python3.10/dist-packages/entrance_detection_msgs/msg/_depth_data.py'...
[11.117s] Compiling '/workspace/unitree_go2_hoehlenforscher/install/entrance_detection_msgs/local/lib/python3.10/dist-packages/entrance_detection_msgs/msg/_entrance_event.py'...
[11.117s] Compiling '/workspace/unitree_go2_hoehlenforscher/install/entrance_detection_msgs/local/lib/python3.10/dist-packages/entrance_detection_msgs/msg/_entrance_state.py'...
[11.117s] Compiling '/workspace/unitree_go2_hoehlenforscher/install/entrance_detection_msgs/local/lib/python3.10/dist-packages/entrance_detection_msgs/msg/_lidar_gap.py'...
[11.117s] Compiling '/workspace/unitree_go2_hoehlenforscher/install/entrance_detection_msgs/local/lib/python3.10/dist-packages/entrance_detection_msgs/msg/_motor_status.py'...
[11.123s] -- Installing: /workspace/unitree_go2_hoehlenforscher/install/entrance_detection_msgs/lib/libentrance_detection_msgs__rosidl_generator_py.so
[11.124s] -- Set runtime path of "/workspace/unitree_go2_hoehlenforscher/install/entrance_detection_msgs/lib/libentrance_detection_msgs__rosidl_generator_py.so" to ""
[11.124s] -- Installing: /workspace/unitree_go2_hoehlenforscher/install/entrance_detection_msgs/share/entrance_detection_msgs/cmake/export_entrance_detection_msgs__rosidl_generator_cExport.cmake
[11.124s] -- Installing: /workspace/unitree_go2_hoehlenforscher/install/entrance_detection_msgs/share/entrance_detection_msgs/cmake/export_entrance_detection_msgs__rosidl_generator_cExport-noconfig.cmake
[11.124s] -- Installing: /workspace/unitree_go2_hoehlenforscher/install/entrance_detection_msgs/share/entrance_detection_msgs/cmake/export_entrance_detection_msgs__rosidl_typesupport_fastrtps_cExport.cmake
[11.124s] -- Installing: /workspace/unitree_go2_hoehlenforscher/install/entrance_detection_msgs/share/entrance_detection_msgs/cmake/export_entrance_detection_msgs__rosidl_typesupport_fastrtps_cExport-noconfig.cmake
[11.125s] -- Installing: /workspace/unitree_go2_hoehlenforscher/install/entrance_detection_msgs/share/entrance_detection_msgs/cmake/entrance_detection_msgs__rosidl_typesupport_introspection_cExport.cmake
[11.125s] -- Installing: /workspace/unitree_go2_hoehlenforscher/install/entrance_detection_msgs/share/entrance_detection_msgs/cmake/entrance_detection_msgs__rosidl_typesupport_introspection_cExport-noconfig.cmake
[11.126s] -- Installing: /workspace/unitree_go2_hoehlenforscher/install/entrance_detection_msgs/share/entrance_detection_msgs/cmake/entrance_detection_msgs__rosidl_typesupport_cExport.cmake
[11.126s] -- Installing: /workspace/unitree_go2_hoehlenforscher/install/entrance_detection_msgs/share/entrance_detection_msgs/cmake/entrance_detection_msgs__rosidl_typesupport_cExport-noconfig.cmake
[11.126s] -- Installing: /workspace/unitree_go2_hoehlenforscher/install/entrance_detection_msgs/share/entrance_detection_msgs/cmake/export_entrance_detection_msgs__rosidl_generator_cppExport.cmake
[11.126s] -- Installing: /workspace/unitree_go2_hoehlenforscher/install/entrance_detection_msgs/share/entrance_detection_msgs/cmake/export_entrance_detection_msgs__rosidl_typesupport_fastrtps_cppExport.cmake
[11.127s] -- Installing: /workspace/unitree_go2_hoehlenforscher/install/entrance_detection_msgs/share/entrance_detection_msgs/cmake/export_entrance_detection_msgs__rosidl_typesupport_fastrtps_cppExport-noconfig.cmake
[11.127s] -- Installing: /workspace/unitree_go2_hoehlenforscher/install/entrance_detection_msgs/share/entrance_detection_msgs/cmake/entrance_detection_msgs__rosidl_typesupport_introspection_cppExport.cmake
[11.127s] -- Installing: /workspace/unitree_go2_hoehlenforscher/install/entrance_detection_msgs/share/entrance_detection_msgs/cmake/entrance_detection_msgs__rosidl_typesupport_introspection_cppExport-noconfig.cmake
[11.127s] -- Installing: /workspace/unitree_go2_hoehlenforscher/install/entrance_detection_msgs/share/entrance_detection_msgs/cmake/entrance_detection_msgs__rosidl_typesupport_cppExport.cmake
[11.127s] -- Installing: /workspace/unitree_go2_hoehlenforscher/install/entrance_detection_msgs/share/entrance_detection_msgs/cmake/entrance_detection_msgs__rosidl_typesupport_cppExport-noconfig.cmake
[11.128s] -- Installing: /workspace/unitree_go2_hoehlenforscher/install/entrance_detection_msgs/share/entrance_detection_msgs/cmake/export_entrance_detection_msgs__rosidl_generator_pyExport.cmake
[11.128s] -- Installing: /workspace/unitree_go2_hoehlenforscher/install/entrance_detection_msgs/share/entrance_detection_msgs/cmake/export_entrance_detection_msgs__rosidl_generator_pyExport-noconfig.cmake
[11.132s] Invoked command in '/workspace/unitree_go2_hoehlenforscher/build/entrance_detection_msgs' returned '0': CMAKE_PREFIX_PATH=${CMAKE_PREFIX_PATH}:/opt/ros/humble /usr/bin/cmake --install /workspace/unitree_go2_hoehlenforscher/build/entrance_detection_msgs
