running egg_info
writing ../../build/go2_my_nodes_py/go2_my_nodes_py.egg-info/PKG-INFO
writing dependency_links to ../../build/go2_my_nodes_py/go2_my_nodes_py.egg-info/dependency_links.txt
writing entry points to ../../build/go2_my_nodes_py/go2_my_nodes_py.egg-info/entry_points.txt
writing requirements to ../../build/go2_my_nodes_py/go2_my_nodes_py.egg-info/requires.txt
writing top-level names to ../../build/go2_my_nodes_py/go2_my_nodes_py.egg-info/top_level.txt
reading manifest file '../../build/go2_my_nodes_py/go2_my_nodes_py.egg-info/SOURCES.txt'
writing manifest file '../../build/go2_my_nodes_py/go2_my_nodes_py.egg-info/SOURCES.txt'
running build
running build_py
copying go2_my_nodes_py/cloud_to_entrance_node.py -> /workspace/unitree_go2_hoehlenforscher/build/go2_my_nodes_py/build/lib/go2_my_nodes_py
running install
running install_lib
copying /workspace/unitree_go2_hoehlenforscher/build/go2_my_nodes_py/build/lib/go2_my_nodes_py/cloud_to_entrance_node.py -> /workspace/unitree_go2_hoehlenforscher/install/go2_my_nodes_py/lib/python3.10/site-packages/go2_my_nodes_py
byte-compiling /workspace/unitree_go2_hoehlenforscher/install/go2_my_nodes_py/lib/python3.10/site-packages/go2_my_nodes_py/cloud_to_entrance_node.py to cloud_to_entrance_node.cpython-310.pyc
running install_data
running install_egg_info
removing '/workspace/unitree_go2_hoehlenforscher/install/go2_my_nodes_py/lib/python3.10/site-packages/go2_my_nodes_py-0.0.0-py3.10.egg-info' (and everything under it)
Copying ../../build/go2_my_nodes_py/go2_my_nodes_py.egg-info to /workspace/unitree_go2_hoehlenforscher/install/go2_my_nodes_py/lib/python3.10/site-packages/go2_my_nodes_py-0.0.0-py3.10.egg-info
running install_scripts
Installing cloud_to_entrance_node script to /workspace/unitree_go2_hoehlenforscher/install/go2_my_nodes_py/lib/go2_my_nodes_py
writing list of installed files to '/workspace/unitree_go2_hoehlenforscher/build/go2_my_nodes_py/install.log'
