[0.726s] Invoking command in '/workspace/unitree_go2_hoehlenforscher/src/go2_my_nodes_py/build/go2_my_nodes_py': PYTHONPATH=/workspace/unitree_go2_hoehlenforscher/src/go2_my_nodes_py/build/go2_my_nodes_py/prefix_override:/usr/lib/python3/dist-packages/colcon_core/task/python/colcon_distutils_commands:/workspace/unitree_go2_hoehlenforscher/src/go2_my_nodes_py/install/go2_my_nodes_py/lib/python3.10/site-packages:${PYTHONPATH} /usr/bin/python3 -W ignore:setup.py install is deprecated -W ignore:easy_install command is deprecated setup.py develop --editable --build-directory /workspace/unitree_go2_hoehlenforscher/src/go2_my_nodes_py/build/go2_my_nodes_py/build --no-deps symlink_data
[0.969s] running develop
[1.103s] running egg_info
[1.104s] creating go2_my_nodes_py.egg-info
[1.104s] writing go2_my_nodes_py.egg-info/PKG-INFO
[1.104s] writing dependency_links to go2_my_nodes_py.egg-info/dependency_links.txt
[1.104s] writing entry points to go2_my_nodes_py.egg-info/entry_points.txt
[1.104s] writing requirements to go2_my_nodes_py.egg-info/requires.txt
[1.105s] writing top-level names to go2_my_nodes_py.egg-info/top_level.txt
[1.105s] writing manifest file 'go2_my_nodes_py.egg-info/SOURCES.txt'
[1.105s] reading manifest file 'go2_my_nodes_py.egg-info/SOURCES.txt'
[1.106s] writing manifest file 'go2_my_nodes_py.egg-info/SOURCES.txt'
[1.107s] running build_ext
[1.107s] Creating /workspace/unitree_go2_hoehlenforscher/src/go2_my_nodes_py/install/go2_my_nodes_py/lib/python3.10/site-packages/go2-my-nodes-py.egg-link (link to .)
[1.108s] 
[1.108s] Installed /workspace/unitree_go2_hoehlenforscher/src/go2_my_nodes_py/build/go2_my_nodes_py
[1.108s] running symlink_data
[1.108s] creating /workspace/unitree_go2_hoehlenforscher/src/go2_my_nodes_py/install/go2_my_nodes_py/share/ament_index
[1.109s] creating /workspace/unitree_go2_hoehlenforscher/src/go2_my_nodes_py/install/go2_my_nodes_py/share/ament_index/resource_index
[1.109s] creating /workspace/unitree_go2_hoehlenforscher/src/go2_my_nodes_py/install/go2_my_nodes_py/share/ament_index/resource_index/packages
[1.109s] symbolically linking /workspace/unitree_go2_hoehlenforscher/src/go2_my_nodes_py/build/go2_my_nodes_py/resource/go2_my_nodes_py -> /workspace/unitree_go2_hoehlenforscher/src/go2_my_nodes_py/install/go2_my_nodes_py/share/ament_index/resource_index/packages
[1.109s] symbolically linking /workspace/unitree_go2_hoehlenforscher/src/go2_my_nodes_py/build/go2_my_nodes_py/package.xml -> /workspace/unitree_go2_hoehlenforscher/src/go2_my_nodes_py/install/go2_my_nodes_py/share/go2_my_nodes_py
[1.140s] Invoked command in '/workspace/unitree_go2_hoehlenforscher/src/go2_my_nodes_py/build/go2_my_nodes_py' returned '0': PYTHONPATH=/workspace/unitree_go2_hoehlenforscher/src/go2_my_nodes_py/build/go2_my_nodes_py/prefix_override:/usr/lib/python3/dist-packages/colcon_core/task/python/colcon_distutils_commands:/workspace/unitree_go2_hoehlenforscher/src/go2_my_nodes_py/install/go2_my_nodes_py/lib/python3.10/site-packages:${PYTHONPATH} /usr/bin/python3 -W ignore:setup.py install is deprecated -W ignore:easy_install command is deprecated setup.py develop --editable --build-directory /workspace/unitree_go2_hoehlenforscher/src/go2_my_nodes_py/build/go2_my_nodes_py/build --no-deps symlink_data
