[0.021s] Invoking command in '/workspace/unitree_go2_hoehlenforscher/build/go2_msgs': CMAKE_PREFIX_PATH=${CMAKE_PREFIX_PATH}:/workspace/unitree_go2_hoehlenforscher/install/go2_my_nodes_py:/opt/ros/humble /usr/bin/cmake /workspace/unitree_go2_hoehlenforscher/src/go2_msgs -DCMAKE_INSTALL_PREFIX=/workspace/unitree_go2_hoehlenforscher/install/go2_msgs
[0.226s] -- The C compiler identification is Clang 18.1.8
[0.390s] -- The CXX compiler identification is Clang 18.1.8
[0.399s] -- Detecting C compiler ABI info
[0.564s] -- Detecting C compiler ABI info - done
[0.571s] -- Check for working C compiler: /usr/bin/clang-18 - skipped
[0.571s] -- Detecting C compile features
[0.571s] -- Detecting C compile features - done
[0.576s] -- Detecting CXX compiler ABI info
[0.839s] -- Detecting CXX compiler ABI info - done
[0.855s] -- Check for working CXX compiler: /usr/bin/clang++-18 - skipped
[0.856s] -- Detecting CXX compile features
[0.857s] -- Detecting CXX compile features - done
[0.873s] -- Found ament_cmake: 1.3.12 (/opt/ros/humble/share/ament_cmake/cmake)
[1.181s] -- Found Python3: /usr/bin/python3 (found version "3.10.12") found components: Interpreter 
[1.300s] -- Found rosidl_default_generators: 1.2.0 (/opt/ros/humble/share/rosidl_default_generators/cmake)
[1.303s] -- Using all available rosidl_typesupport_c: rosidl_typesupport_fastrtps_c;rosidl_typesupport_introspection_c
[1.310s] -- Found rosidl_adapter: 3.1.7 (/opt/ros/humble/share/rosidl_adapter/cmake)
[1.363s] -- Using all available rosidl_typesupport_cpp: rosidl_typesupport_fastrtps_cpp;rosidl_typesupport_introspection_cpp
[1.396s] -- Found std_msgs: 4.9.0 (/opt/ros/humble/share/std_msgs/cmake)
[1.447s] -- Found geometry_msgs: 4.9.0 (/opt/ros/humble/share/geometry_msgs/cmake)
[2.061s] -- Found ament_cmake_ros: 0.10.0 (/opt/ros/humble/share/ament_cmake_ros/cmake)
[2.522s] -- Using all available rosidl_typesupport_c: rosidl_typesupport_fastrtps_c;rosidl_typesupport_introspection_c
[3.190s] -- Using all available rosidl_typesupport_cpp: rosidl_typesupport_fastrtps_cpp;rosidl_typesupport_introspection_cpp
[3.241s] -- Found PythonInterp: /usr/bin/python3 (found suitable version "3.10.12", minimum required is "3.6") 
[3.248s] -- Found python_cmake_module: 0.10.0 (/opt/ros/humble/share/python_cmake_module/cmake)
[3.302s] -- Found PythonLibs: /usr/lib/x86_64-linux-gnu/libpython3.10.so (found suitable version "3.10.12", minimum required is "3.5") 
[3.302s] -- Using PYTHON_EXECUTABLE: /usr/bin/python3
[3.302s] -- Using PYTHON_INCLUDE_DIRS: /usr/include/python3.10
[3.302s] -- Using PYTHON_LIBRARIES: /usr/lib/x86_64-linux-gnu/libpython3.10.so
[3.360s] -- Found PythonExtra: .so  
[3.474s] -- Configuring done
[3.505s] -- Generating done
[3.516s] -- Build files have been written to: /workspace/unitree_go2_hoehlenforscher/build/go2_msgs
[3.525s] Invoked command in '/workspace/unitree_go2_hoehlenforscher/build/go2_msgs' returned '0': CMAKE_PREFIX_PATH=${CMAKE_PREFIX_PATH}:/workspace/unitree_go2_hoehlenforscher/install/go2_my_nodes_py:/opt/ros/humble /usr/bin/cmake /workspace/unitree_go2_hoehlenforscher/src/go2_msgs -DCMAKE_INSTALL_PREFIX=/workspace/unitree_go2_hoehlenforscher/install/go2_msgs
[3.528s] Invoking command in '/workspace/unitree_go2_hoehlenforscher/build/go2_msgs': CMAKE_PREFIX_PATH=${CMAKE_PREFIX_PATH}:/workspace/unitree_go2_hoehlenforscher/install/go2_my_nodes_py:/opt/ros/humble /usr/bin/cmake --build /workspace/unitree_go2_hoehlenforscher/build/go2_msgs -- -j16 -l16
[3.605s] [  3%] [34m[1mGenerating C code for ROS interfaces[0m
[3.624s] [  6%] [34m[1mGenerating C++ code for ROS interfaces[0m
[3.644s] [  6%] Built target ament_cmake_python_copy_go2_msgs
[3.918s] running egg_info
[3.918s] creating go2_msgs.egg-info
[3.919s] writing go2_msgs.egg-info/PKG-INFO
[3.919s] writing dependency_links to go2_msgs.egg-info/dependency_links.txt
[3.919s] writing top-level names to go2_msgs.egg-info/top_level.txt
[3.919s] writing manifest file 'go2_msgs.egg-info/SOURCES.txt'
[3.920s] reading manifest file 'go2_msgs.egg-info/SOURCES.txt'
[3.921s] writing manifest file 'go2_msgs.egg-info/SOURCES.txt'
[3.963s] [  6%] Built target ament_cmake_python_build_go2_msgs_egg
[3.991s] [  9%] [32mBuilding C object CMakeFiles/go2_msgs__rosidl_generator_c.dir/rosidl_generator_c/go2_msgs/msg/detail/entrance__functions.c.o[0m
[4.003s] [  9%] Built target go2_msgs__cpp
[4.023s] [ 12%] [34m[1mGenerating C++ type support for eProsima Fast-RTPS[0m
[4.023s] [ 16%] [34m[1mGenerating C++ type support dispatch for ROS interfaces[0m
[4.023s] [ 19%] [34m[1mGenerating C++ introspection for ROS interfaces[0m
[4.087s] [ 22%] [32m[1mLinking C shared library libgo2_msgs__rosidl_generator_c.so[0m
[4.186s] [ 22%] Built target go2_msgs__rosidl_generator_c
[4.206s] [ 25%] [34m[1mGenerating C type support dispatch for ROS interfaces[0m
[4.207s] [ 32%] [34m[1mGenerating C introspection for ROS interfaces[0m
[4.207s] [ 32%] [34m[1mGenerating C type support for eProsima Fast-RTPS[0m
[4.289s] [ 35%] [32mBuilding CXX object CMakeFiles/go2_msgs__rosidl_typesupport_cpp.dir/rosidl_typesupport_cpp/go2_msgs/msg/entrance__type_support.cpp.o[0m
[4.339s] [ 38%] [32mBuilding CXX object CMakeFiles/go2_msgs__rosidl_typesupport_fastrtps_cpp.dir/rosidl_typesupport_fastrtps_cpp/go2_msgs/msg/detail/dds_fastrtps/entrance__type_support.cpp.o[0m
[4.355s] [ 41%] [32mBuilding CXX object CMakeFiles/go2_msgs__rosidl_typesupport_introspection_cpp.dir/rosidl_typesupport_introspection_cpp/go2_msgs/msg/detail/entrance__type_support.cpp.o[0m
[4.495s] [ 45%] [32mBuilding CXX object CMakeFiles/go2_msgs__rosidl_typesupport_c.dir/rosidl_typesupport_c/go2_msgs/msg/entrance__type_support.cpp.o[0m
[4.515s] [ 48%] [32mBuilding CXX object CMakeFiles/go2_msgs__rosidl_typesupport_fastrtps_c.dir/rosidl_typesupport_fastrtps_c/go2_msgs/msg/detail/entrance__type_support_c.cpp.o[0m
[4.527s] [ 51%] [32mBuilding C object CMakeFiles/go2_msgs__rosidl_typesupport_introspection_c.dir/rosidl_typesupport_introspection_c/go2_msgs/msg/detail/entrance__type_support.c.o[0m
[4.530s] [ 54%] [32m[1mLinking CXX shared library libgo2_msgs__rosidl_typesupport_c.so[0m
[4.578s] [ 58%] [32m[1mLinking C shared library libgo2_msgs__rosidl_typesupport_introspection_c.so[0m
[4.600s] [ 61%] [32m[1mLinking CXX shared library libgo2_msgs__rosidl_typesupport_cpp.so[0m
[4.623s] [ 61%] Built target go2_msgs__rosidl_typesupport_c
[4.649s] [ 61%] Built target go2_msgs__rosidl_typesupport_introspection_c
[4.743s] [ 61%] Built target go2_msgs__rosidl_typesupport_cpp
[4.770s] [ 64%] [32m[1mLinking CXX shared library libgo2_msgs__rosidl_typesupport_introspection_cpp.so[0m
[4.882s] [ 67%] [32m[1mLinking CXX shared library libgo2_msgs__rosidl_typesupport_fastrtps_cpp.so[0m
[4.899s] [ 67%] Built target go2_msgs__rosidl_typesupport_introspection_cpp
[4.961s] [ 70%] [32m[1mLinking CXX shared library libgo2_msgs__rosidl_typesupport_fastrtps_c.so[0m
[4.998s] [ 70%] Built target go2_msgs__rosidl_typesupport_fastrtps_cpp
[5.103s] [ 70%] Built target go2_msgs__rosidl_typesupport_fastrtps_c
[5.144s] [ 70%] Built target go2_msgs
[5.185s] [ 74%] [34m[1mGenerating Python code for ROS interfaces[0m
[5.690s] [ 74%] Built target go2_msgs__py
[5.729s] [ 77%] [32mBuilding C object CMakeFiles/go2_msgs__rosidl_generator_py.dir/rosidl_generator_py/go2_msgs/msg/_entrance_s.c.o[0m
[5.881s] [ 80%] [32m[1mLinking C shared library rosidl_generator_py/go2_msgs/libgo2_msgs__rosidl_generator_py.so[0m
[5.990s] [ 80%] Built target go2_msgs__rosidl_generator_py
[6.032s] [ 83%] [32mBuilding C object CMakeFiles/go2_msgs__rosidl_typesupport_fastrtps_c__pyext.dir/rosidl_generator_py/go2_msgs/_go2_msgs_s.ep.rosidl_typesupport_fastrtps_c.c.o[0m
[6.033s] [ 87%] [32mBuilding C object CMakeFiles/go2_msgs__rosidl_typesupport_introspection_c__pyext.dir/rosidl_generator_py/go2_msgs/_go2_msgs_s.ep.rosidl_typesupport_introspection_c.c.o[0m
[6.034s] [ 90%] [32mBuilding C object CMakeFiles/go2_msgs__rosidl_typesupport_c__pyext.dir/rosidl_generator_py/go2_msgs/_go2_msgs_s.ep.rosidl_typesupport_c.c.o[0m
[6.192s] [ 93%] [32m[1mLinking C shared library rosidl_generator_py/go2_msgs/go2_msgs_s__rosidl_typesupport_c.cpython-310-x86_64-linux-gnu.so[0m
[6.193s] [ 96%] [32m[1mLinking C shared library rosidl_generator_py/go2_msgs/go2_msgs_s__rosidl_typesupport_introspection_c.cpython-310-x86_64-linux-gnu.so[0m
[6.216s] [100%] [32m[1mLinking C shared library rosidl_generator_py/go2_msgs/go2_msgs_s__rosidl_typesupport_fastrtps_c.cpython-310-x86_64-linux-gnu.so[0m
[6.319s] [100%] Built target go2_msgs__rosidl_typesupport_introspection_c__pyext
[6.320s] [100%] Built target go2_msgs__rosidl_typesupport_c__pyext
[6.342s] [100%] Built target go2_msgs__rosidl_typesupport_fastrtps_c__pyext
[6.369s] Invoked command in '/workspace/unitree_go2_hoehlenforscher/build/go2_msgs' returned '0': CMAKE_PREFIX_PATH=${CMAKE_PREFIX_PATH}:/workspace/unitree_go2_hoehlenforscher/install/go2_my_nodes_py:/opt/ros/humble /usr/bin/cmake --build /workspace/unitree_go2_hoehlenforscher/build/go2_msgs -- -j16 -l16
[6.390s] Invoking command in '/workspace/unitree_go2_hoehlenforscher/build/go2_msgs': CMAKE_PREFIX_PATH=${CMAKE_PREFIX_PATH}:/workspace/unitree_go2_hoehlenforscher/install/go2_my_nodes_py:/opt/ros/humble /usr/bin/cmake --install /workspace/unitree_go2_hoehlenforscher/build/go2_msgs
[6.406s] -- Install configuration: ""
[6.406s] -- Installing: /workspace/unitree_go2_hoehlenforscher/install/go2_msgs/share/ament_index/resource_index/rosidl_interfaces/go2_msgs
[6.407s] -- Installing: /workspace/unitree_go2_hoehlenforscher/install/go2_msgs/include/go2_msgs/go2_msgs
[6.407s] -- Installing: /workspace/unitree_go2_hoehlenforscher/install/go2_msgs/include/go2_msgs/go2_msgs/msg
[6.407s] -- Installing: /workspace/unitree_go2_hoehlenforscher/install/go2_msgs/include/go2_msgs/go2_msgs/msg/rosidl_generator_c__visibility_control.h
[6.408s] -- Installing: /workspace/unitree_go2_hoehlenforscher/install/go2_msgs/include/go2_msgs/go2_msgs/msg/entrance.h
[6.408s] -- Installing: /workspace/unitree_go2_hoehlenforscher/install/go2_msgs/include/go2_msgs/go2_msgs/msg/detail
[6.408s] -- Installing: /workspace/unitree_go2_hoehlenforscher/install/go2_msgs/include/go2_msgs/go2_msgs/msg/detail/entrance__struct.h
[6.409s] -- Installing: /workspace/unitree_go2_hoehlenforscher/install/go2_msgs/include/go2_msgs/go2_msgs/msg/detail/entrance__functions.c
[6.409s] -- Installing: /workspace/unitree_go2_hoehlenforscher/install/go2_msgs/include/go2_msgs/go2_msgs/msg/detail/entrance__functions.h
[6.409s] -- Installing: /workspace/unitree_go2_hoehlenforscher/install/go2_msgs/include/go2_msgs/go2_msgs/msg/detail/entrance__type_support.h
[6.410s] -- Installing: /workspace/unitree_go2_hoehlenforscher/install/go2_msgs/share/go2_msgs/environment/library_path.sh
[6.410s] -- Installing: /workspace/unitree_go2_hoehlenforscher/install/go2_msgs/share/go2_msgs/environment/library_path.dsv
[6.411s] -- Installing: /workspace/unitree_go2_hoehlenforscher/install/go2_msgs/lib/libgo2_msgs__rosidl_generator_c.so
[6.412s] -- Set runtime path of "/workspace/unitree_go2_hoehlenforscher/install/go2_msgs/lib/libgo2_msgs__rosidl_generator_c.so" to ""
[6.412s] -- Up-to-date: /workspace/unitree_go2_hoehlenforscher/install/go2_msgs/include/go2_msgs/go2_msgs
[6.412s] -- Up-to-date: /workspace/unitree_go2_hoehlenforscher/install/go2_msgs/include/go2_msgs/go2_msgs/msg
[6.412s] -- Up-to-date: /workspace/unitree_go2_hoehlenforscher/install/go2_msgs/include/go2_msgs/go2_msgs/msg/detail
[6.412s] -- Installing: /workspace/unitree_go2_hoehlenforscher/install/go2_msgs/include/go2_msgs/go2_msgs/msg/detail/entrance__rosidl_typesupport_fastrtps_c.h
[6.413s] -- Installing: /workspace/unitree_go2_hoehlenforscher/install/go2_msgs/include/go2_msgs/go2_msgs/msg/rosidl_typesupport_fastrtps_c__visibility_control.h
[6.413s] -- Installing: /workspace/unitree_go2_hoehlenforscher/install/go2_msgs/lib/libgo2_msgs__rosidl_typesupport_fastrtps_c.so
[6.414s] -- Set runtime path of "/workspace/unitree_go2_hoehlenforscher/install/go2_msgs/lib/libgo2_msgs__rosidl_typesupport_fastrtps_c.so" to ""
[6.414s] -- Up-to-date: /workspace/unitree_go2_hoehlenforscher/install/go2_msgs/include/go2_msgs/go2_msgs
[6.414s] -- Up-to-date: /workspace/unitree_go2_hoehlenforscher/install/go2_msgs/include/go2_msgs/go2_msgs/msg
[6.414s] -- Installing: /workspace/unitree_go2_hoehlenforscher/install/go2_msgs/include/go2_msgs/go2_msgs/msg/rosidl_typesupport_introspection_c__visibility_control.h
[6.415s] -- Up-to-date: /workspace/unitree_go2_hoehlenforscher/install/go2_msgs/include/go2_msgs/go2_msgs/msg/detail
[6.415s] -- Installing: /workspace/unitree_go2_hoehlenforscher/install/go2_msgs/include/go2_msgs/go2_msgs/msg/detail/entrance__rosidl_typesupport_introspection_c.h
[6.415s] -- Installing: /workspace/unitree_go2_hoehlenforscher/install/go2_msgs/include/go2_msgs/go2_msgs/msg/detail/entrance__type_support.c
[6.415s] -- Installing: /workspace/unitree_go2_hoehlenforscher/install/go2_msgs/lib/libgo2_msgs__rosidl_typesupport_introspection_c.so
[6.416s] -- Set runtime path of "/workspace/unitree_go2_hoehlenforscher/install/go2_msgs/lib/libgo2_msgs__rosidl_typesupport_introspection_c.so" to ""
[6.416s] -- Installing: /workspace/unitree_go2_hoehlenforscher/install/go2_msgs/lib/libgo2_msgs__rosidl_typesupport_c.so
[6.417s] -- Set runtime path of "/workspace/unitree_go2_hoehlenforscher/install/go2_msgs/lib/libgo2_msgs__rosidl_typesupport_c.so" to ""
[6.417s] -- Up-to-date: /workspace/unitree_go2_hoehlenforscher/install/go2_msgs/include/go2_msgs/go2_msgs
[6.418s] -- Up-to-date: /workspace/unitree_go2_hoehlenforscher/install/go2_msgs/include/go2_msgs/go2_msgs/msg
[6.418s] -- Installing: /workspace/unitree_go2_hoehlenforscher/install/go2_msgs/include/go2_msgs/go2_msgs/msg/entrance.hpp
[6.418s] -- Installing: /workspace/unitree_go2_hoehlenforscher/install/go2_msgs/include/go2_msgs/go2_msgs/msg/rosidl_generator_cpp__visibility_control.hpp
[6.418s] -- Up-to-date: /workspace/unitree_go2_hoehlenforscher/install/go2_msgs/include/go2_msgs/go2_msgs/msg/detail
[6.419s] -- Installing: /workspace/unitree_go2_hoehlenforscher/install/go2_msgs/include/go2_msgs/go2_msgs/msg/detail/entrance__struct.hpp
[6.419s] -- Installing: /workspace/unitree_go2_hoehlenforscher/install/go2_msgs/include/go2_msgs/go2_msgs/msg/detail/entrance__type_support.hpp
[6.419s] -- Installing: /workspace/unitree_go2_hoehlenforscher/install/go2_msgs/include/go2_msgs/go2_msgs/msg/detail/entrance__traits.hpp
[6.419s] -- Installing: /workspace/unitree_go2_hoehlenforscher/install/go2_msgs/include/go2_msgs/go2_msgs/msg/detail/entrance__builder.hpp
[6.420s] -- Up-to-date: /workspace/unitree_go2_hoehlenforscher/install/go2_msgs/include/go2_msgs/go2_msgs
[6.420s] -- Up-to-date: /workspace/unitree_go2_hoehlenforscher/install/go2_msgs/include/go2_msgs/go2_msgs/msg
[6.420s] -- Installing: /workspace/unitree_go2_hoehlenforscher/install/go2_msgs/include/go2_msgs/go2_msgs/msg/rosidl_typesupport_fastrtps_cpp__visibility_control.h
[6.420s] -- Up-to-date: /workspace/unitree_go2_hoehlenforscher/install/go2_msgs/include/go2_msgs/go2_msgs/msg/detail
[6.420s] -- Installing: /workspace/unitree_go2_hoehlenforscher/install/go2_msgs/include/go2_msgs/go2_msgs/msg/detail/dds_fastrtps
[6.421s] -- Installing: /workspace/unitree_go2_hoehlenforscher/install/go2_msgs/include/go2_msgs/go2_msgs/msg/detail/entrance__rosidl_typesupport_fastrtps_cpp.hpp
[6.421s] -- Installing: /workspace/unitree_go2_hoehlenforscher/install/go2_msgs/lib/libgo2_msgs__rosidl_typesupport_fastrtps_cpp.so
[6.422s] -- Set runtime path of "/workspace/unitree_go2_hoehlenforscher/install/go2_msgs/lib/libgo2_msgs__rosidl_typesupport_fastrtps_cpp.so" to ""
[6.422s] -- Up-to-date: /workspace/unitree_go2_hoehlenforscher/install/go2_msgs/include/go2_msgs/go2_msgs
[6.422s] -- Up-to-date: /workspace/unitree_go2_hoehlenforscher/install/go2_msgs/include/go2_msgs/go2_msgs/msg
[6.422s] -- Up-to-date: /workspace/unitree_go2_hoehlenforscher/install/go2_msgs/include/go2_msgs/go2_msgs/msg/detail
[6.423s] -- Installing: /workspace/unitree_go2_hoehlenforscher/install/go2_msgs/include/go2_msgs/go2_msgs/msg/detail/entrance__type_support.cpp
[6.423s] -- Installing: /workspace/unitree_go2_hoehlenforscher/install/go2_msgs/include/go2_msgs/go2_msgs/msg/detail/entrance__rosidl_typesupport_introspection_cpp.hpp
[6.423s] -- Installing: /workspace/unitree_go2_hoehlenforscher/install/go2_msgs/lib/libgo2_msgs__rosidl_typesupport_introspection_cpp.so
[6.424s] -- Set runtime path of "/workspace/unitree_go2_hoehlenforscher/install/go2_msgs/lib/libgo2_msgs__rosidl_typesupport_introspection_cpp.so" to ""
[6.425s] -- Installing: /workspace/unitree_go2_hoehlenforscher/install/go2_msgs/lib/libgo2_msgs__rosidl_typesupport_cpp.so
[6.425s] -- Set runtime path of "/workspace/unitree_go2_hoehlenforscher/install/go2_msgs/lib/libgo2_msgs__rosidl_typesupport_cpp.so" to ""
[6.426s] -- Installing: /workspace/unitree_go2_hoehlenforscher/install/go2_msgs/share/go2_msgs/environment/pythonpath.sh
[6.426s] -- Installing: /workspace/unitree_go2_hoehlenforscher/install/go2_msgs/share/go2_msgs/environment/pythonpath.dsv
[6.426s] -- Installing: /workspace/unitree_go2_hoehlenforscher/install/go2_msgs/local/lib/python3.10/dist-packages/go2_msgs-0.0.1-py3.10.egg-info
[6.427s] -- Installing: /workspace/unitree_go2_hoehlenforscher/install/go2_msgs/local/lib/python3.10/dist-packages/go2_msgs-0.0.1-py3.10.egg-info/top_level.txt
[6.427s] -- Installing: /workspace/unitree_go2_hoehlenforscher/install/go2_msgs/local/lib/python3.10/dist-packages/go2_msgs-0.0.1-py3.10.egg-info/dependency_links.txt
[6.427s] -- Installing: /workspace/unitree_go2_hoehlenforscher/install/go2_msgs/local/lib/python3.10/dist-packages/go2_msgs-0.0.1-py3.10.egg-info/PKG-INFO
[6.427s] -- Installing: /workspace/unitree_go2_hoehlenforscher/install/go2_msgs/local/lib/python3.10/dist-packages/go2_msgs-0.0.1-py3.10.egg-info/SOURCES.txt
[6.428s] -- Installing: /workspace/unitree_go2_hoehlenforscher/install/go2_msgs/local/lib/python3.10/dist-packages/go2_msgs
[6.428s] -- Installing: /workspace/unitree_go2_hoehlenforscher/install/go2_msgs/local/lib/python3.10/dist-packages/go2_msgs/go2_msgs_s__rosidl_typesupport_introspection_c.cpython-310-x86_64-linux-gnu.so
[6.428s] -- Installing: /workspace/unitree_go2_hoehlenforscher/install/go2_msgs/local/lib/python3.10/dist-packages/go2_msgs/_go2_msgs_s.ep.rosidl_typesupport_introspection_c.c
[6.428s] -- Installing: /workspace/unitree_go2_hoehlenforscher/install/go2_msgs/local/lib/python3.10/dist-packages/go2_msgs/go2_msgs_s__rosidl_typesupport_fastrtps_c.cpython-310-x86_64-linux-gnu.so
[6.429s] -- Installing: /workspace/unitree_go2_hoehlenforscher/install/go2_msgs/local/lib/python3.10/dist-packages/go2_msgs/_go2_msgs_s.ep.rosidl_typesupport_c.c
[6.430s] -- Installing: /workspace/unitree_go2_hoehlenforscher/install/go2_msgs/local/lib/python3.10/dist-packages/go2_msgs/_go2_msgs_s.ep.rosidl_typesupport_fastrtps_c.c
[6.431s] -- Installing: /workspace/unitree_go2_hoehlenforscher/install/go2_msgs/local/lib/python3.10/dist-packages/go2_msgs/libgo2_msgs__rosidl_generator_py.so
[6.431s] -- Installing: /workspace/unitree_go2_hoehlenforscher/install/go2_msgs/local/lib/python3.10/dist-packages/go2_msgs/__init__.py
[6.431s] -- Installing: /workspace/unitree_go2_hoehlenforscher/install/go2_msgs/local/lib/python3.10/dist-packages/go2_msgs/msg
[6.431s] -- Installing: /workspace/unitree_go2_hoehlenforscher/install/go2_msgs/local/lib/python3.10/dist-packages/go2_msgs/msg/__init__.py
[6.432s] -- Installing: /workspace/unitree_go2_hoehlenforscher/install/go2_msgs/local/lib/python3.10/dist-packages/go2_msgs/msg/_entrance_s.c
[6.432s] -- Installing: /workspace/unitree_go2_hoehlenforscher/install/go2_msgs/local/lib/python3.10/dist-packages/go2_msgs/msg/_entrance.py
[6.432s] -- Installing: /workspace/unitree_go2_hoehlenforscher/install/go2_msgs/local/lib/python3.10/dist-packages/go2_msgs/go2_msgs_s__rosidl_typesupport_c.cpython-310-x86_64-linux-gnu.so
[6.513s] Listing '/workspace/unitree_go2_hoehlenforscher/install/go2_msgs/local/lib/python3.10/dist-packages/go2_msgs'...
[6.513s] Compiling '/workspace/unitree_go2_hoehlenforscher/install/go2_msgs/local/lib/python3.10/dist-packages/go2_msgs/__init__.py'...
[6.513s] Listing '/workspace/unitree_go2_hoehlenforscher/install/go2_msgs/local/lib/python3.10/dist-packages/go2_msgs/msg'...
[6.513s] Compiling '/workspace/unitree_go2_hoehlenforscher/install/go2_msgs/local/lib/python3.10/dist-packages/go2_msgs/msg/__init__.py'...
[6.513s] Compiling '/workspace/unitree_go2_hoehlenforscher/install/go2_msgs/local/lib/python3.10/dist-packages/go2_msgs/msg/_entrance.py'...
[6.521s] -- Installing: /workspace/unitree_go2_hoehlenforscher/install/go2_msgs/local/lib/python3.10/dist-packages/go2_msgs/go2_msgs_s__rosidl_typesupport_fastrtps_c.cpython-310-x86_64-linux-gnu.so
[6.522s] -- Set runtime path of "/workspace/unitree_go2_hoehlenforscher/install/go2_msgs/local/lib/python3.10/dist-packages/go2_msgs/go2_msgs_s__rosidl_typesupport_fastrtps_c.cpython-310-x86_64-linux-gnu.so" to ""
[6.523s] -- Installing: /workspace/unitree_go2_hoehlenforscher/install/go2_msgs/local/lib/python3.10/dist-packages/go2_msgs/go2_msgs_s__rosidl_typesupport_introspection_c.cpython-310-x86_64-linux-gnu.so
[6.524s] -- Set runtime path of "/workspace/unitree_go2_hoehlenforscher/install/go2_msgs/local/lib/python3.10/dist-packages/go2_msgs/go2_msgs_s__rosidl_typesupport_introspection_c.cpython-310-x86_64-linux-gnu.so" to ""
[6.524s] -- Installing: /workspace/unitree_go2_hoehlenforscher/install/go2_msgs/local/lib/python3.10/dist-packages/go2_msgs/go2_msgs_s__rosidl_typesupport_c.cpython-310-x86_64-linux-gnu.so
[6.525s] -- Set runtime path of "/workspace/unitree_go2_hoehlenforscher/install/go2_msgs/local/lib/python3.10/dist-packages/go2_msgs/go2_msgs_s__rosidl_typesupport_c.cpython-310-x86_64-linux-gnu.so" to ""
[6.526s] -- Installing: /workspace/unitree_go2_hoehlenforscher/install/go2_msgs/lib/libgo2_msgs__rosidl_generator_py.so
[6.526s] -- Set runtime path of "/workspace/unitree_go2_hoehlenforscher/install/go2_msgs/lib/libgo2_msgs__rosidl_generator_py.so" to ""
[6.526s] -- Installing: /workspace/unitree_go2_hoehlenforscher/install/go2_msgs/share/go2_msgs/msg/Entrance.idl
[6.527s] -- Installing: /workspace/unitree_go2_hoehlenforscher/install/go2_msgs/share/go2_msgs/msg/Entrance.msg
[6.527s] -- Installing: /workspace/unitree_go2_hoehlenforscher/install/go2_msgs/share/ament_index/resource_index/package_run_dependencies/go2_msgs
[6.528s] -- Installing: /workspace/unitree_go2_hoehlenforscher/install/go2_msgs/share/ament_index/resource_index/parent_prefix_path/go2_msgs
[6.528s] -- Installing: /workspace/unitree_go2_hoehlenforscher/install/go2_msgs/share/go2_msgs/environment/ament_prefix_path.sh
[6.528s] -- Installing: /workspace/unitree_go2_hoehlenforscher/install/go2_msgs/share/go2_msgs/environment/ament_prefix_path.dsv
[6.529s] -- Installing: /workspace/unitree_go2_hoehlenforscher/install/go2_msgs/share/go2_msgs/environment/path.sh
[6.529s] -- Installing: /workspace/unitree_go2_hoehlenforscher/install/go2_msgs/share/go2_msgs/environment/path.dsv
[6.529s] -- Installing: /workspace/unitree_go2_hoehlenforscher/install/go2_msgs/share/go2_msgs/local_setup.bash
[6.530s] -- Installing: /workspace/unitree_go2_hoehlenforscher/install/go2_msgs/share/go2_msgs/local_setup.sh
[6.530s] -- Installing: /workspace/unitree_go2_hoehlenforscher/install/go2_msgs/share/go2_msgs/local_setup.zsh
[6.531s] -- Installing: /workspace/unitree_go2_hoehlenforscher/install/go2_msgs/share/go2_msgs/local_setup.dsv
[6.531s] -- Installing: /workspace/unitree_go2_hoehlenforscher/install/go2_msgs/share/go2_msgs/package.dsv
[6.531s] -- Installing: /workspace/unitree_go2_hoehlenforscher/install/go2_msgs/share/ament_index/resource_index/packages/go2_msgs
[6.532s] -- Installing: /workspace/unitree_go2_hoehlenforscher/install/go2_msgs/share/go2_msgs/cmake/export_go2_msgs__rosidl_generator_cExport.cmake
[6.532s] -- Installing: /workspace/unitree_go2_hoehlenforscher/install/go2_msgs/share/go2_msgs/cmake/export_go2_msgs__rosidl_generator_cExport-noconfig.cmake
[6.533s] -- Installing: /workspace/unitree_go2_hoehlenforscher/install/go2_msgs/share/go2_msgs/cmake/export_go2_msgs__rosidl_typesupport_fastrtps_cExport.cmake
[6.533s] -- Installing: /workspace/unitree_go2_hoehlenforscher/install/go2_msgs/share/go2_msgs/cmake/export_go2_msgs__rosidl_typesupport_fastrtps_cExport-noconfig.cmake
[6.533s] -- Installing: /workspace/unitree_go2_hoehlenforscher/install/go2_msgs/share/go2_msgs/cmake/go2_msgs__rosidl_typesupport_introspection_cExport.cmake
[6.534s] -- Installing: /workspace/unitree_go2_hoehlenforscher/install/go2_msgs/share/go2_msgs/cmake/go2_msgs__rosidl_typesupport_introspection_cExport-noconfig.cmake
[6.534s] -- Installing: /workspace/unitree_go2_hoehlenforscher/install/go2_msgs/share/go2_msgs/cmake/go2_msgs__rosidl_typesupport_cExport.cmake
[6.535s] -- Installing: /workspace/unitree_go2_hoehlenforscher/install/go2_msgs/share/go2_msgs/cmake/go2_msgs__rosidl_typesupport_cExport-noconfig.cmake
[6.535s] -- Installing: /workspace/unitree_go2_hoehlenforscher/install/go2_msgs/share/go2_msgs/cmake/export_go2_msgs__rosidl_generator_cppExport.cmake
[6.535s] -- Installing: /workspace/unitree_go2_hoehlenforscher/install/go2_msgs/share/go2_msgs/cmake/export_go2_msgs__rosidl_typesupport_fastrtps_cppExport.cmake
[6.536s] -- Installing: /workspace/unitree_go2_hoehlenforscher/install/go2_msgs/share/go2_msgs/cmake/export_go2_msgs__rosidl_typesupport_fastrtps_cppExport-noconfig.cmake
[6.536s] -- Installing: /workspace/unitree_go2_hoehlenforscher/install/go2_msgs/share/go2_msgs/cmake/go2_msgs__rosidl_typesupport_introspection_cppExport.cmake
[6.537s] -- Installing: /workspace/unitree_go2_hoehlenforscher/install/go2_msgs/share/go2_msgs/cmake/go2_msgs__rosidl_typesupport_introspection_cppExport-noconfig.cmake
[6.538s] -- Installing: /workspace/unitree_go2_hoehlenforscher/install/go2_msgs/share/go2_msgs/cmake/go2_msgs__rosidl_typesupport_cppExport.cmake
[6.538s] -- Installing: /workspace/unitree_go2_hoehlenforscher/install/go2_msgs/share/go2_msgs/cmake/go2_msgs__rosidl_typesupport_cppExport-noconfig.cmake
[6.539s] -- Installing: /workspace/unitree_go2_hoehlenforscher/install/go2_msgs/share/go2_msgs/cmake/export_go2_msgs__rosidl_generator_pyExport.cmake
[6.539s] -- Installing: /workspace/unitree_go2_hoehlenforscher/install/go2_msgs/share/go2_msgs/cmake/export_go2_msgs__rosidl_generator_pyExport-noconfig.cmake
[6.540s] -- Installing: /workspace/unitree_go2_hoehlenforscher/install/go2_msgs/share/go2_msgs/cmake/rosidl_cmake-extras.cmake
[6.540s] -- Installing: /workspace/unitree_go2_hoehlenforscher/install/go2_msgs/share/go2_msgs/cmake/ament_cmake_export_dependencies-extras.cmake
[6.540s] -- Installing: /workspace/unitree_go2_hoehlenforscher/install/go2_msgs/share/go2_msgs/cmake/ament_cmake_export_include_directories-extras.cmake
[6.540s] -- Installing: /workspace/unitree_go2_hoehlenforscher/install/go2_msgs/share/go2_msgs/cmake/ament_cmake_export_libraries-extras.cmake
[6.541s] -- Installing: /workspace/unitree_go2_hoehlenforscher/install/go2_msgs/share/go2_msgs/cmake/ament_cmake_export_targets-extras.cmake
[6.541s] -- Installing: /workspace/unitree_go2_hoehlenforscher/install/go2_msgs/share/go2_msgs/cmake/rosidl_cmake_export_typesupport_targets-extras.cmake
[6.541s] -- Installing: /workspace/unitree_go2_hoehlenforscher/install/go2_msgs/share/go2_msgs/cmake/rosidl_cmake_export_typesupport_libraries-extras.cmake
[6.542s] -- Installing: /workspace/unitree_go2_hoehlenforscher/install/go2_msgs/share/go2_msgs/cmake/go2_msgsConfig.cmake
[6.542s] -- Installing: /workspace/unitree_go2_hoehlenforscher/install/go2_msgs/share/go2_msgs/cmake/go2_msgsConfig-version.cmake
[6.542s] -- Installing: /workspace/unitree_go2_hoehlenforscher/install/go2_msgs/share/go2_msgs/package.xml
[6.547s] Invoked command in '/workspace/unitree_go2_hoehlenforscher/build/go2_msgs' returned '0': CMAKE_PREFIX_PATH=${CMAKE_PREFIX_PATH}:/workspace/unitree_go2_hoehlenforscher/install/go2_my_nodes_py:/opt/ros/humble /usr/bin/cmake --install /workspace/unitree_go2_hoehlenforscher/build/go2_msgs
