[0.505s] Invoking command in '/workspace/unitree_go2_hoehlenforscher/build/go2_my_nodes_py': PYTHONPATH=/workspace/unitree_go2_hoehlenforscher/build/go2_my_nodes_py/prefix_override:/usr/lib/python3/dist-packages/colcon_core/task/python/colcon_distutils_commands:/workspace/unitree_go2_hoehlenforscher/install/go2_my_nodes_py/lib/python3.10/site-packages: /usr/bin/python3 -W ignore:setup.py install is deprecated -W ignore:easy_install command is deprecated setup.py develop --editable --build-directory /workspace/unitree_go2_hoehlenforscher/build/go2_my_nodes_py/build --no-deps symlink_data
[0.700s] running develop
[0.760s] running egg_info
[0.761s] writing go2_my_nodes_py.egg-info/PKG-INFO
[0.761s] writing dependency_links to go2_my_nodes_py.egg-info/dependency_links.txt
[0.761s] writing entry points to go2_my_nodes_py.egg-info/entry_points.txt
[0.761s] writing requirements to go2_my_nodes_py.egg-info/requires.txt
[0.761s] writing top-level names to go2_my_nodes_py.egg-info/top_level.txt
[0.762s] reading manifest file 'go2_my_nodes_py.egg-info/SOURCES.txt'
[0.763s] writing manifest file 'go2_my_nodes_py.egg-info/SOURCES.txt'
[0.764s] running build_ext
[0.764s] Creating /workspace/unitree_go2_hoehlenforscher/install/go2_my_nodes_py/lib/python3.10/site-packages/go2-my-nodes-py.egg-link (link to .)
[0.765s] Installing action_node script to /workspace/unitree_go2_hoehlenforscher/install/go2_my_nodes_py/lib/go2_my_nodes_py
[0.765s] Installing cloud_to_entrance_node script to /workspace/unitree_go2_hoehlenforscher/install/go2_my_nodes_py/lib/go2_my_nodes_py
[0.765s] Installing entrance_decision_node script to /workspace/unitree_go2_hoehlenforscher/install/go2_my_nodes_py/lib/go2_my_nodes_py
[0.766s] Installing hole_detection_clean script to /workspace/unitree_go2_hoehlenforscher/install/go2_my_nodes_py/lib/go2_my_nodes_py
[0.766s] Installing hole_detection_ransac script to /workspace/unitree_go2_hoehlenforscher/install/go2_my_nodes_py/lib/go2_my_nodes_py
[0.766s] Installing hole_detection_voxel_grid script to /workspace/unitree_go2_hoehlenforscher/install/go2_my_nodes_py/lib/go2_my_nodes_py
[0.766s] Installing test_sport_movement script to /workspace/unitree_go2_hoehlenforscher/install/go2_my_nodes_py/lib/go2_my_nodes_py
[0.766s] 
[0.766s] Installed /workspace/unitree_go2_hoehlenforscher/build/go2_my_nodes_py
[0.767s] running symlink_data
[0.790s] Invoked command in '/workspace/unitree_go2_hoehlenforscher/build/go2_my_nodes_py' returned '0': PYTHONPATH=/workspace/unitree_go2_hoehlenforscher/build/go2_my_nodes_py/prefix_override:/usr/lib/python3/dist-packages/colcon_core/task/python/colcon_distutils_commands:/workspace/unitree_go2_hoehlenforscher/install/go2_my_nodes_py/lib/python3.10/site-packages: /usr/bin/python3 -W ignore:setup.py install is deprecated -W ignore:easy_install command is deprecated setup.py develop --editable --build-directory /workspace/unitree_go2_hoehlenforscher/build/go2_my_nodes_py/build --no-deps symlink_data
