[0.015s] Invoking command in '/workspace/unitree_go2_hoehlenforscher/build/go2_msgs': CMAKE_PREFIX_PATH=${CMAKE_PREFIX_PATH}:/workspace/unitree_go2_hoehlenforscher/install/go2_my_nodes_py:/opt/ros/humble /usr/bin/cmake --build /workspace/unitree_go2_hoehlenforscher/build/go2_msgs -- -j16 -l16
[0.074s] -- Found ament_cmake: 1.3.12 (/opt/ros/humble/share/ament_cmake/cmake)
[0.314s] -- Found rosidl_default_generators: 1.2.0 (/opt/ros/humble/share/rosidl_default_generators/cmake)
[0.316s] -- Using all available rosidl_typesupport_c: rosidl_typesupport_fastrtps_c;rosidl_typesupport_introspection_c
[0.319s] -- Found rosidl_adapter: 3.1.7 (/opt/ros/humble/share/rosidl_adapter/cmake)
[0.352s] -- Using all available rosidl_typesupport_cpp: rosidl_typesupport_fastrtps_cpp;rosidl_typesupport_introspection_cpp
[0.374s] -- Found std_msgs: 4.9.0 (/opt/ros/humble/share/std_msgs/cmake)
[0.394s] -- Found geometry_msgs: 4.9.0 (/opt/ros/humble/share/geometry_msgs/cmake)
[0.407s] -- Found action_msgs: 1.2.2 (/opt/ros/humble/share/action_msgs/cmake)
[0.951s] -- Found ament_cmake_ros: 0.10.0 (/opt/ros/humble/share/ament_cmake_ros/cmake)
[1.297s] -- Using all available rosidl_typesupport_c: rosidl_typesupport_fastrtps_c;rosidl_typesupport_introspection_c
[1.983s] -- Using all available rosidl_typesupport_cpp: rosidl_typesupport_fastrtps_cpp;rosidl_typesupport_introspection_cpp
[2.039s] -- Found python_cmake_module: 0.10.0 (/opt/ros/humble/share/python_cmake_module/cmake)
[2.096s] -- Using PYTHON_EXECUTABLE: /usr/bin/python3
[2.097s] -- Using PYTHON_INCLUDE_DIRS: /usr/include/python3.10
[2.097s] -- Using PYTHON_LIBRARIES: /usr/lib/x86_64-linux-gnu/libpython3.10.so
[2.204s] -- Configuring done
[2.266s] -- Generating done
[2.293s] -- Build files have been written to: /workspace/unitree_go2_hoehlenforscher/build/go2_msgs
[2.346s] [  2%] [34m[1mGenerating C code for ROS interfaces[0m
[2.366s] [  5%] [34m[1mGenerating C++ code for ROS interfaces[0m
[2.385s] [  5%] Built target ament_cmake_python_copy_go2_msgs
[2.655s] running egg_info
[2.656s] writing go2_msgs.egg-info/PKG-INFO
[2.656s] writing dependency_links to go2_msgs.egg-info/dependency_links.txt
[2.657s] writing top-level names to go2_msgs.egg-info/top_level.txt
[2.658s] reading manifest file 'go2_msgs.egg-info/SOURCES.txt'
[2.658s] writing manifest file 'go2_msgs.egg-info/SOURCES.txt'
[2.692s] [  5%] Built target ament_cmake_python_build_go2_msgs_egg
[2.932s] [35m[1mConsolidate compiler generated dependencies of target go2_msgs__rosidl_generator_c[0m
[2.957s] [  7%] [32mBuilding C object CMakeFiles/go2_msgs__rosidl_generator_c.dir/rosidl_generator_c/go2_msgs/msg/detail/entrance__functions.c.o[0m
[2.958s] [ 10%] [32mBuilding C object CMakeFiles/go2_msgs__rosidl_generator_c.dir/rosidl_generator_c/go2_msgs/action/detail/navigate_to_entrance__functions.c.o[0m
[2.964s] [ 10%] Built target go2_msgs__cpp
[2.977s] [ 12%] [34m[1mGenerating C++ type support dispatch for ROS interfaces[0m
[2.982s] [ 15%] [34m[1mGenerating C++ introspection for ROS interfaces[0m
[2.983s] [ 17%] [34m[1mGenerating C++ type support for eProsima Fast-RTPS[0m
[3.061s] [ 20%] [32m[1mLinking C shared library libgo2_msgs__rosidl_generator_c.so[0m
[3.151s] [ 20%] Built target go2_msgs__rosidl_generator_c
[3.170s] [ 23%] [34m[1mGenerating C introspection for ROS interfaces[0m
[3.170s] [ 25%] [34m[1mGenerating C type support for eProsima Fast-RTPS[0m
[3.171s] [ 28%] [34m[1mGenerating C type support dispatch for ROS interfaces[0m
[3.388s] [35m[1mConsolidate compiler generated dependencies of target go2_msgs__rosidl_typesupport_cpp[0m
[3.403s] [ 30%] [32mBuilding CXX object CMakeFiles/go2_msgs__rosidl_typesupport_cpp.dir/rosidl_typesupport_cpp/go2_msgs/msg/entrance__type_support.cpp.o[0m
[3.411s] [ 33%] [32mBuilding CXX object CMakeFiles/go2_msgs__rosidl_typesupport_cpp.dir/rosidl_typesupport_cpp/go2_msgs/action/navigate_to_entrance__type_support.cpp.o[0m
[3.442s] [35m[1mConsolidate compiler generated dependencies of target go2_msgs__rosidl_typesupport_introspection_cpp[0m
[3.463s] [ 35%] [32mBuilding CXX object CMakeFiles/go2_msgs__rosidl_typesupport_introspection_cpp.dir/rosidl_typesupport_introspection_cpp/go2_msgs/msg/detail/entrance__type_support.cpp.o[0m
[3.467s] [ 38%] [32mBuilding CXX object CMakeFiles/go2_msgs__rosidl_typesupport_introspection_cpp.dir/rosidl_typesupport_introspection_cpp/go2_msgs/action/detail/navigate_to_entrance__type_support.cpp.o[0m
[3.536s] [35m[1mConsolidate compiler generated dependencies of target go2_msgs__rosidl_typesupport_fastrtps_cpp[0m
[3.554s] [ 41%] [32mBuilding CXX object CMakeFiles/go2_msgs__rosidl_typesupport_fastrtps_cpp.dir/rosidl_typesupport_fastrtps_cpp/go2_msgs/action/detail/dds_fastrtps/navigate_to_entrance__type_support.cpp.o[0m
[3.556s] [35m[1mConsolidate compiler generated dependencies of target go2_msgs__rosidl_typesupport_c[0m
[3.557s] [ 43%] [32mBuilding CXX object CMakeFiles/go2_msgs__rosidl_typesupport_fastrtps_cpp.dir/rosidl_typesupport_fastrtps_cpp/go2_msgs/msg/detail/dds_fastrtps/entrance__type_support.cpp.o[0m
[3.565s] [ 46%] [32mBuilding CXX object CMakeFiles/go2_msgs__rosidl_typesupport_c.dir/rosidl_typesupport_c/go2_msgs/msg/entrance__type_support.cpp.o[0m
[3.566s] [ 48%] [32mBuilding CXX object CMakeFiles/go2_msgs__rosidl_typesupport_c.dir/rosidl_typesupport_c/go2_msgs/action/navigate_to_entrance__type_support.cpp.o[0m
[3.616s] [ 51%] [32m[1mLinking CXX shared library libgo2_msgs__rosidl_typesupport_c.so[0m
[3.672s] [35m[1mConsolidate compiler generated dependencies of target go2_msgs__rosidl_typesupport_introspection_c[0m
[3.683s] [ 53%] [32mBuilding C object CMakeFiles/go2_msgs__rosidl_typesupport_introspection_c.dir/rosidl_typesupport_introspection_c/go2_msgs/action/detail/navigate_to_entrance__type_support.c.o[0m
[3.684s] [ 56%] [32mBuilding C object CMakeFiles/go2_msgs__rosidl_typesupport_introspection_c.dir/rosidl_typesupport_introspection_c/go2_msgs/msg/detail/entrance__type_support.c.o[0m
[3.738s] [ 56%] Built target go2_msgs__rosidl_typesupport_c
[3.743s] [ 58%] [32m[1mLinking C shared library libgo2_msgs__rosidl_typesupport_introspection_c.so[0m
[3.752s] [35m[1mConsolidate compiler generated dependencies of target go2_msgs__rosidl_typesupport_fastrtps_c[0m
[3.766s] [ 61%] [32mBuilding CXX object CMakeFiles/go2_msgs__rosidl_typesupport_fastrtps_c.dir/rosidl_typesupport_fastrtps_c/go2_msgs/action/detail/navigate_to_entrance__type_support_c.cpp.o[0m
[3.769s] [ 64%] [32mBuilding CXX object CMakeFiles/go2_msgs__rosidl_typesupport_fastrtps_c.dir/rosidl_typesupport_fastrtps_c/go2_msgs/msg/detail/entrance__type_support_c.cpp.o[0m
[3.799s] [ 64%] Built target go2_msgs__rosidl_typesupport_introspection_c
[3.914s] [ 66%] [32m[1mLinking CXX shared library libgo2_msgs__rosidl_typesupport_cpp.so[0m
[4.066s] [ 66%] Built target go2_msgs__rosidl_typesupport_cpp
[4.136s] [ 69%] [32m[1mLinking CXX shared library libgo2_msgs__rosidl_typesupport_introspection_cpp.so[0m
[4.150s] [ 71%] [32m[1mLinking CXX shared library libgo2_msgs__rosidl_typesupport_fastrtps_cpp.so[0m
[4.212s] [ 74%] [32m[1mLinking CXX shared library libgo2_msgs__rosidl_typesupport_fastrtps_c.so[0m
[4.265s] [ 74%] Built target go2_msgs__rosidl_typesupport_introspection_cpp
[4.307s] [ 74%] Built target go2_msgs__rosidl_typesupport_fastrtps_cpp
[4.362s] [ 74%] Built target go2_msgs__rosidl_typesupport_fastrtps_c
[4.401s] [ 74%] Built target go2_msgs
[4.444s] [ 76%] [34m[1mGenerating Python code for ROS interfaces[0m
[5.459s] [ 76%] Built target go2_msgs__py
[5.477s] [35m[1mConsolidate compiler generated dependencies of target go2_msgs__rosidl_generator_py[0m
[5.504s] [ 79%] [32mBuilding C object CMakeFiles/go2_msgs__rosidl_generator_py.dir/rosidl_generator_py/go2_msgs/msg/_entrance_s.c.o[0m
[5.504s] [ 82%] [32mBuilding C object CMakeFiles/go2_msgs__rosidl_generator_py.dir/rosidl_generator_py/go2_msgs/action/_navigate_to_entrance_s.c.o[0m
[5.695s] [ 84%] [32m[1mLinking C shared library rosidl_generator_py/go2_msgs/libgo2_msgs__rosidl_generator_py.so[0m
[5.804s] [ 84%] Built target go2_msgs__rosidl_generator_py
[5.825s] [35m[1mConsolidate compiler generated dependencies of target go2_msgs__rosidl_typesupport_fastrtps_c__pyext[0m
[5.825s] [35m[1mConsolidate compiler generated dependencies of target go2_msgs__rosidl_typesupport_introspection_c__pyext[0m
[5.825s] [35m[1mConsolidate compiler generated dependencies of target go2_msgs__rosidl_typesupport_c__pyext[0m
[5.862s] [ 87%] [32mBuilding C object CMakeFiles/go2_msgs__rosidl_typesupport_c__pyext.dir/rosidl_generator_py/go2_msgs/_go2_msgs_s.ep.rosidl_typesupport_c.c.o[0m
[5.862s] [ 89%] [32mBuilding C object CMakeFiles/go2_msgs__rosidl_typesupport_introspection_c__pyext.dir/rosidl_generator_py/go2_msgs/_go2_msgs_s.ep.rosidl_typesupport_introspection_c.c.o[0m
[5.862s] [ 92%] [32mBuilding C object CMakeFiles/go2_msgs__rosidl_typesupport_fastrtps_c__pyext.dir/rosidl_generator_py/go2_msgs/_go2_msgs_s.ep.rosidl_typesupport_fastrtps_c.c.o[0m
[6.017s] [ 94%] [32m[1mLinking C shared library rosidl_generator_py/go2_msgs/go2_msgs_s__rosidl_typesupport_c.cpython-310-x86_64-linux-gnu.so[0m
[6.025s] [ 97%] [32m[1mLinking C shared library rosidl_generator_py/go2_msgs/go2_msgs_s__rosidl_typesupport_fastrtps_c.cpython-310-x86_64-linux-gnu.so[0m
[6.043s] [100%] [32m[1mLinking C shared library rosidl_generator_py/go2_msgs/go2_msgs_s__rosidl_typesupport_introspection_c.cpython-310-x86_64-linux-gnu.so[0m
[6.106s] [100%] Built target go2_msgs__rosidl_typesupport_c__pyext
[6.125s] [100%] Built target go2_msgs__rosidl_typesupport_fastrtps_c__pyext
[6.145s] [100%] Built target go2_msgs__rosidl_typesupport_introspection_c__pyext
[6.169s] Invoked command in '/workspace/unitree_go2_hoehlenforscher/build/go2_msgs' returned '0': CMAKE_PREFIX_PATH=${CMAKE_PREFIX_PATH}:/workspace/unitree_go2_hoehlenforscher/install/go2_my_nodes_py:/opt/ros/humble /usr/bin/cmake --build /workspace/unitree_go2_hoehlenforscher/build/go2_msgs -- -j16 -l16
[6.190s] Invoking command in '/workspace/unitree_go2_hoehlenforscher/build/go2_msgs': CMAKE_PREFIX_PATH=${CMAKE_PREFIX_PATH}:/workspace/unitree_go2_hoehlenforscher/install/go2_my_nodes_py:/opt/ros/humble /usr/bin/cmake --install /workspace/unitree_go2_hoehlenforscher/build/go2_msgs
[6.204s] -- Install configuration: ""
[6.205s] -- Installing: /workspace/unitree_go2_hoehlenforscher/install/go2_msgs/share/ament_index/resource_index/rosidl_interfaces/go2_msgs
[6.205s] -- Up-to-date: /workspace/unitree_go2_hoehlenforscher/install/go2_msgs/include/go2_msgs/go2_msgs
[6.205s] -- Installing: /workspace/unitree_go2_hoehlenforscher/install/go2_msgs/include/go2_msgs/go2_msgs/action
[6.206s] -- Installing: /workspace/unitree_go2_hoehlenforscher/install/go2_msgs/include/go2_msgs/go2_msgs/action/navigate_to_entrance.h
[6.206s] -- Installing: /workspace/unitree_go2_hoehlenforscher/install/go2_msgs/include/go2_msgs/go2_msgs/action/detail
[6.206s] -- Installing: /workspace/unitree_go2_hoehlenforscher/install/go2_msgs/include/go2_msgs/go2_msgs/action/detail/navigate_to_entrance__struct.h
[6.207s] -- Installing: /workspace/unitree_go2_hoehlenforscher/install/go2_msgs/include/go2_msgs/go2_msgs/action/detail/navigate_to_entrance__type_support.h
[6.207s] -- Installing: /workspace/unitree_go2_hoehlenforscher/install/go2_msgs/include/go2_msgs/go2_msgs/action/detail/navigate_to_entrance__functions.c
[6.207s] -- Installing: /workspace/unitree_go2_hoehlenforscher/install/go2_msgs/include/go2_msgs/go2_msgs/action/detail/navigate_to_entrance__functions.h
[6.208s] -- Up-to-date: /workspace/unitree_go2_hoehlenforscher/install/go2_msgs/include/go2_msgs/go2_msgs/msg
[6.208s] -- Up-to-date: /workspace/unitree_go2_hoehlenforscher/install/go2_msgs/include/go2_msgs/go2_msgs/msg/rosidl_generator_c__visibility_control.h
[6.208s] -- Installing: /workspace/unitree_go2_hoehlenforscher/install/go2_msgs/include/go2_msgs/go2_msgs/msg/entrance.h
[6.208s] -- Up-to-date: /workspace/unitree_go2_hoehlenforscher/install/go2_msgs/include/go2_msgs/go2_msgs/msg/detail
[6.209s] -- Installing: /workspace/unitree_go2_hoehlenforscher/install/go2_msgs/include/go2_msgs/go2_msgs/msg/detail/entrance__struct.h
[6.209s] -- Installing: /workspace/unitree_go2_hoehlenforscher/install/go2_msgs/include/go2_msgs/go2_msgs/msg/detail/entrance__functions.c
[6.209s] -- Installing: /workspace/unitree_go2_hoehlenforscher/install/go2_msgs/include/go2_msgs/go2_msgs/msg/detail/entrance__functions.h
[6.209s] -- Installing: /workspace/unitree_go2_hoehlenforscher/install/go2_msgs/include/go2_msgs/go2_msgs/msg/detail/entrance__type_support.h
[6.210s] -- Up-to-date: /workspace/unitree_go2_hoehlenforscher/install/go2_msgs/share/go2_msgs/environment/library_path.sh
[6.210s] -- Installing: /workspace/unitree_go2_hoehlenforscher/install/go2_msgs/share/go2_msgs/environment/library_path.dsv
[6.210s] -- Installing: /workspace/unitree_go2_hoehlenforscher/install/go2_msgs/lib/libgo2_msgs__rosidl_generator_c.so
[6.211s] -- Set runtime path of "/workspace/unitree_go2_hoehlenforscher/install/go2_msgs/lib/libgo2_msgs__rosidl_generator_c.so" to ""
[6.211s] -- Up-to-date: /workspace/unitree_go2_hoehlenforscher/install/go2_msgs/include/go2_msgs/go2_msgs
[6.212s] -- Up-to-date: /workspace/unitree_go2_hoehlenforscher/install/go2_msgs/include/go2_msgs/go2_msgs/action
[6.212s] -- Up-to-date: /workspace/unitree_go2_hoehlenforscher/install/go2_msgs/include/go2_msgs/go2_msgs/action/detail
[6.212s] -- Installing: /workspace/unitree_go2_hoehlenforscher/install/go2_msgs/include/go2_msgs/go2_msgs/action/detail/navigate_to_entrance__rosidl_typesupport_fastrtps_c.h
[6.212s] -- Up-to-date: /workspace/unitree_go2_hoehlenforscher/install/go2_msgs/include/go2_msgs/go2_msgs/msg
[6.212s] -- Up-to-date: /workspace/unitree_go2_hoehlenforscher/install/go2_msgs/include/go2_msgs/go2_msgs/msg/detail
[6.212s] -- Installing: /workspace/unitree_go2_hoehlenforscher/install/go2_msgs/include/go2_msgs/go2_msgs/msg/detail/entrance__rosidl_typesupport_fastrtps_c.h
[6.213s] -- Up-to-date: /workspace/unitree_go2_hoehlenforscher/install/go2_msgs/include/go2_msgs/go2_msgs/msg/rosidl_typesupport_fastrtps_c__visibility_control.h
[6.213s] -- Installing: /workspace/unitree_go2_hoehlenforscher/install/go2_msgs/lib/libgo2_msgs__rosidl_typesupport_fastrtps_c.so
[6.213s] -- Set runtime path of "/workspace/unitree_go2_hoehlenforscher/install/go2_msgs/lib/libgo2_msgs__rosidl_typesupport_fastrtps_c.so" to ""
[6.214s] -- Up-to-date: /workspace/unitree_go2_hoehlenforscher/install/go2_msgs/include/go2_msgs/go2_msgs
[6.214s] -- Up-to-date: /workspace/unitree_go2_hoehlenforscher/install/go2_msgs/include/go2_msgs/go2_msgs/action
[6.214s] -- Up-to-date: /workspace/unitree_go2_hoehlenforscher/install/go2_msgs/include/go2_msgs/go2_msgs/action/detail
[6.214s] -- Installing: /workspace/unitree_go2_hoehlenforscher/install/go2_msgs/include/go2_msgs/go2_msgs/action/detail/navigate_to_entrance__type_support.c
[6.214s] -- Installing: /workspace/unitree_go2_hoehlenforscher/install/go2_msgs/include/go2_msgs/go2_msgs/action/detail/navigate_to_entrance__rosidl_typesupport_introspection_c.h
[6.215s] -- Up-to-date: /workspace/unitree_go2_hoehlenforscher/install/go2_msgs/include/go2_msgs/go2_msgs/msg
[6.215s] -- Up-to-date: /workspace/unitree_go2_hoehlenforscher/install/go2_msgs/include/go2_msgs/go2_msgs/msg/rosidl_typesupport_introspection_c__visibility_control.h
[6.215s] -- Up-to-date: /workspace/unitree_go2_hoehlenforscher/install/go2_msgs/include/go2_msgs/go2_msgs/msg/detail
[6.215s] -- Installing: /workspace/unitree_go2_hoehlenforscher/install/go2_msgs/include/go2_msgs/go2_msgs/msg/detail/entrance__rosidl_typesupport_introspection_c.h
[6.215s] -- Installing: /workspace/unitree_go2_hoehlenforscher/install/go2_msgs/include/go2_msgs/go2_msgs/msg/detail/entrance__type_support.c
[6.216s] -- Installing: /workspace/unitree_go2_hoehlenforscher/install/go2_msgs/lib/libgo2_msgs__rosidl_typesupport_introspection_c.so
[6.216s] -- Set runtime path of "/workspace/unitree_go2_hoehlenforscher/install/go2_msgs/lib/libgo2_msgs__rosidl_typesupport_introspection_c.so" to ""
[6.217s] -- Installing: /workspace/unitree_go2_hoehlenforscher/install/go2_msgs/lib/libgo2_msgs__rosidl_typesupport_c.so
[6.217s] -- Set runtime path of "/workspace/unitree_go2_hoehlenforscher/install/go2_msgs/lib/libgo2_msgs__rosidl_typesupport_c.so" to ""
[6.218s] -- Up-to-date: /workspace/unitree_go2_hoehlenforscher/install/go2_msgs/include/go2_msgs/go2_msgs
[6.218s] -- Up-to-date: /workspace/unitree_go2_hoehlenforscher/install/go2_msgs/include/go2_msgs/go2_msgs/action
[6.218s] -- Installing: /workspace/unitree_go2_hoehlenforscher/install/go2_msgs/include/go2_msgs/go2_msgs/action/navigate_to_entrance.hpp
[6.218s] -- Up-to-date: /workspace/unitree_go2_hoehlenforscher/install/go2_msgs/include/go2_msgs/go2_msgs/action/detail
[6.219s] -- Installing: /workspace/unitree_go2_hoehlenforscher/install/go2_msgs/include/go2_msgs/go2_msgs/action/detail/navigate_to_entrance__type_support.hpp
[6.219s] -- Installing: /workspace/unitree_go2_hoehlenforscher/install/go2_msgs/include/go2_msgs/go2_msgs/action/detail/navigate_to_entrance__traits.hpp
[6.219s] -- Installing: /workspace/unitree_go2_hoehlenforscher/install/go2_msgs/include/go2_msgs/go2_msgs/action/detail/navigate_to_entrance__builder.hpp
[6.219s] -- Installing: /workspace/unitree_go2_hoehlenforscher/install/go2_msgs/include/go2_msgs/go2_msgs/action/detail/navigate_to_entrance__struct.hpp
[6.219s] -- Up-to-date: /workspace/unitree_go2_hoehlenforscher/install/go2_msgs/include/go2_msgs/go2_msgs/msg
[6.220s] -- Installing: /workspace/unitree_go2_hoehlenforscher/install/go2_msgs/include/go2_msgs/go2_msgs/msg/entrance.hpp
[6.220s] -- Up-to-date: /workspace/unitree_go2_hoehlenforscher/install/go2_msgs/include/go2_msgs/go2_msgs/msg/rosidl_generator_cpp__visibility_control.hpp
[6.220s] -- Up-to-date: /workspace/unitree_go2_hoehlenforscher/install/go2_msgs/include/go2_msgs/go2_msgs/msg/detail
[6.220s] -- Installing: /workspace/unitree_go2_hoehlenforscher/install/go2_msgs/include/go2_msgs/go2_msgs/msg/detail/entrance__struct.hpp
[6.220s] -- Installing: /workspace/unitree_go2_hoehlenforscher/install/go2_msgs/include/go2_msgs/go2_msgs/msg/detail/entrance__type_support.hpp
[6.221s] -- Installing: /workspace/unitree_go2_hoehlenforscher/install/go2_msgs/include/go2_msgs/go2_msgs/msg/detail/entrance__traits.hpp
[6.221s] -- Installing: /workspace/unitree_go2_hoehlenforscher/install/go2_msgs/include/go2_msgs/go2_msgs/msg/detail/entrance__builder.hpp
[6.221s] -- Up-to-date: /workspace/unitree_go2_hoehlenforscher/install/go2_msgs/include/go2_msgs/go2_msgs
[6.221s] -- Up-to-date: /workspace/unitree_go2_hoehlenforscher/install/go2_msgs/include/go2_msgs/go2_msgs/action
[6.221s] -- Up-to-date: /workspace/unitree_go2_hoehlenforscher/install/go2_msgs/include/go2_msgs/go2_msgs/action/detail
[6.222s] -- Installing: /workspace/unitree_go2_hoehlenforscher/install/go2_msgs/include/go2_msgs/go2_msgs/action/detail/dds_fastrtps
[6.222s] -- Installing: /workspace/unitree_go2_hoehlenforscher/install/go2_msgs/include/go2_msgs/go2_msgs/action/detail/navigate_to_entrance__rosidl_typesupport_fastrtps_cpp.hpp
[6.222s] -- Up-to-date: /workspace/unitree_go2_hoehlenforscher/install/go2_msgs/include/go2_msgs/go2_msgs/msg
[6.222s] -- Up-to-date: /workspace/unitree_go2_hoehlenforscher/install/go2_msgs/include/go2_msgs/go2_msgs/msg/rosidl_typesupport_fastrtps_cpp__visibility_control.h
[6.222s] -- Up-to-date: /workspace/unitree_go2_hoehlenforscher/install/go2_msgs/include/go2_msgs/go2_msgs/msg/detail
[6.222s] -- Up-to-date: /workspace/unitree_go2_hoehlenforscher/install/go2_msgs/include/go2_msgs/go2_msgs/msg/detail/dds_fastrtps
[6.223s] -- Installing: /workspace/unitree_go2_hoehlenforscher/install/go2_msgs/include/go2_msgs/go2_msgs/msg/detail/entrance__rosidl_typesupport_fastrtps_cpp.hpp
[6.223s] -- Installing: /workspace/unitree_go2_hoehlenforscher/install/go2_msgs/lib/libgo2_msgs__rosidl_typesupport_fastrtps_cpp.so
[6.223s] -- Set runtime path of "/workspace/unitree_go2_hoehlenforscher/install/go2_msgs/lib/libgo2_msgs__rosidl_typesupport_fastrtps_cpp.so" to ""
[6.224s] -- Up-to-date: /workspace/unitree_go2_hoehlenforscher/install/go2_msgs/include/go2_msgs/go2_msgs
[6.224s] -- Up-to-date: /workspace/unitree_go2_hoehlenforscher/install/go2_msgs/include/go2_msgs/go2_msgs/action
[6.224s] -- Up-to-date: /workspace/unitree_go2_hoehlenforscher/install/go2_msgs/include/go2_msgs/go2_msgs/action/detail
[6.224s] -- Installing: /workspace/unitree_go2_hoehlenforscher/install/go2_msgs/include/go2_msgs/go2_msgs/action/detail/navigate_to_entrance__type_support.cpp
[6.224s] -- Installing: /workspace/unitree_go2_hoehlenforscher/install/go2_msgs/include/go2_msgs/go2_msgs/action/detail/navigate_to_entrance__rosidl_typesupport_introspection_cpp.hpp
[6.225s] -- Up-to-date: /workspace/unitree_go2_hoehlenforscher/install/go2_msgs/include/go2_msgs/go2_msgs/msg
[6.225s] -- Up-to-date: /workspace/unitree_go2_hoehlenforscher/install/go2_msgs/include/go2_msgs/go2_msgs/msg/detail
[6.225s] -- Installing: /workspace/unitree_go2_hoehlenforscher/install/go2_msgs/include/go2_msgs/go2_msgs/msg/detail/entrance__type_support.cpp
[6.225s] -- Installing: /workspace/unitree_go2_hoehlenforscher/install/go2_msgs/include/go2_msgs/go2_msgs/msg/detail/entrance__rosidl_typesupport_introspection_cpp.hpp
[6.225s] -- Installing: /workspace/unitree_go2_hoehlenforscher/install/go2_msgs/lib/libgo2_msgs__rosidl_typesupport_introspection_cpp.so
[6.225s] -- Set runtime path of "/workspace/unitree_go2_hoehlenforscher/install/go2_msgs/lib/libgo2_msgs__rosidl_typesupport_introspection_cpp.so" to ""
[6.226s] -- Installing: /workspace/unitree_go2_hoehlenforscher/install/go2_msgs/lib/libgo2_msgs__rosidl_typesupport_cpp.so
[6.226s] -- Set runtime path of "/workspace/unitree_go2_hoehlenforscher/install/go2_msgs/lib/libgo2_msgs__rosidl_typesupport_cpp.so" to ""
[6.227s] -- Up-to-date: /workspace/unitree_go2_hoehlenforscher/install/go2_msgs/share/go2_msgs/environment/pythonpath.sh
[6.227s] -- Installing: /workspace/unitree_go2_hoehlenforscher/install/go2_msgs/share/go2_msgs/environment/pythonpath.dsv
[6.227s] -- Up-to-date: /workspace/unitree_go2_hoehlenforscher/install/go2_msgs/local/lib/python3.10/dist-packages/go2_msgs-0.0.1-py3.10.egg-info
[6.227s] -- Installing: /workspace/unitree_go2_hoehlenforscher/install/go2_msgs/local/lib/python3.10/dist-packages/go2_msgs-0.0.1-py3.10.egg-info/top_level.txt
[6.227s] -- Installing: /workspace/unitree_go2_hoehlenforscher/install/go2_msgs/local/lib/python3.10/dist-packages/go2_msgs-0.0.1-py3.10.egg-info/dependency_links.txt
[6.228s] -- Installing: /workspace/unitree_go2_hoehlenforscher/install/go2_msgs/local/lib/python3.10/dist-packages/go2_msgs-0.0.1-py3.10.egg-info/PKG-INFO
[6.228s] -- Installing: /workspace/unitree_go2_hoehlenforscher/install/go2_msgs/local/lib/python3.10/dist-packages/go2_msgs-0.0.1-py3.10.egg-info/SOURCES.txt
[6.228s] -- Up-to-date: /workspace/unitree_go2_hoehlenforscher/install/go2_msgs/local/lib/python3.10/dist-packages/go2_msgs
[6.228s] -- Installing: /workspace/unitree_go2_hoehlenforscher/install/go2_msgs/local/lib/python3.10/dist-packages/go2_msgs/go2_msgs_s__rosidl_typesupport_introspection_c.cpython-310-x86_64-linux-gnu.so
[6.228s] -- Installing: /workspace/unitree_go2_hoehlenforscher/install/go2_msgs/local/lib/python3.10/dist-packages/go2_msgs/_go2_msgs_s.ep.rosidl_typesupport_introspection_c.c
[6.229s] -- Installing: /workspace/unitree_go2_hoehlenforscher/install/go2_msgs/local/lib/python3.10/dist-packages/go2_msgs/go2_msgs_s__rosidl_typesupport_fastrtps_c.cpython-310-x86_64-linux-gnu.so
[6.229s] -- Installing: /workspace/unitree_go2_hoehlenforscher/install/go2_msgs/local/lib/python3.10/dist-packages/go2_msgs/_go2_msgs_s.ep.rosidl_typesupport_c.c
[6.229s] -- Installing: /workspace/unitree_go2_hoehlenforscher/install/go2_msgs/local/lib/python3.10/dist-packages/go2_msgs/_go2_msgs_s.ep.rosidl_typesupport_fastrtps_c.c
[6.230s] -- Installing: /workspace/unitree_go2_hoehlenforscher/install/go2_msgs/local/lib/python3.10/dist-packages/go2_msgs/libgo2_msgs__rosidl_generator_py.so
[6.230s] -- Installing: /workspace/unitree_go2_hoehlenforscher/install/go2_msgs/local/lib/python3.10/dist-packages/go2_msgs/__init__.py
[6.230s] -- Installing: /workspace/unitree_go2_hoehlenforscher/install/go2_msgs/local/lib/python3.10/dist-packages/go2_msgs/action
[6.230s] -- Installing: /workspace/unitree_go2_hoehlenforscher/install/go2_msgs/local/lib/python3.10/dist-packages/go2_msgs/action/_navigate_to_entrance.py
[6.230s] -- Installing: /workspace/unitree_go2_hoehlenforscher/install/go2_msgs/local/lib/python3.10/dist-packages/go2_msgs/action/__init__.py
[6.231s] -- Installing: /workspace/unitree_go2_hoehlenforscher/install/go2_msgs/local/lib/python3.10/dist-packages/go2_msgs/action/_navigate_to_entrance_s.c
[6.231s] -- Up-to-date: /workspace/unitree_go2_hoehlenforscher/install/go2_msgs/local/lib/python3.10/dist-packages/go2_msgs/msg
[6.231s] -- Installing: /workspace/unitree_go2_hoehlenforscher/install/go2_msgs/local/lib/python3.10/dist-packages/go2_msgs/msg/__init__.py
[6.231s] -- Installing: /workspace/unitree_go2_hoehlenforscher/install/go2_msgs/local/lib/python3.10/dist-packages/go2_msgs/msg/_entrance_s.c
[6.231s] -- Installing: /workspace/unitree_go2_hoehlenforscher/install/go2_msgs/local/lib/python3.10/dist-packages/go2_msgs/msg/_entrance.py
[6.232s] -- Installing: /workspace/unitree_go2_hoehlenforscher/install/go2_msgs/local/lib/python3.10/dist-packages/go2_msgs/go2_msgs_s__rosidl_typesupport_c.cpython-310-x86_64-linux-gnu.so
[6.324s] Listing '/workspace/unitree_go2_hoehlenforscher/install/go2_msgs/local/lib/python3.10/dist-packages/go2_msgs'...
[6.324s] Compiling '/workspace/unitree_go2_hoehlenforscher/install/go2_msgs/local/lib/python3.10/dist-packages/go2_msgs/__init__.py'...
[6.324s] Listing '/workspace/unitree_go2_hoehlenforscher/install/go2_msgs/local/lib/python3.10/dist-packages/go2_msgs/action'...
[6.325s] Compiling '/workspace/unitree_go2_hoehlenforscher/install/go2_msgs/local/lib/python3.10/dist-packages/go2_msgs/action/__init__.py'...
[6.325s] Compiling '/workspace/unitree_go2_hoehlenforscher/install/go2_msgs/local/lib/python3.10/dist-packages/go2_msgs/action/_navigate_to_entrance.py'...
[6.325s] Listing '/workspace/unitree_go2_hoehlenforscher/install/go2_msgs/local/lib/python3.10/dist-packages/go2_msgs/msg'...
[6.325s] Compiling '/workspace/unitree_go2_hoehlenforscher/install/go2_msgs/local/lib/python3.10/dist-packages/go2_msgs/msg/__init__.py'...
[6.326s] Compiling '/workspace/unitree_go2_hoehlenforscher/install/go2_msgs/local/lib/python3.10/dist-packages/go2_msgs/msg/_entrance.py'...
[6.332s] -- Installing: /workspace/unitree_go2_hoehlenforscher/install/go2_msgs/local/lib/python3.10/dist-packages/go2_msgs/go2_msgs_s__rosidl_typesupport_fastrtps_c.cpython-310-x86_64-linux-gnu.so
[6.334s] -- Set runtime path of "/workspace/unitree_go2_hoehlenforscher/install/go2_msgs/local/lib/python3.10/dist-packages/go2_msgs/go2_msgs_s__rosidl_typesupport_fastrtps_c.cpython-310-x86_64-linux-gnu.so" to ""
[6.334s] -- Installing: /workspace/unitree_go2_hoehlenforscher/install/go2_msgs/local/lib/python3.10/dist-packages/go2_msgs/go2_msgs_s__rosidl_typesupport_introspection_c.cpython-310-x86_64-linux-gnu.so
[6.336s] -- Set runtime path of "/workspace/unitree_go2_hoehlenforscher/install/go2_msgs/local/lib/python3.10/dist-packages/go2_msgs/go2_msgs_s__rosidl_typesupport_introspection_c.cpython-310-x86_64-linux-gnu.so" to ""
[6.336s] -- Installing: /workspace/unitree_go2_hoehlenforscher/install/go2_msgs/local/lib/python3.10/dist-packages/go2_msgs/go2_msgs_s__rosidl_typesupport_c.cpython-310-x86_64-linux-gnu.so
[6.338s] -- Set runtime path of "/workspace/unitree_go2_hoehlenforscher/install/go2_msgs/local/lib/python3.10/dist-packages/go2_msgs/go2_msgs_s__rosidl_typesupport_c.cpython-310-x86_64-linux-gnu.so" to ""
[6.338s] -- Installing: /workspace/unitree_go2_hoehlenforscher/install/go2_msgs/lib/libgo2_msgs__rosidl_generator_py.so
[6.339s] -- Set runtime path of "/workspace/unitree_go2_hoehlenforscher/install/go2_msgs/lib/libgo2_msgs__rosidl_generator_py.so" to ""
[6.339s] -- Up-to-date: /workspace/unitree_go2_hoehlenforscher/install/go2_msgs/share/go2_msgs/msg/Entrance.idl
[6.339s] -- Installing: /workspace/unitree_go2_hoehlenforscher/install/go2_msgs/share/go2_msgs/action/NavigateToEntrance.idl
[6.340s] -- Installing: /workspace/unitree_go2_hoehlenforscher/install/go2_msgs/share/go2_msgs/msg/Entrance.msg
[6.340s] -- Installing: /workspace/unitree_go2_hoehlenforscher/install/go2_msgs/share/go2_msgs/action/NavigateToEntrance.action
[6.340s] -- Installing: /workspace/unitree_go2_hoehlenforscher/install/go2_msgs/share/ament_index/resource_index/package_run_dependencies/go2_msgs
[6.341s] -- Up-to-date: /workspace/unitree_go2_hoehlenforscher/install/go2_msgs/share/ament_index/resource_index/parent_prefix_path/go2_msgs
[6.341s] -- Up-to-date: /workspace/unitree_go2_hoehlenforscher/install/go2_msgs/share/go2_msgs/environment/ament_prefix_path.sh
[6.341s] -- Installing: /workspace/unitree_go2_hoehlenforscher/install/go2_msgs/share/go2_msgs/environment/ament_prefix_path.dsv
[6.341s] -- Up-to-date: /workspace/unitree_go2_hoehlenforscher/install/go2_msgs/share/go2_msgs/environment/path.sh
[6.341s] -- Installing: /workspace/unitree_go2_hoehlenforscher/install/go2_msgs/share/go2_msgs/environment/path.dsv
[6.342s] -- Up-to-date: /workspace/unitree_go2_hoehlenforscher/install/go2_msgs/share/go2_msgs/local_setup.bash
[6.342s] -- Up-to-date: /workspace/unitree_go2_hoehlenforscher/install/go2_msgs/share/go2_msgs/local_setup.sh
[6.343s] -- Up-to-date: /workspace/unitree_go2_hoehlenforscher/install/go2_msgs/share/go2_msgs/local_setup.zsh
[6.343s] -- Installing: /workspace/unitree_go2_hoehlenforscher/install/go2_msgs/share/go2_msgs/local_setup.dsv
[6.343s] -- Installing: /workspace/unitree_go2_hoehlenforscher/install/go2_msgs/share/go2_msgs/package.dsv
[6.344s] -- Up-to-date: /workspace/unitree_go2_hoehlenforscher/install/go2_msgs/share/ament_index/resource_index/packages/go2_msgs
[6.344s] -- Old export file "/workspace/unitree_go2_hoehlenforscher/install/go2_msgs/share/go2_msgs/cmake/export_go2_msgs__rosidl_generator_cExport.cmake" will be replaced.  Removing files [/workspace/unitree_go2_hoehlenforscher/install/go2_msgs/share/go2_msgs/cmake/export_go2_msgs__rosidl_generator_cExport-noconfig.cmake].
[6.344s] -- Installing: /workspace/unitree_go2_hoehlenforscher/install/go2_msgs/share/go2_msgs/cmake/export_go2_msgs__rosidl_generator_cExport.cmake
[6.345s] -- Installing: /workspace/unitree_go2_hoehlenforscher/install/go2_msgs/share/go2_msgs/cmake/export_go2_msgs__rosidl_generator_cExport-noconfig.cmake
[6.345s] -- Old export file "/workspace/unitree_go2_hoehlenforscher/install/go2_msgs/share/go2_msgs/cmake/export_go2_msgs__rosidl_typesupport_fastrtps_cExport.cmake" will be replaced.  Removing files [/workspace/unitree_go2_hoehlenforscher/install/go2_msgs/share/go2_msgs/cmake/export_go2_msgs__rosidl_typesupport_fastrtps_cExport-noconfig.cmake].
[6.345s] -- Installing: /workspace/unitree_go2_hoehlenforscher/install/go2_msgs/share/go2_msgs/cmake/export_go2_msgs__rosidl_typesupport_fastrtps_cExport.cmake
[6.346s] -- Installing: /workspace/unitree_go2_hoehlenforscher/install/go2_msgs/share/go2_msgs/cmake/export_go2_msgs__rosidl_typesupport_fastrtps_cExport-noconfig.cmake
[6.347s] -- Old export file "/workspace/unitree_go2_hoehlenforscher/install/go2_msgs/share/go2_msgs/cmake/go2_msgs__rosidl_typesupport_introspection_cExport.cmake" will be replaced.  Removing files [/workspace/unitree_go2_hoehlenforscher/install/go2_msgs/share/go2_msgs/cmake/go2_msgs__rosidl_typesupport_introspection_cExport-noconfig.cmake].
[6.347s] -- Installing: /workspace/unitree_go2_hoehlenforscher/install/go2_msgs/share/go2_msgs/cmake/go2_msgs__rosidl_typesupport_introspection_cExport.cmake
[6.347s] -- Installing: /workspace/unitree_go2_hoehlenforscher/install/go2_msgs/share/go2_msgs/cmake/go2_msgs__rosidl_typesupport_introspection_cExport-noconfig.cmake
[6.348s] -- Old export file "/workspace/unitree_go2_hoehlenforscher/install/go2_msgs/share/go2_msgs/cmake/go2_msgs__rosidl_typesupport_cExport.cmake" will be replaced.  Removing files [/workspace/unitree_go2_hoehlenforscher/install/go2_msgs/share/go2_msgs/cmake/go2_msgs__rosidl_typesupport_cExport-noconfig.cmake].
[6.348s] -- Installing: /workspace/unitree_go2_hoehlenforscher/install/go2_msgs/share/go2_msgs/cmake/go2_msgs__rosidl_typesupport_cExport.cmake
[6.349s] -- Installing: /workspace/unitree_go2_hoehlenforscher/install/go2_msgs/share/go2_msgs/cmake/go2_msgs__rosidl_typesupport_cExport-noconfig.cmake
[6.349s] -- Installing: /workspace/unitree_go2_hoehlenforscher/install/go2_msgs/share/go2_msgs/cmake/export_go2_msgs__rosidl_generator_cppExport.cmake
[6.350s] -- Old export file "/workspace/unitree_go2_hoehlenforscher/install/go2_msgs/share/go2_msgs/cmake/export_go2_msgs__rosidl_typesupport_fastrtps_cppExport.cmake" will be replaced.  Removing files [/workspace/unitree_go2_hoehlenforscher/install/go2_msgs/share/go2_msgs/cmake/export_go2_msgs__rosidl_typesupport_fastrtps_cppExport-noconfig.cmake].
[6.350s] -- Installing: /workspace/unitree_go2_hoehlenforscher/install/go2_msgs/share/go2_msgs/cmake/export_go2_msgs__rosidl_typesupport_fastrtps_cppExport.cmake
[6.350s] -- Installing: /workspace/unitree_go2_hoehlenforscher/install/go2_msgs/share/go2_msgs/cmake/export_go2_msgs__rosidl_typesupport_fastrtps_cppExport-noconfig.cmake
[6.351s] -- Old export file "/workspace/unitree_go2_hoehlenforscher/install/go2_msgs/share/go2_msgs/cmake/go2_msgs__rosidl_typesupport_introspection_cppExport.cmake" will be replaced.  Removing files [/workspace/unitree_go2_hoehlenforscher/install/go2_msgs/share/go2_msgs/cmake/go2_msgs__rosidl_typesupport_introspection_cppExport-noconfig.cmake].
[6.351s] -- Installing: /workspace/unitree_go2_hoehlenforscher/install/go2_msgs/share/go2_msgs/cmake/go2_msgs__rosidl_typesupport_introspection_cppExport.cmake
[6.352s] -- Installing: /workspace/unitree_go2_hoehlenforscher/install/go2_msgs/share/go2_msgs/cmake/go2_msgs__rosidl_typesupport_introspection_cppExport-noconfig.cmake
[6.352s] -- Old export file "/workspace/unitree_go2_hoehlenforscher/install/go2_msgs/share/go2_msgs/cmake/go2_msgs__rosidl_typesupport_cppExport.cmake" will be replaced.  Removing files [/workspace/unitree_go2_hoehlenforscher/install/go2_msgs/share/go2_msgs/cmake/go2_msgs__rosidl_typesupport_cppExport-noconfig.cmake].
[6.353s] -- Installing: /workspace/unitree_go2_hoehlenforscher/install/go2_msgs/share/go2_msgs/cmake/go2_msgs__rosidl_typesupport_cppExport.cmake
[6.353s] -- Installing: /workspace/unitree_go2_hoehlenforscher/install/go2_msgs/share/go2_msgs/cmake/go2_msgs__rosidl_typesupport_cppExport-noconfig.cmake
[6.354s] -- Old export file "/workspace/unitree_go2_hoehlenforscher/install/go2_msgs/share/go2_msgs/cmake/export_go2_msgs__rosidl_generator_pyExport.cmake" will be replaced.  Removing files [/workspace/unitree_go2_hoehlenforscher/install/go2_msgs/share/go2_msgs/cmake/export_go2_msgs__rosidl_generator_pyExport-noconfig.cmake].
[6.354s] -- Installing: /workspace/unitree_go2_hoehlenforscher/install/go2_msgs/share/go2_msgs/cmake/export_go2_msgs__rosidl_generator_pyExport.cmake
[6.354s] -- Installing: /workspace/unitree_go2_hoehlenforscher/install/go2_msgs/share/go2_msgs/cmake/export_go2_msgs__rosidl_generator_pyExport-noconfig.cmake
[6.355s] -- Installing: /workspace/unitree_go2_hoehlenforscher/install/go2_msgs/share/go2_msgs/cmake/rosidl_cmake-extras.cmake
[6.355s] -- Installing: /workspace/unitree_go2_hoehlenforscher/install/go2_msgs/share/go2_msgs/cmake/ament_cmake_export_dependencies-extras.cmake
[6.356s] -- Up-to-date: /workspace/unitree_go2_hoehlenforscher/install/go2_msgs/share/go2_msgs/cmake/ament_cmake_export_include_directories-extras.cmake
[6.356s] -- Up-to-date: /workspace/unitree_go2_hoehlenforscher/install/go2_msgs/share/go2_msgs/cmake/ament_cmake_export_libraries-extras.cmake
[6.357s] -- Up-to-date: /workspace/unitree_go2_hoehlenforscher/install/go2_msgs/share/go2_msgs/cmake/ament_cmake_export_targets-extras.cmake
[6.357s] -- Up-to-date: /workspace/unitree_go2_hoehlenforscher/install/go2_msgs/share/go2_msgs/cmake/rosidl_cmake_export_typesupport_targets-extras.cmake
[6.357s] -- Up-to-date: /workspace/unitree_go2_hoehlenforscher/install/go2_msgs/share/go2_msgs/cmake/rosidl_cmake_export_typesupport_libraries-extras.cmake
[6.357s] -- Up-to-date: /workspace/unitree_go2_hoehlenforscher/install/go2_msgs/share/go2_msgs/cmake/go2_msgsConfig.cmake
[6.358s] -- Up-to-date: /workspace/unitree_go2_hoehlenforscher/install/go2_msgs/share/go2_msgs/cmake/go2_msgsConfig-version.cmake
[6.358s] -- Installing: /workspace/unitree_go2_hoehlenforscher/install/go2_msgs/share/go2_msgs/package.xml
[6.362s] Invoked command in '/workspace/unitree_go2_hoehlenforscher/build/go2_msgs' returned '0': CMAKE_PREFIX_PATH=${CMAKE_PREFIX_PATH}:/workspace/unitree_go2_hoehlenforscher/install/go2_my_nodes_py:/opt/ros/humble /usr/bin/cmake --install /workspace/unitree_go2_hoehlenforscher/build/go2_msgs
