[0.139s] DEBUG:colcon:Command line arguments: ['/usr/bin/colcon', 'build', '--symlink-install']
[0.139s] DEBUG:colcon:Parsed command line arguments: Namespace(log_base=None, log_level=None, verb_name='build', build_base='build', install_base='install', merge_install=False, symlink_install=True, test_result_base=None, continue_on_error=False, executor='parallel', parallel_workers=16, event_handlers=None, ignore_user_meta=False, metas=['./colcon.meta'], base_paths=['.'], packages_ignore=None, packages_ignore_regex=None, paths=None, packages_up_to=None, packages_up_to_regex=None, packages_above=None, packages_above_and_dependencies=None, packages_above_depth=None, packages_select_by_dep=None, packages_skip_by_dep=None, packages_skip_up_to=None, packages_select_build_failed=False, packages_skip_build_finished=False, packages_select_test_failures=False, packages_skip_test_passed=False, packages_select=None, packages_skip=None, packages_select_regex=None, packages_skip_regex=None, packages_start=None, packages_end=None, cmake_args=None, cmake_target=None, cmake_target_skip_unavailable=False, cmake_clean_cache=False, cmake_clean_first=False, cmake_force_configure=False, ament_cmake_args=None, catkin_cmake_args=None, catkin_skip_building_tests=False, mixin_files=None, mixin=None, verb_parser=<colcon_mixin.mixin.mixin_argument.MixinArgumentDecorator object at 0x7f563cdc1540>, verb_extension=<colcon_core.verb.build.BuildVerb object at 0x7f563ceb2440>, main=<bound method BuildVerb.main of <colcon_core.verb.build.BuildVerb object at 0x7f563ceb2440>>, mixin_verb=('build',))
[0.267s] Level 1:colcon.colcon_core.package_discovery:discover_packages(colcon_meta) check parameters
[0.267s] Level 1:colcon.colcon_core.package_discovery:discover_packages(recursive) check parameters
[0.267s] Level 1:colcon.colcon_core.package_discovery:discover_packages(ignore) check parameters
[0.267s] Level 1:colcon.colcon_core.package_discovery:discover_packages(path) check parameters
[0.267s] Level 1:colcon.colcon_core.package_discovery:discover_packages(colcon_meta) discover
[0.267s] Level 1:colcon.colcon_core.package_discovery:discover_packages(recursive) discover
[0.267s] INFO:colcon.colcon_core.package_discovery:Crawling recursively for packages in '/workspace/unitree_go2_hoehlenforscher'
[0.267s] Level 1:colcon.colcon_core.package_identification:_identify(.) by extensions ['ignore', 'ignore_ament_install']
[0.267s] Level 1:colcon.colcon_core.package_identification:_identify(.) by extension 'ignore'
[0.267s] Level 1:colcon.colcon_core.package_identification:_identify(.) by extension 'ignore_ament_install'
[0.267s] Level 1:colcon.colcon_core.package_identification:_identify(.) by extensions ['colcon_pkg']
[0.267s] Level 1:colcon.colcon_core.package_identification:_identify(.) by extension 'colcon_pkg'
[0.267s] Level 1:colcon.colcon_core.package_identification:_identify(.) by extensions ['colcon_meta']
[0.267s] Level 1:colcon.colcon_core.package_identification:_identify(.) by extension 'colcon_meta'
[0.267s] Level 1:colcon.colcon_core.package_identification:_identify(.) by extensions ['ros']
[0.267s] Level 1:colcon.colcon_core.package_identification:_identify(.) by extension 'ros'
[0.277s] Level 1:colcon.colcon_core.package_identification:_identify(.) by extensions ['cmake', 'python']
[0.277s] Level 1:colcon.colcon_core.package_identification:_identify(.) by extension 'cmake'
[0.277s] Level 1:colcon.colcon_core.package_identification:_identify(.) by extension 'python'
[0.277s] Level 1:colcon.colcon_core.package_identification:_identify(.) by extensions ['python_setup_py']
[0.277s] Level 1:colcon.colcon_core.package_identification:_identify(.) by extension 'python_setup_py'
[0.277s] Level 1:colcon.colcon_core.package_identification:_identify(build) by extensions ['ignore', 'ignore_ament_install']
[0.277s] Level 1:colcon.colcon_core.package_identification:_identify(build) by extension 'ignore'
[0.277s] Level 1:colcon.colcon_core.package_identification:_identify(build) ignored
[0.277s] Level 1:colcon.colcon_core.package_identification:_identify(install) by extensions ['ignore', 'ignore_ament_install']
[0.277s] Level 1:colcon.colcon_core.package_identification:_identify(install) by extension 'ignore'
[0.278s] Level 1:colcon.colcon_core.package_identification:_identify(install) ignored
[0.278s] Level 1:colcon.colcon_core.package_identification:_identify(log) by extensions ['ignore', 'ignore_ament_install']
[0.278s] Level 1:colcon.colcon_core.package_identification:_identify(log) by extension 'ignore'
[0.278s] Level 1:colcon.colcon_core.package_identification:_identify(log) ignored
[0.278s] Level 1:colcon.colcon_core.package_identification:_identify(ros2_nodes) by extensions ['ignore', 'ignore_ament_install']
[0.278s] Level 1:colcon.colcon_core.package_identification:_identify(ros2_nodes) by extension 'ignore'
[0.278s] Level 1:colcon.colcon_core.package_identification:_identify(ros2_nodes) by extension 'ignore_ament_install'
[0.278s] Level 1:colcon.colcon_core.package_identification:_identify(ros2_nodes) by extensions ['colcon_pkg']
[0.278s] Level 1:colcon.colcon_core.package_identification:_identify(ros2_nodes) by extension 'colcon_pkg'
[0.278s] Level 1:colcon.colcon_core.package_identification:_identify(ros2_nodes) by extensions ['colcon_meta']
[0.278s] Level 1:colcon.colcon_core.package_identification:_identify(ros2_nodes) by extension 'colcon_meta'
[0.278s] Level 1:colcon.colcon_core.package_identification:_identify(ros2_nodes) by extensions ['ros']
[0.278s] Level 1:colcon.colcon_core.package_identification:_identify(ros2_nodes) by extension 'ros'
[0.278s] Level 1:colcon.colcon_core.package_identification:_identify(ros2_nodes) by extensions ['cmake', 'python']
[0.278s] Level 1:colcon.colcon_core.package_identification:_identify(ros2_nodes) by extension 'cmake'
[0.278s] Level 1:colcon.colcon_core.package_identification:_identify(ros2_nodes) by extension 'python'
[0.278s] Level 1:colcon.colcon_core.package_identification:_identify(ros2_nodes) by extensions ['python_setup_py']
[0.278s] Level 1:colcon.colcon_core.package_identification:_identify(ros2_nodes) by extension 'python_setup_py'
[0.278s] Level 1:colcon.colcon_core.package_identification:_identify(ros2_nodes/Moritz) by extensions ['ignore', 'ignore_ament_install']
[0.278s] Level 1:colcon.colcon_core.package_identification:_identify(ros2_nodes/Moritz) by extension 'ignore'
[0.278s] Level 1:colcon.colcon_core.package_identification:_identify(ros2_nodes/Moritz) by extension 'ignore_ament_install'
[0.278s] Level 1:colcon.colcon_core.package_identification:_identify(ros2_nodes/Moritz) by extensions ['colcon_pkg']
[0.278s] Level 1:colcon.colcon_core.package_identification:_identify(ros2_nodes/Moritz) by extension 'colcon_pkg'
[0.278s] Level 1:colcon.colcon_core.package_identification:_identify(ros2_nodes/Moritz) by extensions ['colcon_meta']
[0.279s] Level 1:colcon.colcon_core.package_identification:_identify(ros2_nodes/Moritz) by extension 'colcon_meta'
[0.279s] Level 1:colcon.colcon_core.package_identification:_identify(ros2_nodes/Moritz) by extensions ['ros']
[0.279s] Level 1:colcon.colcon_core.package_identification:_identify(ros2_nodes/Moritz) by extension 'ros'
[0.279s] Level 1:colcon.colcon_core.package_identification:_identify(ros2_nodes/Moritz) by extensions ['cmake', 'python']
[0.279s] Level 1:colcon.colcon_core.package_identification:_identify(ros2_nodes/Moritz) by extension 'cmake'
[0.279s] Level 1:colcon.colcon_core.package_identification:_identify(ros2_nodes/Moritz) by extension 'python'
[0.279s] Level 1:colcon.colcon_core.package_identification:_identify(ros2_nodes/Moritz) by extensions ['python_setup_py']
[0.279s] Level 1:colcon.colcon_core.package_identification:_identify(ros2_nodes/Moritz) by extension 'python_setup_py'
[0.279s] Level 1:colcon.colcon_core.package_identification:_identify(ros2_nodes/Moritz/Ebene_erkennung) by extensions ['ignore', 'ignore_ament_install']
[0.279s] Level 1:colcon.colcon_core.package_identification:_identify(ros2_nodes/Moritz/Ebene_erkennung) by extension 'ignore'
[0.279s] Level 1:colcon.colcon_core.package_identification:_identify(ros2_nodes/Moritz/Ebene_erkennung) by extension 'ignore_ament_install'
[0.279s] Level 1:colcon.colcon_core.package_identification:_identify(ros2_nodes/Moritz/Ebene_erkennung) by extensions ['colcon_pkg']
[0.279s] Level 1:colcon.colcon_core.package_identification:_identify(ros2_nodes/Moritz/Ebene_erkennung) by extension 'colcon_pkg'
[0.279s] Level 1:colcon.colcon_core.package_identification:_identify(ros2_nodes/Moritz/Ebene_erkennung) by extensions ['colcon_meta']
[0.279s] Level 1:colcon.colcon_core.package_identification:_identify(ros2_nodes/Moritz/Ebene_erkennung) by extension 'colcon_meta'
[0.279s] Level 1:colcon.colcon_core.package_identification:_identify(ros2_nodes/Moritz/Ebene_erkennung) by extensions ['ros']
[0.279s] Level 1:colcon.colcon_core.package_identification:_identify(ros2_nodes/Moritz/Ebene_erkennung) by extension 'ros'
[0.279s] Level 1:colcon.colcon_core.package_identification:_identify(ros2_nodes/Moritz/Ebene_erkennung) by extensions ['cmake', 'python']
[0.279s] Level 1:colcon.colcon_core.package_identification:_identify(ros2_nodes/Moritz/Ebene_erkennung) by extension 'cmake'
[0.279s] Level 1:colcon.colcon_core.package_identification:_identify(ros2_nodes/Moritz/Ebene_erkennung) by extension 'python'
[0.279s] Level 1:colcon.colcon_core.package_identification:_identify(ros2_nodes/Moritz/Ebene_erkennung) by extensions ['python_setup_py']
[0.279s] Level 1:colcon.colcon_core.package_identification:_identify(ros2_nodes/Moritz/Ebene_erkennung) by extension 'python_setup_py'
[0.279s] Level 1:colcon.colcon_core.package_identification:_identify(src) by extensions ['ignore', 'ignore_ament_install']
[0.279s] Level 1:colcon.colcon_core.package_identification:_identify(src) by extension 'ignore'
[0.279s] Level 1:colcon.colcon_core.package_identification:_identify(src) by extension 'ignore_ament_install'
[0.279s] Level 1:colcon.colcon_core.package_identification:_identify(src) by extensions ['colcon_pkg']
[0.280s] Level 1:colcon.colcon_core.package_identification:_identify(src) by extension 'colcon_pkg'
[0.280s] Level 1:colcon.colcon_core.package_identification:_identify(src) by extensions ['colcon_meta']
[0.280s] Level 1:colcon.colcon_core.package_identification:_identify(src) by extension 'colcon_meta'
[0.280s] Level 1:colcon.colcon_core.package_identification:_identify(src) by extensions ['ros']
[0.280s] Level 1:colcon.colcon_core.package_identification:_identify(src) by extension 'ros'
[0.280s] Level 1:colcon.colcon_core.package_identification:_identify(src) by extensions ['cmake', 'python']
[0.280s] Level 1:colcon.colcon_core.package_identification:_identify(src) by extension 'cmake'
[0.280s] Level 1:colcon.colcon_core.package_identification:_identify(src) by extension 'python'
[0.280s] Level 1:colcon.colcon_core.package_identification:_identify(src) by extensions ['python_setup_py']
[0.280s] Level 1:colcon.colcon_core.package_identification:_identify(src) by extension 'python_setup_py'
[0.280s] Level 1:colcon.colcon_core.package_identification:_identify(src/go2_msgs) by extensions ['ignore', 'ignore_ament_install']
[0.280s] Level 1:colcon.colcon_core.package_identification:_identify(src/go2_msgs) by extension 'ignore'
[0.280s] Level 1:colcon.colcon_core.package_identification:_identify(src/go2_msgs) by extension 'ignore_ament_install'
[0.280s] Level 1:colcon.colcon_core.package_identification:_identify(src/go2_msgs) by extensions ['colcon_pkg']
[0.280s] Level 1:colcon.colcon_core.package_identification:_identify(src/go2_msgs) by extension 'colcon_pkg'
[0.280s] Level 1:colcon.colcon_core.package_identification:_identify(src/go2_msgs) by extensions ['colcon_meta']
[0.280s] Level 1:colcon.colcon_core.package_identification:_identify(src/go2_msgs) by extension 'colcon_meta'
[0.280s] Level 1:colcon.colcon_core.package_identification:_identify(src/go2_msgs) by extensions ['ros']
[0.280s] Level 1:colcon.colcon_core.package_identification:_identify(src/go2_msgs) by extension 'ros'
[0.282s] DEBUG:colcon.colcon_core.package_identification:Package 'src/go2_msgs' with type 'ros.ament_cmake' and name 'go2_msgs'
[0.282s] Level 1:colcon.colcon_core.package_identification:_identify(src/go2_my_nodes_py) by extensions ['ignore', 'ignore_ament_install']
[0.282s] Level 1:colcon.colcon_core.package_identification:_identify(src/go2_my_nodes_py) by extension 'ignore'
[0.282s] Level 1:colcon.colcon_core.package_identification:_identify(src/go2_my_nodes_py) by extension 'ignore_ament_install'
[0.282s] Level 1:colcon.colcon_core.package_identification:_identify(src/go2_my_nodes_py) by extensions ['colcon_pkg']
[0.283s] Level 1:colcon.colcon_core.package_identification:_identify(src/go2_my_nodes_py) by extension 'colcon_pkg'
[0.283s] Level 1:colcon.colcon_core.package_identification:_identify(src/go2_my_nodes_py) by extensions ['colcon_meta']
[0.283s] Level 1:colcon.colcon_core.package_identification:_identify(src/go2_my_nodes_py) by extension 'colcon_meta'
[0.283s] Level 1:colcon.colcon_core.package_identification:_identify(src/go2_my_nodes_py) by extensions ['ros']
[0.283s] Level 1:colcon.colcon_core.package_identification:_identify(src/go2_my_nodes_py) by extension 'ros'
[0.283s] DEBUG:colcon.colcon_core.package_identification:Package 'src/go2_my_nodes_py' with type 'ros.ament_python' and name 'go2_my_nodes_py'
[0.283s] Level 1:colcon.colcon_core.package_discovery:discover_packages(recursive) using defaults
[0.283s] Level 1:colcon.colcon_core.package_discovery:discover_packages(ignore) discover
[0.283s] Level 1:colcon.colcon_core.package_discovery:discover_packages(ignore) using defaults
[0.283s] Level 1:colcon.colcon_core.package_discovery:discover_packages(path) discover
[0.283s] Level 1:colcon.colcon_core.package_discovery:discover_packages(path) using defaults
[0.300s] Level 5:colcon.colcon_core.verb:set package 'go2_msgs' build argument 'cmake_args' from command line to 'None'
[0.300s] Level 5:colcon.colcon_core.verb:set package 'go2_msgs' build argument 'cmake_target' from command line to 'None'
[0.300s] Level 5:colcon.colcon_core.verb:set package 'go2_msgs' build argument 'cmake_target_skip_unavailable' from command line to 'False'
[0.300s] Level 5:colcon.colcon_core.verb:set package 'go2_msgs' build argument 'cmake_clean_cache' from command line to 'False'
[0.300s] Level 5:colcon.colcon_core.verb:set package 'go2_msgs' build argument 'cmake_clean_first' from command line to 'False'
[0.301s] Level 5:colcon.colcon_core.verb:set package 'go2_msgs' build argument 'cmake_force_configure' from command line to 'False'
[0.301s] Level 5:colcon.colcon_core.verb:set package 'go2_msgs' build argument 'ament_cmake_args' from command line to 'None'
[0.301s] Level 5:colcon.colcon_core.verb:set package 'go2_msgs' build argument 'catkin_cmake_args' from command line to 'None'
[0.301s] Level 5:colcon.colcon_core.verb:set package 'go2_msgs' build argument 'catkin_skip_building_tests' from command line to 'False'
[0.301s] DEBUG:colcon.colcon_core.verb:Building package 'go2_msgs' with the following arguments: {'ament_cmake_args': None, 'build_base': '/workspace/unitree_go2_hoehlenforscher/build/go2_msgs', 'catkin_cmake_args': None, 'catkin_skip_building_tests': False, 'cmake_args': None, 'cmake_clean_cache': False, 'cmake_clean_first': False, 'cmake_force_configure': False, 'cmake_target': None, 'cmake_target_skip_unavailable': False, 'install_base': '/workspace/unitree_go2_hoehlenforscher/install/go2_msgs', 'merge_install': False, 'path': '/workspace/unitree_go2_hoehlenforscher/src/go2_msgs', 'symlink_install': True, 'test_result_base': None}
[0.301s] Level 5:colcon.colcon_core.verb:set package 'go2_my_nodes_py' build argument 'cmake_args' from command line to 'None'
[0.301s] Level 5:colcon.colcon_core.verb:set package 'go2_my_nodes_py' build argument 'cmake_target' from command line to 'None'
[0.301s] Level 5:colcon.colcon_core.verb:set package 'go2_my_nodes_py' build argument 'cmake_target_skip_unavailable' from command line to 'False'
[0.301s] Level 5:colcon.colcon_core.verb:set package 'go2_my_nodes_py' build argument 'cmake_clean_cache' from command line to 'False'
[0.301s] Level 5:colcon.colcon_core.verb:set package 'go2_my_nodes_py' build argument 'cmake_clean_first' from command line to 'False'
[0.301s] Level 5:colcon.colcon_core.verb:set package 'go2_my_nodes_py' build argument 'cmake_force_configure' from command line to 'False'
[0.301s] Level 5:colcon.colcon_core.verb:set package 'go2_my_nodes_py' build argument 'ament_cmake_args' from command line to 'None'
[0.301s] Level 5:colcon.colcon_core.verb:set package 'go2_my_nodes_py' build argument 'catkin_cmake_args' from command line to 'None'
[0.301s] Level 5:colcon.colcon_core.verb:set package 'go2_my_nodes_py' build argument 'catkin_skip_building_tests' from command line to 'False'
[0.301s] DEBUG:colcon.colcon_core.verb:Building package 'go2_my_nodes_py' with the following arguments: {'ament_cmake_args': None, 'build_base': '/workspace/unitree_go2_hoehlenforscher/build/go2_my_nodes_py', 'catkin_cmake_args': None, 'catkin_skip_building_tests': False, 'cmake_args': None, 'cmake_clean_cache': False, 'cmake_clean_first': False, 'cmake_force_configure': False, 'cmake_target': None, 'cmake_target_skip_unavailable': False, 'install_base': '/workspace/unitree_go2_hoehlenforscher/install/go2_my_nodes_py', 'merge_install': False, 'path': '/workspace/unitree_go2_hoehlenforscher/src/go2_my_nodes_py', 'symlink_install': True, 'test_result_base': None}
[0.301s] INFO:colcon.colcon_core.executor:Executing jobs using 'parallel' executor
[0.303s] DEBUG:colcon.colcon_parallel_executor.executor.parallel:run_until_complete
[0.303s] INFO:colcon.colcon_ros.task.ament_cmake.build:Building ROS package in '/workspace/unitree_go2_hoehlenforscher/src/go2_msgs' with build type 'ament_cmake'
[0.304s] INFO:colcon.colcon_cmake.task.cmake.build:Building CMake package in '/workspace/unitree_go2_hoehlenforscher/src/go2_msgs'
[0.305s] INFO:colcon.colcon_core.plugin_system:Skipping extension 'colcon_core.shell.bat': Not used on non-Windows systems
[0.306s] INFO:colcon.colcon_core.shell:Skip shell extension 'powershell' for command environment: Not usable outside of PowerShell
[0.306s] DEBUG:colcon.colcon_core.shell:Skip shell extension 'dsv' for command environment
[0.320s] INFO:colcon.colcon_ros.task.ament_python.build:Building ROS package in '/workspace/unitree_go2_hoehlenforscher/src/go2_my_nodes_py' with build type 'ament_python'
[0.320s] Level 1:colcon.colcon_core.shell:create_environment_hook('go2_my_nodes_py', 'ament_prefix_path')
[0.320s] INFO:colcon.colcon_core.shell:Creating environment hook '/workspace/unitree_go2_hoehlenforscher/install/go2_my_nodes_py/share/go2_my_nodes_py/hook/ament_prefix_path.ps1'
[0.321s] INFO:colcon.colcon_core.shell:Creating environment descriptor '/workspace/unitree_go2_hoehlenforscher/install/go2_my_nodes_py/share/go2_my_nodes_py/hook/ament_prefix_path.dsv'
[0.321s] INFO:colcon.colcon_core.shell:Creating environment hook '/workspace/unitree_go2_hoehlenforscher/install/go2_my_nodes_py/share/go2_my_nodes_py/hook/ament_prefix_path.sh'
[0.322s] INFO:colcon.colcon_core.shell:Skip shell extension 'powershell' for command environment: Not usable outside of PowerShell
[0.322s] DEBUG:colcon.colcon_core.shell:Skip shell extension 'dsv' for command environment
[0.331s] DEBUG:colcon.colcon_core.event_handler.log_command:Invoking command in '/workspace/unitree_go2_hoehlenforscher/build/go2_msgs': CMAKE_PREFIX_PATH=${CMAKE_PREFIX_PATH}:/workspace/unitree_go2_hoehlenforscher/install/go2_my_nodes_py:/opt/ros/humble /usr/bin/cmake --build /workspace/unitree_go2_hoehlenforscher/build/go2_msgs -- -j16 -l16
[0.589s] INFO:colcon.colcon_core.task.python.build:Building Python package in '/workspace/unitree_go2_hoehlenforscher/src/go2_my_nodes_py'
[0.590s] INFO:colcon.colcon_core.shell:Skip shell extension 'powershell' for command environment: Not usable outside of PowerShell
[0.590s] DEBUG:colcon.colcon_core.shell:Skip shell extension 'dsv' for command environment
[1.021s] DEBUG:colcon.colcon_core.event_handler.log_command:Invoking command in '/workspace/unitree_go2_hoehlenforscher/build/go2_my_nodes_py': PYTHONPATH=/workspace/unitree_go2_hoehlenforscher/build/go2_my_nodes_py/prefix_override:/usr/lib/python3/dist-packages/colcon_core/task/python/colcon_distutils_commands:/workspace/unitree_go2_hoehlenforscher/install/go2_my_nodes_py/lib/python3.10/site-packages:${PYTHONPATH} /usr/bin/python3 -W ignore:setup.py install is deprecated -W ignore:easy_install command is deprecated setup.py develop --editable --build-directory /workspace/unitree_go2_hoehlenforscher/build/go2_my_nodes_py/build --no-deps symlink_data
[1.539s] Level 1:colcon.colcon_core.shell:create_environment_hook('go2_my_nodes_py', 'pythonpath_develop')
[1.540s] INFO:colcon.colcon_core.shell:Creating environment hook '/workspace/unitree_go2_hoehlenforscher/build/go2_my_nodes_py/share/go2_my_nodes_py/hook/pythonpath_develop.ps1'
[1.541s] DEBUG:colcon.colcon_core.event_handler.log_command:Invoked command in '/workspace/unitree_go2_hoehlenforscher/build/go2_my_nodes_py' returned '0': PYTHONPATH=/workspace/unitree_go2_hoehlenforscher/build/go2_my_nodes_py/prefix_override:/usr/lib/python3/dist-packages/colcon_core/task/python/colcon_distutils_commands:/workspace/unitree_go2_hoehlenforscher/install/go2_my_nodes_py/lib/python3.10/site-packages:${PYTHONPATH} /usr/bin/python3 -W ignore:setup.py install is deprecated -W ignore:easy_install command is deprecated setup.py develop --editable --build-directory /workspace/unitree_go2_hoehlenforscher/build/go2_my_nodes_py/build --no-deps symlink_data
[1.541s] INFO:colcon.colcon_core.shell:Creating environment descriptor '/workspace/unitree_go2_hoehlenforscher/build/go2_my_nodes_py/share/go2_my_nodes_py/hook/pythonpath_develop.dsv'
[1.542s] INFO:colcon.colcon_core.shell:Creating environment hook '/workspace/unitree_go2_hoehlenforscher/build/go2_my_nodes_py/share/go2_my_nodes_py/hook/pythonpath_develop.sh'
[1.545s] Level 1:colcon.colcon_core.environment:checking '/workspace/unitree_go2_hoehlenforscher/install/go2_my_nodes_py' for CMake module files
[1.545s] Level 1:colcon.colcon_core.environment:checking '/workspace/unitree_go2_hoehlenforscher/install/go2_my_nodes_py' for CMake config files
[1.546s] Level 1:colcon.colcon_core.environment:checking '/workspace/unitree_go2_hoehlenforscher/install/go2_my_nodes_py/lib'
[1.546s] Level 1:colcon.colcon_core.environment:checking '/workspace/unitree_go2_hoehlenforscher/install/go2_my_nodes_py/bin'
[1.546s] Level 1:colcon.colcon_core.environment:checking '/workspace/unitree_go2_hoehlenforscher/install/go2_my_nodes_py/lib/pkgconfig/go2_my_nodes_py.pc'
[1.546s] Level 1:colcon.colcon_core.environment:checking '/workspace/unitree_go2_hoehlenforscher/install/go2_my_nodes_py/lib/python3.10/site-packages'
[1.546s] Level 1:colcon.colcon_core.shell:create_environment_hook('go2_my_nodes_py', 'pythonpath')
[1.547s] INFO:colcon.colcon_core.shell:Creating environment hook '/workspace/unitree_go2_hoehlenforscher/install/go2_my_nodes_py/share/go2_my_nodes_py/hook/pythonpath.ps1'
[1.547s] INFO:colcon.colcon_core.shell:Creating environment descriptor '/workspace/unitree_go2_hoehlenforscher/install/go2_my_nodes_py/share/go2_my_nodes_py/hook/pythonpath.dsv'
[1.548s] INFO:colcon.colcon_core.shell:Creating environment hook '/workspace/unitree_go2_hoehlenforscher/install/go2_my_nodes_py/share/go2_my_nodes_py/hook/pythonpath.sh'
[1.548s] Level 1:colcon.colcon_core.environment:checking '/workspace/unitree_go2_hoehlenforscher/install/go2_my_nodes_py/bin'
[1.548s] Level 1:colcon.colcon_core.environment:create_environment_scripts_only(go2_my_nodes_py)
[1.549s] INFO:colcon.colcon_core.shell:Creating package script '/workspace/unitree_go2_hoehlenforscher/install/go2_my_nodes_py/share/go2_my_nodes_py/package.ps1'
[1.550s] INFO:colcon.colcon_core.shell:Creating package descriptor '/workspace/unitree_go2_hoehlenforscher/install/go2_my_nodes_py/share/go2_my_nodes_py/package.dsv'
[1.550s] INFO:colcon.colcon_core.shell:Creating package script '/workspace/unitree_go2_hoehlenforscher/install/go2_my_nodes_py/share/go2_my_nodes_py/package.sh'
[1.551s] INFO:colcon.colcon_core.shell:Creating package script '/workspace/unitree_go2_hoehlenforscher/install/go2_my_nodes_py/share/go2_my_nodes_py/package.bash'
[1.552s] INFO:colcon.colcon_core.shell:Creating package script '/workspace/unitree_go2_hoehlenforscher/install/go2_my_nodes_py/share/go2_my_nodes_py/package.zsh'
[1.553s] Level 1:colcon.colcon_core.environment:create_file_with_runtime_dependencies(/workspace/unitree_go2_hoehlenforscher/install/go2_my_nodes_py/share/colcon-core/packages/go2_my_nodes_py)
[2.874s] DEBUG:colcon.colcon_core.event_handler.log_command:Invoked command in '/workspace/unitree_go2_hoehlenforscher/build/go2_msgs' returned '0': CMAKE_PREFIX_PATH=${CMAKE_PREFIX_PATH}:/workspace/unitree_go2_hoehlenforscher/install/go2_my_nodes_py:/opt/ros/humble /usr/bin/cmake --build /workspace/unitree_go2_hoehlenforscher/build/go2_msgs -- -j16 -l16
[2.886s] DEBUG:colcon.colcon_core.event_handler.log_command:Invoking command in '/workspace/unitree_go2_hoehlenforscher/build/go2_msgs': CMAKE_PREFIX_PATH=${CMAKE_PREFIX_PATH}:/workspace/unitree_go2_hoehlenforscher/install/go2_my_nodes_py:/opt/ros/humble /usr/bin/cmake --install /workspace/unitree_go2_hoehlenforscher/build/go2_msgs
[3.021s] Level 1:colcon.colcon_core.environment:create_environment_scripts_only(go2_msgs)
[3.022s] Level 1:colcon.colcon_core.environment:checking '/workspace/unitree_go2_hoehlenforscher/install/go2_msgs' for CMake module files
[3.022s] DEBUG:colcon.colcon_core.event_handler.log_command:Invoked command in '/workspace/unitree_go2_hoehlenforscher/build/go2_msgs' returned '0': CMAKE_PREFIX_PATH=${CMAKE_PREFIX_PATH}:/workspace/unitree_go2_hoehlenforscher/install/go2_my_nodes_py:/opt/ros/humble /usr/bin/cmake --install /workspace/unitree_go2_hoehlenforscher/build/go2_msgs
[3.024s] Level 1:colcon.colcon_core.environment:checking '/workspace/unitree_go2_hoehlenforscher/install/go2_msgs' for CMake config files
[3.026s] Level 1:colcon.colcon_core.shell:create_environment_hook('go2_msgs', 'cmake_prefix_path')
[3.027s] INFO:colcon.colcon_core.shell:Creating environment hook '/workspace/unitree_go2_hoehlenforscher/install/go2_msgs/share/go2_msgs/hook/cmake_prefix_path.ps1'
[3.029s] INFO:colcon.colcon_core.shell:Creating environment descriptor '/workspace/unitree_go2_hoehlenforscher/install/go2_msgs/share/go2_msgs/hook/cmake_prefix_path.dsv'
[3.030s] INFO:colcon.colcon_core.shell:Creating environment hook '/workspace/unitree_go2_hoehlenforscher/install/go2_msgs/share/go2_msgs/hook/cmake_prefix_path.sh'
[3.031s] Level 1:colcon.colcon_core.environment:checking '/workspace/unitree_go2_hoehlenforscher/install/go2_msgs/lib'
[3.032s] Level 1:colcon.colcon_core.shell:create_environment_hook('go2_msgs', 'ld_library_path_lib')
[3.033s] INFO:colcon.colcon_core.shell:Creating environment hook '/workspace/unitree_go2_hoehlenforscher/install/go2_msgs/share/go2_msgs/hook/ld_library_path_lib.ps1'
[3.034s] INFO:colcon.colcon_core.shell:Creating environment descriptor '/workspace/unitree_go2_hoehlenforscher/install/go2_msgs/share/go2_msgs/hook/ld_library_path_lib.dsv'
[3.035s] INFO:colcon.colcon_core.shell:Creating environment hook '/workspace/unitree_go2_hoehlenforscher/install/go2_msgs/share/go2_msgs/hook/ld_library_path_lib.sh'
[3.036s] Level 1:colcon.colcon_core.environment:checking '/workspace/unitree_go2_hoehlenforscher/install/go2_msgs/bin'
[3.036s] Level 1:colcon.colcon_core.environment:checking '/workspace/unitree_go2_hoehlenforscher/install/go2_msgs/lib/pkgconfig/go2_msgs.pc'
[3.037s] Level 1:colcon.colcon_core.environment:checking '/workspace/unitree_go2_hoehlenforscher/install/go2_msgs/lib/python3.10/site-packages'
[3.038s] Level 1:colcon.colcon_core.environment:checking '/workspace/unitree_go2_hoehlenforscher/install/go2_msgs/bin'
[3.039s] INFO:colcon.colcon_core.shell:Creating package script '/workspace/unitree_go2_hoehlenforscher/install/go2_msgs/share/go2_msgs/package.ps1'
[3.040s] INFO:colcon.colcon_core.shell:Creating package descriptor '/workspace/unitree_go2_hoehlenforscher/install/go2_msgs/share/go2_msgs/package.dsv'
[3.042s] INFO:colcon.colcon_core.shell:Creating package script '/workspace/unitree_go2_hoehlenforscher/install/go2_msgs/share/go2_msgs/package.sh'
[3.043s] INFO:colcon.colcon_core.shell:Creating package script '/workspace/unitree_go2_hoehlenforscher/install/go2_msgs/share/go2_msgs/package.bash'
[3.044s] INFO:colcon.colcon_core.shell:Creating package script '/workspace/unitree_go2_hoehlenforscher/install/go2_msgs/share/go2_msgs/package.zsh'
[3.045s] Level 1:colcon.colcon_core.environment:create_file_with_runtime_dependencies(/workspace/unitree_go2_hoehlenforscher/install/go2_msgs/share/colcon-core/packages/go2_msgs)
[3.047s] Level 1:colcon.colcon_core.environment:create_environment_scripts_only(go2_msgs)
[3.047s] Level 1:colcon.colcon_core.environment:checking '/workspace/unitree_go2_hoehlenforscher/install/go2_msgs' for CMake module files
[3.049s] Level 1:colcon.colcon_core.environment:checking '/workspace/unitree_go2_hoehlenforscher/install/go2_msgs' for CMake config files
[3.051s] Level 1:colcon.colcon_core.shell:create_environment_hook('go2_msgs', 'cmake_prefix_path')
[3.052s] INFO:colcon.colcon_core.shell:Creating environment hook '/workspace/unitree_go2_hoehlenforscher/install/go2_msgs/share/go2_msgs/hook/cmake_prefix_path.ps1'
[3.053s] INFO:colcon.colcon_core.shell:Creating environment descriptor '/workspace/unitree_go2_hoehlenforscher/install/go2_msgs/share/go2_msgs/hook/cmake_prefix_path.dsv'
[3.053s] INFO:colcon.colcon_core.shell:Creating environment hook '/workspace/unitree_go2_hoehlenforscher/install/go2_msgs/share/go2_msgs/hook/cmake_prefix_path.sh'
[3.055s] Level 1:colcon.colcon_core.environment:checking '/workspace/unitree_go2_hoehlenforscher/install/go2_msgs/lib'
[3.055s] Level 1:colcon.colcon_core.shell:create_environment_hook('go2_msgs', 'ld_library_path_lib')
[3.055s] INFO:colcon.colcon_core.shell:Creating environment hook '/workspace/unitree_go2_hoehlenforscher/install/go2_msgs/share/go2_msgs/hook/ld_library_path_lib.ps1'
[3.056s] INFO:colcon.colcon_core.shell:Creating environment descriptor '/workspace/unitree_go2_hoehlenforscher/install/go2_msgs/share/go2_msgs/hook/ld_library_path_lib.dsv'
[3.057s] INFO:colcon.colcon_core.shell:Creating environment hook '/workspace/unitree_go2_hoehlenforscher/install/go2_msgs/share/go2_msgs/hook/ld_library_path_lib.sh'
[3.058s] Level 1:colcon.colcon_core.environment:checking '/workspace/unitree_go2_hoehlenforscher/install/go2_msgs/bin'
[3.058s] Level 1:colcon.colcon_core.environment:checking '/workspace/unitree_go2_hoehlenforscher/install/go2_msgs/lib/pkgconfig/go2_msgs.pc'
[3.058s] Level 1:colcon.colcon_core.environment:checking '/workspace/unitree_go2_hoehlenforscher/install/go2_msgs/lib/python3.10/site-packages'
[3.059s] Level 1:colcon.colcon_core.environment:checking '/workspace/unitree_go2_hoehlenforscher/install/go2_msgs/bin'
[3.060s] INFO:colcon.colcon_core.shell:Creating package script '/workspace/unitree_go2_hoehlenforscher/install/go2_msgs/share/go2_msgs/package.ps1'
[3.061s] INFO:colcon.colcon_core.shell:Creating package descriptor '/workspace/unitree_go2_hoehlenforscher/install/go2_msgs/share/go2_msgs/package.dsv'
[3.062s] INFO:colcon.colcon_core.shell:Creating package script '/workspace/unitree_go2_hoehlenforscher/install/go2_msgs/share/go2_msgs/package.sh'
[3.063s] INFO:colcon.colcon_core.shell:Creating package script '/workspace/unitree_go2_hoehlenforscher/install/go2_msgs/share/go2_msgs/package.bash'
[3.064s] INFO:colcon.colcon_core.shell:Creating package script '/workspace/unitree_go2_hoehlenforscher/install/go2_msgs/share/go2_msgs/package.zsh'
[3.065s] Level 1:colcon.colcon_core.environment:create_file_with_runtime_dependencies(/workspace/unitree_go2_hoehlenforscher/install/go2_msgs/share/colcon-core/packages/go2_msgs)
[3.065s] DEBUG:colcon.colcon_parallel_executor.executor.parallel:closing loop
[3.066s] DEBUG:colcon.colcon_parallel_executor.executor.parallel:loop closed
[3.066s] DEBUG:colcon.colcon_parallel_executor.executor.parallel:run_until_complete finished with '0'
[3.067s] DEBUG:colcon.colcon_core.event_reactor:joining thread
[3.073s] INFO:colcon.colcon_core.plugin_system:Skipping extension 'colcon_notification.desktop_notification.notify_send': Could not find 'notify-send'
[3.073s] INFO:colcon.colcon_core.plugin_system:Skipping extension 'colcon_notification.desktop_notification.terminal_notifier': Not used on non-Darwin systems
[3.073s] INFO:colcon.colcon_core.plugin_system:Skipping extension 'colcon_notification.desktop_notification.win32': Not used on non-Windows systems
[3.073s] INFO:colcon.colcon_notification.desktop_notification:Sending desktop notification using 'notify2'
[3.076s] DEBUG:colcon.colcon_notification.desktop_notification.notify2:Failed to initialize notify2: org.freedesktop.DBus.Error.Spawn.ExecFailed: /usr/bin/dbus-launch terminated abnormally without any error message
[3.076s] DEBUG:colcon.colcon_core.event_reactor:joined thread
[3.077s] INFO:colcon.colcon_core.shell:Creating prefix script '/workspace/unitree_go2_hoehlenforscher/install/local_setup.ps1'
[3.079s] INFO:colcon.colcon_core.shell:Creating prefix util module '/workspace/unitree_go2_hoehlenforscher/install/_local_setup_util_ps1.py'
[3.082s] INFO:colcon.colcon_core.shell:Creating prefix chain script '/workspace/unitree_go2_hoehlenforscher/install/setup.ps1'
[3.085s] INFO:colcon.colcon_core.shell:Creating prefix script '/workspace/unitree_go2_hoehlenforscher/install/local_setup.sh'
[3.086s] INFO:colcon.colcon_core.shell:Creating prefix util module '/workspace/unitree_go2_hoehlenforscher/install/_local_setup_util_sh.py'
[3.088s] INFO:colcon.colcon_core.shell:Creating prefix chain script '/workspace/unitree_go2_hoehlenforscher/install/setup.sh'
[3.090s] INFO:colcon.colcon_core.shell:Creating prefix script '/workspace/unitree_go2_hoehlenforscher/install/local_setup.bash'
[3.091s] INFO:colcon.colcon_core.shell:Creating prefix chain script '/workspace/unitree_go2_hoehlenforscher/install/setup.bash'
[3.094s] INFO:colcon.colcon_core.shell:Creating prefix script '/workspace/unitree_go2_hoehlenforscher/install/local_setup.zsh'
[3.095s] INFO:colcon.colcon_core.shell:Creating prefix chain script '/workspace/unitree_go2_hoehlenforscher/install/setup.zsh'
