[0.659s] Invoking command in '/workspace/unitree_go2_hoehlenforscher/build/go2_my_nodes_py': PYTHONPATH=/workspace/unitree_go2_hoehlenforscher/build/go2_my_nodes_py/prefix_override:/usr/lib/python3/dist-packages/colcon_core/task/python/colcon_distutils_commands:/workspace/unitree_go2_hoehlenforscher/install/go2_my_nodes_py/lib/python3.10/site-packages:${PYTHONPATH} /usr/bin/python3 -W ignore:setup.py install is deprecated -W ignore:easy_install command is deprecated setup.py develop --editable --build-directory /workspace/unitree_go2_hoehlenforscher/build/go2_my_nodes_py/build --no-deps symlink_data --force
[0.944s] running develop
[1.099s] running egg_info
[1.099s] writing go2_my_nodes_py.egg-info/PKG-INFO
[1.100s] writing dependency_links to go2_my_nodes_py.egg-info/dependency_links.txt
[1.100s] writing entry points to go2_my_nodes_py.egg-info/entry_points.txt
[1.100s] writing requirements to go2_my_nodes_py.egg-info/requires.txt
[1.101s] writing top-level names to go2_my_nodes_py.egg-info/top_level.txt
[1.101s] reading manifest file 'go2_my_nodes_py.egg-info/SOURCES.txt'
[1.102s] writing manifest file 'go2_my_nodes_py.egg-info/SOURCES.txt'
[1.103s] running build_ext
[1.104s] Creating /workspace/unitree_go2_hoehlenforscher/install/go2_my_nodes_py/lib/python3.10/site-packages/go2-my-nodes-py.egg-link (link to .)
[1.104s] Installing cloud_to_entrance_node script to /workspace/unitree_go2_hoehlenforscher/install/go2_my_nodes_py/lib/go2_my_nodes_py
[1.105s] Installing entrance_decision_node script to /workspace/unitree_go2_hoehlenforscher/install/go2_my_nodes_py/lib/go2_my_nodes_py
[1.105s] Installing hole_detection_convex_hull script to /workspace/unitree_go2_hoehlenforscher/install/go2_my_nodes_py/lib/go2_my_nodes_py
[1.106s] Installing hole_detection_normal_vector script to /workspace/unitree_go2_hoehlenforscher/install/go2_my_nodes_py/lib/go2_my_nodes_py
[1.106s] Installing hole_detection_voxel_grid script to /workspace/unitree_go2_hoehlenforscher/install/go2_my_nodes_py/lib/go2_my_nodes_py
[1.106s] Installing navigation_action_server_node script to /workspace/unitree_go2_hoehlenforscher/install/go2_my_nodes_py/lib/go2_my_nodes_py
[1.107s] 
[1.107s] Installed /workspace/unitree_go2_hoehlenforscher/build/go2_my_nodes_py
[1.107s] running symlink_data
[1.107s] symbolically linking /workspace/unitree_go2_hoehlenforscher/build/go2_my_nodes_py/resource/go2_my_nodes_py -> /workspace/unitree_go2_hoehlenforscher/install/go2_my_nodes_py/share/ament_index/resource_index/packages
[1.107s] symbolically linking /workspace/unitree_go2_hoehlenforscher/build/go2_my_nodes_py/package.xml -> /workspace/unitree_go2_hoehlenforscher/install/go2_my_nodes_py/share/go2_my_nodes_py
[1.108s] symbolically linking /workspace/unitree_go2_hoehlenforscher/build/go2_my_nodes_py/launch/hole_detection_all.launch.py -> /workspace/unitree_go2_hoehlenforscher/install/go2_my_nodes_py/share/go2_my_nodes_py/launch
[1.108s] symbolically linking /workspace/unitree_go2_hoehlenforscher/build/go2_my_nodes_py/launch/hole_detection_normal_vector.launch.py -> /workspace/unitree_go2_hoehlenforscher/install/go2_my_nodes_py/share/go2_my_nodes_py/launch
[1.108s] symbolically linking /workspace/unitree_go2_hoehlenforscher/build/go2_my_nodes_py/launch/hole_detection_convex_hull.launch.py -> /workspace/unitree_go2_hoehlenforscher/install/go2_my_nodes_py/share/go2_my_nodes_py/launch
[1.108s] symbolically linking /workspace/unitree_go2_hoehlenforscher/build/go2_my_nodes_py/launch/hole_detection_voxel_grid.launch.py -> /workspace/unitree_go2_hoehlenforscher/install/go2_my_nodes_py/share/go2_my_nodes_py/launch
[1.109s] symbolically linking /workspace/unitree_go2_hoehlenforscher/build/go2_my_nodes_py/rviz/hole_detection.rviz -> /workspace/unitree_go2_hoehlenforscher/install/go2_my_nodes_py/share/go2_my_nodes_py/rviz
[1.138s] Invoked command in '/workspace/unitree_go2_hoehlenforscher/build/go2_my_nodes_py' returned '0': PYTHONPATH=/workspace/unitree_go2_hoehlenforscher/build/go2_my_nodes_py/prefix_override:/usr/lib/python3/dist-packages/colcon_core/task/python/colcon_distutils_commands:/workspace/unitree_go2_hoehlenforscher/install/go2_my_nodes_py/lib/python3.10/site-packages:${PYTHONPATH} /usr/bin/python3 -W ignore:setup.py install is deprecated -W ignore:easy_install command is deprecated setup.py develop --editable --build-directory /workspace/unitree_go2_hoehlenforscher/build/go2_my_nodes_py/build --no-deps symlink_data --force
