[0.035s] Invoking command in '/workspace/unitree_go2_hoehlenforscher/build/go2_msgs': CMAKE_PREFIX_PATH=${CMAKE_PREFIX_PATH}:/workspace/unitree_go2_hoehlenforscher/install/go2_my_nodes_py:/opt/ros/humble /usr/bin/cmake /workspace/unitree_go2_hoehlenforscher/src/go2_msgs -DAMENT_CMAKE_SYMLINK_INSTALL=1 -DCMAKE_INSTALL_PREFIX=/workspace/unitree_go2_hoehlenforscher/install/go2_msgs
[0.067s] -- Found ament_cmake: 1.3.12 (/opt/ros/humble/share/ament_cmake/cmake)
[0.246s] -- Override CMake install command with custom implementation using symlinks instead of copying resources
[0.258s] -- Found rosidl_default_generators: 1.2.0 (/opt/ros/humble/share/rosidl_default_generators/cmake)
[0.261s] -- Using all available rosidl_typesupport_c: rosidl_typesupport_fastrtps_c;rosidl_typesupport_introspection_c
[0.264s] -- Found rosidl_adapter: 3.1.7 (/opt/ros/humble/share/rosidl_adapter/cmake)
[0.294s] -- Using all available rosidl_typesupport_cpp: rosidl_typesupport_fastrtps_cpp;rosidl_typesupport_introspection_cpp
[0.328s] -- Found std_msgs: 4.9.0 (/opt/ros/humble/share/std_msgs/cmake)
[0.362s] -- Found geometry_msgs: 4.9.0 (/opt/ros/humble/share/geometry_msgs/cmake)
[0.375s] -- Found action_msgs: 1.2.2 (/opt/ros/humble/share/action_msgs/cmake)
[0.853s] -- Found ament_cmake_ros: 0.10.0 (/opt/ros/humble/share/ament_cmake_ros/cmake)
[1.304s] -- Using all available rosidl_typesupport_c: rosidl_typesupport_fastrtps_c;rosidl_typesupport_introspection_c
[2.014s] -- Using all available rosidl_typesupport_cpp: rosidl_typesupport_fastrtps_cpp;rosidl_typesupport_introspection_cpp
[2.071s] -- Found python_cmake_module: 0.10.0 (/opt/ros/humble/share/python_cmake_module/cmake)
[2.125s] -- Using PYTHON_EXECUTABLE: /usr/bin/python3
[2.125s] -- Using PYTHON_INCLUDE_DIRS: /usr/include/python3.10
[2.125s] -- Using PYTHON_LIBRARIES: /usr/lib/x86_64-linux-gnu/libpython3.10.so
[2.234s] -- Configuring done
[2.273s] -- Generating done
[2.286s] -- Build files have been written to: /workspace/unitree_go2_hoehlenforscher/build/go2_msgs
[2.294s] Invoked command in '/workspace/unitree_go2_hoehlenforscher/build/go2_msgs' returned '0': CMAKE_PREFIX_PATH=${CMAKE_PREFIX_PATH}:/workspace/unitree_go2_hoehlenforscher/install/go2_my_nodes_py:/opt/ros/humble /usr/bin/cmake /workspace/unitree_go2_hoehlenforscher/src/go2_msgs -DAMENT_CMAKE_SYMLINK_INSTALL=1 -DCMAKE_INSTALL_PREFIX=/workspace/unitree_go2_hoehlenforscher/install/go2_msgs
[2.297s] Invoking command in '/workspace/unitree_go2_hoehlenforscher/build/go2_msgs': CMAKE_PREFIX_PATH=${CMAKE_PREFIX_PATH}:/workspace/unitree_go2_hoehlenforscher/install/go2_my_nodes_py:/opt/ros/humble /usr/bin/cmake --build /workspace/unitree_go2_hoehlenforscher/build/go2_msgs -- -j16 -l16
[2.381s] [35m[1mConsolidate compiler generated dependencies of target go2_msgs__rosidl_generator_c[0m
[2.400s] failed to create symbolic link '/workspace/unitree_go2_hoehlenforscher/build/go2_msgs/ament_cmake_python/go2_msgs/go2_msgs' because existing path cannot be removed: Is a directory
[2.400s] [  2%] Built target go2_msgs__cpp
[2.402s] gmake[2]: *** [CMakeFiles/ament_cmake_python_symlink_go2_msgs.dir/build.make:70: CMakeFiles/ament_cmake_python_symlink_go2_msgs] Error 1
[2.402s] gmake[1]: *** [CMakeFiles/Makefile2:421: CMakeFiles/ament_cmake_python_symlink_go2_msgs.dir/all] Error 2
[2.402s] gmake[1]: *** Waiting for unfinished jobs....
[2.412s] [ 12%] Built target go2_msgs__rosidl_generator_c
[2.414s] gmake: *** [Makefile:146: all] Error 2
[2.419s] Invoked command in '/workspace/unitree_go2_hoehlenforscher/build/go2_msgs' returned '2': CMAKE_PREFIX_PATH=${CMAKE_PREFIX_PATH}:/workspace/unitree_go2_hoehlenforscher/install/go2_my_nodes_py:/opt/ros/humble /usr/bin/cmake --build /workspace/unitree_go2_hoehlenforscher/build/go2_msgs -- -j16 -l16
