[0.099s] DEBUG:colcon:Command line arguments: ['/usr/bin/colcon', 'build', '--symlink-install']
[0.099s] DEBUG:colcon:Parsed command line arguments: Namespace(log_base=None, log_level=None, verb_name='build', build_base='build', install_base='install', merge_install=False, symlink_install=True, test_result_base=None, continue_on_error=False, executor='parallel', parallel_workers=16, event_handlers=None, ignore_user_meta=False, metas=['./colcon.meta'], base_paths=['.'], packages_ignore=None, packages_ignore_regex=None, paths=None, packages_up_to=None, packages_up_to_regex=None, packages_above=None, packages_above_and_dependencies=None, packages_above_depth=None, packages_select_by_dep=None, packages_skip_by_dep=None, packages_skip_up_to=None, packages_select_build_failed=False, packages_skip_build_finished=False, packages_select_test_failures=False, packages_skip_test_passed=False, packages_select=None, packages_skip=None, packages_select_regex=None, packages_skip_regex=None, packages_start=None, packages_end=None, cmake_args=None, cmake_target=None, cmake_target_skip_unavailable=False, cmake_clean_cache=False, cmake_clean_first=False, cmake_force_configure=False, ament_cmake_args=None, catkin_cmake_args=None, catkin_skip_building_tests=False, mixin_files=None, mixin=None, verb_parser=<colcon_mixin.mixin.mixin_argument.MixinArgumentDecorator object at 0x7f4f383cdc30>, verb_extension=<colcon_core.verb.build.BuildVerb object at 0x7f4f384cabc0>, main=<bound method BuildVerb.main of <colcon_core.verb.build.BuildVerb object at 0x7f4f384cabc0>>, mixin_verb=('build',))
[0.230s] Level 1:colcon.colcon_core.package_discovery:discover_packages(colcon_meta) check parameters
[0.230s] Level 1:colcon.colcon_core.package_discovery:discover_packages(recursive) check parameters
[0.230s] Level 1:colcon.colcon_core.package_discovery:discover_packages(ignore) check parameters
[0.230s] Level 1:colcon.colcon_core.package_discovery:discover_packages(path) check parameters
[0.230s] Level 1:colcon.colcon_core.package_discovery:discover_packages(colcon_meta) discover
[0.230s] Level 1:colcon.colcon_core.package_discovery:discover_packages(recursive) discover
[0.230s] INFO:colcon.colcon_core.package_discovery:Crawling recursively for packages in '/workspace/unitree_go2_hoehlenforscher'
[0.230s] Level 1:colcon.colcon_core.package_identification:_identify(.) by extensions ['ignore', 'ignore_ament_install']
[0.230s] Level 1:colcon.colcon_core.package_identification:_identify(.) by extension 'ignore'
[0.230s] Level 1:colcon.colcon_core.package_identification:_identify(.) by extension 'ignore_ament_install'
[0.231s] Level 1:colcon.colcon_core.package_identification:_identify(.) by extensions ['colcon_pkg']
[0.231s] Level 1:colcon.colcon_core.package_identification:_identify(.) by extension 'colcon_pkg'
[0.231s] Level 1:colcon.colcon_core.package_identification:_identify(.) by extensions ['colcon_meta']
[0.231s] Level 1:colcon.colcon_core.package_identification:_identify(.) by extension 'colcon_meta'
[0.231s] Level 1:colcon.colcon_core.package_identification:_identify(.) by extensions ['ros']
[0.231s] Level 1:colcon.colcon_core.package_identification:_identify(.) by extension 'ros'
[0.242s] Level 1:colcon.colcon_core.package_identification:_identify(.) by extensions ['cmake', 'python']
[0.242s] Level 1:colcon.colcon_core.package_identification:_identify(.) by extension 'cmake'
[0.242s] Level 1:colcon.colcon_core.package_identification:_identify(.) by extension 'python'
[0.242s] Level 1:colcon.colcon_core.package_identification:_identify(.) by extensions ['python_setup_py']
[0.242s] Level 1:colcon.colcon_core.package_identification:_identify(.) by extension 'python_setup_py'
[0.242s] Level 1:colcon.colcon_core.package_identification:_identify(build) by extensions ['ignore', 'ignore_ament_install']
[0.242s] Level 1:colcon.colcon_core.package_identification:_identify(build) by extension 'ignore'
[0.242s] Level 1:colcon.colcon_core.package_identification:_identify(build) ignored
[0.242s] Level 1:colcon.colcon_core.package_identification:_identify(install) by extensions ['ignore', 'ignore_ament_install']
[0.242s] Level 1:colcon.colcon_core.package_identification:_identify(install) by extension 'ignore'
[0.242s] Level 1:colcon.colcon_core.package_identification:_identify(install) ignored
[0.242s] Level 1:colcon.colcon_core.package_identification:_identify(log) by extensions ['ignore', 'ignore_ament_install']
[0.243s] Level 1:colcon.colcon_core.package_identification:_identify(log) by extension 'ignore'
[0.243s] Level 1:colcon.colcon_core.package_identification:_identify(log) ignored
[0.243s] Level 1:colcon.colcon_core.package_identification:_identify(ros2_nodes) by extensions ['ignore', 'ignore_ament_install']
[0.243s] Level 1:colcon.colcon_core.package_identification:_identify(ros2_nodes) by extension 'ignore'
[0.243s] Level 1:colcon.colcon_core.package_identification:_identify(ros2_nodes) by extension 'ignore_ament_install'
[0.243s] Level 1:colcon.colcon_core.package_identification:_identify(ros2_nodes) by extensions ['colcon_pkg']
[0.243s] Level 1:colcon.colcon_core.package_identification:_identify(ros2_nodes) by extension 'colcon_pkg'
[0.243s] Level 1:colcon.colcon_core.package_identification:_identify(ros2_nodes) by extensions ['colcon_meta']
[0.243s] Level 1:colcon.colcon_core.package_identification:_identify(ros2_nodes) by extension 'colcon_meta'
[0.243s] Level 1:colcon.colcon_core.package_identification:_identify(ros2_nodes) by extensions ['ros']
[0.243s] Level 1:colcon.colcon_core.package_identification:_identify(ros2_nodes) by extension 'ros'
[0.243s] Level 1:colcon.colcon_core.package_identification:_identify(ros2_nodes) by extensions ['cmake', 'python']
[0.243s] Level 1:colcon.colcon_core.package_identification:_identify(ros2_nodes) by extension 'cmake'
[0.243s] Level 1:colcon.colcon_core.package_identification:_identify(ros2_nodes) by extension 'python'
[0.243s] Level 1:colcon.colcon_core.package_identification:_identify(ros2_nodes) by extensions ['python_setup_py']
[0.243s] Level 1:colcon.colcon_core.package_identification:_identify(ros2_nodes) by extension 'python_setup_py'
[0.243s] Level 1:colcon.colcon_core.package_identification:_identify(ros2_nodes/Moritz) by extensions ['ignore', 'ignore_ament_install']
[0.243s] Level 1:colcon.colcon_core.package_identification:_identify(ros2_nodes/Moritz) by extension 'ignore'
[0.243s] Level 1:colcon.colcon_core.package_identification:_identify(ros2_nodes/Moritz) by extension 'ignore_ament_install'
[0.243s] Level 1:colcon.colcon_core.package_identification:_identify(ros2_nodes/Moritz) by extensions ['colcon_pkg']
[0.243s] Level 1:colcon.colcon_core.package_identification:_identify(ros2_nodes/Moritz) by extension 'colcon_pkg'
[0.243s] Level 1:colcon.colcon_core.package_identification:_identify(ros2_nodes/Moritz) by extensions ['colcon_meta']
[0.243s] Level 1:colcon.colcon_core.package_identification:_identify(ros2_nodes/Moritz) by extension 'colcon_meta'
[0.243s] Level 1:colcon.colcon_core.package_identification:_identify(ros2_nodes/Moritz) by extensions ['ros']
[0.243s] Level 1:colcon.colcon_core.package_identification:_identify(ros2_nodes/Moritz) by extension 'ros'
[0.243s] Level 1:colcon.colcon_core.package_identification:_identify(ros2_nodes/Moritz) by extensions ['cmake', 'python']
[0.244s] Level 1:colcon.colcon_core.package_identification:_identify(ros2_nodes/Moritz) by extension 'cmake'
[0.244s] Level 1:colcon.colcon_core.package_identification:_identify(ros2_nodes/Moritz) by extension 'python'
[0.244s] Level 1:colcon.colcon_core.package_identification:_identify(ros2_nodes/Moritz) by extensions ['python_setup_py']
[0.244s] Level 1:colcon.colcon_core.package_identification:_identify(ros2_nodes/Moritz) by extension 'python_setup_py'
[0.244s] Level 1:colcon.colcon_core.package_identification:_identify(ros2_nodes/Moritz/Ebene_erkennung) by extensions ['ignore', 'ignore_ament_install']
[0.244s] Level 1:colcon.colcon_core.package_identification:_identify(ros2_nodes/Moritz/Ebene_erkennung) by extension 'ignore'
[0.244s] Level 1:colcon.colcon_core.package_identification:_identify(ros2_nodes/Moritz/Ebene_erkennung) by extension 'ignore_ament_install'
[0.244s] Level 1:colcon.colcon_core.package_identification:_identify(ros2_nodes/Moritz/Ebene_erkennung) by extensions ['colcon_pkg']
[0.244s] Level 1:colcon.colcon_core.package_identification:_identify(ros2_nodes/Moritz/Ebene_erkennung) by extension 'colcon_pkg'
[0.244s] Level 1:colcon.colcon_core.package_identification:_identify(ros2_nodes/Moritz/Ebene_erkennung) by extensions ['colcon_meta']
[0.244s] Level 1:colcon.colcon_core.package_identification:_identify(ros2_nodes/Moritz/Ebene_erkennung) by extension 'colcon_meta'
[0.244s] Level 1:colcon.colcon_core.package_identification:_identify(ros2_nodes/Moritz/Ebene_erkennung) by extensions ['ros']
[0.244s] Level 1:colcon.colcon_core.package_identification:_identify(ros2_nodes/Moritz/Ebene_erkennung) by extension 'ros'
[0.244s] Level 1:colcon.colcon_core.package_identification:_identify(ros2_nodes/Moritz/Ebene_erkennung) by extensions ['cmake', 'python']
[0.244s] Level 1:colcon.colcon_core.package_identification:_identify(ros2_nodes/Moritz/Ebene_erkennung) by extension 'cmake'
[0.244s] Level 1:colcon.colcon_core.package_identification:_identify(ros2_nodes/Moritz/Ebene_erkennung) by extension 'python'
[0.244s] Level 1:colcon.colcon_core.package_identification:_identify(ros2_nodes/Moritz/Ebene_erkennung) by extensions ['python_setup_py']
[0.244s] Level 1:colcon.colcon_core.package_identification:_identify(ros2_nodes/Moritz/Ebene_erkennung) by extension 'python_setup_py'
[0.244s] Level 1:colcon.colcon_core.package_identification:_identify(src) by extensions ['ignore', 'ignore_ament_install']
[0.244s] Level 1:colcon.colcon_core.package_identification:_identify(src) by extension 'ignore'
[0.244s] Level 1:colcon.colcon_core.package_identification:_identify(src) by extension 'ignore_ament_install'
[0.244s] Level 1:colcon.colcon_core.package_identification:_identify(src) by extensions ['colcon_pkg']
[0.244s] Level 1:colcon.colcon_core.package_identification:_identify(src) by extension 'colcon_pkg'
[0.244s] Level 1:colcon.colcon_core.package_identification:_identify(src) by extensions ['colcon_meta']
[0.244s] Level 1:colcon.colcon_core.package_identification:_identify(src) by extension 'colcon_meta'
[0.244s] Level 1:colcon.colcon_core.package_identification:_identify(src) by extensions ['ros']
[0.245s] Level 1:colcon.colcon_core.package_identification:_identify(src) by extension 'ros'
[0.245s] Level 1:colcon.colcon_core.package_identification:_identify(src) by extensions ['cmake', 'python']
[0.245s] Level 1:colcon.colcon_core.package_identification:_identify(src) by extension 'cmake'
[0.245s] Level 1:colcon.colcon_core.package_identification:_identify(src) by extension 'python'
[0.245s] Level 1:colcon.colcon_core.package_identification:_identify(src) by extensions ['python_setup_py']
[0.245s] Level 1:colcon.colcon_core.package_identification:_identify(src) by extension 'python_setup_py'
[0.245s] Level 1:colcon.colcon_core.package_identification:_identify(src/go2_msgs) by extensions ['ignore', 'ignore_ament_install']
[0.245s] Level 1:colcon.colcon_core.package_identification:_identify(src/go2_msgs) by extension 'ignore'
[0.245s] Level 1:colcon.colcon_core.package_identification:_identify(src/go2_msgs) by extension 'ignore_ament_install'
[0.245s] Level 1:colcon.colcon_core.package_identification:_identify(src/go2_msgs) by extensions ['colcon_pkg']
[0.245s] Level 1:colcon.colcon_core.package_identification:_identify(src/go2_msgs) by extension 'colcon_pkg'
[0.245s] Level 1:colcon.colcon_core.package_identification:_identify(src/go2_msgs) by extensions ['colcon_meta']
[0.245s] Level 1:colcon.colcon_core.package_identification:_identify(src/go2_msgs) by extension 'colcon_meta'
[0.245s] Level 1:colcon.colcon_core.package_identification:_identify(src/go2_msgs) by extensions ['ros']
[0.245s] Level 1:colcon.colcon_core.package_identification:_identify(src/go2_msgs) by extension 'ros'
[0.247s] DEBUG:colcon.colcon_core.package_identification:Package 'src/go2_msgs' with type 'ros.ament_cmake' and name 'go2_msgs'
[0.247s] Level 1:colcon.colcon_core.package_identification:_identify(src/go2_my_nodes_py) by extensions ['ignore', 'ignore_ament_install']
[0.247s] Level 1:colcon.colcon_core.package_identification:_identify(src/go2_my_nodes_py) by extension 'ignore'
[0.247s] Level 1:colcon.colcon_core.package_identification:_identify(src/go2_my_nodes_py) by extension 'ignore_ament_install'
[0.247s] Level 1:colcon.colcon_core.package_identification:_identify(src/go2_my_nodes_py) by extensions ['colcon_pkg']
[0.247s] Level 1:colcon.colcon_core.package_identification:_identify(src/go2_my_nodes_py) by extension 'colcon_pkg'
[0.247s] Level 1:colcon.colcon_core.package_identification:_identify(src/go2_my_nodes_py) by extensions ['colcon_meta']
[0.247s] Level 1:colcon.colcon_core.package_identification:_identify(src/go2_my_nodes_py) by extension 'colcon_meta'
[0.248s] Level 1:colcon.colcon_core.package_identification:_identify(src/go2_my_nodes_py) by extensions ['ros']
[0.248s] Level 1:colcon.colcon_core.package_identification:_identify(src/go2_my_nodes_py) by extension 'ros'
[0.248s] DEBUG:colcon.colcon_core.package_identification:Package 'src/go2_my_nodes_py' with type 'ros.ament_python' and name 'go2_my_nodes_py'
[0.248s] Level 1:colcon.colcon_core.package_discovery:discover_packages(recursive) using defaults
[0.248s] Level 1:colcon.colcon_core.package_discovery:discover_packages(ignore) discover
[0.248s] Level 1:colcon.colcon_core.package_discovery:discover_packages(ignore) using defaults
[0.248s] Level 1:colcon.colcon_core.package_discovery:discover_packages(path) discover
[0.248s] Level 1:colcon.colcon_core.package_discovery:discover_packages(path) using defaults
[0.266s] Level 5:colcon.colcon_core.verb:set package 'go2_msgs' build argument 'cmake_args' from command line to 'None'
[0.266s] Level 5:colcon.colcon_core.verb:set package 'go2_msgs' build argument 'cmake_target' from command line to 'None'
[0.266s] Level 5:colcon.colcon_core.verb:set package 'go2_msgs' build argument 'cmake_target_skip_unavailable' from command line to 'False'
[0.266s] Level 5:colcon.colcon_core.verb:set package 'go2_msgs' build argument 'cmake_clean_cache' from command line to 'False'
[0.266s] Level 5:colcon.colcon_core.verb:set package 'go2_msgs' build argument 'cmake_clean_first' from command line to 'False'
[0.266s] Level 5:colcon.colcon_core.verb:set package 'go2_msgs' build argument 'cmake_force_configure' from command line to 'False'
[0.266s] Level 5:colcon.colcon_core.verb:set package 'go2_msgs' build argument 'ament_cmake_args' from command line to 'None'
[0.267s] Level 5:colcon.colcon_core.verb:set package 'go2_msgs' build argument 'catkin_cmake_args' from command line to 'None'
[0.267s] Level 5:colcon.colcon_core.verb:set package 'go2_msgs' build argument 'catkin_skip_building_tests' from command line to 'False'
[0.267s] DEBUG:colcon.colcon_core.verb:Building package 'go2_msgs' with the following arguments: {'ament_cmake_args': None, 'build_base': '/workspace/unitree_go2_hoehlenforscher/build/go2_msgs', 'catkin_cmake_args': None, 'catkin_skip_building_tests': False, 'cmake_args': None, 'cmake_clean_cache': False, 'cmake_clean_first': False, 'cmake_force_configure': False, 'cmake_target': None, 'cmake_target_skip_unavailable': False, 'install_base': '/workspace/unitree_go2_hoehlenforscher/install/go2_msgs', 'merge_install': False, 'path': '/workspace/unitree_go2_hoehlenforscher/src/go2_msgs', 'symlink_install': True, 'test_result_base': None}
[0.267s] Level 5:colcon.colcon_core.verb:set package 'go2_my_nodes_py' build argument 'cmake_args' from command line to 'None'
[0.267s] Level 5:colcon.colcon_core.verb:set package 'go2_my_nodes_py' build argument 'cmake_target' from command line to 'None'
[0.267s] Level 5:colcon.colcon_core.verb:set package 'go2_my_nodes_py' build argument 'cmake_target_skip_unavailable' from command line to 'False'
[0.267s] Level 5:colcon.colcon_core.verb:set package 'go2_my_nodes_py' build argument 'cmake_clean_cache' from command line to 'False'
[0.267s] Level 5:colcon.colcon_core.verb:set package 'go2_my_nodes_py' build argument 'cmake_clean_first' from command line to 'False'
[0.267s] Level 5:colcon.colcon_core.verb:set package 'go2_my_nodes_py' build argument 'cmake_force_configure' from command line to 'False'
[0.267s] Level 5:colcon.colcon_core.verb:set package 'go2_my_nodes_py' build argument 'ament_cmake_args' from command line to 'None'
[0.267s] Level 5:colcon.colcon_core.verb:set package 'go2_my_nodes_py' build argument 'catkin_cmake_args' from command line to 'None'
[0.267s] Level 5:colcon.colcon_core.verb:set package 'go2_my_nodes_py' build argument 'catkin_skip_building_tests' from command line to 'False'
[0.267s] DEBUG:colcon.colcon_core.verb:Building package 'go2_my_nodes_py' with the following arguments: {'ament_cmake_args': None, 'build_base': '/workspace/unitree_go2_hoehlenforscher/build/go2_my_nodes_py', 'catkin_cmake_args': None, 'catkin_skip_building_tests': False, 'cmake_args': None, 'cmake_clean_cache': False, 'cmake_clean_first': False, 'cmake_force_configure': False, 'cmake_target': None, 'cmake_target_skip_unavailable': False, 'install_base': '/workspace/unitree_go2_hoehlenforscher/install/go2_my_nodes_py', 'merge_install': False, 'path': '/workspace/unitree_go2_hoehlenforscher/src/go2_my_nodes_py', 'symlink_install': True, 'test_result_base': None}
[0.267s] INFO:colcon.colcon_core.executor:Executing jobs using 'parallel' executor
[0.268s] DEBUG:colcon.colcon_parallel_executor.executor.parallel:run_until_complete
[0.269s] INFO:colcon.colcon_ros.task.ament_cmake.build:Building ROS package in '/workspace/unitree_go2_hoehlenforscher/src/go2_msgs' with build type 'ament_cmake'
[0.269s] INFO:colcon.colcon_cmake.task.cmake.build:Building CMake package in '/workspace/unitree_go2_hoehlenforscher/src/go2_msgs'
[0.274s] INFO:colcon.colcon_core.plugin_system:Skipping extension 'colcon_core.shell.bat': Not used on non-Windows systems
[0.275s] INFO:colcon.colcon_core.shell:Skip shell extension 'powershell' for command environment: Not usable outside of PowerShell
[0.275s] DEBUG:colcon.colcon_core.shell:Skip shell extension 'dsv' for command environment
[0.287s] INFO:colcon.colcon_ros.task.ament_python.build:Building ROS package in '/workspace/unitree_go2_hoehlenforscher/src/go2_my_nodes_py' with build type 'ament_python'
[0.287s] Level 1:colcon.colcon_core.shell:create_environment_hook('go2_my_nodes_py', 'ament_prefix_path')
[0.288s] INFO:colcon.colcon_core.shell:Creating environment hook '/workspace/unitree_go2_hoehlenforscher/install/go2_my_nodes_py/share/go2_my_nodes_py/hook/ament_prefix_path.ps1'
[0.289s] INFO:colcon.colcon_core.shell:Creating environment descriptor '/workspace/unitree_go2_hoehlenforscher/install/go2_my_nodes_py/share/go2_my_nodes_py/hook/ament_prefix_path.dsv'
[0.291s] INFO:colcon.colcon_core.shell:Creating environment hook '/workspace/unitree_go2_hoehlenforscher/install/go2_my_nodes_py/share/go2_my_nodes_py/hook/ament_prefix_path.sh'
[0.293s] INFO:colcon.colcon_core.shell:Skip shell extension 'powershell' for command environment: Not usable outside of PowerShell
[0.293s] DEBUG:colcon.colcon_core.shell:Skip shell extension 'dsv' for command environment
[0.313s] DEBUG:colcon.colcon_core.event_handler.log_command:Invoking command in '/workspace/unitree_go2_hoehlenforscher/build/go2_msgs': CMAKE_PREFIX_PATH=${CMAKE_PREFIX_PATH}:/workspace/unitree_go2_hoehlenforscher/install/go2_my_nodes_py:/opt/ros/humble /usr/bin/cmake --build /workspace/unitree_go2_hoehlenforscher/build/go2_msgs -- -j16 -l16
[0.641s] INFO:colcon.colcon_core.task.python.build:Building Python package in '/workspace/unitree_go2_hoehlenforscher/src/go2_my_nodes_py'
[0.642s] INFO:colcon.colcon_core.shell:Skip shell extension 'powershell' for command environment: Not usable outside of PowerShell
[0.642s] DEBUG:colcon.colcon_core.shell:Skip shell extension 'dsv' for command environment
[0.803s] DEBUG:colcon.colcon_core.event_handler.log_command:Invoked command in '/workspace/unitree_go2_hoehlenforscher/build/go2_msgs' returned '0': CMAKE_PREFIX_PATH=${CMAKE_PREFIX_PATH}:/workspace/unitree_go2_hoehlenforscher/install/go2_my_nodes_py:/opt/ros/humble /usr/bin/cmake --build /workspace/unitree_go2_hoehlenforscher/build/go2_msgs -- -j16 -l16
[0.824s] DEBUG:colcon.colcon_core.event_handler.log_command:Invoking command in '/workspace/unitree_go2_hoehlenforscher/build/go2_msgs': CMAKE_PREFIX_PATH=${CMAKE_PREFIX_PATH}:/workspace/unitree_go2_hoehlenforscher/install/go2_my_nodes_py:/opt/ros/humble /usr/bin/cmake --install /workspace/unitree_go2_hoehlenforscher/build/go2_msgs
[0.995s] Level 1:colcon.colcon_core.environment:create_environment_scripts_only(go2_msgs)
[1.000s] DEBUG:colcon.colcon_core.event_handler.log_command:Invoked command in '/workspace/unitree_go2_hoehlenforscher/build/go2_msgs' returned '0': CMAKE_PREFIX_PATH=${CMAKE_PREFIX_PATH}:/workspace/unitree_go2_hoehlenforscher/install/go2_my_nodes_py:/opt/ros/humble /usr/bin/cmake --install /workspace/unitree_go2_hoehlenforscher/build/go2_msgs
[1.004s] Level 1:colcon.colcon_core.environment:checking '/workspace/unitree_go2_hoehlenforscher/install/go2_msgs' for CMake module files
[1.005s] Level 1:colcon.colcon_core.environment:checking '/workspace/unitree_go2_hoehlenforscher/install/go2_msgs' for CMake config files
[1.008s] Level 1:colcon.colcon_core.shell:create_environment_hook('go2_msgs', 'cmake_prefix_path')
[1.008s] INFO:colcon.colcon_core.shell:Creating environment hook '/workspace/unitree_go2_hoehlenforscher/install/go2_msgs/share/go2_msgs/hook/cmake_prefix_path.ps1'
[1.009s] INFO:colcon.colcon_core.shell:Creating environment descriptor '/workspace/unitree_go2_hoehlenforscher/install/go2_msgs/share/go2_msgs/hook/cmake_prefix_path.dsv'
[1.010s] INFO:colcon.colcon_core.shell:Creating environment hook '/workspace/unitree_go2_hoehlenforscher/install/go2_msgs/share/go2_msgs/hook/cmake_prefix_path.sh'
[1.011s] Level 1:colcon.colcon_core.environment:checking '/workspace/unitree_go2_hoehlenforscher/install/go2_msgs/lib'
[1.011s] Level 1:colcon.colcon_core.shell:create_environment_hook('go2_msgs', 'ld_library_path_lib')
[1.012s] INFO:colcon.colcon_core.shell:Creating environment hook '/workspace/unitree_go2_hoehlenforscher/install/go2_msgs/share/go2_msgs/hook/ld_library_path_lib.ps1'
[1.031s] INFO:colcon.colcon_core.shell:Creating environment descriptor '/workspace/unitree_go2_hoehlenforscher/install/go2_msgs/share/go2_msgs/hook/ld_library_path_lib.dsv'
[1.032s] INFO:colcon.colcon_core.shell:Creating environment hook '/workspace/unitree_go2_hoehlenforscher/install/go2_msgs/share/go2_msgs/hook/ld_library_path_lib.sh'
[1.033s] Level 1:colcon.colcon_core.environment:checking '/workspace/unitree_go2_hoehlenforscher/install/go2_msgs/bin'
[1.033s] Level 1:colcon.colcon_core.environment:checking '/workspace/unitree_go2_hoehlenforscher/install/go2_msgs/lib/pkgconfig/go2_msgs.pc'
[1.033s] Level 1:colcon.colcon_core.environment:checking '/workspace/unitree_go2_hoehlenforscher/install/go2_msgs/lib/python3.10/site-packages'
[1.034s] Level 1:colcon.colcon_core.environment:checking '/workspace/unitree_go2_hoehlenforscher/install/go2_msgs/bin'
[1.035s] INFO:colcon.colcon_core.shell:Creating package script '/workspace/unitree_go2_hoehlenforscher/install/go2_msgs/share/go2_msgs/package.ps1'
[1.037s] INFO:colcon.colcon_core.shell:Creating package descriptor '/workspace/unitree_go2_hoehlenforscher/install/go2_msgs/share/go2_msgs/package.dsv'
[1.039s] INFO:colcon.colcon_core.shell:Creating package script '/workspace/unitree_go2_hoehlenforscher/install/go2_msgs/share/go2_msgs/package.sh'
[1.040s] INFO:colcon.colcon_core.shell:Creating package script '/workspace/unitree_go2_hoehlenforscher/install/go2_msgs/share/go2_msgs/package.bash'
[1.042s] INFO:colcon.colcon_core.shell:Creating package script '/workspace/unitree_go2_hoehlenforscher/install/go2_msgs/share/go2_msgs/package.zsh'
[1.044s] Level 1:colcon.colcon_core.environment:create_file_with_runtime_dependencies(/workspace/unitree_go2_hoehlenforscher/install/go2_msgs/share/colcon-core/packages/go2_msgs)
[1.045s] Level 1:colcon.colcon_core.environment:create_environment_scripts_only(go2_msgs)
[1.046s] Level 1:colcon.colcon_core.environment:checking '/workspace/unitree_go2_hoehlenforscher/install/go2_msgs' for CMake module files
[1.047s] Level 1:colcon.colcon_core.environment:checking '/workspace/unitree_go2_hoehlenforscher/install/go2_msgs' for CMake config files
[1.049s] Level 1:colcon.colcon_core.shell:create_environment_hook('go2_msgs', 'cmake_prefix_path')
[1.049s] INFO:colcon.colcon_core.shell:Creating environment hook '/workspace/unitree_go2_hoehlenforscher/install/go2_msgs/share/go2_msgs/hook/cmake_prefix_path.ps1'
[1.050s] INFO:colcon.colcon_core.shell:Creating environment descriptor '/workspace/unitree_go2_hoehlenforscher/install/go2_msgs/share/go2_msgs/hook/cmake_prefix_path.dsv'
[1.051s] INFO:colcon.colcon_core.shell:Creating environment hook '/workspace/unitree_go2_hoehlenforscher/install/go2_msgs/share/go2_msgs/hook/cmake_prefix_path.sh'
[1.052s] Level 1:colcon.colcon_core.environment:checking '/workspace/unitree_go2_hoehlenforscher/install/go2_msgs/lib'
[1.052s] Level 1:colcon.colcon_core.shell:create_environment_hook('go2_msgs', 'ld_library_path_lib')
[1.053s] INFO:colcon.colcon_core.shell:Creating environment hook '/workspace/unitree_go2_hoehlenforscher/install/go2_msgs/share/go2_msgs/hook/ld_library_path_lib.ps1'
[1.053s] INFO:colcon.colcon_core.shell:Creating environment descriptor '/workspace/unitree_go2_hoehlenforscher/install/go2_msgs/share/go2_msgs/hook/ld_library_path_lib.dsv'
[1.054s] INFO:colcon.colcon_core.shell:Creating environment hook '/workspace/unitree_go2_hoehlenforscher/install/go2_msgs/share/go2_msgs/hook/ld_library_path_lib.sh'
[1.055s] Level 1:colcon.colcon_core.environment:checking '/workspace/unitree_go2_hoehlenforscher/install/go2_msgs/bin'
[1.055s] Level 1:colcon.colcon_core.environment:checking '/workspace/unitree_go2_hoehlenforscher/install/go2_msgs/lib/pkgconfig/go2_msgs.pc'
[1.055s] Level 1:colcon.colcon_core.environment:checking '/workspace/unitree_go2_hoehlenforscher/install/go2_msgs/lib/python3.10/site-packages'
[1.056s] Level 1:colcon.colcon_core.environment:checking '/workspace/unitree_go2_hoehlenforscher/install/go2_msgs/bin'
[1.057s] INFO:colcon.colcon_core.shell:Creating package script '/workspace/unitree_go2_hoehlenforscher/install/go2_msgs/share/go2_msgs/package.ps1'
[1.058s] INFO:colcon.colcon_core.shell:Creating package descriptor '/workspace/unitree_go2_hoehlenforscher/install/go2_msgs/share/go2_msgs/package.dsv'
[1.059s] INFO:colcon.colcon_core.shell:Creating package script '/workspace/unitree_go2_hoehlenforscher/install/go2_msgs/share/go2_msgs/package.sh'
[1.059s] INFO:colcon.colcon_core.shell:Creating package script '/workspace/unitree_go2_hoehlenforscher/install/go2_msgs/share/go2_msgs/package.bash'
[1.060s] INFO:colcon.colcon_core.shell:Creating package script '/workspace/unitree_go2_hoehlenforscher/install/go2_msgs/share/go2_msgs/package.zsh'
[1.061s] Level 1:colcon.colcon_core.environment:create_file_with_runtime_dependencies(/workspace/unitree_go2_hoehlenforscher/install/go2_msgs/share/colcon-core/packages/go2_msgs)
[1.070s] DEBUG:colcon.colcon_core.event_handler.log_command:Invoking command in '/workspace/unitree_go2_hoehlenforscher/build/go2_my_nodes_py': PYTHONPATH=/workspace/unitree_go2_hoehlenforscher/build/go2_my_nodes_py/prefix_override:/usr/lib/python3/dist-packages/colcon_core/task/python/colcon_distutils_commands:/workspace/unitree_go2_hoehlenforscher/install/go2_my_nodes_py/lib/python3.10/site-packages:${PYTHONPATH} /usr/bin/python3 -W ignore:setup.py install is deprecated -W ignore:easy_install command is deprecated setup.py develop --editable --build-directory /workspace/unitree_go2_hoehlenforscher/build/go2_my_nodes_py/build --no-deps symlink_data
[1.447s] Level 1:colcon.colcon_core.shell:create_environment_hook('go2_my_nodes_py', 'pythonpath_develop')
[1.448s] INFO:colcon.colcon_core.shell:Creating environment hook '/workspace/unitree_go2_hoehlenforscher/build/go2_my_nodes_py/share/go2_my_nodes_py/hook/pythonpath_develop.ps1'
[1.449s] DEBUG:colcon.colcon_core.event_handler.log_command:Invoked command in '/workspace/unitree_go2_hoehlenforscher/build/go2_my_nodes_py' returned '0': PYTHONPATH=/workspace/unitree_go2_hoehlenforscher/build/go2_my_nodes_py/prefix_override:/usr/lib/python3/dist-packages/colcon_core/task/python/colcon_distutils_commands:/workspace/unitree_go2_hoehlenforscher/install/go2_my_nodes_py/lib/python3.10/site-packages:${PYTHONPATH} /usr/bin/python3 -W ignore:setup.py install is deprecated -W ignore:easy_install command is deprecated setup.py develop --editable --build-directory /workspace/unitree_go2_hoehlenforscher/build/go2_my_nodes_py/build --no-deps symlink_data
[1.450s] INFO:colcon.colcon_core.shell:Creating environment descriptor '/workspace/unitree_go2_hoehlenforscher/build/go2_my_nodes_py/share/go2_my_nodes_py/hook/pythonpath_develop.dsv'
[1.451s] INFO:colcon.colcon_core.shell:Creating environment hook '/workspace/unitree_go2_hoehlenforscher/build/go2_my_nodes_py/share/go2_my_nodes_py/hook/pythonpath_develop.sh'
[1.452s] Level 1:colcon.colcon_core.environment:checking '/workspace/unitree_go2_hoehlenforscher/install/go2_my_nodes_py' for CMake module files
[1.453s] Level 1:colcon.colcon_core.environment:checking '/workspace/unitree_go2_hoehlenforscher/install/go2_my_nodes_py' for CMake config files
[1.454s] Level 1:colcon.colcon_core.environment:checking '/workspace/unitree_go2_hoehlenforscher/install/go2_my_nodes_py/lib'
[1.455s] Level 1:colcon.colcon_core.environment:checking '/workspace/unitree_go2_hoehlenforscher/install/go2_my_nodes_py/bin'
[1.455s] Level 1:colcon.colcon_core.environment:checking '/workspace/unitree_go2_hoehlenforscher/install/go2_my_nodes_py/lib/pkgconfig/go2_my_nodes_py.pc'
[1.455s] Level 1:colcon.colcon_core.environment:checking '/workspace/unitree_go2_hoehlenforscher/install/go2_my_nodes_py/lib/python3.10/site-packages'
[1.455s] Level 1:colcon.colcon_core.shell:create_environment_hook('go2_my_nodes_py', 'pythonpath')
[1.456s] INFO:colcon.colcon_core.shell:Creating environment hook '/workspace/unitree_go2_hoehlenforscher/install/go2_my_nodes_py/share/go2_my_nodes_py/hook/pythonpath.ps1'
[1.457s] INFO:colcon.colcon_core.shell:Creating environment descriptor '/workspace/unitree_go2_hoehlenforscher/install/go2_my_nodes_py/share/go2_my_nodes_py/hook/pythonpath.dsv'
[1.458s] INFO:colcon.colcon_core.shell:Creating environment hook '/workspace/unitree_go2_hoehlenforscher/install/go2_my_nodes_py/share/go2_my_nodes_py/hook/pythonpath.sh'
[1.459s] Level 1:colcon.colcon_core.environment:checking '/workspace/unitree_go2_hoehlenforscher/install/go2_my_nodes_py/bin'
[1.459s] Level 1:colcon.colcon_core.environment:create_environment_scripts_only(go2_my_nodes_py)
[1.460s] INFO:colcon.colcon_core.shell:Creating package script '/workspace/unitree_go2_hoehlenforscher/install/go2_my_nodes_py/share/go2_my_nodes_py/package.ps1'
[1.461s] INFO:colcon.colcon_core.shell:Creating package descriptor '/workspace/unitree_go2_hoehlenforscher/install/go2_my_nodes_py/share/go2_my_nodes_py/package.dsv'
[1.462s] INFO:colcon.colcon_core.shell:Creating package script '/workspace/unitree_go2_hoehlenforscher/install/go2_my_nodes_py/share/go2_my_nodes_py/package.sh'
[1.463s] INFO:colcon.colcon_core.shell:Creating package script '/workspace/unitree_go2_hoehlenforscher/install/go2_my_nodes_py/share/go2_my_nodes_py/package.bash'
[1.463s] INFO:colcon.colcon_core.shell:Creating package script '/workspace/unitree_go2_hoehlenforscher/install/go2_my_nodes_py/share/go2_my_nodes_py/package.zsh'
[1.464s] Level 1:colcon.colcon_core.environment:create_file_with_runtime_dependencies(/workspace/unitree_go2_hoehlenforscher/install/go2_my_nodes_py/share/colcon-core/packages/go2_my_nodes_py)
[1.464s] DEBUG:colcon.colcon_parallel_executor.executor.parallel:closing loop
[1.465s] DEBUG:colcon.colcon_parallel_executor.executor.parallel:loop closed
[1.465s] DEBUG:colcon.colcon_parallel_executor.executor.parallel:run_until_complete finished with '0'
[1.465s] DEBUG:colcon.colcon_core.event_reactor:joining thread
[1.477s] INFO:colcon.colcon_core.plugin_system:Skipping extension 'colcon_notification.desktop_notification.notify_send': Could not find 'notify-send'
[1.478s] INFO:colcon.colcon_core.plugin_system:Skipping extension 'colcon_notification.desktop_notification.terminal_notifier': Not used on non-Darwin systems
[1.478s] INFO:colcon.colcon_core.plugin_system:Skipping extension 'colcon_notification.desktop_notification.win32': Not used on non-Windows systems
[1.478s] INFO:colcon.colcon_notification.desktop_notification:Sending desktop notification using 'notify2'
[1.482s] DEBUG:colcon.colcon_notification.desktop_notification.notify2:Failed to initialize notify2: org.freedesktop.DBus.Error.Spawn.ExecFailed: /usr/bin/dbus-launch terminated abnormally without any error message
[1.483s] DEBUG:colcon.colcon_core.event_reactor:joined thread
[1.484s] INFO:colcon.colcon_core.shell:Creating prefix script '/workspace/unitree_go2_hoehlenforscher/install/local_setup.ps1'
[1.486s] INFO:colcon.colcon_core.shell:Creating prefix util module '/workspace/unitree_go2_hoehlenforscher/install/_local_setup_util_ps1.py'
[1.490s] INFO:colcon.colcon_core.shell:Creating prefix chain script '/workspace/unitree_go2_hoehlenforscher/install/setup.ps1'
[1.493s] INFO:colcon.colcon_core.shell:Creating prefix script '/workspace/unitree_go2_hoehlenforscher/install/local_setup.sh'
[1.495s] INFO:colcon.colcon_core.shell:Creating prefix util module '/workspace/unitree_go2_hoehlenforscher/install/_local_setup_util_sh.py'
[1.497s] INFO:colcon.colcon_core.shell:Creating prefix chain script '/workspace/unitree_go2_hoehlenforscher/install/setup.sh'
[1.501s] INFO:colcon.colcon_core.shell:Creating prefix script '/workspace/unitree_go2_hoehlenforscher/install/local_setup.bash'
[1.502s] INFO:colcon.colcon_core.shell:Creating prefix chain script '/workspace/unitree_go2_hoehlenforscher/install/setup.bash'
[1.506s] INFO:colcon.colcon_core.shell:Creating prefix script '/workspace/unitree_go2_hoehlenforscher/install/local_setup.zsh'
[1.507s] INFO:colcon.colcon_core.shell:Creating prefix chain script '/workspace/unitree_go2_hoehlenforscher/install/setup.zsh'
