-- The C compiler identification is Clang 18.1.8
-- The CXX compiler identification is Clang 18.1.8
-- Detecting C compiler ABI info
-- Detecting C compiler ABI info - done
-- Check for working C compiler: /usr/bin/clang-18 - skipped
-- Detecting C compile features
-- Detecting C compile features - done
-- Detecting CXX compiler ABI info
-- Detecting CXX compiler ABI info - done
-- Check for working CXX compiler: /usr/bin/clang++-18 - skipped
-- Detecting CXX compile features
-- Detecting CXX compile features - done
-- Found ament_cmake: 1.3.12 (/opt/ros/humble/share/ament_cmake/cmake)
-- Found Python3: /usr/bin/python3 (found version "3.10.12") found components: Interpreter 
-- Override CMake install command with custom implementation using symlinks instead of copying resources
-- Found rosidl_default_generators: 1.2.0 (/opt/ros/humble/share/rosidl_default_generators/cmake)
-- Using all available rosidl_typesupport_c: rosidl_typesupport_fastrtps_c;rosidl_typesupport_introspection_c
-- Found rosidl_adapter: 3.1.7 (/opt/ros/humble/share/rosidl_adapter/cmake)
-- Using all available rosidl_typesupport_cpp: rosidl_typesupport_fastrtps_cpp;rosidl_typesupport_introspection_cpp
-- Found std_msgs: 4.9.0 (/opt/ros/humble/share/std_msgs/cmake)
-- Found geometry_msgs: 4.9.0 (/opt/ros/humble/share/geometry_msgs/cmake)
-- Found action_msgs: 1.2.2 (/opt/ros/humble/share/action_msgs/cmake)
-- Found ament_cmake_ros: 0.10.0 (/opt/ros/humble/share/ament_cmake_ros/cmake)
-- Using all available rosidl_typesupport_c: rosidl_typesupport_fastrtps_c;rosidl_typesupport_introspection_c
-- Using all available rosidl_typesupport_cpp: rosidl_typesupport_fastrtps_cpp;rosidl_typesupport_introspection_cpp
-- Found PythonInterp: /usr/bin/python3 (found suitable version "3.10.12", minimum required is "3.6") 
-- Found python_cmake_module: 0.10.0 (/opt/ros/humble/share/python_cmake_module/cmake)
-- Found PythonLibs: /usr/lib/x86_64-linux-gnu/libpython3.10.so (found suitable version "3.10.12", minimum required is "3.5") 
-- Using PYTHON_EXECUTABLE: /usr/bin/python3
-- Using PYTHON_INCLUDE_DIRS: /usr/include/python3.10
-- Using PYTHON_LIBRARIES: /usr/lib/x86_64-linux-gnu/libpython3.10.so
-- Found PythonExtra: .so  
-- Configuring done
-- Generating done
-- Build files have been written to: /workspace/unitree_go2_hoehlenforscher/build/go2_msgs
[  3%] [34m[1mGenerating C code for ROS interfaces[0m
[  6%] [34m[1mGenerating C++ code for ROS interfaces[0m
[  6%] Built target ament_cmake_python_symlink_go2_msgs
running egg_info
creating go2_msgs.egg-info
writing go2_msgs.egg-info/PKG-INFO
writing dependency_links to go2_msgs.egg-info/dependency_links.txt
writing top-level names to go2_msgs.egg-info/top_level.txt
writing manifest file 'go2_msgs.egg-info/SOURCES.txt'
reading manifest file 'go2_msgs.egg-info/SOURCES.txt'
writing manifest file 'go2_msgs.egg-info/SOURCES.txt'
[  6%] Built target ament_cmake_python_build_go2_msgs_egg
[  6%] Built target go2_msgs__cpp
[  9%] [34m[1mGenerating C++ type support for eProsima Fast-RTPS[0m
[ 12%] [34m[1mGenerating C++ introspection for ROS interfaces[0m
[ 16%] [34m[1mGenerating C++ type support dispatch for ROS interfaces[0m
[ 19%] [32mBuilding C object CMakeFiles/go2_msgs__rosidl_generator_c.dir/rosidl_generator_c/go2_msgs/msg/detail/entrance__functions.c.o[0m
[ 22%] [32m[1mLinking C shared library libgo2_msgs__rosidl_generator_c.so[0m
[ 22%] Built target go2_msgs__rosidl_generator_c
[ 29%] [34m[1mGenerating C introspection for ROS interfaces[0m
[ 29%] [34m[1mGenerating C type support dispatch for ROS interfaces[0m
[ 32%] [34m[1mGenerating C type support for eProsima Fast-RTPS[0m
[ 35%] [32mBuilding CXX object CMakeFiles/go2_msgs__rosidl_typesupport_cpp.dir/rosidl_typesupport_cpp/go2_msgs/msg/entrance__type_support.cpp.o[0m
[ 38%] [32mBuilding CXX object CMakeFiles/go2_msgs__rosidl_typesupport_fastrtps_cpp.dir/rosidl_typesupport_fastrtps_cpp/go2_msgs/msg/detail/dds_fastrtps/entrance__type_support.cpp.o[0m
[ 41%] [32mBuilding CXX object CMakeFiles/go2_msgs__rosidl_typesupport_introspection_cpp.dir/rosidl_typesupport_introspection_cpp/go2_msgs/msg/detail/entrance__type_support.cpp.o[0m
[ 45%] [32mBuilding CXX object CMakeFiles/go2_msgs__rosidl_typesupport_c.dir/rosidl_typesupport_c/go2_msgs/msg/entrance__type_support.cpp.o[0m
[ 48%] [32mBuilding C object CMakeFiles/go2_msgs__rosidl_typesupport_introspection_c.dir/rosidl_typesupport_introspection_c/go2_msgs/msg/detail/entrance__type_support.c.o[0m
[ 51%] [32m[1mLinking CXX shared library libgo2_msgs__rosidl_typesupport_c.so[0m
[ 54%] [32m[1mLinking C shared library libgo2_msgs__rosidl_typesupport_introspection_c.so[0m
[ 58%] [32mBuilding CXX object CMakeFiles/go2_msgs__rosidl_typesupport_fastrtps_c.dir/rosidl_typesupport_fastrtps_c/go2_msgs/msg/detail/entrance__type_support_c.cpp.o[0m
[ 61%] [32m[1mLinking CXX shared library libgo2_msgs__rosidl_typesupport_cpp.so[0m
[ 61%] Built target go2_msgs__rosidl_typesupport_introspection_c
[ 61%] Built target go2_msgs__rosidl_typesupport_c
[ 61%] Built target go2_msgs__rosidl_typesupport_cpp
[ 64%] [32m[1mLinking CXX shared library libgo2_msgs__rosidl_typesupport_fastrtps_cpp.so[0m
[ 64%] Built target go2_msgs__rosidl_typesupport_fastrtps_cpp
[ 67%] [32m[1mLinking CXX shared library libgo2_msgs__rosidl_typesupport_introspection_cpp.so[0m
[ 70%] [32m[1mLinking CXX shared library libgo2_msgs__rosidl_typesupport_fastrtps_c.so[0m
[ 70%] Built target go2_msgs__rosidl_typesupport_introspection_cpp
[ 70%] Built target go2_msgs__rosidl_typesupport_fastrtps_c
[ 70%] Built target go2_msgs
[ 74%] [34m[1mGenerating Python code for ROS interfaces[0m
[ 74%] Built target go2_msgs__py
[ 77%] [32mBuilding C object CMakeFiles/go2_msgs__rosidl_generator_py.dir/rosidl_generator_py/go2_msgs/msg/_entrance_s.c.o[0m
[ 80%] [32m[1mLinking C shared library rosidl_generator_py/go2_msgs/libgo2_msgs__rosidl_generator_py.so[0m
[ 80%] Built target go2_msgs__rosidl_generator_py
[ 83%] [32mBuilding C object CMakeFiles/go2_msgs__rosidl_typesupport_c__pyext.dir/rosidl_generator_py/go2_msgs/_go2_msgs_s.ep.rosidl_typesupport_c.c.o[0m
[ 87%] [32mBuilding C object CMakeFiles/go2_msgs__rosidl_typesupport_fastrtps_c__pyext.dir/rosidl_generator_py/go2_msgs/_go2_msgs_s.ep.rosidl_typesupport_fastrtps_c.c.o[0m
[ 90%] [32mBuilding C object CMakeFiles/go2_msgs__rosidl_typesupport_introspection_c__pyext.dir/rosidl_generator_py/go2_msgs/_go2_msgs_s.ep.rosidl_typesupport_introspection_c.c.o[0m
[ 93%] [32m[1mLinking C shared library rosidl_generator_py/go2_msgs/go2_msgs_s__rosidl_typesupport_introspection_c.cpython-310-x86_64-linux-gnu.so[0m
[ 96%] [32m[1mLinking C shared library rosidl_generator_py/go2_msgs/go2_msgs_s__rosidl_typesupport_c.cpython-310-x86_64-linux-gnu.so[0m
[100%] [32m[1mLinking C shared library rosidl_generator_py/go2_msgs/go2_msgs_s__rosidl_typesupport_fastrtps_c.cpython-310-x86_64-linux-gnu.so[0m
[100%] Built target go2_msgs__rosidl_typesupport_c__pyext
[100%] Built target go2_msgs__rosidl_typesupport_introspection_c__pyext
[100%] Built target go2_msgs__rosidl_typesupport_fastrtps_c__pyext
-- Install configuration: ""
-- Execute custom install script
-- Symlinking: /workspace/unitree_go2_hoehlenforscher/install/go2_msgs/share/ament_index/resource_index/rosidl_interfaces/go2_msgs
-- Symlinking: /workspace/unitree_go2_hoehlenforscher/install/go2_msgs/include/go2_msgs/go2_msgs/msg/detail/entrance__functions.h
-- Symlinking: /workspace/unitree_go2_hoehlenforscher/install/go2_msgs/include/go2_msgs/go2_msgs/msg/detail/entrance__struct.h
-- Symlinking: /workspace/unitree_go2_hoehlenforscher/install/go2_msgs/include/go2_msgs/go2_msgs/msg/detail/entrance__type_support.h
-- Symlinking: /workspace/unitree_go2_hoehlenforscher/install/go2_msgs/include/go2_msgs/go2_msgs/msg/entrance.h
-- Symlinking: /workspace/unitree_go2_hoehlenforscher/install/go2_msgs/include/go2_msgs/go2_msgs/msg/rosidl_generator_c__visibility_control.h
-- Symlinking: /workspace/unitree_go2_hoehlenforscher/install/go2_msgs/share/go2_msgs/environment/library_path.sh
-- Symlinking: /workspace/unitree_go2_hoehlenforscher/install/go2_msgs/share/go2_msgs/environment/library_path.dsv
-- Symlinking: /workspace/unitree_go2_hoehlenforscher/install/go2_msgs/include/go2_msgs/go2_msgs/msg/detail/entrance__rosidl_typesupport_fastrtps_c.h
-- Symlinking: /workspace/unitree_go2_hoehlenforscher/install/go2_msgs/include/go2_msgs/go2_msgs/msg/rosidl_typesupport_fastrtps_c__visibility_control.h
-- Symlinking: /workspace/unitree_go2_hoehlenforscher/install/go2_msgs/include/go2_msgs/go2_msgs/msg/detail/entrance__rosidl_typesupport_introspection_c.h
-- Symlinking: /workspace/unitree_go2_hoehlenforscher/install/go2_msgs/include/go2_msgs/go2_msgs/msg/rosidl_typesupport_introspection_c__visibility_control.h
-- Symlinking: /workspace/unitree_go2_hoehlenforscher/install/go2_msgs/include/go2_msgs/go2_msgs/msg/detail/entrance__builder.hpp
-- Symlinking: /workspace/unitree_go2_hoehlenforscher/install/go2_msgs/include/go2_msgs/go2_msgs/msg/detail/entrance__struct.hpp
-- Symlinking: /workspace/unitree_go2_hoehlenforscher/install/go2_msgs/include/go2_msgs/go2_msgs/msg/detail/entrance__traits.hpp
-- Symlinking: /workspace/unitree_go2_hoehlenforscher/install/go2_msgs/include/go2_msgs/go2_msgs/msg/detail/entrance__type_support.hpp
-- Symlinking: /workspace/unitree_go2_hoehlenforscher/install/go2_msgs/include/go2_msgs/go2_msgs/msg/entrance.hpp
-- Symlinking: /workspace/unitree_go2_hoehlenforscher/install/go2_msgs/include/go2_msgs/go2_msgs/msg/rosidl_generator_cpp__visibility_control.hpp
-- Symlinking: /workspace/unitree_go2_hoehlenforscher/install/go2_msgs/include/go2_msgs/go2_msgs/msg/detail/entrance__rosidl_typesupport_fastrtps_cpp.hpp
-- Symlinking: /workspace/unitree_go2_hoehlenforscher/install/go2_msgs/include/go2_msgs/go2_msgs/msg/rosidl_typesupport_fastrtps_cpp__visibility_control.h
-- Symlinking: /workspace/unitree_go2_hoehlenforscher/install/go2_msgs/include/go2_msgs/go2_msgs/msg/detail/entrance__rosidl_typesupport_introspection_cpp.hpp
-- Symlinking: /workspace/unitree_go2_hoehlenforscher/install/go2_msgs/share/go2_msgs/environment/pythonpath.sh
-- Symlinking: /workspace/unitree_go2_hoehlenforscher/install/go2_msgs/share/go2_msgs/environment/pythonpath.dsv
-- Symlinking: /workspace/unitree_go2_hoehlenforscher/install/go2_msgs/local/lib/python3.10/dist-packages/go2_msgs-0.0.1-py3.10.egg-info/PKG-INFO
-- Symlinking: /workspace/unitree_go2_hoehlenforscher/install/go2_msgs/local/lib/python3.10/dist-packages/go2_msgs-0.0.1-py3.10.egg-info/SOURCES.txt
-- Symlinking: /workspace/unitree_go2_hoehlenforscher/install/go2_msgs/local/lib/python3.10/dist-packages/go2_msgs-0.0.1-py3.10.egg-info/dependency_links.txt
-- Symlinking: /workspace/unitree_go2_hoehlenforscher/install/go2_msgs/local/lib/python3.10/dist-packages/go2_msgs-0.0.1-py3.10.egg-info/top_level.txt
-- Symlinking: /workspace/unitree_go2_hoehlenforscher/install/go2_msgs/local/lib/python3.10/dist-packages/go2_msgs/__init__.py
-- Symlinking: /workspace/unitree_go2_hoehlenforscher/install/go2_msgs/local/lib/python3.10/dist-packages/go2_msgs/_go2_msgs_s.ep.rosidl_typesupport_c.c
-- Symlinking: /workspace/unitree_go2_hoehlenforscher/install/go2_msgs/local/lib/python3.10/dist-packages/go2_msgs/_go2_msgs_s.ep.rosidl_typesupport_fastrtps_c.c
-- Symlinking: /workspace/unitree_go2_hoehlenforscher/install/go2_msgs/local/lib/python3.10/dist-packages/go2_msgs/_go2_msgs_s.ep.rosidl_typesupport_introspection_c.c
-- Symlinking: /workspace/unitree_go2_hoehlenforscher/install/go2_msgs/local/lib/python3.10/dist-packages/go2_msgs/go2_msgs_s__rosidl_typesupport_c.cpython-310-x86_64-linux-gnu.so
-- Symlinking: /workspace/unitree_go2_hoehlenforscher/install/go2_msgs/local/lib/python3.10/dist-packages/go2_msgs/go2_msgs_s__rosidl_typesupport_fastrtps_c.cpython-310-x86_64-linux-gnu.so
-- Symlinking: /workspace/unitree_go2_hoehlenforscher/install/go2_msgs/local/lib/python3.10/dist-packages/go2_msgs/go2_msgs_s__rosidl_typesupport_introspection_c.cpython-310-x86_64-linux-gnu.so
-- Symlinking: /workspace/unitree_go2_hoehlenforscher/install/go2_msgs/local/lib/python3.10/dist-packages/go2_msgs/libgo2_msgs__rosidl_generator_py.so
-- Symlinking: /workspace/unitree_go2_hoehlenforscher/install/go2_msgs/local/lib/python3.10/dist-packages/go2_msgs/msg/__init__.py
-- Symlinking: /workspace/unitree_go2_hoehlenforscher/install/go2_msgs/local/lib/python3.10/dist-packages/go2_msgs/msg/_entrance.py
-- Symlinking: /workspace/unitree_go2_hoehlenforscher/install/go2_msgs/local/lib/python3.10/dist-packages/go2_msgs/msg/_entrance_s.c
-- Up-to-date symlink: /workspace/unitree_go2_hoehlenforscher/install/go2_msgs/local/lib/python3.10/dist-packages/go2_msgs/go2_msgs_s__rosidl_typesupport_fastrtps_c.cpython-310-x86_64-linux-gnu.so
-- Up-to-date symlink: /workspace/unitree_go2_hoehlenforscher/install/go2_msgs/local/lib/python3.10/dist-packages/go2_msgs/go2_msgs_s__rosidl_typesupport_introspection_c.cpython-310-x86_64-linux-gnu.so
-- Up-to-date symlink: /workspace/unitree_go2_hoehlenforscher/install/go2_msgs/local/lib/python3.10/dist-packages/go2_msgs/go2_msgs_s__rosidl_typesupport_c.cpython-310-x86_64-linux-gnu.so
-- Symlinking: /workspace/unitree_go2_hoehlenforscher/install/go2_msgs/share/go2_msgs/msg/Entrance.idl
-- Symlinking: /workspace/unitree_go2_hoehlenforscher/install/go2_msgs/share/go2_msgs/msg/Entrance.msg
-- Symlinking: /workspace/unitree_go2_hoehlenforscher/install/go2_msgs/share/ament_index/resource_index/package_run_dependencies/go2_msgs
-- Symlinking: /workspace/unitree_go2_hoehlenforscher/install/go2_msgs/share/ament_index/resource_index/parent_prefix_path/go2_msgs
-- Symlinking: /workspace/unitree_go2_hoehlenforscher/install/go2_msgs/share/go2_msgs/environment/ament_prefix_path.sh
-- Symlinking: /workspace/unitree_go2_hoehlenforscher/install/go2_msgs/share/go2_msgs/environment/ament_prefix_path.dsv
-- Symlinking: /workspace/unitree_go2_hoehlenforscher/install/go2_msgs/share/go2_msgs/environment/path.sh
-- Symlinking: /workspace/unitree_go2_hoehlenforscher/install/go2_msgs/share/go2_msgs/environment/path.dsv
-- Symlinking: /workspace/unitree_go2_hoehlenforscher/install/go2_msgs/share/go2_msgs/local_setup.bash
-- Symlinking: /workspace/unitree_go2_hoehlenforscher/install/go2_msgs/share/go2_msgs/local_setup.sh
-- Symlinking: /workspace/unitree_go2_hoehlenforscher/install/go2_msgs/share/go2_msgs/local_setup.zsh
-- Symlinking: /workspace/unitree_go2_hoehlenforscher/install/go2_msgs/share/go2_msgs/local_setup.dsv
-- Symlinking: /workspace/unitree_go2_hoehlenforscher/install/go2_msgs/share/go2_msgs/package.dsv
-- Symlinking: /workspace/unitree_go2_hoehlenforscher/install/go2_msgs/share/ament_index/resource_index/packages/go2_msgs
-- Symlinking: /workspace/unitree_go2_hoehlenforscher/install/go2_msgs/share/go2_msgs/cmake/rosidl_cmake-extras.cmake
-- Symlinking: /workspace/unitree_go2_hoehlenforscher/install/go2_msgs/share/go2_msgs/cmake/ament_cmake_export_dependencies-extras.cmake
-- Symlinking: /workspace/unitree_go2_hoehlenforscher/install/go2_msgs/share/go2_msgs/cmake/ament_cmake_export_include_directories-extras.cmake
-- Symlinking: /workspace/unitree_go2_hoehlenforscher/install/go2_msgs/share/go2_msgs/cmake/ament_cmake_export_libraries-extras.cmake
-- Symlinking: /workspace/unitree_go2_hoehlenforscher/install/go2_msgs/share/go2_msgs/cmake/ament_cmake_export_targets-extras.cmake
-- Symlinking: /workspace/unitree_go2_hoehlenforscher/install/go2_msgs/share/go2_msgs/cmake/rosidl_cmake_export_typesupport_targets-extras.cmake
-- Symlinking: /workspace/unitree_go2_hoehlenforscher/install/go2_msgs/share/go2_msgs/cmake/rosidl_cmake_export_typesupport_libraries-extras.cmake
-- Symlinking: /workspace/unitree_go2_hoehlenforscher/install/go2_msgs/share/go2_msgs/cmake/go2_msgsConfig.cmake
-- Symlinking: /workspace/unitree_go2_hoehlenforscher/install/go2_msgs/share/go2_msgs/cmake/go2_msgsConfig-version.cmake
-- Symlinking: /workspace/unitree_go2_hoehlenforscher/install/go2_msgs/share/go2_msgs/package.xml
-- Installing: /workspace/unitree_go2_hoehlenforscher/install/go2_msgs/lib/libgo2_msgs__rosidl_generator_c.so
-- Set runtime path of "/workspace/unitree_go2_hoehlenforscher/install/go2_msgs/lib/libgo2_msgs__rosidl_generator_c.so" to ""
-- Installing: /workspace/unitree_go2_hoehlenforscher/install/go2_msgs/lib/libgo2_msgs__rosidl_typesupport_fastrtps_c.so
-- Set runtime path of "/workspace/unitree_go2_hoehlenforscher/install/go2_msgs/lib/libgo2_msgs__rosidl_typesupport_fastrtps_c.so" to ""
-- Installing: /workspace/unitree_go2_hoehlenforscher/install/go2_msgs/lib/libgo2_msgs__rosidl_typesupport_introspection_c.so
-- Set runtime path of "/workspace/unitree_go2_hoehlenforscher/install/go2_msgs/lib/libgo2_msgs__rosidl_typesupport_introspection_c.so" to ""
-- Installing: /workspace/unitree_go2_hoehlenforscher/install/go2_msgs/lib/libgo2_msgs__rosidl_typesupport_c.so
-- Set runtime path of "/workspace/unitree_go2_hoehlenforscher/install/go2_msgs/lib/libgo2_msgs__rosidl_typesupport_c.so" to ""
-- Installing: /workspace/unitree_go2_hoehlenforscher/install/go2_msgs/lib/libgo2_msgs__rosidl_typesupport_fastrtps_cpp.so
-- Set runtime path of "/workspace/unitree_go2_hoehlenforscher/install/go2_msgs/lib/libgo2_msgs__rosidl_typesupport_fastrtps_cpp.so" to ""
-- Installing: /workspace/unitree_go2_hoehlenforscher/install/go2_msgs/lib/libgo2_msgs__rosidl_typesupport_introspection_cpp.so
-- Set runtime path of "/workspace/unitree_go2_hoehlenforscher/install/go2_msgs/lib/libgo2_msgs__rosidl_typesupport_introspection_cpp.so" to ""
-- Installing: /workspace/unitree_go2_hoehlenforscher/install/go2_msgs/lib/libgo2_msgs__rosidl_typesupport_cpp.so
-- Set runtime path of "/workspace/unitree_go2_hoehlenforscher/install/go2_msgs/lib/libgo2_msgs__rosidl_typesupport_cpp.so" to ""
Listing '/workspace/unitree_go2_hoehlenforscher/install/go2_msgs/local/lib/python3.10/dist-packages/go2_msgs'...
Compiling '/workspace/unitree_go2_hoehlenforscher/install/go2_msgs/local/lib/python3.10/dist-packages/go2_msgs/__init__.py'...
Listing '/workspace/unitree_go2_hoehlenforscher/install/go2_msgs/local/lib/python3.10/dist-packages/go2_msgs/msg'...
Compiling '/workspace/unitree_go2_hoehlenforscher/install/go2_msgs/local/lib/python3.10/dist-packages/go2_msgs/msg/__init__.py'...
Compiling '/workspace/unitree_go2_hoehlenforscher/install/go2_msgs/local/lib/python3.10/dist-packages/go2_msgs/msg/_entrance.py'...
-- Installing: /workspace/unitree_go2_hoehlenforscher/install/go2_msgs/lib/libgo2_msgs__rosidl_generator_py.so
-- Set runtime path of "/workspace/unitree_go2_hoehlenforscher/install/go2_msgs/lib/libgo2_msgs__rosidl_generator_py.so" to ""
-- Installing: /workspace/unitree_go2_hoehlenforscher/install/go2_msgs/share/go2_msgs/cmake/export_go2_msgs__rosidl_generator_cExport.cmake
-- Installing: /workspace/unitree_go2_hoehlenforscher/install/go2_msgs/share/go2_msgs/cmake/export_go2_msgs__rosidl_generator_cExport-noconfig.cmake
-- Installing: /workspace/unitree_go2_hoehlenforscher/install/go2_msgs/share/go2_msgs/cmake/export_go2_msgs__rosidl_typesupport_fastrtps_cExport.cmake
-- Installing: /workspace/unitree_go2_hoehlenforscher/install/go2_msgs/share/go2_msgs/cmake/export_go2_msgs__rosidl_typesupport_fastrtps_cExport-noconfig.cmake
-- Installing: /workspace/unitree_go2_hoehlenforscher/install/go2_msgs/share/go2_msgs/cmake/go2_msgs__rosidl_typesupport_introspection_cExport.cmake
-- Installing: /workspace/unitree_go2_hoehlenforscher/install/go2_msgs/share/go2_msgs/cmake/go2_msgs__rosidl_typesupport_introspection_cExport-noconfig.cmake
-- Installing: /workspace/unitree_go2_hoehlenforscher/install/go2_msgs/share/go2_msgs/cmake/go2_msgs__rosidl_typesupport_cExport.cmake
-- Installing: /workspace/unitree_go2_hoehlenforscher/install/go2_msgs/share/go2_msgs/cmake/go2_msgs__rosidl_typesupport_cExport-noconfig.cmake
-- Installing: /workspace/unitree_go2_hoehlenforscher/install/go2_msgs/share/go2_msgs/cmake/export_go2_msgs__rosidl_generator_cppExport.cmake
-- Installing: /workspace/unitree_go2_hoehlenforscher/install/go2_msgs/share/go2_msgs/cmake/export_go2_msgs__rosidl_typesupport_fastrtps_cppExport.cmake
-- Installing: /workspace/unitree_go2_hoehlenforscher/install/go2_msgs/share/go2_msgs/cmake/export_go2_msgs__rosidl_typesupport_fastrtps_cppExport-noconfig.cmake
-- Installing: /workspace/unitree_go2_hoehlenforscher/install/go2_msgs/share/go2_msgs/cmake/go2_msgs__rosidl_typesupport_introspection_cppExport.cmake
-- Installing: /workspace/unitree_go2_hoehlenforscher/install/go2_msgs/share/go2_msgs/cmake/go2_msgs__rosidl_typesupport_introspection_cppExport-noconfig.cmake
-- Installing: /workspace/unitree_go2_hoehlenforscher/install/go2_msgs/share/go2_msgs/cmake/go2_msgs__rosidl_typesupport_cppExport.cmake
-- Installing: /workspace/unitree_go2_hoehlenforscher/install/go2_msgs/share/go2_msgs/cmake/go2_msgs__rosidl_typesupport_cppExport-noconfig.cmake
-- Installing: /workspace/unitree_go2_hoehlenforscher/install/go2_msgs/share/go2_msgs/cmake/export_go2_msgs__rosidl_generator_pyExport.cmake
-- Installing: /workspace/unitree_go2_hoehlenforscher/install/go2_msgs/share/go2_msgs/cmake/export_go2_msgs__rosidl_generator_pyExport-noconfig.cmake
