[0.018s] Invoking command in '/workspace/unitree_go2_hoehlenforscher/build/go2_msgs': CMAKE_PREFIX_PATH=${CMAKE_PREFIX_PATH}:/workspace/unitree_go2_hoehlenforscher/install/go2_my_nodes_py:/opt/ros/humble /usr/bin/cmake --build /workspace/unitree_go2_hoehlenforscher/build/go2_msgs -- -j16 -l16
[0.116s] [  3%] Built target go2_msgs__cpp
[0.118s] [ 12%] Built target go2_msgs__rosidl_generator_c
[0.122s] [ 12%] Built target ament_cmake_python_symlink_go2_msgs
[0.140s] [ 22%] Built target go2_msgs__rosidl_typesupport_cpp
[0.153s] [ 32%] Built target go2_msgs__rosidl_typesupport_fastrtps_c
[0.156s] [ 41%] Built target go2_msgs__rosidl_typesupport_introspection_c
[0.158s] [ 51%] Built target go2_msgs__rosidl_typesupport_introspection_cpp
[0.158s] [ 61%] Built target go2_msgs__rosidl_typesupport_c
[0.162s] [ 70%] Built target go2_msgs__rosidl_typesupport_fastrtps_cpp
[0.206s] [ 70%] Built target go2_msgs
[0.237s] [ 74%] Built target go2_msgs__py
[0.276s] [ 80%] Built target go2_msgs__rosidl_generator_py
[0.308s] [ 87%] Built target go2_msgs__rosidl_typesupport_introspection_c__pyext
[0.311s] [ 93%] Built target go2_msgs__rosidl_typesupport_fastrtps_c__pyext
[0.316s] [100%] Built target go2_msgs__rosidl_typesupport_c__pyext
[0.437s] running egg_info
[0.438s] writing go2_msgs.egg-info/PKG-INFO
[0.438s] writing dependency_links to go2_msgs.egg-info/dependency_links.txt
[0.438s] writing top-level names to go2_msgs.egg-info/top_level.txt
[0.441s] reading manifest file 'go2_msgs.egg-info/SOURCES.txt'
[0.442s] writing manifest file 'go2_msgs.egg-info/SOURCES.txt'
[0.477s] [100%] Built target ament_cmake_python_build_go2_msgs_egg
[0.491s] Invoked command in '/workspace/unitree_go2_hoehlenforscher/build/go2_msgs' returned '0': CMAKE_PREFIX_PATH=${CMAKE_PREFIX_PATH}:/workspace/unitree_go2_hoehlenforscher/install/go2_my_nodes_py:/opt/ros/humble /usr/bin/cmake --build /workspace/unitree_go2_hoehlenforscher/build/go2_msgs -- -j16 -l16
[0.509s] Invoking command in '/workspace/unitree_go2_hoehlenforscher/build/go2_msgs': CMAKE_PREFIX_PATH=${CMAKE_PREFIX_PATH}:/workspace/unitree_go2_hoehlenforscher/install/go2_my_nodes_py:/opt/ros/humble /usr/bin/cmake --install /workspace/unitree_go2_hoehlenforscher/build/go2_msgs
[0.525s] -- Install configuration: ""
[0.526s] -- Execute custom install script
[0.526s] -- Up-to-date symlink: /workspace/unitree_go2_hoehlenforscher/install/go2_msgs/share/ament_index/resource_index/rosidl_interfaces/go2_msgs
[0.527s] -- Up-to-date symlink: /workspace/unitree_go2_hoehlenforscher/install/go2_msgs/include/go2_msgs/go2_msgs/msg/detail/entrance__functions.h
[0.528s] -- Up-to-date symlink: /workspace/unitree_go2_hoehlenforscher/install/go2_msgs/include/go2_msgs/go2_msgs/msg/detail/entrance__struct.h
[0.528s] -- Up-to-date symlink: /workspace/unitree_go2_hoehlenforscher/install/go2_msgs/include/go2_msgs/go2_msgs/msg/detail/entrance__type_support.h
[0.528s] -- Up-to-date symlink: /workspace/unitree_go2_hoehlenforscher/install/go2_msgs/include/go2_msgs/go2_msgs/msg/entrance.h
[0.528s] -- Up-to-date symlink: /workspace/unitree_go2_hoehlenforscher/install/go2_msgs/include/go2_msgs/go2_msgs/msg/rosidl_generator_c__visibility_control.h
[0.529s] -- Up-to-date symlink: /workspace/unitree_go2_hoehlenforscher/install/go2_msgs/share/go2_msgs/environment/library_path.sh
[0.529s] -- Up-to-date symlink: /workspace/unitree_go2_hoehlenforscher/install/go2_msgs/share/go2_msgs/environment/library_path.dsv
[0.530s] -- Up-to-date symlink: /workspace/unitree_go2_hoehlenforscher/install/go2_msgs/include/go2_msgs/go2_msgs/msg/detail/entrance__rosidl_typesupport_fastrtps_c.h
[0.530s] -- Up-to-date symlink: /workspace/unitree_go2_hoehlenforscher/install/go2_msgs/include/go2_msgs/go2_msgs/msg/rosidl_typesupport_fastrtps_c__visibility_control.h
[0.531s] -- Up-to-date symlink: /workspace/unitree_go2_hoehlenforscher/install/go2_msgs/include/go2_msgs/go2_msgs/msg/detail/entrance__rosidl_typesupport_introspection_c.h
[0.532s] -- Up-to-date symlink: /workspace/unitree_go2_hoehlenforscher/install/go2_msgs/include/go2_msgs/go2_msgs/msg/rosidl_typesupport_introspection_c__visibility_control.h
[0.532s] -- Up-to-date symlink: /workspace/unitree_go2_hoehlenforscher/install/go2_msgs/include/go2_msgs/go2_msgs/msg/detail/entrance__builder.hpp
[0.533s] -- Up-to-date symlink: /workspace/unitree_go2_hoehlenforscher/install/go2_msgs/include/go2_msgs/go2_msgs/msg/detail/entrance__struct.hpp
[0.533s] -- Up-to-date symlink: /workspace/unitree_go2_hoehlenforscher/install/go2_msgs/include/go2_msgs/go2_msgs/msg/detail/entrance__traits.hpp
[0.533s] -- Up-to-date symlink: /workspace/unitree_go2_hoehlenforscher/install/go2_msgs/include/go2_msgs/go2_msgs/msg/detail/entrance__type_support.hpp
[0.533s] -- Up-to-date symlink: /workspace/unitree_go2_hoehlenforscher/install/go2_msgs/include/go2_msgs/go2_msgs/msg/entrance.hpp
[0.534s] -- Up-to-date symlink: /workspace/unitree_go2_hoehlenforscher/install/go2_msgs/include/go2_msgs/go2_msgs/msg/rosidl_generator_cpp__visibility_control.hpp
[0.535s] -- Up-to-date symlink: /workspace/unitree_go2_hoehlenforscher/install/go2_msgs/include/go2_msgs/go2_msgs/msg/detail/entrance__rosidl_typesupport_fastrtps_cpp.hpp
[0.535s] -- Up-to-date symlink: /workspace/unitree_go2_hoehlenforscher/install/go2_msgs/include/go2_msgs/go2_msgs/msg/rosidl_typesupport_fastrtps_cpp__visibility_control.h
[0.536s] -- Up-to-date symlink: /workspace/unitree_go2_hoehlenforscher/install/go2_msgs/include/go2_msgs/go2_msgs/msg/detail/entrance__rosidl_typesupport_introspection_cpp.hpp
[0.536s] -- Up-to-date symlink: /workspace/unitree_go2_hoehlenforscher/install/go2_msgs/share/go2_msgs/environment/pythonpath.sh
[0.536s] -- Up-to-date symlink: /workspace/unitree_go2_hoehlenforscher/install/go2_msgs/share/go2_msgs/environment/pythonpath.dsv
[0.537s] -- Up-to-date symlink: /workspace/unitree_go2_hoehlenforscher/install/go2_msgs/local/lib/python3.10/dist-packages/go2_msgs-0.0.1-py3.10.egg-info/PKG-INFO
[0.537s] -- Up-to-date symlink: /workspace/unitree_go2_hoehlenforscher/install/go2_msgs/local/lib/python3.10/dist-packages/go2_msgs-0.0.1-py3.10.egg-info/SOURCES.txt
[0.537s] -- Up-to-date symlink: /workspace/unitree_go2_hoehlenforscher/install/go2_msgs/local/lib/python3.10/dist-packages/go2_msgs-0.0.1-py3.10.egg-info/dependency_links.txt
[0.538s] -- Up-to-date symlink: /workspace/unitree_go2_hoehlenforscher/install/go2_msgs/local/lib/python3.10/dist-packages/go2_msgs-0.0.1-py3.10.egg-info/top_level.txt
[0.539s] -- Up-to-date symlink: /workspace/unitree_go2_hoehlenforscher/install/go2_msgs/local/lib/python3.10/dist-packages/go2_msgs/__init__.py
[0.539s] -- Up-to-date symlink: /workspace/unitree_go2_hoehlenforscher/install/go2_msgs/local/lib/python3.10/dist-packages/go2_msgs/_go2_msgs_s.ep.rosidl_typesupport_c.c
[0.540s] -- Up-to-date symlink: /workspace/unitree_go2_hoehlenforscher/install/go2_msgs/local/lib/python3.10/dist-packages/go2_msgs/_go2_msgs_s.ep.rosidl_typesupport_fastrtps_c.c
[0.540s] -- Up-to-date symlink: /workspace/unitree_go2_hoehlenforscher/install/go2_msgs/local/lib/python3.10/dist-packages/go2_msgs/_go2_msgs_s.ep.rosidl_typesupport_introspection_c.c
[0.540s] -- Up-to-date symlink: /workspace/unitree_go2_hoehlenforscher/install/go2_msgs/local/lib/python3.10/dist-packages/go2_msgs/go2_msgs_s__rosidl_typesupport_c.cpython-310-x86_64-linux-gnu.so
[0.540s] -- Up-to-date symlink: /workspace/unitree_go2_hoehlenforscher/install/go2_msgs/local/lib/python3.10/dist-packages/go2_msgs/go2_msgs_s__rosidl_typesupport_fastrtps_c.cpython-310-x86_64-linux-gnu.so
[0.540s] -- Up-to-date symlink: /workspace/unitree_go2_hoehlenforscher/install/go2_msgs/local/lib/python3.10/dist-packages/go2_msgs/go2_msgs_s__rosidl_typesupport_introspection_c.cpython-310-x86_64-linux-gnu.so
[0.541s] -- Up-to-date symlink: /workspace/unitree_go2_hoehlenforscher/install/go2_msgs/local/lib/python3.10/dist-packages/go2_msgs/libgo2_msgs__rosidl_generator_py.so
[0.541s] -- Up-to-date symlink: /workspace/unitree_go2_hoehlenforscher/install/go2_msgs/local/lib/python3.10/dist-packages/go2_msgs/msg/__init__.py
[0.541s] -- Up-to-date symlink: /workspace/unitree_go2_hoehlenforscher/install/go2_msgs/local/lib/python3.10/dist-packages/go2_msgs/msg/_entrance.py
[0.541s] -- Up-to-date symlink: /workspace/unitree_go2_hoehlenforscher/install/go2_msgs/local/lib/python3.10/dist-packages/go2_msgs/msg/_entrance_s.c
[0.542s] -- Up-to-date symlink: /workspace/unitree_go2_hoehlenforscher/install/go2_msgs/local/lib/python3.10/dist-packages/go2_msgs/go2_msgs_s__rosidl_typesupport_fastrtps_c.cpython-310-x86_64-linux-gnu.so
[0.542s] -- Up-to-date symlink: /workspace/unitree_go2_hoehlenforscher/install/go2_msgs/local/lib/python3.10/dist-packages/go2_msgs/go2_msgs_s__rosidl_typesupport_introspection_c.cpython-310-x86_64-linux-gnu.so
[0.543s] -- Up-to-date symlink: /workspace/unitree_go2_hoehlenforscher/install/go2_msgs/local/lib/python3.10/dist-packages/go2_msgs/go2_msgs_s__rosidl_typesupport_c.cpython-310-x86_64-linux-gnu.so
[0.543s] -- Up-to-date symlink: /workspace/unitree_go2_hoehlenforscher/install/go2_msgs/share/go2_msgs/msg/Entrance.idl
[0.544s] -- Up-to-date symlink: /workspace/unitree_go2_hoehlenforscher/install/go2_msgs/share/go2_msgs/msg/Entrance.msg
[0.545s] -- Up-to-date symlink: /workspace/unitree_go2_hoehlenforscher/install/go2_msgs/share/ament_index/resource_index/package_run_dependencies/go2_msgs
[0.545s] -- Up-to-date symlink: /workspace/unitree_go2_hoehlenforscher/install/go2_msgs/share/ament_index/resource_index/parent_prefix_path/go2_msgs
[0.546s] -- Up-to-date symlink: /workspace/unitree_go2_hoehlenforscher/install/go2_msgs/share/go2_msgs/environment/ament_prefix_path.sh
[0.546s] -- Up-to-date symlink: /workspace/unitree_go2_hoehlenforscher/install/go2_msgs/share/go2_msgs/environment/ament_prefix_path.dsv
[0.547s] -- Up-to-date symlink: /workspace/unitree_go2_hoehlenforscher/install/go2_msgs/share/go2_msgs/environment/path.sh
[0.547s] -- Up-to-date symlink: /workspace/unitree_go2_hoehlenforscher/install/go2_msgs/share/go2_msgs/environment/path.dsv
[0.548s] -- Up-to-date symlink: /workspace/unitree_go2_hoehlenforscher/install/go2_msgs/share/go2_msgs/local_setup.bash
[0.548s] -- Up-to-date symlink: /workspace/unitree_go2_hoehlenforscher/install/go2_msgs/share/go2_msgs/local_setup.sh
[0.548s] -- Up-to-date symlink: /workspace/unitree_go2_hoehlenforscher/install/go2_msgs/share/go2_msgs/local_setup.zsh
[0.549s] -- Up-to-date symlink: /workspace/unitree_go2_hoehlenforscher/install/go2_msgs/share/go2_msgs/local_setup.dsv
[0.549s] -- Symlinking: /workspace/unitree_go2_hoehlenforscher/install/go2_msgs/share/go2_msgs/package.dsv
[0.566s] -- Up-to-date symlink: /workspace/unitree_go2_hoehlenforscher/install/go2_msgs/share/ament_index/resource_index/packages/go2_msgs
[0.566s] -- Up-to-date symlink: /workspace/unitree_go2_hoehlenforscher/install/go2_msgs/share/go2_msgs/cmake/rosidl_cmake-extras.cmake
[0.567s] -- Up-to-date symlink: /workspace/unitree_go2_hoehlenforscher/install/go2_msgs/share/go2_msgs/cmake/ament_cmake_export_dependencies-extras.cmake
[0.567s] -- Up-to-date symlink: /workspace/unitree_go2_hoehlenforscher/install/go2_msgs/share/go2_msgs/cmake/ament_cmake_export_include_directories-extras.cmake
[0.568s] -- Up-to-date symlink: /workspace/unitree_go2_hoehlenforscher/install/go2_msgs/share/go2_msgs/cmake/ament_cmake_export_libraries-extras.cmake
[0.568s] -- Up-to-date symlink: /workspace/unitree_go2_hoehlenforscher/install/go2_msgs/share/go2_msgs/cmake/ament_cmake_export_targets-extras.cmake
[0.568s] -- Up-to-date symlink: /workspace/unitree_go2_hoehlenforscher/install/go2_msgs/share/go2_msgs/cmake/rosidl_cmake_export_typesupport_targets-extras.cmake
[0.569s] -- Up-to-date symlink: /workspace/unitree_go2_hoehlenforscher/install/go2_msgs/share/go2_msgs/cmake/rosidl_cmake_export_typesupport_libraries-extras.cmake
[0.569s] -- Up-to-date symlink: /workspace/unitree_go2_hoehlenforscher/install/go2_msgs/share/go2_msgs/cmake/go2_msgsConfig.cmake
[0.569s] -- Up-to-date symlink: /workspace/unitree_go2_hoehlenforscher/install/go2_msgs/share/go2_msgs/cmake/go2_msgsConfig-version.cmake
[0.570s] -- Up-to-date symlink: /workspace/unitree_go2_hoehlenforscher/install/go2_msgs/share/go2_msgs/package.xml
[0.570s] -- Up-to-date: /workspace/unitree_go2_hoehlenforscher/install/go2_msgs/lib/libgo2_msgs__rosidl_generator_c.so
[0.571s] -- Up-to-date: /workspace/unitree_go2_hoehlenforscher/install/go2_msgs/lib/libgo2_msgs__rosidl_typesupport_fastrtps_c.so
[0.572s] -- Up-to-date: /workspace/unitree_go2_hoehlenforscher/install/go2_msgs/lib/libgo2_msgs__rosidl_typesupport_introspection_c.so
[0.572s] -- Up-to-date: /workspace/unitree_go2_hoehlenforscher/install/go2_msgs/lib/libgo2_msgs__rosidl_typesupport_c.so
[0.573s] -- Up-to-date: /workspace/unitree_go2_hoehlenforscher/install/go2_msgs/lib/libgo2_msgs__rosidl_typesupport_fastrtps_cpp.so
[0.574s] -- Up-to-date: /workspace/unitree_go2_hoehlenforscher/install/go2_msgs/lib/libgo2_msgs__rosidl_typesupport_introspection_cpp.so
[0.575s] -- Up-to-date: /workspace/unitree_go2_hoehlenforscher/install/go2_msgs/lib/libgo2_msgs__rosidl_typesupport_cpp.so
[0.651s] Listing '/workspace/unitree_go2_hoehlenforscher/install/go2_msgs/local/lib/python3.10/dist-packages/go2_msgs'...
[0.651s] Listing '/workspace/unitree_go2_hoehlenforscher/install/go2_msgs/local/lib/python3.10/dist-packages/go2_msgs/msg'...
[0.657s] -- Up-to-date: /workspace/unitree_go2_hoehlenforscher/install/go2_msgs/lib/libgo2_msgs__rosidl_generator_py.so
[0.657s] -- Up-to-date: /workspace/unitree_go2_hoehlenforscher/install/go2_msgs/share/go2_msgs/cmake/export_go2_msgs__rosidl_generator_cExport.cmake
[0.657s] -- Up-to-date: /workspace/unitree_go2_hoehlenforscher/install/go2_msgs/share/go2_msgs/cmake/export_go2_msgs__rosidl_generator_cExport-noconfig.cmake
[0.657s] -- Up-to-date: /workspace/unitree_go2_hoehlenforscher/install/go2_msgs/share/go2_msgs/cmake/export_go2_msgs__rosidl_typesupport_fastrtps_cExport.cmake
[0.658s] -- Up-to-date: /workspace/unitree_go2_hoehlenforscher/install/go2_msgs/share/go2_msgs/cmake/export_go2_msgs__rosidl_typesupport_fastrtps_cExport-noconfig.cmake
[0.658s] -- Up-to-date: /workspace/unitree_go2_hoehlenforscher/install/go2_msgs/share/go2_msgs/cmake/go2_msgs__rosidl_typesupport_introspection_cExport.cmake
[0.658s] -- Up-to-date: /workspace/unitree_go2_hoehlenforscher/install/go2_msgs/share/go2_msgs/cmake/go2_msgs__rosidl_typesupport_introspection_cExport-noconfig.cmake
[0.658s] -- Up-to-date: /workspace/unitree_go2_hoehlenforscher/install/go2_msgs/share/go2_msgs/cmake/go2_msgs__rosidl_typesupport_cExport.cmake
[0.659s] -- Up-to-date: /workspace/unitree_go2_hoehlenforscher/install/go2_msgs/share/go2_msgs/cmake/go2_msgs__rosidl_typesupport_cExport-noconfig.cmake
[0.659s] -- Up-to-date: /workspace/unitree_go2_hoehlenforscher/install/go2_msgs/share/go2_msgs/cmake/export_go2_msgs__rosidl_generator_cppExport.cmake
[0.659s] -- Up-to-date: /workspace/unitree_go2_hoehlenforscher/install/go2_msgs/share/go2_msgs/cmake/export_go2_msgs__rosidl_typesupport_fastrtps_cppExport.cmake
[0.659s] -- Up-to-date: /workspace/unitree_go2_hoehlenforscher/install/go2_msgs/share/go2_msgs/cmake/export_go2_msgs__rosidl_typesupport_fastrtps_cppExport-noconfig.cmake
[0.659s] -- Up-to-date: /workspace/unitree_go2_hoehlenforscher/install/go2_msgs/share/go2_msgs/cmake/go2_msgs__rosidl_typesupport_introspection_cppExport.cmake
[0.659s] -- Up-to-date: /workspace/unitree_go2_hoehlenforscher/install/go2_msgs/share/go2_msgs/cmake/go2_msgs__rosidl_typesupport_introspection_cppExport-noconfig.cmake
[0.659s] -- Up-to-date: /workspace/unitree_go2_hoehlenforscher/install/go2_msgs/share/go2_msgs/cmake/go2_msgs__rosidl_typesupport_cppExport.cmake
[0.660s] -- Up-to-date: /workspace/unitree_go2_hoehlenforscher/install/go2_msgs/share/go2_msgs/cmake/go2_msgs__rosidl_typesupport_cppExport-noconfig.cmake
[0.660s] -- Up-to-date: /workspace/unitree_go2_hoehlenforscher/install/go2_msgs/share/go2_msgs/cmake/export_go2_msgs__rosidl_generator_pyExport.cmake
[0.660s] -- Up-to-date: /workspace/unitree_go2_hoehlenforscher/install/go2_msgs/share/go2_msgs/cmake/export_go2_msgs__rosidl_generator_pyExport-noconfig.cmake
[0.662s] Invoked command in '/workspace/unitree_go2_hoehlenforscher/build/go2_msgs' returned '0': CMAKE_PREFIX_PATH=${CMAKE_PREFIX_PATH}:/workspace/unitree_go2_hoehlenforscher/install/go2_my_nodes_py:/opt/ros/humble /usr/bin/cmake --install /workspace/unitree_go2_hoehlenforscher/build/go2_msgs
