[0.715s] Invoking command in '/workspace/unitree_go2_hoehlenforscher/build/go2_my_nodes_py': PYTHONPATH=/workspace/unitree_go2_hoehlenforscher/build/go2_my_nodes_py/prefix_override:/usr/lib/python3/dist-packages/colcon_core/task/python/colcon_distutils_commands:/workspace/unitree_go2_hoehlenforscher/install/go2_my_nodes_py/lib/python3.10/site-packages:${PYTHONPATH} /usr/bin/python3 -W ignore:setup.py install is deprecated -W ignore:easy_install command is deprecated setup.py develop --editable --build-directory /workspace/unitree_go2_hoehlenforscher/build/go2_my_nodes_py/build --no-deps symlink_data
[0.988s] running develop
[1.117s] running egg_info
[1.117s] creating go2_my_nodes_py.egg-info
[1.117s] writing go2_my_nodes_py.egg-info/PKG-INFO
[1.118s] writing dependency_links to go2_my_nodes_py.egg-info/dependency_links.txt
[1.118s] writing entry points to go2_my_nodes_py.egg-info/entry_points.txt
[1.118s] writing requirements to go2_my_nodes_py.egg-info/requires.txt
[1.118s] writing top-level names to go2_my_nodes_py.egg-info/top_level.txt
[1.119s] writing manifest file 'go2_my_nodes_py.egg-info/SOURCES.txt'
[1.120s] reading manifest file 'go2_my_nodes_py.egg-info/SOURCES.txt'
[1.121s] writing manifest file 'go2_my_nodes_py.egg-info/SOURCES.txt'
[1.123s] running build_ext
[1.123s] Creating /workspace/unitree_go2_hoehlenforscher/install/go2_my_nodes_py/lib/python3.10/site-packages/go2-my-nodes-py.egg-link (link to .)
[1.124s] Installing cloud_to_entrance_node script to /workspace/unitree_go2_hoehlenforscher/install/go2_my_nodes_py/lib/go2_my_nodes_py
[1.124s] Installing entrance_decision_node script to /workspace/unitree_go2_hoehlenforscher/install/go2_my_nodes_py/lib/go2_my_nodes_py
[1.124s] Installing hole_detection_clean script to /workspace/unitree_go2_hoehlenforscher/install/go2_my_nodes_py/lib/go2_my_nodes_py
[1.125s] Installing hole_detection_ransac script to /workspace/unitree_go2_hoehlenforscher/install/go2_my_nodes_py/lib/go2_my_nodes_py
[1.125s] Installing hole_detection_voxel_grid script to /workspace/unitree_go2_hoehlenforscher/install/go2_my_nodes_py/lib/go2_my_nodes_py
[1.126s] Installing navigation_action_server_node script to /workspace/unitree_go2_hoehlenforscher/install/go2_my_nodes_py/lib/go2_my_nodes_py
[1.126s] 
[1.126s] Installed /workspace/unitree_go2_hoehlenforscher/build/go2_my_nodes_py
[1.126s] running symlink_data
[1.127s] creating /workspace/unitree_go2_hoehlenforscher/install/go2_my_nodes_py/share/ament_index
[1.127s] creating /workspace/unitree_go2_hoehlenforscher/install/go2_my_nodes_py/share/ament_index/resource_index
[1.127s] creating /workspace/unitree_go2_hoehlenforscher/install/go2_my_nodes_py/share/ament_index/resource_index/packages
[1.127s] symbolically linking /workspace/unitree_go2_hoehlenforscher/build/go2_my_nodes_py/resource/go2_my_nodes_py -> /workspace/unitree_go2_hoehlenforscher/install/go2_my_nodes_py/share/ament_index/resource_index/packages
[1.127s] symbolically linking /workspace/unitree_go2_hoehlenforscher/build/go2_my_nodes_py/package.xml -> /workspace/unitree_go2_hoehlenforscher/install/go2_my_nodes_py/share/go2_my_nodes_py
[1.128s] creating /workspace/unitree_go2_hoehlenforscher/install/go2_my_nodes_py/share/go2_my_nodes_py/launch
[1.128s] symbolically linking /workspace/unitree_go2_hoehlenforscher/build/go2_my_nodes_py/launch/hole_detection_voxel_grid.launch.py -> /workspace/unitree_go2_hoehlenforscher/install/go2_my_nodes_py/share/go2_my_nodes_py/launch
[1.128s] creating /workspace/unitree_go2_hoehlenforscher/install/go2_my_nodes_py/share/go2_my_nodes_py/rviz
[1.128s] symbolically linking /workspace/unitree_go2_hoehlenforscher/build/go2_my_nodes_py/rviz/hole_detection.rviz -> /workspace/unitree_go2_hoehlenforscher/install/go2_my_nodes_py/share/go2_my_nodes_py/rviz
[1.129s] creating /workspace/unitree_go2_hoehlenforscher/install/go2_my_nodes_py/share/go2_my_nodes_py/config
[1.129s] symbolically linking /workspace/unitree_go2_hoehlenforscher/build/go2_my_nodes_py/config/cardboard_detection_params.yaml -> /workspace/unitree_go2_hoehlenforscher/install/go2_my_nodes_py/share/go2_my_nodes_py/config
[1.158s] Invoked command in '/workspace/unitree_go2_hoehlenforscher/build/go2_my_nodes_py' returned '0': PYTHONPATH=/workspace/unitree_go2_hoehlenforscher/build/go2_my_nodes_py/prefix_override:/usr/lib/python3/dist-packages/colcon_core/task/python/colcon_distutils_commands:/workspace/unitree_go2_hoehlenforscher/install/go2_my_nodes_py/lib/python3.10/site-packages:${PYTHONPATH} /usr/bin/python3 -W ignore:setup.py install is deprecated -W ignore:easy_install command is deprecated setup.py develop --editable --build-directory /workspace/unitree_go2_hoehlenforscher/build/go2_my_nodes_py/build --no-deps symlink_data
