[0.722s] Invoking command in '/workspace/unitree_go2_hoehlenforscher/build/go2_my_nodes_py': PYTHONPATH=/workspace/unitree_go2_hoehlenforscher/build/go2_my_nodes_py/prefix_override:/usr/lib/python3/dist-packages/colcon_core/task/python/colcon_distutils_commands:/workspace/unitree_go2_hoehlenforscher/install/go2_my_nodes_py/lib/python3.10/site-packages:${PYTHONPATH} /usr/bin/python3 -W ignore:setup.py install is deprecated -W ignore:easy_install command is deprecated setup.py develop --editable --build-directory /workspace/unitree_go2_hoehlenforscher/build/go2_my_nodes_py/build --no-deps symlink_data
[1.078s] running develop
[1.213s] running egg_info
[1.214s] writing go2_my_nodes_py.egg-info/PKG-INFO
[1.214s] writing dependency_links to go2_my_nodes_py.egg-info/dependency_links.txt
[1.215s] writing entry points to go2_my_nodes_py.egg-info/entry_points.txt
[1.215s] writing requirements to go2_my_nodes_py.egg-info/requires.txt
[1.215s] writing top-level names to go2_my_nodes_py.egg-info/top_level.txt
[1.216s] reading manifest file 'go2_my_nodes_py.egg-info/SOURCES.txt'
[1.217s] writing manifest file 'go2_my_nodes_py.egg-info/SOURCES.txt'
[1.219s] running build_ext
[1.219s] Creating /workspace/unitree_go2_hoehlenforscher/install/go2_my_nodes_py/lib/python3.10/site-packages/go2-my-nodes-py.egg-link (link to .)
[1.220s] Installing action_node script to /workspace/unitree_go2_hoehlenforscher/install/go2_my_nodes_py/lib/go2_my_nodes_py
[1.221s] Installing cloud_to_entrance_node script to /workspace/unitree_go2_hoehlenforscher/install/go2_my_nodes_py/lib/go2_my_nodes_py
[1.221s] Installing entrance_decision_node script to /workspace/unitree_go2_hoehlenforscher/install/go2_my_nodes_py/lib/go2_my_nodes_py
[1.221s] Installing hole_detection_clean script to /workspace/unitree_go2_hoehlenforscher/install/go2_my_nodes_py/lib/go2_my_nodes_py
[1.221s] Installing hole_detection_ransac script to /workspace/unitree_go2_hoehlenforscher/install/go2_my_nodes_py/lib/go2_my_nodes_py
[1.221s] Installing hole_detection_voxel_grid script to /workspace/unitree_go2_hoehlenforscher/install/go2_my_nodes_py/lib/go2_my_nodes_py
[1.222s] Installing test_sport_movement script to /workspace/unitree_go2_hoehlenforscher/install/go2_my_nodes_py/lib/go2_my_nodes_py
[1.222s] 
[1.222s] Installed /workspace/unitree_go2_hoehlenforscher/build/go2_my_nodes_py
[1.222s] running symlink_data
[1.251s] Invoked command in '/workspace/unitree_go2_hoehlenforscher/build/go2_my_nodes_py' returned '0': PYTHONPATH=/workspace/unitree_go2_hoehlenforscher/build/go2_my_nodes_py/prefix_override:/usr/lib/python3/dist-packages/colcon_core/task/python/colcon_distutils_commands:/workspace/unitree_go2_hoehlenforscher/install/go2_my_nodes_py/lib/python3.10/site-packages:${PYTHONPATH} /usr/bin/python3 -W ignore:setup.py install is deprecated -W ignore:easy_install command is deprecated setup.py develop --editable --build-directory /workspace/unitree_go2_hoehlenforscher/build/go2_my_nodes_py/build --no-deps symlink_data
