[0.105s] DEBUG:colcon:Command line arguments: ['/usr/bin/colcon', 'build', '--packages-select', 'go2_msgs']
[0.105s] DEBUG:colcon:Parsed command line arguments: Namespace(log_base=None, log_level=None, verb_name='build', build_base='build', install_base='install', merge_install=False, symlink_install=False, test_result_base=None, continue_on_error=False, executor='parallel', parallel_workers=16, event_handlers=None, ignore_user_meta=False, metas=['./colcon.meta'], base_paths=['.'], packages_ignore=None, packages_ignore_regex=None, paths=None, packages_up_to=None, packages_up_to_regex=None, packages_above=None, packages_above_and_dependencies=None, packages_above_depth=None, packages_select_by_dep=None, packages_skip_by_dep=None, packages_skip_up_to=None, packages_select_build_failed=False, packages_skip_build_finished=False, packages_select_test_failures=False, packages_skip_test_passed=False, packages_select=['go2_msgs'], packages_skip=None, packages_select_regex=None, packages_skip_regex=None, packages_start=None, packages_end=None, cmake_args=None, cmake_target=None, cmake_target_skip_unavailable=False, cmake_clean_cache=False, cmake_clean_first=False, cmake_force_configure=False, ament_cmake_args=None, catkin_cmake_args=None, catkin_skip_building_tests=False, mixin_files=None, mixin=None, verb_parser=<colcon_mixin.mixin.mixin_argument.MixinArgumentDecorator object at 0x7f85f5ee8ca0>, verb_extension=<colcon_core.verb.build.BuildVerb object at 0x7f85f5fe5b10>, main=<bound method BuildVerb.main of <colcon_core.verb.build.BuildVerb object at 0x7f85f5fe5b10>>, mixin_verb=('build',))
[0.325s] Level 1:colcon.colcon_core.package_discovery:discover_packages(colcon_meta) check parameters
[0.325s] Level 1:colcon.colcon_core.package_discovery:discover_packages(recursive) check parameters
[0.325s] Level 1:colcon.colcon_core.package_discovery:discover_packages(ignore) check parameters
[0.325s] Level 1:colcon.colcon_core.package_discovery:discover_packages(path) check parameters
[0.325s] Level 1:colcon.colcon_core.package_discovery:discover_packages(colcon_meta) discover
[0.325s] Level 1:colcon.colcon_core.package_discovery:discover_packages(recursive) discover
[0.325s] INFO:colcon.colcon_core.package_discovery:Crawling recursively for packages in '/workspace/unitree_go2_hoehlenforscher'
[0.325s] Level 1:colcon.colcon_core.package_identification:_identify(.) by extensions ['ignore', 'ignore_ament_install']
[0.325s] Level 1:colcon.colcon_core.package_identification:_identify(.) by extension 'ignore'
[0.325s] Level 1:colcon.colcon_core.package_identification:_identify(.) by extension 'ignore_ament_install'
[0.325s] Level 1:colcon.colcon_core.package_identification:_identify(.) by extensions ['colcon_pkg']
[0.325s] Level 1:colcon.colcon_core.package_identification:_identify(.) by extension 'colcon_pkg'
[0.325s] Level 1:colcon.colcon_core.package_identification:_identify(.) by extensions ['colcon_meta']
[0.325s] Level 1:colcon.colcon_core.package_identification:_identify(.) by extension 'colcon_meta'
[0.325s] Level 1:colcon.colcon_core.package_identification:_identify(.) by extensions ['ros']
[0.325s] Level 1:colcon.colcon_core.package_identification:_identify(.) by extension 'ros'
[0.335s] Level 1:colcon.colcon_core.package_identification:_identify(.) by extensions ['cmake', 'python']
[0.335s] Level 1:colcon.colcon_core.package_identification:_identify(.) by extension 'cmake'
[0.336s] Level 1:colcon.colcon_core.package_identification:_identify(.) by extension 'python'
[0.336s] Level 1:colcon.colcon_core.package_identification:_identify(.) by extensions ['python_setup_py']
[0.336s] Level 1:colcon.colcon_core.package_identification:_identify(.) by extension 'python_setup_py'
[0.336s] Level 1:colcon.colcon_core.package_identification:_identify(build) by extensions ['ignore', 'ignore_ament_install']
[0.336s] Level 1:colcon.colcon_core.package_identification:_identify(build) by extension 'ignore'
[0.336s] Level 1:colcon.colcon_core.package_identification:_identify(build) ignored
[0.336s] Level 1:colcon.colcon_core.package_identification:_identify(install) by extensions ['ignore', 'ignore_ament_install']
[0.336s] Level 1:colcon.colcon_core.package_identification:_identify(install) by extension 'ignore'
[0.336s] Level 1:colcon.colcon_core.package_identification:_identify(install) ignored
[0.336s] Level 1:colcon.colcon_core.package_identification:_identify(log) by extensions ['ignore', 'ignore_ament_install']
[0.336s] Level 1:colcon.colcon_core.package_identification:_identify(log) by extension 'ignore'
[0.336s] Level 1:colcon.colcon_core.package_identification:_identify(log) ignored
[0.336s] Level 1:colcon.colcon_core.package_identification:_identify(src) by extensions ['ignore', 'ignore_ament_install']
[0.336s] Level 1:colcon.colcon_core.package_identification:_identify(src) by extension 'ignore'
[0.336s] Level 1:colcon.colcon_core.package_identification:_identify(src) by extension 'ignore_ament_install'
[0.336s] Level 1:colcon.colcon_core.package_identification:_identify(src) by extensions ['colcon_pkg']
[0.336s] Level 1:colcon.colcon_core.package_identification:_identify(src) by extension 'colcon_pkg'
[0.336s] Level 1:colcon.colcon_core.package_identification:_identify(src) by extensions ['colcon_meta']
[0.336s] Level 1:colcon.colcon_core.package_identification:_identify(src) by extension 'colcon_meta'
[0.337s] Level 1:colcon.colcon_core.package_identification:_identify(src) by extensions ['ros']
[0.337s] Level 1:colcon.colcon_core.package_identification:_identify(src) by extension 'ros'
[0.337s] Level 1:colcon.colcon_core.package_identification:_identify(src) by extensions ['cmake', 'python']
[0.337s] Level 1:colcon.colcon_core.package_identification:_identify(src) by extension 'cmake'
[0.337s] Level 1:colcon.colcon_core.package_identification:_identify(src) by extension 'python'
[0.337s] Level 1:colcon.colcon_core.package_identification:_identify(src) by extensions ['python_setup_py']
[0.337s] Level 1:colcon.colcon_core.package_identification:_identify(src) by extension 'python_setup_py'
[0.337s] Level 1:colcon.colcon_core.package_identification:_identify(src/go2_msgs) by extensions ['ignore', 'ignore_ament_install']
[0.337s] Level 1:colcon.colcon_core.package_identification:_identify(src/go2_msgs) by extension 'ignore'
[0.337s] Level 1:colcon.colcon_core.package_identification:_identify(src/go2_msgs) by extension 'ignore_ament_install'
[0.337s] Level 1:colcon.colcon_core.package_identification:_identify(src/go2_msgs) by extensions ['colcon_pkg']
[0.337s] Level 1:colcon.colcon_core.package_identification:_identify(src/go2_msgs) by extension 'colcon_pkg'
[0.337s] Level 1:colcon.colcon_core.package_identification:_identify(src/go2_msgs) by extensions ['colcon_meta']
[0.337s] Level 1:colcon.colcon_core.package_identification:_identify(src/go2_msgs) by extension 'colcon_meta'
[0.337s] Level 1:colcon.colcon_core.package_identification:_identify(src/go2_msgs) by extensions ['ros']
[0.337s] Level 1:colcon.colcon_core.package_identification:_identify(src/go2_msgs) by extension 'ros'
[0.339s] DEBUG:colcon.colcon_core.package_identification:Package 'src/go2_msgs' with type 'ros.ament_cmake' and name 'go2_msgs'
[0.339s] Level 1:colcon.colcon_core.package_identification:_identify(src/go2_my_nodes_py) by extensions ['ignore', 'ignore_ament_install']
[0.339s] Level 1:colcon.colcon_core.package_identification:_identify(src/go2_my_nodes_py) by extension 'ignore'
[0.339s] Level 1:colcon.colcon_core.package_identification:_identify(src/go2_my_nodes_py) by extension 'ignore_ament_install'
[0.340s] Level 1:colcon.colcon_core.package_identification:_identify(src/go2_my_nodes_py) by extensions ['colcon_pkg']
[0.340s] Level 1:colcon.colcon_core.package_identification:_identify(src/go2_my_nodes_py) by extension 'colcon_pkg'
[0.340s] Level 1:colcon.colcon_core.package_identification:_identify(src/go2_my_nodes_py) by extensions ['colcon_meta']
[0.340s] Level 1:colcon.colcon_core.package_identification:_identify(src/go2_my_nodes_py) by extension 'colcon_meta'
[0.340s] Level 1:colcon.colcon_core.package_identification:_identify(src/go2_my_nodes_py) by extensions ['ros']
[0.340s] Level 1:colcon.colcon_core.package_identification:_identify(src/go2_my_nodes_py) by extension 'ros'
[0.340s] DEBUG:colcon.colcon_core.package_identification:Package 'src/go2_my_nodes_py' with type 'ros.ament_python' and name 'go2_my_nodes_py'
[0.340s] Level 1:colcon.colcon_core.package_discovery:discover_packages(recursive) using defaults
[0.340s] Level 1:colcon.colcon_core.package_discovery:discover_packages(ignore) discover
[0.340s] Level 1:colcon.colcon_core.package_discovery:discover_packages(ignore) using defaults
[0.340s] Level 1:colcon.colcon_core.package_discovery:discover_packages(path) discover
[0.340s] Level 1:colcon.colcon_core.package_discovery:discover_packages(path) using defaults
[0.362s] INFO:colcon.colcon_core.package_selection:Skipping not selected package 'go2_my_nodes_py' in 'src/go2_my_nodes_py'
[0.363s] Level 5:colcon.colcon_core.verb:set package 'go2_msgs' build argument 'cmake_args' from command line to 'None'
[0.363s] Level 5:colcon.colcon_core.verb:set package 'go2_msgs' build argument 'cmake_target' from command line to 'None'
[0.363s] Level 5:colcon.colcon_core.verb:set package 'go2_msgs' build argument 'cmake_target_skip_unavailable' from command line to 'False'
[0.363s] Level 5:colcon.colcon_core.verb:set package 'go2_msgs' build argument 'cmake_clean_cache' from command line to 'False'
[0.363s] Level 5:colcon.colcon_core.verb:set package 'go2_msgs' build argument 'cmake_clean_first' from command line to 'False'
[0.363s] Level 5:colcon.colcon_core.verb:set package 'go2_msgs' build argument 'cmake_force_configure' from command line to 'False'
[0.363s] Level 5:colcon.colcon_core.verb:set package 'go2_msgs' build argument 'ament_cmake_args' from command line to 'None'
[0.363s] Level 5:colcon.colcon_core.verb:set package 'go2_msgs' build argument 'catkin_cmake_args' from command line to 'None'
[0.363s] Level 5:colcon.colcon_core.verb:set package 'go2_msgs' build argument 'catkin_skip_building_tests' from command line to 'False'
[0.363s] DEBUG:colcon.colcon_core.verb:Building package 'go2_msgs' with the following arguments: {'ament_cmake_args': None, 'build_base': '/workspace/unitree_go2_hoehlenforscher/build/go2_msgs', 'catkin_cmake_args': None, 'catkin_skip_building_tests': False, 'cmake_args': None, 'cmake_clean_cache': False, 'cmake_clean_first': False, 'cmake_force_configure': False, 'cmake_target': None, 'cmake_target_skip_unavailable': False, 'install_base': '/workspace/unitree_go2_hoehlenforscher/install/go2_msgs', 'merge_install': False, 'path': '/workspace/unitree_go2_hoehlenforscher/src/go2_msgs', 'symlink_install': False, 'test_result_base': None}
[0.363s] INFO:colcon.colcon_core.executor:Executing jobs using 'parallel' executor
[0.364s] DEBUG:colcon.colcon_parallel_executor.executor.parallel:run_until_complete
[0.365s] INFO:colcon.colcon_ros.task.ament_cmake.build:Building ROS package in '/workspace/unitree_go2_hoehlenforscher/src/go2_msgs' with build type 'ament_cmake'
[0.365s] INFO:colcon.colcon_cmake.task.cmake.build:Building CMake package in '/workspace/unitree_go2_hoehlenforscher/src/go2_msgs'
[0.367s] INFO:colcon.colcon_core.plugin_system:Skipping extension 'colcon_core.shell.bat': Not used on non-Windows systems
[0.368s] INFO:colcon.colcon_core.shell:Skip shell extension 'powershell' for command environment: Not usable outside of PowerShell
[0.368s] DEBUG:colcon.colcon_core.shell:Skip shell extension 'dsv' for command environment
[0.387s] DEBUG:colcon.colcon_core.event_handler.log_command:Invoking command in '/workspace/unitree_go2_hoehlenforscher/build/go2_msgs': CMAKE_PREFIX_PATH=${CMAKE_PREFIX_PATH}:/workspace/unitree_go2_hoehlenforscher/install/go2_my_nodes_py:/opt/ros/humble /usr/bin/cmake /workspace/unitree_go2_hoehlenforscher/src/go2_msgs -DCMAKE_INSTALL_PREFIX=/workspace/unitree_go2_hoehlenforscher/install/go2_msgs
[3.891s] DEBUG:colcon.colcon_core.event_handler.log_command:Invoked command in '/workspace/unitree_go2_hoehlenforscher/build/go2_msgs' returned '0': CMAKE_PREFIX_PATH=${CMAKE_PREFIX_PATH}:/workspace/unitree_go2_hoehlenforscher/install/go2_my_nodes_py:/opt/ros/humble /usr/bin/cmake /workspace/unitree_go2_hoehlenforscher/src/go2_msgs -DCMAKE_INSTALL_PREFIX=/workspace/unitree_go2_hoehlenforscher/install/go2_msgs
[3.895s] DEBUG:colcon.colcon_core.event_handler.log_command:Invoking command in '/workspace/unitree_go2_hoehlenforscher/build/go2_msgs': CMAKE_PREFIX_PATH=${CMAKE_PREFIX_PATH}:/workspace/unitree_go2_hoehlenforscher/install/go2_my_nodes_py:/opt/ros/humble /usr/bin/cmake --build /workspace/unitree_go2_hoehlenforscher/build/go2_msgs -- -j16 -l16
[6.736s] DEBUG:colcon.colcon_core.event_handler.log_command:Invoked command in '/workspace/unitree_go2_hoehlenforscher/build/go2_msgs' returned '0': CMAKE_PREFIX_PATH=${CMAKE_PREFIX_PATH}:/workspace/unitree_go2_hoehlenforscher/install/go2_my_nodes_py:/opt/ros/humble /usr/bin/cmake --build /workspace/unitree_go2_hoehlenforscher/build/go2_msgs -- -j16 -l16
[6.757s] DEBUG:colcon.colcon_core.event_handler.log_command:Invoking command in '/workspace/unitree_go2_hoehlenforscher/build/go2_msgs': CMAKE_PREFIX_PATH=${CMAKE_PREFIX_PATH}:/workspace/unitree_go2_hoehlenforscher/install/go2_my_nodes_py:/opt/ros/humble /usr/bin/cmake --install /workspace/unitree_go2_hoehlenforscher/build/go2_msgs
[6.913s] Level 1:colcon.colcon_core.environment:create_environment_scripts_only(go2_msgs)
[6.914s] DEBUG:colcon.colcon_core.event_handler.log_command:Invoked command in '/workspace/unitree_go2_hoehlenforscher/build/go2_msgs' returned '0': CMAKE_PREFIX_PATH=${CMAKE_PREFIX_PATH}:/workspace/unitree_go2_hoehlenforscher/install/go2_my_nodes_py:/opt/ros/humble /usr/bin/cmake --install /workspace/unitree_go2_hoehlenforscher/build/go2_msgs
[6.922s] Level 1:colcon.colcon_core.environment:checking '/workspace/unitree_go2_hoehlenforscher/install/go2_msgs' for CMake module files
[6.924s] Level 1:colcon.colcon_core.environment:checking '/workspace/unitree_go2_hoehlenforscher/install/go2_msgs' for CMake config files
[6.925s] Level 1:colcon.colcon_core.shell:create_environment_hook('go2_msgs', 'cmake_prefix_path')
[6.925s] INFO:colcon.colcon_core.shell:Creating environment hook '/workspace/unitree_go2_hoehlenforscher/install/go2_msgs/share/go2_msgs/hook/cmake_prefix_path.ps1'
[6.927s] INFO:colcon.colcon_core.shell:Creating environment descriptor '/workspace/unitree_go2_hoehlenforscher/install/go2_msgs/share/go2_msgs/hook/cmake_prefix_path.dsv'
[6.928s] INFO:colcon.colcon_core.shell:Creating environment hook '/workspace/unitree_go2_hoehlenforscher/install/go2_msgs/share/go2_msgs/hook/cmake_prefix_path.sh'
[6.930s] Level 1:colcon.colcon_core.environment:checking '/workspace/unitree_go2_hoehlenforscher/install/go2_msgs/lib'
[6.930s] Level 1:colcon.colcon_core.shell:create_environment_hook('go2_msgs', 'ld_library_path_lib')
[6.931s] INFO:colcon.colcon_core.shell:Creating environment hook '/workspace/unitree_go2_hoehlenforscher/install/go2_msgs/share/go2_msgs/hook/ld_library_path_lib.ps1'
[6.931s] INFO:colcon.colcon_core.shell:Creating environment descriptor '/workspace/unitree_go2_hoehlenforscher/install/go2_msgs/share/go2_msgs/hook/ld_library_path_lib.dsv'
[6.932s] INFO:colcon.colcon_core.shell:Creating environment hook '/workspace/unitree_go2_hoehlenforscher/install/go2_msgs/share/go2_msgs/hook/ld_library_path_lib.sh'
[6.933s] Level 1:colcon.colcon_core.environment:checking '/workspace/unitree_go2_hoehlenforscher/install/go2_msgs/bin'
[6.933s] Level 1:colcon.colcon_core.environment:checking '/workspace/unitree_go2_hoehlenforscher/install/go2_msgs/lib/pkgconfig/go2_msgs.pc'
[6.937s] Level 1:colcon.colcon_core.environment:checking '/workspace/unitree_go2_hoehlenforscher/install/go2_msgs/lib/python3.10/site-packages'
[6.937s] Level 1:colcon.colcon_core.environment:checking '/workspace/unitree_go2_hoehlenforscher/install/go2_msgs/bin'
[6.938s] INFO:colcon.colcon_core.shell:Creating package script '/workspace/unitree_go2_hoehlenforscher/install/go2_msgs/share/go2_msgs/package.ps1'
[6.940s] INFO:colcon.colcon_core.shell:Creating package descriptor '/workspace/unitree_go2_hoehlenforscher/install/go2_msgs/share/go2_msgs/package.dsv'
[6.941s] INFO:colcon.colcon_core.shell:Creating package script '/workspace/unitree_go2_hoehlenforscher/install/go2_msgs/share/go2_msgs/package.sh'
[6.943s] INFO:colcon.colcon_core.shell:Creating package script '/workspace/unitree_go2_hoehlenforscher/install/go2_msgs/share/go2_msgs/package.bash'
[6.946s] INFO:colcon.colcon_core.shell:Creating package script '/workspace/unitree_go2_hoehlenforscher/install/go2_msgs/share/go2_msgs/package.zsh'
[6.947s] Level 1:colcon.colcon_core.environment:create_file_with_runtime_dependencies(/workspace/unitree_go2_hoehlenforscher/install/go2_msgs/share/colcon-core/packages/go2_msgs)
[6.949s] Level 1:colcon.colcon_core.environment:create_environment_scripts_only(go2_msgs)
[6.949s] Level 1:colcon.colcon_core.environment:checking '/workspace/unitree_go2_hoehlenforscher/install/go2_msgs' for CMake module files
[6.951s] Level 1:colcon.colcon_core.environment:checking '/workspace/unitree_go2_hoehlenforscher/install/go2_msgs' for CMake config files
[6.951s] Level 1:colcon.colcon_core.shell:create_environment_hook('go2_msgs', 'cmake_prefix_path')
[6.952s] INFO:colcon.colcon_core.shell:Creating environment hook '/workspace/unitree_go2_hoehlenforscher/install/go2_msgs/share/go2_msgs/hook/cmake_prefix_path.ps1'
[6.953s] INFO:colcon.colcon_core.shell:Creating environment descriptor '/workspace/unitree_go2_hoehlenforscher/install/go2_msgs/share/go2_msgs/hook/cmake_prefix_path.dsv'
[6.953s] INFO:colcon.colcon_core.shell:Creating environment hook '/workspace/unitree_go2_hoehlenforscher/install/go2_msgs/share/go2_msgs/hook/cmake_prefix_path.sh'
[6.954s] Level 1:colcon.colcon_core.environment:checking '/workspace/unitree_go2_hoehlenforscher/install/go2_msgs/lib'
[6.954s] Level 1:colcon.colcon_core.shell:create_environment_hook('go2_msgs', 'ld_library_path_lib')
[6.955s] INFO:colcon.colcon_core.shell:Creating environment hook '/workspace/unitree_go2_hoehlenforscher/install/go2_msgs/share/go2_msgs/hook/ld_library_path_lib.ps1'
[6.976s] INFO:colcon.colcon_core.shell:Creating environment descriptor '/workspace/unitree_go2_hoehlenforscher/install/go2_msgs/share/go2_msgs/hook/ld_library_path_lib.dsv'
[6.977s] INFO:colcon.colcon_core.shell:Creating environment hook '/workspace/unitree_go2_hoehlenforscher/install/go2_msgs/share/go2_msgs/hook/ld_library_path_lib.sh'
[6.977s] Level 1:colcon.colcon_core.environment:checking '/workspace/unitree_go2_hoehlenforscher/install/go2_msgs/bin'
[6.978s] Level 1:colcon.colcon_core.environment:checking '/workspace/unitree_go2_hoehlenforscher/install/go2_msgs/lib/pkgconfig/go2_msgs.pc'
[6.978s] Level 1:colcon.colcon_core.environment:checking '/workspace/unitree_go2_hoehlenforscher/install/go2_msgs/lib/python3.10/site-packages'
[6.979s] Level 1:colcon.colcon_core.environment:checking '/workspace/unitree_go2_hoehlenforscher/install/go2_msgs/bin'
[6.979s] INFO:colcon.colcon_core.shell:Creating package script '/workspace/unitree_go2_hoehlenforscher/install/go2_msgs/share/go2_msgs/package.ps1'
[6.981s] INFO:colcon.colcon_core.shell:Creating package descriptor '/workspace/unitree_go2_hoehlenforscher/install/go2_msgs/share/go2_msgs/package.dsv'
[6.982s] INFO:colcon.colcon_core.shell:Creating package script '/workspace/unitree_go2_hoehlenforscher/install/go2_msgs/share/go2_msgs/package.sh'
[6.983s] INFO:colcon.colcon_core.shell:Creating package script '/workspace/unitree_go2_hoehlenforscher/install/go2_msgs/share/go2_msgs/package.bash'
[6.984s] INFO:colcon.colcon_core.shell:Creating package script '/workspace/unitree_go2_hoehlenforscher/install/go2_msgs/share/go2_msgs/package.zsh'
[6.985s] Level 1:colcon.colcon_core.environment:create_file_with_runtime_dependencies(/workspace/unitree_go2_hoehlenforscher/install/go2_msgs/share/colcon-core/packages/go2_msgs)
[6.986s] DEBUG:colcon.colcon_parallel_executor.executor.parallel:closing loop
[6.987s] DEBUG:colcon.colcon_parallel_executor.executor.parallel:loop closed
[6.987s] DEBUG:colcon.colcon_parallel_executor.executor.parallel:run_until_complete finished with '0'
[6.987s] DEBUG:colcon.colcon_core.event_reactor:joining thread
[6.998s] INFO:colcon.colcon_core.plugin_system:Skipping extension 'colcon_notification.desktop_notification.notify_send': Could not find 'notify-send'
[6.999s] INFO:colcon.colcon_core.plugin_system:Skipping extension 'colcon_notification.desktop_notification.terminal_notifier': Not used on non-Darwin systems
[6.999s] INFO:colcon.colcon_core.plugin_system:Skipping extension 'colcon_notification.desktop_notification.win32': Not used on non-Windows systems
[6.999s] INFO:colcon.colcon_notification.desktop_notification:Sending desktop notification using 'notify2'
[7.005s] DEBUG:colcon.colcon_notification.desktop_notification.notify2:Failed to initialize notify2: org.freedesktop.DBus.Error.Spawn.ExecFailed: /usr/bin/dbus-launch terminated abnormally without any error message
[7.005s] DEBUG:colcon.colcon_core.event_reactor:joined thread
[7.007s] INFO:colcon.colcon_core.shell:Creating prefix script '/workspace/unitree_go2_hoehlenforscher/install/local_setup.ps1'
[7.011s] INFO:colcon.colcon_core.shell:Creating prefix util module '/workspace/unitree_go2_hoehlenforscher/install/_local_setup_util_ps1.py'
[7.016s] INFO:colcon.colcon_core.shell:Creating prefix chain script '/workspace/unitree_go2_hoehlenforscher/install/setup.ps1'
[7.019s] INFO:colcon.colcon_core.shell:Creating prefix script '/workspace/unitree_go2_hoehlenforscher/install/local_setup.sh'
[7.021s] INFO:colcon.colcon_core.shell:Creating prefix util module '/workspace/unitree_go2_hoehlenforscher/install/_local_setup_util_sh.py'
[7.022s] INFO:colcon.colcon_core.shell:Creating prefix chain script '/workspace/unitree_go2_hoehlenforscher/install/setup.sh'
[7.025s] INFO:colcon.colcon_core.shell:Creating prefix script '/workspace/unitree_go2_hoehlenforscher/install/local_setup.bash'
[7.026s] INFO:colcon.colcon_core.shell:Creating prefix chain script '/workspace/unitree_go2_hoehlenforscher/install/setup.bash'
[7.029s] INFO:colcon.colcon_core.shell:Creating prefix script '/workspace/unitree_go2_hoehlenforscher/install/local_setup.zsh'
[7.031s] INFO:colcon.colcon_core.shell:Creating prefix chain script '/workspace/unitree_go2_hoehlenforscher/install/setup.zsh'
