[0.097s] DEBUG:colcon:Command line arguments: ['/usr/bin/colcon', 'build', '--symlink-install']
[0.097s] DEBUG:colcon:Parsed command line arguments: Namespace(log_base=None, log_level=None, verb_name='build', build_base='build', install_base='install', merge_install=False, symlink_install=True, test_result_base=None, continue_on_error=False, executor='parallel', parallel_workers=16, event_handlers=None, ignore_user_meta=False, metas=['./colcon.meta'], base_paths=['.'], packages_ignore=None, packages_ignore_regex=None, paths=None, packages_up_to=None, packages_up_to_regex=None, packages_above=None, packages_above_and_dependencies=None, packages_above_depth=None, packages_select_by_dep=None, packages_skip_by_dep=None, packages_skip_up_to=None, packages_select_build_failed=False, packages_skip_build_finished=False, packages_select_test_failures=False, packages_skip_test_passed=False, packages_select=None, packages_skip=None, packages_select_regex=None, packages_skip_regex=None, packages_start=None, packages_end=None, cmake_args=None, cmake_target=None, cmake_target_skip_unavailable=False, cmake_clean_cache=False, cmake_clean_first=False, cmake_force_configure=False, ament_cmake_args=None, catkin_cmake_args=None, catkin_skip_building_tests=False, mixin_files=None, mixin=None, verb_parser=<colcon_mixin.mixin.mixin_argument.MixinArgumentDecorator object at 0x7f92e1f25e70>, verb_extension=<colcon_core.verb.build.BuildVerb object at 0x7f92e2012e00>, main=<bound method BuildVerb.main of <colcon_core.verb.build.BuildVerb object at 0x7f92e2012e00>>, mixin_verb=('build',))
[0.228s] Level 1:colcon.colcon_core.package_discovery:discover_packages(colcon_meta) check parameters
[0.229s] Level 1:colcon.colcon_core.package_discovery:discover_packages(recursive) check parameters
[0.229s] Level 1:colcon.colcon_core.package_discovery:discover_packages(ignore) check parameters
[0.229s] Level 1:colcon.colcon_core.package_discovery:discover_packages(path) check parameters
[0.229s] Level 1:colcon.colcon_core.package_discovery:discover_packages(colcon_meta) discover
[0.229s] Level 1:colcon.colcon_core.package_discovery:discover_packages(recursive) discover
[0.229s] INFO:colcon.colcon_core.package_discovery:Crawling recursively for packages in '/workspace/unitree_go2_hoehlenforscher'
[0.229s] Level 1:colcon.colcon_core.package_identification:_identify(.) by extensions ['ignore', 'ignore_ament_install']
[0.229s] Level 1:colcon.colcon_core.package_identification:_identify(.) by extension 'ignore'
[0.229s] Level 1:colcon.colcon_core.package_identification:_identify(.) by extension 'ignore_ament_install'
[0.229s] Level 1:colcon.colcon_core.package_identification:_identify(.) by extensions ['colcon_pkg']
[0.229s] Level 1:colcon.colcon_core.package_identification:_identify(.) by extension 'colcon_pkg'
[0.229s] Level 1:colcon.colcon_core.package_identification:_identify(.) by extensions ['colcon_meta']
[0.229s] Level 1:colcon.colcon_core.package_identification:_identify(.) by extension 'colcon_meta'
[0.229s] Level 1:colcon.colcon_core.package_identification:_identify(.) by extensions ['ros']
[0.229s] Level 1:colcon.colcon_core.package_identification:_identify(.) by extension 'ros'
[0.239s] Level 1:colcon.colcon_core.package_identification:_identify(.) by extensions ['cmake', 'python']
[0.239s] Level 1:colcon.colcon_core.package_identification:_identify(.) by extension 'cmake'
[0.239s] Level 1:colcon.colcon_core.package_identification:_identify(.) by extension 'python'
[0.239s] Level 1:colcon.colcon_core.package_identification:_identify(.) by extensions ['python_setup_py']
[0.239s] Level 1:colcon.colcon_core.package_identification:_identify(.) by extension 'python_setup_py'
[0.239s] Level 1:colcon.colcon_core.package_identification:_identify(build) by extensions ['ignore', 'ignore_ament_install']
[0.239s] Level 1:colcon.colcon_core.package_identification:_identify(build) by extension 'ignore'
[0.240s] Level 1:colcon.colcon_core.package_identification:_identify(build) ignored
[0.240s] Level 1:colcon.colcon_core.package_identification:_identify(install) by extensions ['ignore', 'ignore_ament_install']
[0.240s] Level 1:colcon.colcon_core.package_identification:_identify(install) by extension 'ignore'
[0.240s] Level 1:colcon.colcon_core.package_identification:_identify(install) ignored
[0.240s] Level 1:colcon.colcon_core.package_identification:_identify(log) by extensions ['ignore', 'ignore_ament_install']
[0.240s] Level 1:colcon.colcon_core.package_identification:_identify(log) by extension 'ignore'
[0.240s] Level 1:colcon.colcon_core.package_identification:_identify(log) ignored
[0.240s] Level 1:colcon.colcon_core.package_identification:_identify(ros2_nodes) by extensions ['ignore', 'ignore_ament_install']
[0.240s] Level 1:colcon.colcon_core.package_identification:_identify(ros2_nodes) by extension 'ignore'
[0.240s] Level 1:colcon.colcon_core.package_identification:_identify(ros2_nodes) by extension 'ignore_ament_install'
[0.240s] Level 1:colcon.colcon_core.package_identification:_identify(ros2_nodes) by extensions ['colcon_pkg']
[0.240s] Level 1:colcon.colcon_core.package_identification:_identify(ros2_nodes) by extension 'colcon_pkg'
[0.240s] Level 1:colcon.colcon_core.package_identification:_identify(ros2_nodes) by extensions ['colcon_meta']
[0.240s] Level 1:colcon.colcon_core.package_identification:_identify(ros2_nodes) by extension 'colcon_meta'
[0.240s] Level 1:colcon.colcon_core.package_identification:_identify(ros2_nodes) by extensions ['ros']
[0.240s] Level 1:colcon.colcon_core.package_identification:_identify(ros2_nodes) by extension 'ros'
[0.240s] Level 1:colcon.colcon_core.package_identification:_identify(ros2_nodes) by extensions ['cmake', 'python']
[0.240s] Level 1:colcon.colcon_core.package_identification:_identify(ros2_nodes) by extension 'cmake'
[0.241s] Level 1:colcon.colcon_core.package_identification:_identify(ros2_nodes) by extension 'python'
[0.241s] Level 1:colcon.colcon_core.package_identification:_identify(ros2_nodes) by extensions ['python_setup_py']
[0.241s] Level 1:colcon.colcon_core.package_identification:_identify(ros2_nodes) by extension 'python_setup_py'
[0.241s] Level 1:colcon.colcon_core.package_identification:_identify(ros2_nodes/Moritz) by extensions ['ignore', 'ignore_ament_install']
[0.241s] Level 1:colcon.colcon_core.package_identification:_identify(ros2_nodes/Moritz) by extension 'ignore'
[0.241s] Level 1:colcon.colcon_core.package_identification:_identify(ros2_nodes/Moritz) by extension 'ignore_ament_install'
[0.241s] Level 1:colcon.colcon_core.package_identification:_identify(ros2_nodes/Moritz) by extensions ['colcon_pkg']
[0.241s] Level 1:colcon.colcon_core.package_identification:_identify(ros2_nodes/Moritz) by extension 'colcon_pkg'
[0.241s] Level 1:colcon.colcon_core.package_identification:_identify(ros2_nodes/Moritz) by extensions ['colcon_meta']
[0.241s] Level 1:colcon.colcon_core.package_identification:_identify(ros2_nodes/Moritz) by extension 'colcon_meta'
[0.241s] Level 1:colcon.colcon_core.package_identification:_identify(ros2_nodes/Moritz) by extensions ['ros']
[0.241s] Level 1:colcon.colcon_core.package_identification:_identify(ros2_nodes/Moritz) by extension 'ros'
[0.241s] Level 1:colcon.colcon_core.package_identification:_identify(ros2_nodes/Moritz) by extensions ['cmake', 'python']
[0.241s] Level 1:colcon.colcon_core.package_identification:_identify(ros2_nodes/Moritz) by extension 'cmake'
[0.241s] Level 1:colcon.colcon_core.package_identification:_identify(ros2_nodes/Moritz) by extension 'python'
[0.241s] Level 1:colcon.colcon_core.package_identification:_identify(ros2_nodes/Moritz) by extensions ['python_setup_py']
[0.241s] Level 1:colcon.colcon_core.package_identification:_identify(ros2_nodes/Moritz) by extension 'python_setup_py'
[0.241s] Level 1:colcon.colcon_core.package_identification:_identify(ros2_nodes/Moritz/Ebene_erkennung) by extensions ['ignore', 'ignore_ament_install']
[0.241s] Level 1:colcon.colcon_core.package_identification:_identify(ros2_nodes/Moritz/Ebene_erkennung) by extension 'ignore'
[0.241s] Level 1:colcon.colcon_core.package_identification:_identify(ros2_nodes/Moritz/Ebene_erkennung) by extension 'ignore_ament_install'
[0.241s] Level 1:colcon.colcon_core.package_identification:_identify(ros2_nodes/Moritz/Ebene_erkennung) by extensions ['colcon_pkg']
[0.241s] Level 1:colcon.colcon_core.package_identification:_identify(ros2_nodes/Moritz/Ebene_erkennung) by extension 'colcon_pkg'
[0.241s] Level 1:colcon.colcon_core.package_identification:_identify(ros2_nodes/Moritz/Ebene_erkennung) by extensions ['colcon_meta']
[0.241s] Level 1:colcon.colcon_core.package_identification:_identify(ros2_nodes/Moritz/Ebene_erkennung) by extension 'colcon_meta'
[0.241s] Level 1:colcon.colcon_core.package_identification:_identify(ros2_nodes/Moritz/Ebene_erkennung) by extensions ['ros']
[0.241s] Level 1:colcon.colcon_core.package_identification:_identify(ros2_nodes/Moritz/Ebene_erkennung) by extension 'ros'
[0.242s] Level 1:colcon.colcon_core.package_identification:_identify(ros2_nodes/Moritz/Ebene_erkennung) by extensions ['cmake', 'python']
[0.242s] Level 1:colcon.colcon_core.package_identification:_identify(ros2_nodes/Moritz/Ebene_erkennung) by extension 'cmake'
[0.242s] Level 1:colcon.colcon_core.package_identification:_identify(ros2_nodes/Moritz/Ebene_erkennung) by extension 'python'
[0.242s] Level 1:colcon.colcon_core.package_identification:_identify(ros2_nodes/Moritz/Ebene_erkennung) by extensions ['python_setup_py']
[0.242s] Level 1:colcon.colcon_core.package_identification:_identify(ros2_nodes/Moritz/Ebene_erkennung) by extension 'python_setup_py'
[0.242s] Level 1:colcon.colcon_core.package_identification:_identify(src) by extensions ['ignore', 'ignore_ament_install']
[0.242s] Level 1:colcon.colcon_core.package_identification:_identify(src) by extension 'ignore'
[0.242s] Level 1:colcon.colcon_core.package_identification:_identify(src) by extension 'ignore_ament_install'
[0.242s] Level 1:colcon.colcon_core.package_identification:_identify(src) by extensions ['colcon_pkg']
[0.242s] Level 1:colcon.colcon_core.package_identification:_identify(src) by extension 'colcon_pkg'
[0.242s] Level 1:colcon.colcon_core.package_identification:_identify(src) by extensions ['colcon_meta']
[0.242s] Level 1:colcon.colcon_core.package_identification:_identify(src) by extension 'colcon_meta'
[0.242s] Level 1:colcon.colcon_core.package_identification:_identify(src) by extensions ['ros']
[0.242s] Level 1:colcon.colcon_core.package_identification:_identify(src) by extension 'ros'
[0.242s] Level 1:colcon.colcon_core.package_identification:_identify(src) by extensions ['cmake', 'python']
[0.242s] Level 1:colcon.colcon_core.package_identification:_identify(src) by extension 'cmake'
[0.242s] Level 1:colcon.colcon_core.package_identification:_identify(src) by extension 'python'
[0.242s] Level 1:colcon.colcon_core.package_identification:_identify(src) by extensions ['python_setup_py']
[0.242s] Level 1:colcon.colcon_core.package_identification:_identify(src) by extension 'python_setup_py'
[0.242s] Level 1:colcon.colcon_core.package_identification:_identify(src/go2_msgs) by extensions ['ignore', 'ignore_ament_install']
[0.242s] Level 1:colcon.colcon_core.package_identification:_identify(src/go2_msgs) by extension 'ignore'
[0.242s] Level 1:colcon.colcon_core.package_identification:_identify(src/go2_msgs) by extension 'ignore_ament_install'
[0.242s] Level 1:colcon.colcon_core.package_identification:_identify(src/go2_msgs) by extensions ['colcon_pkg']
[0.242s] Level 1:colcon.colcon_core.package_identification:_identify(src/go2_msgs) by extension 'colcon_pkg'
[0.242s] Level 1:colcon.colcon_core.package_identification:_identify(src/go2_msgs) by extensions ['colcon_meta']
[0.242s] Level 1:colcon.colcon_core.package_identification:_identify(src/go2_msgs) by extension 'colcon_meta'
[0.242s] Level 1:colcon.colcon_core.package_identification:_identify(src/go2_msgs) by extensions ['ros']
[0.242s] Level 1:colcon.colcon_core.package_identification:_identify(src/go2_msgs) by extension 'ros'
[0.245s] DEBUG:colcon.colcon_core.package_identification:Package 'src/go2_msgs' with type 'ros.ament_cmake' and name 'go2_msgs'
[0.245s] Level 1:colcon.colcon_core.package_identification:_identify(src/go2_my_nodes_py) by extensions ['ignore', 'ignore_ament_install']
[0.245s] Level 1:colcon.colcon_core.package_identification:_identify(src/go2_my_nodes_py) by extension 'ignore'
[0.245s] Level 1:colcon.colcon_core.package_identification:_identify(src/go2_my_nodes_py) by extension 'ignore_ament_install'
[0.245s] Level 1:colcon.colcon_core.package_identification:_identify(src/go2_my_nodes_py) by extensions ['colcon_pkg']
[0.245s] Level 1:colcon.colcon_core.package_identification:_identify(src/go2_my_nodes_py) by extension 'colcon_pkg'
[0.245s] Level 1:colcon.colcon_core.package_identification:_identify(src/go2_my_nodes_py) by extensions ['colcon_meta']
[0.245s] Level 1:colcon.colcon_core.package_identification:_identify(src/go2_my_nodes_py) by extension 'colcon_meta'
[0.245s] Level 1:colcon.colcon_core.package_identification:_identify(src/go2_my_nodes_py) by extensions ['ros']
[0.245s] Level 1:colcon.colcon_core.package_identification:_identify(src/go2_my_nodes_py) by extension 'ros'
[0.246s] DEBUG:colcon.colcon_core.package_identification:Package 'src/go2_my_nodes_py' with type 'ros.ament_python' and name 'go2_my_nodes_py'
[0.246s] Level 1:colcon.colcon_core.package_discovery:discover_packages(recursive) using defaults
[0.246s] Level 1:colcon.colcon_core.package_discovery:discover_packages(ignore) discover
[0.246s] Level 1:colcon.colcon_core.package_discovery:discover_packages(ignore) using defaults
[0.246s] Level 1:colcon.colcon_core.package_discovery:discover_packages(path) discover
[0.246s] Level 1:colcon.colcon_core.package_discovery:discover_packages(path) using defaults
[0.263s] Level 5:colcon.colcon_core.verb:set package 'go2_msgs' build argument 'cmake_args' from command line to 'None'
[0.263s] Level 5:colcon.colcon_core.verb:set package 'go2_msgs' build argument 'cmake_target' from command line to 'None'
[0.263s] Level 5:colcon.colcon_core.verb:set package 'go2_msgs' build argument 'cmake_target_skip_unavailable' from command line to 'False'
[0.263s] Level 5:colcon.colcon_core.verb:set package 'go2_msgs' build argument 'cmake_clean_cache' from command line to 'False'
[0.263s] Level 5:colcon.colcon_core.verb:set package 'go2_msgs' build argument 'cmake_clean_first' from command line to 'False'
[0.263s] Level 5:colcon.colcon_core.verb:set package 'go2_msgs' build argument 'cmake_force_configure' from command line to 'False'
[0.263s] Level 5:colcon.colcon_core.verb:set package 'go2_msgs' build argument 'ament_cmake_args' from command line to 'None'
[0.263s] Level 5:colcon.colcon_core.verb:set package 'go2_msgs' build argument 'catkin_cmake_args' from command line to 'None'
[0.263s] Level 5:colcon.colcon_core.verb:set package 'go2_msgs' build argument 'catkin_skip_building_tests' from command line to 'False'
[0.264s] DEBUG:colcon.colcon_core.verb:Building package 'go2_msgs' with the following arguments: {'ament_cmake_args': None, 'build_base': '/workspace/unitree_go2_hoehlenforscher/build/go2_msgs', 'catkin_cmake_args': None, 'catkin_skip_building_tests': False, 'cmake_args': None, 'cmake_clean_cache': False, 'cmake_clean_first': False, 'cmake_force_configure': False, 'cmake_target': None, 'cmake_target_skip_unavailable': False, 'install_base': '/workspace/unitree_go2_hoehlenforscher/install/go2_msgs', 'merge_install': False, 'path': '/workspace/unitree_go2_hoehlenforscher/src/go2_msgs', 'symlink_install': True, 'test_result_base': None}
[0.264s] Level 5:colcon.colcon_core.verb:set package 'go2_my_nodes_py' build argument 'cmake_args' from command line to 'None'
[0.264s] Level 5:colcon.colcon_core.verb:set package 'go2_my_nodes_py' build argument 'cmake_target' from command line to 'None'
[0.264s] Level 5:colcon.colcon_core.verb:set package 'go2_my_nodes_py' build argument 'cmake_target_skip_unavailable' from command line to 'False'
[0.264s] Level 5:colcon.colcon_core.verb:set package 'go2_my_nodes_py' build argument 'cmake_clean_cache' from command line to 'False'
[0.264s] Level 5:colcon.colcon_core.verb:set package 'go2_my_nodes_py' build argument 'cmake_clean_first' from command line to 'False'
[0.264s] Level 5:colcon.colcon_core.verb:set package 'go2_my_nodes_py' build argument 'cmake_force_configure' from command line to 'False'
[0.264s] Level 5:colcon.colcon_core.verb:set package 'go2_my_nodes_py' build argument 'ament_cmake_args' from command line to 'None'
[0.264s] Level 5:colcon.colcon_core.verb:set package 'go2_my_nodes_py' build argument 'catkin_cmake_args' from command line to 'None'
[0.264s] Level 5:colcon.colcon_core.verb:set package 'go2_my_nodes_py' build argument 'catkin_skip_building_tests' from command line to 'False'
[0.264s] DEBUG:colcon.colcon_core.verb:Building package 'go2_my_nodes_py' with the following arguments: {'ament_cmake_args': None, 'build_base': '/workspace/unitree_go2_hoehlenforscher/build/go2_my_nodes_py', 'catkin_cmake_args': None, 'catkin_skip_building_tests': False, 'cmake_args': None, 'cmake_clean_cache': False, 'cmake_clean_first': False, 'cmake_force_configure': False, 'cmake_target': None, 'cmake_target_skip_unavailable': False, 'install_base': '/workspace/unitree_go2_hoehlenforscher/install/go2_my_nodes_py', 'merge_install': False, 'path': '/workspace/unitree_go2_hoehlenforscher/src/go2_my_nodes_py', 'symlink_install': True, 'test_result_base': None}
[0.264s] INFO:colcon.colcon_core.executor:Executing jobs using 'parallel' executor
[0.265s] DEBUG:colcon.colcon_parallel_executor.executor.parallel:run_until_complete
[0.265s] INFO:colcon.colcon_ros.task.ament_cmake.build:Building ROS package in '/workspace/unitree_go2_hoehlenforscher/src/go2_msgs' with build type 'ament_cmake'
[0.266s] INFO:colcon.colcon_cmake.task.cmake.build:Building CMake package in '/workspace/unitree_go2_hoehlenforscher/src/go2_msgs'
[0.268s] INFO:colcon.colcon_core.plugin_system:Skipping extension 'colcon_core.shell.bat': Not used on non-Windows systems
[0.268s] INFO:colcon.colcon_core.shell:Skip shell extension 'powershell' for command environment: Not usable outside of PowerShell
[0.268s] DEBUG:colcon.colcon_core.shell:Skip shell extension 'dsv' for command environment
[0.272s] INFO:colcon.colcon_ros.task.ament_python.build:Building ROS package in '/workspace/unitree_go2_hoehlenforscher/src/go2_my_nodes_py' with build type 'ament_python'
[0.273s] Level 1:colcon.colcon_core.shell:create_environment_hook('go2_my_nodes_py', 'ament_prefix_path')
[0.273s] INFO:colcon.colcon_core.shell:Creating environment hook '/workspace/unitree_go2_hoehlenforscher/install/go2_my_nodes_py/share/go2_my_nodes_py/hook/ament_prefix_path.ps1'
[0.273s] INFO:colcon.colcon_core.shell:Creating environment descriptor '/workspace/unitree_go2_hoehlenforscher/install/go2_my_nodes_py/share/go2_my_nodes_py/hook/ament_prefix_path.dsv'
[0.274s] INFO:colcon.colcon_core.shell:Creating environment hook '/workspace/unitree_go2_hoehlenforscher/install/go2_my_nodes_py/share/go2_my_nodes_py/hook/ament_prefix_path.sh'
[0.274s] INFO:colcon.colcon_core.shell:Skip shell extension 'powershell' for command environment: Not usable outside of PowerShell
[0.274s] DEBUG:colcon.colcon_core.shell:Skip shell extension 'dsv' for command environment
[0.284s] DEBUG:colcon.colcon_core.event_handler.log_command:Invoking command in '/workspace/unitree_go2_hoehlenforscher/build/go2_msgs': CMAKE_PREFIX_PATH=${CMAKE_PREFIX_PATH}:/workspace/unitree_go2_hoehlenforscher/install/go2_my_nodes_py:/opt/ros/humble /usr/bin/cmake --build /workspace/unitree_go2_hoehlenforscher/build/go2_msgs -- -j16 -l16
[0.591s] INFO:colcon.colcon_core.task.python.build:Building Python package in '/workspace/unitree_go2_hoehlenforscher/src/go2_my_nodes_py'
[0.592s] INFO:colcon.colcon_core.shell:Skip shell extension 'powershell' for command environment: Not usable outside of PowerShell
[0.592s] DEBUG:colcon.colcon_core.shell:Skip shell extension 'dsv' for command environment
[0.766s] DEBUG:colcon.colcon_core.event_handler.log_command:Invoked command in '/workspace/unitree_go2_hoehlenforscher/build/go2_msgs' returned '0': CMAKE_PREFIX_PATH=${CMAKE_PREFIX_PATH}:/workspace/unitree_go2_hoehlenforscher/install/go2_my_nodes_py:/opt/ros/humble /usr/bin/cmake --build /workspace/unitree_go2_hoehlenforscher/build/go2_msgs -- -j16 -l16
[0.777s] DEBUG:colcon.colcon_core.event_handler.log_command:Invoking command in '/workspace/unitree_go2_hoehlenforscher/build/go2_msgs': CMAKE_PREFIX_PATH=${CMAKE_PREFIX_PATH}:/workspace/unitree_go2_hoehlenforscher/install/go2_my_nodes_py:/opt/ros/humble /usr/bin/cmake --install /workspace/unitree_go2_hoehlenforscher/build/go2_msgs
[0.922s] Level 1:colcon.colcon_core.environment:create_environment_scripts_only(go2_msgs)
[0.923s] DEBUG:colcon.colcon_core.event_handler.log_command:Invoked command in '/workspace/unitree_go2_hoehlenforscher/build/go2_msgs' returned '0': CMAKE_PREFIX_PATH=${CMAKE_PREFIX_PATH}:/workspace/unitree_go2_hoehlenforscher/install/go2_my_nodes_py:/opt/ros/humble /usr/bin/cmake --install /workspace/unitree_go2_hoehlenforscher/build/go2_msgs
[0.929s] Level 1:colcon.colcon_core.environment:checking '/workspace/unitree_go2_hoehlenforscher/install/go2_msgs' for CMake module files
[0.930s] Level 1:colcon.colcon_core.environment:checking '/workspace/unitree_go2_hoehlenforscher/install/go2_msgs' for CMake config files
[0.933s] Level 1:colcon.colcon_core.shell:create_environment_hook('go2_msgs', 'cmake_prefix_path')
[0.933s] INFO:colcon.colcon_core.shell:Creating environment hook '/workspace/unitree_go2_hoehlenforscher/install/go2_msgs/share/go2_msgs/hook/cmake_prefix_path.ps1'
[0.934s] INFO:colcon.colcon_core.shell:Creating environment descriptor '/workspace/unitree_go2_hoehlenforscher/install/go2_msgs/share/go2_msgs/hook/cmake_prefix_path.dsv'
[0.935s] INFO:colcon.colcon_core.shell:Creating environment hook '/workspace/unitree_go2_hoehlenforscher/install/go2_msgs/share/go2_msgs/hook/cmake_prefix_path.sh'
[0.937s] Level 1:colcon.colcon_core.environment:checking '/workspace/unitree_go2_hoehlenforscher/install/go2_msgs/lib'
[0.937s] Level 1:colcon.colcon_core.shell:create_environment_hook('go2_msgs', 'ld_library_path_lib')
[0.938s] INFO:colcon.colcon_core.shell:Creating environment hook '/workspace/unitree_go2_hoehlenforscher/install/go2_msgs/share/go2_msgs/hook/ld_library_path_lib.ps1'
[0.939s] INFO:colcon.colcon_core.shell:Creating environment descriptor '/workspace/unitree_go2_hoehlenforscher/install/go2_msgs/share/go2_msgs/hook/ld_library_path_lib.dsv'
[0.940s] INFO:colcon.colcon_core.shell:Creating environment hook '/workspace/unitree_go2_hoehlenforscher/install/go2_msgs/share/go2_msgs/hook/ld_library_path_lib.sh'
[0.959s] Level 1:colcon.colcon_core.environment:checking '/workspace/unitree_go2_hoehlenforscher/install/go2_msgs/bin'
[0.959s] Level 1:colcon.colcon_core.environment:checking '/workspace/unitree_go2_hoehlenforscher/install/go2_msgs/lib/pkgconfig/go2_msgs.pc'
[0.960s] Level 1:colcon.colcon_core.environment:checking '/workspace/unitree_go2_hoehlenforscher/install/go2_msgs/lib/python3.10/site-packages'
[0.960s] Level 1:colcon.colcon_core.environment:checking '/workspace/unitree_go2_hoehlenforscher/install/go2_msgs/bin'
[0.961s] INFO:colcon.colcon_core.shell:Creating package script '/workspace/unitree_go2_hoehlenforscher/install/go2_msgs/share/go2_msgs/package.ps1'
[0.963s] INFO:colcon.colcon_core.shell:Creating package descriptor '/workspace/unitree_go2_hoehlenforscher/install/go2_msgs/share/go2_msgs/package.dsv'
[0.964s] INFO:colcon.colcon_core.shell:Creating package script '/workspace/unitree_go2_hoehlenforscher/install/go2_msgs/share/go2_msgs/package.sh'
[0.965s] INFO:colcon.colcon_core.shell:Creating package script '/workspace/unitree_go2_hoehlenforscher/install/go2_msgs/share/go2_msgs/package.bash'
[0.967s] INFO:colcon.colcon_core.shell:Creating package script '/workspace/unitree_go2_hoehlenforscher/install/go2_msgs/share/go2_msgs/package.zsh'
[0.968s] Level 1:colcon.colcon_core.environment:create_file_with_runtime_dependencies(/workspace/unitree_go2_hoehlenforscher/install/go2_msgs/share/colcon-core/packages/go2_msgs)
[0.969s] Level 1:colcon.colcon_core.environment:create_environment_scripts_only(go2_msgs)
[0.969s] Level 1:colcon.colcon_core.environment:checking '/workspace/unitree_go2_hoehlenforscher/install/go2_msgs' for CMake module files
[0.970s] Level 1:colcon.colcon_core.environment:checking '/workspace/unitree_go2_hoehlenforscher/install/go2_msgs' for CMake config files
[0.971s] Level 1:colcon.colcon_core.shell:create_environment_hook('go2_msgs', 'cmake_prefix_path')
[0.972s] INFO:colcon.colcon_core.shell:Creating environment hook '/workspace/unitree_go2_hoehlenforscher/install/go2_msgs/share/go2_msgs/hook/cmake_prefix_path.ps1'
[0.972s] INFO:colcon.colcon_core.shell:Creating environment descriptor '/workspace/unitree_go2_hoehlenforscher/install/go2_msgs/share/go2_msgs/hook/cmake_prefix_path.dsv'
[0.973s] INFO:colcon.colcon_core.shell:Creating environment hook '/workspace/unitree_go2_hoehlenforscher/install/go2_msgs/share/go2_msgs/hook/cmake_prefix_path.sh'
[0.974s] Level 1:colcon.colcon_core.environment:checking '/workspace/unitree_go2_hoehlenforscher/install/go2_msgs/lib'
[0.974s] Level 1:colcon.colcon_core.shell:create_environment_hook('go2_msgs', 'ld_library_path_lib')
[0.974s] INFO:colcon.colcon_core.shell:Creating environment hook '/workspace/unitree_go2_hoehlenforscher/install/go2_msgs/share/go2_msgs/hook/ld_library_path_lib.ps1'
[0.975s] INFO:colcon.colcon_core.shell:Creating environment descriptor '/workspace/unitree_go2_hoehlenforscher/install/go2_msgs/share/go2_msgs/hook/ld_library_path_lib.dsv'
[0.975s] INFO:colcon.colcon_core.shell:Creating environment hook '/workspace/unitree_go2_hoehlenforscher/install/go2_msgs/share/go2_msgs/hook/ld_library_path_lib.sh'
[0.976s] Level 1:colcon.colcon_core.environment:checking '/workspace/unitree_go2_hoehlenforscher/install/go2_msgs/bin'
[0.976s] Level 1:colcon.colcon_core.environment:checking '/workspace/unitree_go2_hoehlenforscher/install/go2_msgs/lib/pkgconfig/go2_msgs.pc'
[0.977s] Level 1:colcon.colcon_core.environment:checking '/workspace/unitree_go2_hoehlenforscher/install/go2_msgs/lib/python3.10/site-packages'
[0.977s] Level 1:colcon.colcon_core.environment:checking '/workspace/unitree_go2_hoehlenforscher/install/go2_msgs/bin'
[0.977s] INFO:colcon.colcon_core.shell:Creating package script '/workspace/unitree_go2_hoehlenforscher/install/go2_msgs/share/go2_msgs/package.ps1'
[0.978s] INFO:colcon.colcon_core.shell:Creating package descriptor '/workspace/unitree_go2_hoehlenforscher/install/go2_msgs/share/go2_msgs/package.dsv'
[0.979s] INFO:colcon.colcon_core.shell:Creating package script '/workspace/unitree_go2_hoehlenforscher/install/go2_msgs/share/go2_msgs/package.sh'
[0.979s] INFO:colcon.colcon_core.shell:Creating package script '/workspace/unitree_go2_hoehlenforscher/install/go2_msgs/share/go2_msgs/package.bash'
[0.980s] INFO:colcon.colcon_core.shell:Creating package script '/workspace/unitree_go2_hoehlenforscher/install/go2_msgs/share/go2_msgs/package.zsh'
[0.981s] Level 1:colcon.colcon_core.environment:create_file_with_runtime_dependencies(/workspace/unitree_go2_hoehlenforscher/install/go2_msgs/share/colcon-core/packages/go2_msgs)
[1.049s] DEBUG:colcon.colcon_core.event_handler.log_command:Invoking command in '/workspace/unitree_go2_hoehlenforscher/build/go2_my_nodes_py': PYTHONPATH=/workspace/unitree_go2_hoehlenforscher/build/go2_my_nodes_py/prefix_override:/usr/lib/python3/dist-packages/colcon_core/task/python/colcon_distutils_commands:/workspace/unitree_go2_hoehlenforscher/install/go2_my_nodes_py/lib/python3.10/site-packages:${PYTHONPATH} /usr/bin/python3 -W ignore:setup.py install is deprecated -W ignore:easy_install command is deprecated setup.py develop --editable --build-directory /workspace/unitree_go2_hoehlenforscher/build/go2_my_nodes_py/build --no-deps symlink_data
[1.461s] Level 1:colcon.colcon_core.shell:create_environment_hook('go2_my_nodes_py', 'pythonpath_develop')
[1.462s] INFO:colcon.colcon_core.shell:Creating environment hook '/workspace/unitree_go2_hoehlenforscher/build/go2_my_nodes_py/share/go2_my_nodes_py/hook/pythonpath_develop.ps1'
[1.462s] DEBUG:colcon.colcon_core.event_handler.log_command:Invoked command in '/workspace/unitree_go2_hoehlenforscher/build/go2_my_nodes_py' returned '0': PYTHONPATH=/workspace/unitree_go2_hoehlenforscher/build/go2_my_nodes_py/prefix_override:/usr/lib/python3/dist-packages/colcon_core/task/python/colcon_distutils_commands:/workspace/unitree_go2_hoehlenforscher/install/go2_my_nodes_py/lib/python3.10/site-packages:${PYTHONPATH} /usr/bin/python3 -W ignore:setup.py install is deprecated -W ignore:easy_install command is deprecated setup.py develop --editable --build-directory /workspace/unitree_go2_hoehlenforscher/build/go2_my_nodes_py/build --no-deps symlink_data
[1.463s] INFO:colcon.colcon_core.shell:Creating environment descriptor '/workspace/unitree_go2_hoehlenforscher/build/go2_my_nodes_py/share/go2_my_nodes_py/hook/pythonpath_develop.dsv'
[1.464s] INFO:colcon.colcon_core.shell:Creating environment hook '/workspace/unitree_go2_hoehlenforscher/build/go2_my_nodes_py/share/go2_my_nodes_py/hook/pythonpath_develop.sh'
[1.466s] Level 1:colcon.colcon_core.environment:checking '/workspace/unitree_go2_hoehlenforscher/install/go2_my_nodes_py' for CMake module files
[1.467s] Level 1:colcon.colcon_core.environment:checking '/workspace/unitree_go2_hoehlenforscher/install/go2_my_nodes_py' for CMake config files
[1.469s] Level 1:colcon.colcon_core.environment:checking '/workspace/unitree_go2_hoehlenforscher/install/go2_my_nodes_py/lib'
[1.469s] Level 1:colcon.colcon_core.environment:checking '/workspace/unitree_go2_hoehlenforscher/install/go2_my_nodes_py/bin'
[1.469s] Level 1:colcon.colcon_core.environment:checking '/workspace/unitree_go2_hoehlenforscher/install/go2_my_nodes_py/lib/pkgconfig/go2_my_nodes_py.pc'
[1.470s] Level 1:colcon.colcon_core.environment:checking '/workspace/unitree_go2_hoehlenforscher/install/go2_my_nodes_py/lib/python3.10/site-packages'
[1.470s] Level 1:colcon.colcon_core.shell:create_environment_hook('go2_my_nodes_py', 'pythonpath')
[1.470s] INFO:colcon.colcon_core.shell:Creating environment hook '/workspace/unitree_go2_hoehlenforscher/install/go2_my_nodes_py/share/go2_my_nodes_py/hook/pythonpath.ps1'
[1.471s] INFO:colcon.colcon_core.shell:Creating environment descriptor '/workspace/unitree_go2_hoehlenforscher/install/go2_my_nodes_py/share/go2_my_nodes_py/hook/pythonpath.dsv'
[1.472s] INFO:colcon.colcon_core.shell:Creating environment hook '/workspace/unitree_go2_hoehlenforscher/install/go2_my_nodes_py/share/go2_my_nodes_py/hook/pythonpath.sh'
[1.473s] Level 1:colcon.colcon_core.environment:checking '/workspace/unitree_go2_hoehlenforscher/install/go2_my_nodes_py/bin'
[1.473s] Level 1:colcon.colcon_core.environment:create_environment_scripts_only(go2_my_nodes_py)
[1.474s] INFO:colcon.colcon_core.shell:Creating package script '/workspace/unitree_go2_hoehlenforscher/install/go2_my_nodes_py/share/go2_my_nodes_py/package.ps1'
[1.475s] INFO:colcon.colcon_core.shell:Creating package descriptor '/workspace/unitree_go2_hoehlenforscher/install/go2_my_nodes_py/share/go2_my_nodes_py/package.dsv'
[1.476s] INFO:colcon.colcon_core.shell:Creating package script '/workspace/unitree_go2_hoehlenforscher/install/go2_my_nodes_py/share/go2_my_nodes_py/package.sh'
[1.477s] INFO:colcon.colcon_core.shell:Creating package script '/workspace/unitree_go2_hoehlenforscher/install/go2_my_nodes_py/share/go2_my_nodes_py/package.bash'
[1.478s] INFO:colcon.colcon_core.shell:Creating package script '/workspace/unitree_go2_hoehlenforscher/install/go2_my_nodes_py/share/go2_my_nodes_py/package.zsh'
[1.479s] Level 1:colcon.colcon_core.environment:create_file_with_runtime_dependencies(/workspace/unitree_go2_hoehlenforscher/install/go2_my_nodes_py/share/colcon-core/packages/go2_my_nodes_py)
[1.480s] DEBUG:colcon.colcon_parallel_executor.executor.parallel:closing loop
[1.480s] DEBUG:colcon.colcon_parallel_executor.executor.parallel:loop closed
[1.480s] DEBUG:colcon.colcon_parallel_executor.executor.parallel:run_until_complete finished with '0'
[1.481s] DEBUG:colcon.colcon_core.event_reactor:joining thread
[1.495s] INFO:colcon.colcon_core.plugin_system:Skipping extension 'colcon_notification.desktop_notification.notify_send': Could not find 'notify-send'
[1.495s] INFO:colcon.colcon_core.plugin_system:Skipping extension 'colcon_notification.desktop_notification.terminal_notifier': Not used on non-Darwin systems
[1.496s] INFO:colcon.colcon_core.plugin_system:Skipping extension 'colcon_notification.desktop_notification.win32': Not used on non-Windows systems
[1.496s] INFO:colcon.colcon_notification.desktop_notification:Sending desktop notification using 'notify2'
[1.500s] DEBUG:colcon.colcon_notification.desktop_notification.notify2:Failed to initialize notify2: org.freedesktop.DBus.Error.Spawn.ExecFailed: /usr/bin/dbus-launch terminated abnormally without any error message
[1.501s] DEBUG:colcon.colcon_core.event_reactor:joined thread
[1.502s] INFO:colcon.colcon_core.shell:Creating prefix script '/workspace/unitree_go2_hoehlenforscher/install/local_setup.ps1'
[1.505s] INFO:colcon.colcon_core.shell:Creating prefix util module '/workspace/unitree_go2_hoehlenforscher/install/_local_setup_util_ps1.py'
[1.508s] INFO:colcon.colcon_core.shell:Creating prefix chain script '/workspace/unitree_go2_hoehlenforscher/install/setup.ps1'
[1.511s] INFO:colcon.colcon_core.shell:Creating prefix script '/workspace/unitree_go2_hoehlenforscher/install/local_setup.sh'
[1.512s] INFO:colcon.colcon_core.shell:Creating prefix util module '/workspace/unitree_go2_hoehlenforscher/install/_local_setup_util_sh.py'
[1.514s] INFO:colcon.colcon_core.shell:Creating prefix chain script '/workspace/unitree_go2_hoehlenforscher/install/setup.sh'
[1.517s] INFO:colcon.colcon_core.shell:Creating prefix script '/workspace/unitree_go2_hoehlenforscher/install/local_setup.bash'
[1.518s] INFO:colcon.colcon_core.shell:Creating prefix chain script '/workspace/unitree_go2_hoehlenforscher/install/setup.bash'
[1.521s] INFO:colcon.colcon_core.shell:Creating prefix script '/workspace/unitree_go2_hoehlenforscher/install/local_setup.zsh'
[1.522s] INFO:colcon.colcon_core.shell:Creating prefix chain script '/workspace/unitree_go2_hoehlenforscher/install/setup.zsh'
